05-22 17:51:55.778  1000  2898  2904 I zygote  : Wrote stack traces to '[tombstoned]'
05-22 17:51:55.779  root  2486  2486 I /system/bin/dumpstate: libdebuggerd_client: done dumping process 2898
05-22 17:51:55.784  root  2486  2486 D dumpstate: Not adding dir /cache/recovery because it's not a zipped bugreport
05-22 17:51:55.784  root  2486  2486 D dumpstate: Not adding dir /data/misc/recovery because it's not a zipped bugreport
05-22 17:51:55.784  root  2486  2486 D dumpstate: Not adding dir /data/misc/logd because it's not a zipped bugreport
05-22 17:51:55.790 10080  2974  2974 V NativeCrash: Alternative stack installed.
05-22 17:51:55.790 10080  2974  2974 V NativeCrash: Signal handler installed.
05-22 17:51:55.798  root   281   297 D lowmemorykiller: received lmk:10004,1465,906
05-22 17:51:55.798  root   281   297 D lowmemorykiller: handle killing  1465 done
05-22 17:51:55.799  1000   622   889 D LmKillerTracker: doLmkForceStop pid=1465
05-22 17:51:55.799  1000   622   889 I LmKillerTracker: Skipped process pkgName:com.android.carrierconfig, pid:1465, is system app !
05-22 17:51:55.859 10080  2974  2974 I zygote  : Thread[1,tid=2974,Native,Thread*=0xae3cf000,peer=0x722613a0,"main"] recursive attempt to load library "/data/app-lib/WeChat/libtrace-canary.so"
05-22 17:51:55.860 10080  2974  2974 V MatrixTracer: Alternative stack installed.
05-22 17:51:55.860 10080  2974  2974 V MatrixTracer: Signal handler installed.
05-22 17:51:55.884  1000  1310  1726 I AEEJNIBridge: bCheckSim (mTelephonyManager.getSimState() != TelephonyManager.SIM_STATE_READY
05-22 17:51:55.886  1000   622  1303 I ActivityManager: Process com.android.carrierconfig (pid 1465) has died: cch+6CEM 
05-22 17:51:55.887  1000   622   638 I chatty  : uid=1000(system) ActivityManager expire 13 lines
05-22 17:51:55.892  1000   622  1038 D PowerController.AppState: - reportAppProcStateInfo() E -
05-22 17:51:55.892  1000   622  1040 D PowerController.RecogA: handleMessage(MSG_REPORT_EVENT)
05-22 17:51:55.901  root   281   297 D lowmemorykiller: received lmk:1000,1892,906
05-22 17:51:55.901  root   281   297 D lowmemorykiller: handle killing  1892 done
05-22 17:51:55.901  1000   622   889 D LmKillerTracker: doLmkForceStop pid=1892
05-22 17:51:55.902  1000   622   889 I LmKillerTracker: Skipped process pkgName:com.divo.phone, pid:1892, is system app !
05-22 17:51:55.932  1046   354  2018 I chatty  : uid=1046(mediacodec) ALooper expire 5 lines
05-22 17:51:55.937  root   281   297 D lowmemorykiller: received lmk:10002,1580,906
05-22 17:51:55.937  root   281   297 D lowmemorykiller: handle killing  1580 done
05-22 17:51:55.937  1000   622   889 D LmKillerTracker: doLmkForceStop pid=1580
05-22 17:51:55.938  1000   622   889 I LmKillerTracker: Skipped process pkgName:com.android.dialer, pid:1580, is system app !
05-22 17:51:55.938  root   281   297 D lowmemorykiller: received lmk:1000,1813,906
05-22 17:51:55.939  root   281   297 D lowmemorykiller: handle killing  1813 done
05-22 17:51:55.939  1000   622   889 D LmKillerTracker: doLmkForceStop pid=1813
05-22 17:51:55.939  1000   622   889 I LmKillerTracker: Skipped process pkgName:com.sprd.engineermode, pid:1813, is system app !
05-22 17:51:55.953  1000   622  1303 I ActivityManager: Process com.android.dialer (pid 1580) has died: cch+6CEM 
05-22 17:51:55.971  1000   622  1038 D PowerController.AppState: - reportAppProcStateInfo() E -
05-22 17:51:55.971  1000   622  1040 D PowerController.RecogA: handleMessage(MSG_REPORT_EVENT)
05-22 17:51:56.042  1000   622   917 I ActivityManager: Process com.sprd.engineermode (pid 1813) has died: cch+6CEM 
05-22 17:51:56.043 10078  2940  2940 W CheckTime: App running slow: Executing handleBindApplication : callApplicationOnCreate took 1588ms
05-22 17:51:56.049  1000   622   917 D BroadcastQueue: Add broadcast <BroadcastRecord{b47ab3e u0 com.tencent.mm.Intent.ACTION_NET_STATS}> into [parallel | background], pending size 0
05-22 17:51:56.050  1000   622   636 D BroadcastQueue: Done with parallel broadcast [background] [BroadcastRecord{b47ab3e u0 com.tencent.mm.Intent.ACTION_NET_STATS}]
05-22 17:51:56.056 10080  2766  2818 E FA      : Task exception on worker thread: java.lang.IllegalStateException: AppMeasurement is not initialized: com.google.android.gms.internal.measurement.zzgl.zzch(Unknown Source:14)
05-22 17:51:56.057 10080  2766  2818 E FA      : Task exception on worker thread: java.lang.IllegalStateException: Not initialized: com.google.android.gms.internal.measurement.zzhh.zzch(Unknown Source:11)
05-22 17:51:56.057 10080  2766  2818 E FA      : Persisted config not initialized. Not logging error/warn
05-22 17:51:56.058 10080  2766  2818 E FA      : Persisted config not initialized. Not logging error/warn
05-22 17:51:56.064  1000   622   955 D BroadcastQueue: Add broadcast <BroadcastRecord{3a4fd9f u0 com.tencent.mm.Intent.ACTION_NET_STATS}> into [parallel | background], pending size 0
05-22 17:51:56.064  1000   622   636 D BroadcastQueue: Done with parallel broadcast [background] [BroadcastRecord{3a4fd9f u0 com.tencent.mm.Intent.ACTION_NET_STATS}]
05-22 17:51:56.066 10080  2766  2873 D OpenGLRenderer: textureCacheSize 37748736
05-22 17:51:56.069  1000   622   633 I ActivityManager: Process com.divo.phone (pid 1892) has died: cch+6CEM 
05-22 17:51:56.085 10078  2940  2940 D SogouIME: SogouIME.onCreate
05-22 17:51:56.094  1000   622   644 W ActivityManager: setHasOverlayUi called on unknown pid: 1892
05-22 17:51:56.114 10080  2766  2873 D OpenGLRenderer: textureCacheSize 37748736
05-22 17:51:56.126  1000  1310  1726 I AEEJNIBridge: bCheckSim (mTelephonyManager.getSimState() != TelephonyManager.SIM_STATE_READY
05-22 17:51:56.130 10078  2940  2940 W pool-1-thread-1: type=1400 audit(0.0:290): avc: denied { read } for name="u:object_r:serialno_prop:s0" dev="tmpfs" ino=5027 scontext=u:r:untrusted_app:s0:c512,c768 tcontext=u:object_r:serialno_prop:s0 tclass=file permissive=0
05-22 17:51:56.140 10078  2940  3025 E libc    : Access denied finding property "ro.serialno"
05-22 17:51:56.145  root  3070  3070 D dumpstate: execvp on command 'ss -eionptu' failed (error: No such file or directory)
05-22 17:51:56.151  root  2486  2486 E dumpstate: *** command 'ss -eionptu' failed: exit code 1
05-22 17:51:56.153  1000   622  3064 D WindowManager: Input focus has changed to Window{fb7c2b5 u0 com.tencent.mm/com.tencent.mm.plugin.account.ui.WelcomeActivity}
05-22 17:51:56.161  1046   354   463 I chatty  : uid=1046(mediacodec) HwBinder:354_3 expire 2 lines
05-22 17:51:56.163  1046   354  2014 I chatty  : uid=1046(mediacodec) rd.h264.encoder expire 1 line
05-22 17:51:56.164  1000   276  2439 I chatty  : uid=1000(system) HwBinder:276_4 expire 56 lines
05-22 17:51:56.174  1000  1484  1545 I CPVoiceAgent: select: retrun 0
05-22 17:51:56.175  1046   354  1032 I chatty  : uid=1046(mediacodec) HwBinder:354_5 expire 2 lines
05-22 17:51:56.177  1046   354  2014 I chatty  : uid=1046(mediacodec) rd.h264.encoder expire 1 line
05-22 17:51:56.200 shell  2486  2486 W dumpstate: type=1400 audit(0.0:291): avc: denied { read } for name="zram0" dev="sysfs" ino=13199 scontext=u:r:dumpstate:s0 tcontext=u:object_r:sysfs_zram:s0 tclass=dir permissive=0
05-22 17:51:56.207 shell  2486  2486 E dumpstate: /sys/block/zram0: Permission denied
05-22 17:51:56.217 10078  3071  3071 W zygote  : Using default instruction set features for ARM CPU variant (generic) using conservative defaults
05-22 17:51:56.220 shell  2486  2486 W dumpstate: type=1400 audit(0.0:292): avc: denied { search } for name="mmc0" dev="debugfs" ino=4830 scontext=u:r:dumpstate:s0 tcontext=u:object_r:debugfs_mmc:s0 tclass=dir permissive=0
05-22 17:51:56.233  1000   622   633 W ActivityManager: Slow operation: 129ms so far, now at startProcess: returned from zygote!
05-22 17:51:56.233  1000   622   633 W ActivityManager: Slow operation: 130ms so far, now at startProcess: done updating battery stats
05-22 17:51:56.233  1000   622   633 W ActivityManager: Slow operation: 130ms so far, now at startProcess: building log message
05-22 17:51:56.233  1000   622   633 I ActivityManager: Start proc 3071:com.sohu.inputmethod.sogou:daemon/u0a78 for service com.sohu.inputmethod.sogou/com.sogou.daemon.DaemonService
05-22 17:51:56.233  1000   622   633 W ActivityManager: Slow operation: 130ms so far, now at startProcess: starting to update pids map
05-22 17:51:56.233  1000   622   633 W ActivityManager: Slow operation: 130ms so far, now at startProcess: done updating pids map
05-22 17:51:56.233  1000   622   633 W ActivityManager: Slow operation: 130ms so far, now at startProcess: done starting proc!
05-22 17:51:56.235  1000   283   397 I chatty  : uid=1000(system) Binder:283_1 expire 6 lines
05-22 17:51:56.240 10080  2766  2873 D mali_winsys: EGLint new_window_surface(egl_winsys_display *, void *, EGLSurface, EGLConfig, egl_winsys_surface **, egl_color_buffer_format *, EGLBoolean) returns 0x3000, win:0x88c58808
05-22 17:51:56.240 10080  2766  2873 I OpenGLRenderer: queryNativeWindowStatus 0x88c58808 query=0 dataspace=0
05-22 17:51:56.242  1000   622   633 V AlarmManager: set(PendingIntent{b8f3d4a: PendingIntentRecord{1e5d4bb com.sohu.inputmethod.sogou broadcastIntent}}) : type=1 triggerAtTime=1684771200000 win=64800000 tElapsed=23008567 maxElapsed=87808567 interval=86400000 flags=0x0
05-22 17:51:56.250  1000   622   633 D BroadcastQueue: Add broadcast <BroadcastRecord{94ebdd8 u0 sogou.action.statisticsdata.onedayup.addition}> into [ordered | background], pending size 0
05-22 17:51:56.250  1000   622   633 D BroadcastQueue: Header is BroadcastRecord{94ebdd8 u0 sogou.action.statisticsdata.onedayup.addition} now
05-22 17:51:56.259 10080  2766  2766 W ViewRootImpl[WelcomeActivity]: Dropping event due to no window focus: MotionEvent { action=ACTION_MOVE, actionButton=0, id[0]=0, x[0]=-4.0, y[0]=1.0, toolType[0]=TOOL_TYPE_UNKNOWN, buttonState=0, metaState=0, flags=0x0, edgeFlags=0x0, pointerCount=1, historySize=5, eventTime=924750, downTime=-1, deviceId=0, source=0x10004 }
05-22 17:51:56.270  1000   283   599 I chatty  : uid=1000(system) Binder:283_3 expire 8 lines
05-22 17:51:56.274 10080  2766  2873 I gralloc : gralloc_register_buffer hnd=0x85434140, share_fd=186, share_attr_fd=187, magic=51647890, format=1, internal_format=1, byte_stride=960, flags=4, usage=0xb00, size=230400, width=240, height=240, internalWidth=240, internalHeight=240, stride=240, base=0x8a584000, writeOwner=0, attr_base=0xffffffff, yuv_info=1, fd=-1, buf_idx=0, offset=0, min_pgsz=4096, phyaddr=0
05-22 17:51:56.276  1046   354  2018 I chatty  : uid=1046(mediacodec) ALooper expire 2 lines
05-22 17:51:56.277  1046   354  2014 I chatty  : uid=1046(mediacodec) rd.h264.encoder expire 2 lines
05-22 17:51:56.278 10080  2974  2974 I zygote  : Deoptimizing void com.tencent.mm.sdk.platformtools.Log.e(java.lang.String, java.lang.String, java.lang.Object[]) due to JIT inline cache
05-22 17:51:56.286 10080  2766  2766 W ViewRootImpl[WelcomeActivity]: Dropping event due to no window focus: KeyEvent { action=ACTION_DOWN, keyCode=KEYCODE_MENU, scanCode=0, metaState=0, flags=0x8, repeatCount=0, eventTime=924751, downTime=924751, deviceId=-1, source=0x101 }
05-22 17:51:56.302  1000   622   644 I chatty  : uid=1000(system) android.display expire 1 line
05-22 17:51:56.302  1000   622  1038 D PowerController.AppState: - reportAppProcStateInfo() E -
05-22 17:51:56.302  1000   622  1040 D PowerController.RecogA: handleMessage(MSG_REPORT_EVENT)
05-22 17:51:56.305  1046   354  1032 I chatty  : uid=1046(mediacodec) HwBinder:354_5 expire 5 lines
05-22 17:51:56.307  1000   283   283 I chatty  : uid=1000(system) /system/bin/surfaceflinger expire 54 lines
05-22 17:51:56.309  1000   622  1038 D PowerController.AppState: - reportAppProcStateInfo() E -
05-22 17:51:56.309  1000   622  1040 D PowerController.RecogA: handleMessage(MSG_REPORT_EVENT)
05-22 17:51:56.320 10022   925  1060 W libEGL  : EGLNativeWindowType 0x8fa67808 disconnect failed
05-22 17:51:56.323  1046   354  2014 I chatty  : uid=1046(mediacodec) rd.h264.encoder expire 1 line
05-22 17:51:56.332  1046   354  1032 I gralloc : gralloc_unregister_buffer hnd=0xa6d3c840, share_fd=42, share_attr_fd=43, magic=51647890, format=1, internal_format=1, byte_stride=960, flags=4, usage=0x10200, size=230400, width=240, height=240, internalWidth=240, internalHeight=240, stride=240, base=0xa7b6d000, writeOwner=0, attr_base=0xffffffff, yuv_info=1, fd=-1, buf_idx=0, offset=0, min_pgsz=4096, phyaddr=0
05-22 17:51:56.335  1046   354  2014 I SPRDAVCEncoder: H264EncStrmEncode[8894] 2ms, in {0xa7b6d000-0x10070000, 240x240, 5}, out {0xa82c1000-475, 1}, wh{0, 0}, xy{0, 0}
05-22 17:51:56.340 10080  2766  2873 I gralloc : gralloc_register_buffer hnd=0x85434200, share_fd=188, share_attr_fd=189, magic=51647890, format=1, internal_format=1, byte_stride=960, flags=4, usage=0xb00, size=230400, width=240, height=240, internalWidth=240, internalHeight=240, stride=240, base=0x8a3c2000, writeOwner=0, attr_base=0xffffffff, yuv_info=1, fd=-1, buf_idx=0, offset=0, min_pgsz=4096, phyaddr=0
05-22 17:51:56.344  1000   283  1732 I chatty  : uid=1000(system) Binder:283_5 expire 8 lines
05-22 17:51:56.356 10078  3071  3071 I zygote  : The ClassLoaderContext is a special shared library.
05-22 17:51:56.362 10022   925  1060 I gralloc : gralloc_unregister_buffer hnd=0xa485f880, share_fd=105, share_attr_fd=106, magic=51647890, format=1, internal_format=1, byte_stride=960, flags=4, usage=0xb00, size=230400, width=240, height=240, internalWidth=240, internalHeight=240, stride=240, base=0xa77a5000, writeOwner=0, attr_base=0xffffffff, yuv_info=1, fd=-1, buf_idx=0, offset=0, min_pgsz=4096, phyaddr=0
05-22 17:51:56.363 10022   925  1060 I gralloc : gralloc_unregister_buffer hnd=0xa485fdc0, share_fd=108, share_attr_fd=109, magic=51647890, format=1, internal_format=1, byte_stride=960, flags=4, usage=0xb00, size=230400, width=240, height=240, internalWidth=240, internalHeight=240, stride=240, base=0xa4b64000, writeOwner=0, attr_base=0xffffffff, yuv_info=1, fd=-1, buf_idx=0, offset=0, min_pgsz=4096, phyaddr=0
05-22 17:51:56.365  1000  1310  1726 I AEEJNIBridge: bCheckSim (mTelephonyManager.getSimState() != TelephonyManager.SIM_STATE_READY
05-22 17:51:56.372 10078  2940  2940 W ws001   : NRH lcl.fc: c=android.widget.ViewStub
05-22 17:51:56.373 10078  2940  2940 W ws001   : NRH lcl.fc: c=android.webkit.ViewStub
05-22 17:51:56.375 10078  2940  2940 W ws001   : NRH lcl.fc: c=android.app.ViewStub
05-22 17:51:56.383 10022   925  1060 W libEGL  : EGLNativeWindowType 0x8fcbf008 disconnect failed
05-22 17:51:56.423 10078  2940  2940 I MMKV    : <MMKV.cpp:206::initializeMMKV> root dir: /data/user/0/com.sohu.inputmethod.sogou/files/mmkv
05-22 17:51:56.423 10078  2940  2940 I MMKV    : <MMKV.cpp:330::loadFromFile> loading [message_settings_mmkv] with 0 size in total, file size is 4096
05-22 17:51:56.423 10078  2940  2940 I MMKV    : <MMKV.cpp:375::loadFromFile> loaded [message_settings_mmkv] with 0 values
05-22 17:51:56.432  1046   354  2018 I gralloc : Registering handle 0xa6d3c840 coming from the same process
05-22 17:51:56.432  1046   354  2018 I gralloc : gralloc_unregister_buffer hnd=0xa6d3c780, share_fd=36, share_attr_fd=37, magic=51647890, format=1, internal_format=1, byte_stride=960, flags=4, usage=0x10200, size=230400, width=240, height=240, internalWidth=240, internalHeight=240, stride=240, base=0xa7b6d000, writeOwner=0, attr_base=0xffffffff, yuv_info=1, fd=-1, buf_idx=0, offset=0, min_pgsz=4096, phyaddr=0
05-22 17:51:56.433  1046   354  2014 I SPRDAVCEncoder: H264EncStrmEncode[8895] 0ms, in {0xa7b6d000-0x10070000, 240x240, 5}, out {0xa82c1000-304, 1}, wh{0, 0}, xy{0, 0}
05-22 17:51:56.483  1000   263  2732 D vndksupport: Loading /vendor/lib/hw/gralloc.sp9832e.so from current namespace instead of sphal namespace.
05-22 17:51:56.484  1000   263  2732 I gralloc : gralloc_register_buffer hnd=0xaca36a80, share_fd=49, share_attr_fd=51, magic=51647890, format=1, internal_format=1, byte_stride=960, flags=4, usage=0xb00, size=230400, width=240, height=240, internalWidth=240, internalHeight=240, stride=240, base=0xad09e000, writeOwner=0, attr_base=0xffffffff, yuv_info=1, fd=-1, buf_idx=0, offset=0, min_pgsz=4096, phyaddr=0
05-22 17:51:56.486  1000   276   276 I chatty  : uid=1000(system) power@2.0-servi expire 20 lines
05-22 17:51:56.490  1046   354  1032 I gralloc : Registering handle 0xa6d3c780 coming from the same process
05-22 17:51:56.490  1046   354  1032 I gralloc : gralloc_unregister_buffer hnd=0xa6d3c6c0, share_fd=44, share_attr_fd=45, magic=51647890, format=1, internal_format=1, byte_stride=960, flags=4, usage=0x10200, size=230400, width=240, height=240, internalWidth=240, internalHeight=240, stride=240, base=0xa821a000, writeOwner=0, attr_base=0xffffffff, yuv_info=1, fd=-1, buf_idx=0, offset=0, min_pgsz=4096, phyaddr=0
05-22 17:51:56.492  1046   354  2014 I SPRDAVCEncoder: H264EncStrmEncode[8896] 1ms, in {0xa821a000-0x10070000, 240x240, 5}, out {0xa82c1000-1646, 1}, wh{0, 0}, xy{0, 0}
05-22 17:51:56.494 10078  3071  3071 I Sogou_MultiDex: VM with version 2.1.0 has multidex support
05-22 17:51:56.494 10078  3071  3071 I Sogou_MultiDex: VM has multidex support, MultiDex support library is disabled.
05-22 17:51:56.503 10080  2766  2873 I gralloc : gralloc_register_buffer hnd=0x854342c0, share_fd=190, share_attr_fd=191, magic=51647890, format=1, internal_format=1, byte_stride=960, flags=4, usage=0xb00, size=230400, width=240, height=240, internalWidth=240, internalHeight=240, stride=240, base=0x8945c000, writeOwner=0, attr_base=0xffffffff, yuv_info=1, fd=-1, buf_idx=0, offset=0, min_pgsz=4096, phyaddr=0
05-22 17:51:56.512 10080  2766  2873 I gralloc : gralloc_unregister_buffer hnd=0x85433cc0, share_fd=178, share_attr_fd=179, magic=51647890, format=1, internal_format=1, byte_stride=960, flags=4, usage=0xb00, size=230400, width=240, height=240, internalWidth=240, internalHeight=240, stride=240, base=0xa1898000, writeOwner=0, attr_base=0xffffffff, yuv_info=1, fd=-1, buf_idx=0, offset=0, min_pgsz=4096, phyaddr=0
05-22 17:51:56.512 10080  2766  2873 I gralloc : gralloc_unregister_buffer hnd=0x85433e40, share_fd=181, share_attr_fd=182, magic=51647890, format=1, internal_format=1, byte_stride=960, flags=4, usage=0xb00, size=230400, width=240, height=240, internalWidth=240, internalHeight=240, stride=240, base=0xa17b2000, writeOwner=0, attr_base=0xffffffff, yuv_info=1, fd=-1, buf_idx=0, offset=0, min_pgsz=4096, phyaddr=0
05-22 17:51:56.513 10080  2766  2873 W libEGL  : EGLNativeWindowType 0x85461808 disconnect failed
05-22 17:51:56.526  1000   263  2732 D vndksupport: Loading /vendor/lib/hw/gralloc.sp9832e.so from current namespace instead of sphal namespace.
05-22 17:51:56.527  1000   263  2732 I gralloc : gralloc_register_buffer hnd=0xaca36cc0, share_fd=52, share_attr_fd=53, magic=51647890, format=1, internal_format=1, byte_stride=960, flags=4, usage=0xb00, size=230400, width=240, height=240, internalWidth=240, internalHeight=240, stride=240, base=0xacdef000, writeOwner=0, attr_base=0xffffffff, yuv_info=1, fd=-1, buf_idx=0, offset=0, min_pgsz=4096, phyaddr=0
05-22 17:51:56.531  1046   354   463 I gralloc : Registering handle 0xa6d3c6c0 coming from the same process
05-22 17:51:56.532  1046   354   463 I gralloc : gralloc_unregister_buffer hnd=0xa6d3c9c0, share_fd=40, share_attr_fd=41, magic=51647890, format=1, internal_format=1, byte_stride=960, flags=4, usage=0x10200, size=230400, width=240, height=240, internalWidth=240, internalHeight=240, stride=240, base=0xa7a76000, writeOwner=0, attr_base=0xffffffff, yuv_info=1, fd=-1, buf_idx=0, offset=0, min_pgsz=4096, phyaddr=0
05-22 17:51:56.533  1046   354  2014 I SPRDAVCEncoder: H264EncStrmEncode[8897] 0ms, in {0xa7a76000-0x10070000, 240x240, 5}, out {0xa82c1000-2117, 1}, wh{0, 0}, xy{0, 0}
05-22 17:51:56.545 10078  3071  3071 I MMKV    : <native-bridge.cpp:95::JNI_OnLoad> current API level = 27
05-22 17:51:56.545  1046   354  1032 I gralloc : Registering handle 0xa6d3c9c0 coming from the same process
05-22 17:51:56.545 10078  3071  3071 I MMKV    : <MMKV.cpp:192::initialize> page size:4096
05-22 17:51:56.545  1046   354  1032 I gralloc : gralloc_unregister_buffer hnd=0xa6d3c900, share_fd=46, share_attr_fd=47, magic=51647890, format=1, internal_format=1, byte_stride=960, flags=4, usage=0x10200, size=230400, width=240, height=240, internalWidth=240, internalHeight=240, stride=240, base=0xa7b6d000, writeOwner=0, attr_base=0xffffffff, yuv_info=1, fd=-1, buf_idx=0, offset=0, min_pgsz=4096, phyaddr=0
05-22 17:51:56.545 10078  3071  3071 I MMKV    : <MMKV.cpp:206::initializeMMKV> root dir: /data/user/0/com.sohu.inputmethod.sogou/files/mmkv
05-22 17:51:56.546  1046   354  2014 I SPRDAVCEncoder: H264EncStrmEncode[8898] 0ms, in {0xa7b6d000-0x10070000, 240x240, 5}, out {0xa82c1000-1775, 1}, wh{0, 0}, xy{0, 0}
05-22 17:51:56.548 10078  3071  3071 I MMKV    : <MMKV.cpp:330::loadFromFile> loading [version_manager] with 642 size in total, file size is 4096
05-22 17:51:56.548 10078  3071  3071 I MMKV    : <MMKV.cpp:354::loadFromFile> loading [version_manager] with crc 3122075779 sequence 2
05-22 17:51:56.548 10078  3071  3071 I MMKV    : <MMKV.cpp:375::loadFromFile> loaded [version_manager] with 14 values
05-22 17:51:56.559  1046   354  1032 I gralloc : Registering handle 0xa6d3c900 coming from the same process
05-22 17:51:56.559  1046   354  1032 I gralloc : gralloc_unregister_buffer hnd=0xa6d3c840, share_fd=38, share_attr_fd=39, magic=51647890, format=1, internal_format=1, byte_stride=960, flags=4, usage=0x10200, size=230400, width=240, height=240, internalWidth=240, internalHeight=240, stride=240, base=0xa7b6d000, writeOwner=0, attr_base=0xffffffff, yuv_info=1, fd=-1, buf_idx=0, offset=0, min_pgsz=4096, phyaddr=0
05-22 17:51:56.564  1046   354  2014 I SPRDAVCEncoder: H264EncStrmEncode[8899] 1ms, in {0xa821a000-0x10070000, 240x240, 5}, out {0xa82c1000-1110, 1}, wh{0, 0}, xy{0, 0}
05-22 17:51:56.573  1046   354   463 I gralloc : Registering handle 0xa6d3c840 coming from the same process
05-22 17:51:56.573  1046   354   463 I gralloc : gralloc_unregister_buffer hnd=0xa6d3c780, share_fd=42, share_attr_fd=43, magic=51647890, format=1, internal_format=1, byte_stride=960, flags=4, usage=0x10200, size=230400, width=240, height=240, internalWidth=240, internalHeight=240, stride=240, base=0xa821a000, writeOwner=0, attr_base=0xffffffff, yuv_info=1, fd=-1, buf_idx=0, offset=0, min_pgsz=4096, phyaddr=0
05-22 17:51:56.577  1000   622  3064 D BroadcastQueue: Add broadcast <BroadcastRecord{7ce8c8f u-1 android.net.conn.CONNECTIVITY_CHANGE}> into [parallel | background], pending size 0
05-22 17:51:56.577  1000   622   636 D BroadcastQueue: Done with parallel broadcast [background] [BroadcastRecord{7ce8c8f u-1 android.net.conn.CONNECTIVITY_CHANGE}]
05-22 17:51:56.593  1046   354  2014 I SPRDAVCEncoder: H264EncStrmEncode[8900] 2ms, in {0xa7a76000-0x10070000, 240x240, 5}, out {0xa82c1000-885, 1}, wh{0, 0}, xy{0, 0}
05-22 17:51:56.597  1046   354   463 I gralloc : Registering handle 0xa6d3c780 coming from the same process
05-22 17:51:56.597  1046   354   463 I gralloc : gralloc_unregister_buffer hnd=0xa6d3c6c0, share_fd=44, share_attr_fd=45, magic=51647890, format=1, internal_format=1, byte_stride=960, flags=4, usage=0x10200, size=230400, width=240, height=240, internalWidth=240, internalHeight=240, stride=240, base=0xa7a76000, writeOwner=0, attr_base=0xffffffff, yuv_info=1, fd=-1, buf_idx=0, offset=0, min_pgsz=4096, phyaddr=0
05-22 17:51:56.607 10078  2940  2940 D SogouIME: SogouIME.onCreateInputMethodInterface
05-22 17:51:56.608  1000  1310  1726 I AEEJNIBridge: bCheckSim (mTelephonyManager.getSimState() != TelephonyManager.SIM_STATE_READY
05-22 17:51:56.623  1046   354  2014 I SPRDAVCEncoder: H264EncStrmEncode[8901] 2ms, in {0xa7b6d000-0x10070000, 240x240, 5}, out {0xa82c1000-542, 1}, wh{0, 0}, xy{0, 0}
05-22 17:51:56.626  1046   354   463 I gralloc : Registering handle 0xa6d3c6c0 coming from the same process
05-22 17:51:56.626  1046   354   463 I gralloc : gralloc_unregister_buffer hnd=0xa6d3c9c0, share_fd=40, share_attr_fd=41, magic=51647890, format=1, internal_format=1, byte_stride=960, flags=4, usage=0x10200, size=230400, width=240, height=240, internalWidth=240, internalHeight=240, stride=240, base=0xa7b6d000, writeOwner=0, attr_base=0xffffffff, yuv_info=1, fd=-1, buf_idx=0, offset=0, min_pgsz=4096, phyaddr=0
05-22 17:51:56.642  1000   622  1237 I ActivityManager: START u0 {cmp=com.tencent.mm/.plugin.account.ui.RegByMobileRegAIOUI} from uid 10080, pid 2766
05-22 17:51:56.650  1046   354  2014 I SPRDAVCEncoder: H264EncStrmEncode[8902] 2ms, in {0xa821a000-0x10070000, 240x240, 5}, out {0xa82c1000-425, 1}, wh{0, 0}, xy{0, 0}
05-22 17:51:56.654  1046   354  1032 I gralloc : Registering handle 0xa6d3c9c0 coming from the same process
05-22 17:51:56.655  1046   354  1032 I gralloc : gralloc_unregister_buffer hnd=0xa6d3c900, share_fd=46, share_attr_fd=47, magic=51647890, format=1, internal_format=1, byte_stride=960, flags=4, usage=0x10200, size=230400, width=240, height=240, internalWidth=240, internalHeight=240, stride=240, base=0xa821a000, writeOwner=0, attr_base=0xffffffff, yuv_info=1, fd=-1, buf_idx=0, offset=0, min_pgsz=4096, phyaddr=0
05-22 17:51:56.658  1000   622  1237 I ActivityManager: ->startActivity for ActivityRecord{6a431dd u0 com.tencent.mm/.plugin.account.ui.RegByMobileRegAIOUI t21} result:0
05-22 17:51:56.670  1000   622  1237 D BroadcastQueue: Finished with ordered broadcast BroadcastRecord{94ebdd8 u0 sogou.action.statisticsdata.onedayup.addition} receivers:(1) take 405ms in [background], remains 0
05-22 17:51:56.679  1046   354  2014 I SPRDAVCEncoder: H264EncStrmEncode[8903] 1ms, in {0xa7a76000-0x10070000, 240x240, 5}, out {0xa82c1000-320, 1}, wh{0, 0}, xy{0, 0}
05-22 17:51:56.683  1046   354   463 I gralloc : Registering handle 0xa6d3c900 coming from the same process
05-22 17:51:56.683  1046   354   463 I gralloc : gralloc_unregister_buffer hnd=0xa6d3c840, share_fd=38, share_attr_fd=39, magic=51647890, format=1, internal_format=1, byte_stride=960, flags=4, usage=0x10200, size=230400, width=240, height=240, internalWidth=240, internalHeight=240, stride=240, base=0xa7a76000, writeOwner=0, attr_base=0xffffffff, yuv_info=1, fd=-1, buf_idx=0, offset=0, min_pgsz=4096, phyaddr=0
05-22 17:51:56.685 10078  2940  2940 D SogouIME: SogouIME.onUnbind
05-22 17:51:56.690  1000   622  2930 D BroadcastQueue: Add broadcast <BroadcastRecord{b0d7c23 u0 com.tencent.mm.Intent.ACTION_NET_STATS}> into [parallel | background], pending size 0
05-22 17:51:56.690  1000   622   636 D ActivityManager: mPrfmLock.release()
05-22 17:51:56.691  1000   622   636 D BroadcastQueue: Done with parallel broadcast [background] [BroadcastRecord{b0d7c23 u0 com.tencent.mm.Intent.ACTION_NET_STATS}]
05-22 17:51:56.701  1000   622  2930 D WindowManager: Input focus has changed to null
05-22 17:51:56.704 10080  2766  2818 E FA      : Task exception on worker thread: java.lang.IllegalStateException: Not initialized: com.google.android.gms.internal.measurement.zzhh.zzch(Unknown Source:11)
05-22 17:51:56.710  1046   354  2014 I SPRDAVCEncoder: H264EncStrmEncode[8904] 1ms, in {0xa7b6d000-0x10070000, 240x240, 5}, out {0xa82c1000-374, 1}, wh{0, 0}, xy{0, 0}
05-22 17:51:56.714  1046   354   463 I gralloc : Registering handle 0xa6d3c840 coming from the same process
05-22 17:51:56.714  1046   354   463 I gralloc : gralloc_unregister_buffer hnd=0xa6d3c780, share_fd=42, share_attr_fd=43, magic=51647890, format=1, internal_format=1, byte_stride=960, flags=4, usage=0x10200, size=230400, width=240, height=240, internalWidth=240, internalHeight=240, stride=240, base=0xa7b6d000, writeOwner=0, attr_base=0xffffffff, yuv_info=1, fd=-1, buf_idx=0, offset=0, min_pgsz=4096, phyaddr=0
05-22 17:51:56.716 10078  3071  3071 W CheckTime: App running slow: Executing handleBindApplication : makeApplication took 277ms
05-22 17:51:56.724 10078  2940  2940 D SogouIME: SogouIME.onDestroy
05-22 17:51:56.735  1046   354  2014 I SPRDAVCEncoder: H264EncStrmEncode[8905] 1ms, in {0xa821a000-0x10070000, 240x240, 5}, out {0xa82c1000-498, 1}, wh{0, 0}, xy{0, 0}
05-22 17:51:56.741  1046   354   463 I gralloc : Registering handle 0xa6d3c780 coming from the same process
05-22 17:51:56.741  1046   354   463 I gralloc : gralloc_unregister_buffer hnd=0xa6d3c6c0, share_fd=44, share_attr_fd=45, magic=51647890, format=1, internal_format=1, byte_stride=960, flags=4, usage=0x10200, size=230400, width=240, height=240, internalWidth=240, internalHeight=240, stride=240, base=0xa821a000, writeOwner=0, attr_base=0xffffffff, yuv_info=1, fd=-1, buf_idx=0, offset=0, min_pgsz=4096, phyaddr=0
05-22 17:51:56.759  1041   254  2718 V audio_hw_primary: do_output_standby in 0
05-22 17:51:56.765  1041   254  2718 W audio_hw_primary: do_output_standby.mode:0 
05-22 17:51:56.765  1041   254  2718 V audio_hw_primary: do_output_standby in out
05-22 17:51:56.771  1046   354  2014 I SPRDAVCEncoder: H264EncStrmEncode[8906] 3ms, in {0xa7a76000-0x10070000, 240x240, 5}, out {0xa82c1000-339, 1}, wh{0, 0}, xy{0, 0}
05-22 17:51:56.773  1046   354   463 I gralloc : Registering handle 0xa6d3c6c0 coming from the same process
05-22 17:51:56.773  1046   354   463 I gralloc : gralloc_unregister_buffer hnd=0xa6d3c9c0, share_fd=40, share_attr_fd=41, magic=51647890, format=1, internal_format=1, byte_stride=960, flags=4, usage=0x10200, size=230400, width=240, height=240, internalWidth=240, internalHeight=240, stride=240, base=0xa7a76000, writeOwner=0, attr_base=0xffffffff, yuv_info=1, fd=-1, buf_idx=0, offset=0, min_pgsz=4096, phyaddr=0
05-22 17:51:56.784  1000   622  1237 D BroadcastQueue: Add broadcast <BroadcastRecord{bcda09e u0 com.tencent.mm.Intent.ACTION_NET_STATS}> into [parallel | background], pending size 0
05-22 17:51:56.784  1000   622   636 D BroadcastQueue: Done with parallel broadcast [background] [BroadcastRecord{bcda09e u0 com.tencent.mm.Intent.ACTION_NET_STATS}]
05-22 17:51:56.792  1046   354  2014 I SPRDAVCEncoder: H264EncStrmEncode[8907] 2ms, in {0xa7b6d000-0x10070000, 240x240, 5}, out {0xa82c1000-595, 1}, wh{0, 0}, xy{0, 0}
05-22 17:51:56.797  1046   354  1032 I gralloc : Registering handle 0xa6d3c9c0 coming from the same process
05-22 17:51:56.797  1046   354  1032 I gralloc : gralloc_unregister_buffer hnd=0xa6d3c900, share_fd=46, share_attr_fd=47, magic=51647890, format=1, internal_format=1, byte_stride=960, flags=4, usage=0x10200, size=230400, width=240, height=240, internalWidth=240, internalHeight=240, stride=240, base=0xa7b6d000, writeOwner=0, attr_base=0xffffffff, yuv_info=1, fd=-1, buf_idx=0, offset=0, min_pgsz=4096, phyaddr=0
05-22 17:51:56.800 10080  2766  2818 E FA      : Task exception on worker thread: java.lang.IllegalStateException: Not initialized: com.google.android.gms.internal.measurement.zzhh.zzch(Unknown Source:11)
05-22 17:51:56.800 10080  2766  2818 E FA      : Persisted config not initialized. Not logging error/warn
05-22 17:51:56.800 10080  2766  2818 E FA      : Persisted config not initialized. Not logging error/warn
05-22 17:51:56.820  1046   354  2014 I SPRDAVCEncoder: H264EncStrmEncode[8908] 0ms, in {0xa821a000-0x10070000, 240x240, 5}, out {0xa82c1000-344, 1}, wh{0, 0}, xy{0, 0}
05-22 17:51:56.826  1046   354  1032 I gralloc : Registering handle 0xa6d3c900 coming from the same process
05-22 17:51:56.826  1046   354  1032 I gralloc : gralloc_unregister_buffer hnd=0xa6d3c840, share_fd=38, share_attr_fd=39, magic=51647890, format=1, internal_format=1, byte_stride=960, flags=4, usage=0x10200, size=230400, width=240, height=240, internalWidth=240, internalHeight=240, stride=240, base=0xa821a000, writeOwner=0, attr_base=0xffffffff, yuv_info=1, fd=-1, buf_idx=0, offset=0, min_pgsz=4096, phyaddr=0
05-22 17:51:56.852  1046   354  2014 I SPRDAVCEncoder: H264EncStrmEncode[8909] 4ms, in {0xa7a76000-0x10070000, 240x240, 5}, out {0xa82c1000-336, 1}, wh{0, 0}, xy{0, 0}
05-22 17:51:56.853  1000  1310  1726 I AEEJNIBridge: bCheckSim (mTelephonyManager.getSimState() != TelephonyManager.SIM_STATE_READY
05-22 17:51:56.854  1046   354  1032 I gralloc : Registering handle 0xa6d3c840 coming from the same process
05-22 17:51:56.855  1046   354  1032 I gralloc : gralloc_unregister_buffer hnd=0xa6d3c780, share_fd=42, share_attr_fd=43, magic=51647890, format=1, internal_format=1, byte_stride=960, flags=4, usage=0x10200, size=230400, width=240, height=240, internalWidth=240, internalHeight=240, stride=240, base=0xa7a76000, writeOwner=0, attr_base=0xffffffff, yuv_info=1, fd=-1, buf_idx=0, offset=0, min_pgsz=4096, phyaddr=0
05-22 17:51:56.878  1046   354  2014 I SPRDAVCEncoder: H264EncStrmEncode[8910] 1ms, in {0xa7b6d000-0x10070000, 240x240, 5}, out {0xa82c1000-335, 1}, wh{0, 0}, xy{0, 0}
05-22 17:51:56.883  1046   354   463 I gralloc : Registering handle 0xa6d3c780 coming from the same process
05-22 17:51:56.883  1046   354   463 I gralloc : gralloc_unregister_buffer hnd=0xa6d3c6c0, share_fd=44, share_attr_fd=45, magic=51647890, format=1, internal_format=1, byte_stride=960, flags=4, usage=0x10200, size=230400, width=240, height=240, internalWidth=240, internalHeight=240, stride=240, base=0xa7b6d000, writeOwner=0, attr_base=0xffffffff, yuv_info=1, fd=-1, buf_idx=0, offset=0, min_pgsz=4096, phyaddr=0
05-22 17:51:56.906  1046   354  2014 I SPRDAVCEncoder: H264EncStrmEncode[8911] 1ms, in {0xa821a000-0x10070000, 240x240, 5}, out {0xa82c1000-284, 1}, wh{0, 0}, xy{0, 0}
05-22 17:51:56.914  1046   354   463 I gralloc : Registering handle 0xa6d3c6c0 coming from the same process
05-22 17:51:56.914  1046   354   463 I gralloc : gralloc_unregister_buffer hnd=0xa6d3c9c0, share_fd=40, share_attr_fd=41, magic=51647890, format=1, internal_format=1, byte_stride=960, flags=4, usage=0x10200, size=230400, width=240, height=240, internalWidth=240, internalHeight=240, stride=240, base=0xa821a000, writeOwner=0, attr_base=0xffffffff, yuv_info=1, fd=-1, buf_idx=0, offset=0, min_pgsz=4096, phyaddr=0
05-22 17:51:56.917 10080  2766  2766 E AudioManagerEx: new AudioManagerEx
05-22 17:51:56.936  1046   354  2014 I SPRDAVCEncoder: H264EncStrmEncode[8912] 2ms, in {0xa7a76000-0x10070000, 240x240, 5}, out {0xa82c1000-264, 1}, wh{0, 0}, xy{0, 0}
05-22 17:51:56.940  1046   354   463 I gralloc : Registering handle 0xa6d3c9c0 coming from the same process
05-22 17:51:56.940  1046   354   463 I gralloc : gralloc_unregister_buffer hnd=0xa6d3c900, share_fd=46, share_attr_fd=47, magic=51647890, format=1, internal_format=1, byte_stride=960, flags=4, usage=0x10200, size=230400, width=240, height=240, internalWidth=240, internalHeight=240, stride=240, base=0xa7a76000, writeOwner=0, attr_base=0xffffffff, yuv_info=1, fd=-1, buf_idx=0, offset=0, min_pgsz=4096, phyaddr=0
05-22 17:51:56.964  1046   354  2014 I SPRDAVCEncoder: H264EncStrmEncode[8913] 0ms, in {0xa7b6d000-0x10070000, 240x240, 5}, out {0xa82c1000-274, 1}, wh{0, 0}, xy{0, 0}
05-22 17:51:56.970 10078  3071  3071 W Thread-3: type=1400 audit(0.0:293): avc: denied { read } for name="anr" dev="mmcblk0p33" ino=66 scontext=u:r:untrusted_app:s0:c512,c768 tcontext=u:object_r:anr_data_file:s0 tclass=dir permissive=0
05-22 17:51:56.971 10080  2766  2771 I zygote  : Do partial code cache collection, code=114KB, data=124KB
05-22 17:51:56.975  1046   354   463 I gralloc : Registering handle 0xa6d3c900 coming from the same process
05-22 17:51:56.975  1046   354   463 I gralloc : gralloc_unregister_buffer hnd=0xa6d3c840, share_fd=38, share_attr_fd=39, magic=51647890, format=1, internal_format=1, byte_stride=960, flags=4, usage=0x10200, size=230400, width=240, height=240, internalWidth=240, internalHeight=240, stride=240, base=0xa7b6d000, writeOwner=0, attr_base=0xffffffff, yuv_info=1, fd=-1, buf_idx=0, offset=0, min_pgsz=4096, phyaddr=0
05-22 17:51:56.991  1046   354  2014 I SPRDAVCEncoder: H264EncStrmEncode[8914] 0ms, in {0xa821a000-0x10070000, 240x240, 5}, out {0xa82c1000-294, 1}, wh{0, 0}, xy{0, 0}
05-22 17:51:57.016  1000   622  2276 E InputMethodManagerService: Ignoring com.android.server.InputMethodManagerService.updateStatusIcon:2091 due to an invalid token. uid:10078 token:null
05-22 17:51:57.044 10078  3071  3071 W CheckTime: App running slow: Executing handleBindApplication : callApplicationOnCreate took 328ms
05-22 17:51:57.047 10078  3071  3071 W DaemonService: onStartCommand with mHasWakeupClient false
05-22 17:51:57.070 10080  2766  2771 I zygote  : After code cache collection, code=113KB, data=124KB
05-22 17:51:57.070 10080  2766  2771 I zygote  : Increasing code cache capacity to 512KB
05-22 17:51:57.090  1046   354  2018 I gralloc : Registering handle 0xa6d3c840 coming from the same process
05-22 17:51:57.090  1046   354  2018 I gralloc : gralloc_unregister_buffer hnd=0xa6d3c780, share_fd=42, share_attr_fd=43, magic=51647890, format=1, internal_format=1, byte_stride=960, flags=4, usage=0x10200, size=230400, width=240, height=240, internalWidth=240, internalHeight=240, stride=240, base=0xa821a000, writeOwner=0, attr_base=0xffffffff, yuv_info=1, fd=-1, buf_idx=0, offset=0, min_pgsz=4096, phyaddr=0
05-22 17:51:57.091  1046   354  2014 I SPRDAVCEncoder: H264EncStrmEncode[8915] 0ms, in {0xa821a000-0x10070000, 240x240, 5}, out {0xa82c1000-267, 1}, wh{0, 0}, xy{0, 0}
05-22 17:51:57.095  1000  1310  1726 I AEEJNIBridge: bCheckSim (mTelephonyManager.getSimState() != TelephonyManager.SIM_STATE_READY
05-22 17:51:57.101 10078  2940  2940 D SogouIME: SogouIME.onCreate
05-22 17:51:57.113 10078  3071  3071 W DaemonService: onStartCommand with mHasWakeupClient true
05-22 17:51:57.131 10080  2974  2981 I zygote  : Do partial code cache collection, code=24KB, data=31KB
05-22 17:51:57.132  1000   622  2276 D BroadcastQueue: Add broadcast <BroadcastRecord{96f28aa u-1 android.net.conn.CONNECTIVITY_CHANGE}> into [parallel | background], pending size 0
05-22 17:51:57.133  1000   622   636 D BroadcastQueue: Done with parallel broadcast [background] [BroadcastRecord{96f28aa u-1 android.net.conn.CONNECTIVITY_CHANGE}]
05-22 17:51:57.137  1000   622  2276 I chatty  : uid=1000(system) Binder:622_B expire 2 lines
05-22 17:51:57.161 10078  3071  3097 I MMKV    : <MMKV.cpp:206::initializeMMKV> root dir: /data/user/0/com.sohu.inputmethod.sogou/files/mmkv
05-22 17:51:57.161 10078  3071  3097 I MMKV    : <MMKV.cpp:330::loadFromFile> loading [settings_mmkv] with 142 size in total, file size is 4096
05-22 17:51:57.161 10078  3071  3097 I MMKV    : <MMKV.cpp:354::loadFromFile> loading [settings_mmkv] with crc 2728259352 sequence 2
05-22 17:51:57.161 10078  3071  3097 I MMKV    : <MMKV.cpp:375::loadFromFile> loaded [settings_mmkv] with 2 values
05-22 17:51:57.163 10080  2974  2981 I zygote  : After code cache collection, code=22KB, data=29KB
05-22 17:51:57.163 10080  2974  2981 I zygote  : Increasing code cache capacity to 128KB
05-22 17:51:57.173 10078  3071  3111 I MMKV    : <MMKV.cpp:206::initializeMMKV> root dir: /data/user/0/com.sohu.inputmethod.sogou/files/mmkv
05-22 17:51:57.174 10078  3071  3111 I MMKV    : <MMKV.cpp:330::loadFromFile> loading [oem_permission_pnstartreferences] with 0 size in total, file size is 4096
05-22 17:51:57.174 10078  3071  3111 I MMKV    : <MMKV.cpp:375::loadFromFile> loaded [oem_permission_pnstartreferences] with 0 values
05-22 17:51:57.180 10078  2940  2940 D SogouIME: SogouIME.onCreateInputMethodInterface
05-22 17:51:57.190  1046   354  2018 I gralloc : Registering handle 0xa6d3c780 coming from the same process
05-22 17:51:57.190  1046   354  2018 I gralloc : gralloc_unregister_buffer hnd=0xa6d3c6c0, share_fd=44, share_attr_fd=45, magic=51647890, format=1, internal_format=1, byte_stride=960, flags=4, usage=0x10200, size=230400, width=240, height=240, internalWidth=240, internalHeight=240, stride=240, base=0xa7a76000, writeOwner=0, attr_base=0xffffffff, yuv_info=1, fd=-1, buf_idx=0, offset=0, min_pgsz=4096, phyaddr=0
05-22 17:51:57.191  1046   354  2014 I SPRDAVCEncoder: H264EncStrmEncode[8916] 0ms, in {0xa821a000-0x10070000, 240x240, 5}, out {0xa82c1000-258, 1}, wh{0, 0}, xy{0, 0}
05-22 17:51:57.291  1046   354  2018 I gralloc : Registering handle 0xa6d3c6c0 coming from the same process
05-22 17:51:57.291  1046   354  2018 I gralloc : gralloc_unregister_buffer hnd=0xa6d3c9c0, share_fd=40, share_attr_fd=41, magic=51647890, format=1, internal_format=1, byte_stride=960, flags=4, usage=0x10200, size=230400, width=240, height=240, internalWidth=240, internalHeight=240, stride=240, base=0xa7b6d000, writeOwner=0, attr_base=0xffffffff, yuv_info=1, fd=-1, buf_idx=0, offset=0, min_pgsz=4096, phyaddr=0
05-22 17:51:57.293  1046   354  2014 I SPRDAVCEncoder: H264EncStrmEncode[8917] 0ms, in {0xa821a000-0x10070000, 240x240, 5}, out {0xa82c1000-258, 1}, wh{0, 0}, xy{0, 0}
05-22 17:51:57.294 10078  2940  2940 D SogouIME: SogouIME.onStartCommand_start - true
05-22 17:51:57.359  1000  1310  1726 I AEEJNIBridge: bCheckSim (mTelephonyManager.getSimState() != TelephonyManager.SIM_STATE_READY
05-22 17:51:57.375 10078  2940  2940 I MMKV    : <MMKV.cpp:206::initializeMMKV> root dir: /data/user/0/com.sohu.inputmethod.sogou/files/mmkv
05-22 17:51:57.387 10078  2940  2940 I MMKV    : <MMKV.cpp:330::loadFromFile> loading [input_keyboard_setting] with 0 size in total, file size is 4096
05-22 17:51:57.387 10078  2940  2940 I MMKV    : <MMKV.cpp:375::loadFromFile> loaded [input_keyboard_setting] with 0 values
05-22 17:51:57.391  1046   354  2018 I gralloc : Registering handle 0xa6d3c9c0 coming from the same process
05-22 17:51:57.391  1046   354  2018 I gralloc : gralloc_unregister_buffer hnd=0xa6d3c900, share_fd=46, share_attr_fd=47, magic=51647890, format=1, internal_format=1, byte_stride=960, flags=4, usage=0x10200, size=230400, width=240, height=240, internalWidth=240, internalHeight=240, stride=240, base=0xa821a000, writeOwner=0, attr_base=0xffffffff, yuv_info=1, fd=-1, buf_idx=0, offset=0, min_pgsz=4096, phyaddr=0
05-22 17:51:57.392  1046   354  2014 I SPRDAVCEncoder: H264EncStrmEncode[8918] 0ms, in {0xa821a000-0x10070000, 240x240, 5}, out {0xa82c1000-258, 1}, wh{0, 0}, xy{0, 0}
05-22 17:51:57.489 10080  2974  3050 I zygote  : Deoptimizing void com.tencent.matrix.trace.core.AppMethodBeat.i(int) due to JIT inline cache
05-22 17:51:57.489 10080  2974  3051 I zygote  : Deoptimizing void com.tencent.matrix.trace.core.AppMethodBeat.i(int) due to JIT inline cache
05-22 17:51:57.489 10080  2974  3051 I zygote  : Deoptimizing void com.tencent.matrix.trace.core.AppMethodBeat.o(int) due to JIT inline cache
05-22 17:51:57.489 10080  2974  3051 I zygote  : Deoptimizing void com.tencent.mm.sdk.platformtools.Log.i(java.lang.String, java.lang.String, java.lang.Object[]) due to JIT inline cache
05-22 17:51:57.489 10080  2974  3052 I zygote  : Deoptimizing void com.tencent.mm.sdk.platformtools.Log.i(java.lang.String, java.lang.String, java.lang.Object[]) due to JIT inline cache
05-22 17:51:57.493  1046   354  2018 I gralloc : Registering handle 0xa6d3c900 coming from the same process
05-22 17:51:57.493  1046   354  2018 I gralloc : gralloc_unregister_buffer hnd=0xa6d3c840, share_fd=36, share_attr_fd=37, magic=51647890, format=1, internal_format=1, byte_stride=960, flags=4, usage=0x10200, size=230400, width=240, height=240, internalWidth=240, internalHeight=240, stride=240, base=0xa821a000, writeOwner=0, attr_base=0xffffffff, yuv_info=1, fd=-1, buf_idx=0, offset=0, min_pgsz=4096, phyaddr=0
05-22 17:51:57.496 10080  2974  3050 I zygote  : Deoptimizing void com.tencent.matrix.trace.core.AppMethodBeat.o(int) due to JIT inline cache
05-22 17:51:57.499  1046   354  2014 I SPRDAVCEncoder: H264EncStrmEncode[8919] 3ms, in {0xa821a000-0x10070000, 240x240, 5}, out {0xa82c1000-258, 1}, wh{0, 0}, xy{0, 0}
05-22 17:51:57.540 10078  3071  3080 W JavaBinder: BinderProxy is being destroyed but the application did not call unlinkToDeath to unlink all of its death recipients beforehand.  Releasing leaked death recipient: com.sogou.daemon.DaemonService
05-22 17:51:57.595  1046   354  2018 I gralloc : Registering handle 0xa6d3c840 coming from the same process
05-22 17:51:57.596  1046   354  2018 I gralloc : gralloc_unregister_buffer hnd=0xa6d3c780, share_fd=38, share_attr_fd=39, magic=51647890, format=1, internal_format=1, byte_stride=960, flags=4, usage=0x10200, size=230400, width=240, height=240, internalWidth=240, internalHeight=240, stride=240, base=0xa821a000, writeOwner=0, attr_base=0xffffffff, yuv_info=1, fd=-1, buf_idx=0, offset=0, min_pgsz=4096, phyaddr=0
05-22 17:51:57.597  1046   354  2014 I SPRDAVCEncoder: H264EncStrmEncode[8920] 0ms, in {0xa821a000-0x10070000, 240x240, 5}, out {0xa82c1000-258, 1}, wh{0, 0}, xy{0, 0}
05-22 17:51:57.602  1000   359  1028 E LIBGPS  : read socet_client error: Try again
05-22 17:51:57.616  1000  1310  1726 I AEEJNIBridge: bCheckSim (mTelephonyManager.getSimState() != TelephonyManager.SIM_STATE_READY
05-22 17:51:57.662  root   281   297 D lowmemorykiller: received lmk:10061,1694,906
05-22 17:51:57.662  root   281   297 D lowmemorykiller: handle killing  1694 done
05-22 17:51:57.662  1000   622   889 D LmKillerTracker: doLmkForceStop pid=1694
05-22 17:51:57.675  1000   622   889 I LmKillerTracker: Skipped process pkgName:com.android.calendar, pid:1694, is system app !
05-22 17:51:57.679  1000   622   733 D AlarmManager: waitForAlarm result:4currentTime=1684749117679, elapsedRealtime=926247
05-22 17:51:57.679  1000   622   733 D AlarmManager: triggerList.size = 1, hasWakeup = true
05-22 17:51:57.679  1000   622   733 V AlarmManager: sending alarm Alarm{6ec6049 type 2 when 926247 android}
05-22 17:51:57.680  1000  1484  1545 I CPVoiceAgent: select: retrun 0
05-22 17:51:57.696  1000   622   633 I ActivityManager: Process com.android.calendar (pid 1694) has died: cch+6CEM 
05-22 17:51:57.696  1046   354  2018 I gralloc : Registering handle 0xa6d3c780 coming from the same process
05-22 17:51:57.697  1046   354  2018 I gralloc : gralloc_unregister_buffer hnd=0xa6d3c6c0, share_fd=42, share_attr_fd=43, magic=51647890, format=1, internal_format=1, byte_stride=960, flags=4, usage=0x10200, size=230400, width=240, height=240, internalWidth=240, internalHeight=240, stride=240, base=0xa821a000, writeOwner=0, attr_base=0xffffffff, yuv_info=1, fd=-1, buf_idx=0, offset=0, min_pgsz=4096, phyaddr=0
05-22 17:51:57.699  1046   354  2014 I SPRDAVCEncoder: H264EncStrmEncode[8921] 1ms, in {0xa821a000-0x10070000, 240x240, 5}, out {0xa82c1000-258, 1}, wh{0, 0}, xy{0, 0}
05-22 17:51:57.705  1000   622  1038 D PowerController.AppState: - reportAppProcStateInfo() E -
05-22 17:51:57.705  1000   622  1040 D PowerController.RecogA: handleMessage(MSG_REPORT_EVENT)
05-22 17:51:57.740  wifi  2065  2065 D wpa_supplicant: wlan0: Cancelling scan request
05-22 17:51:57.740  wifi  2065  2065 D wpa_supplicant: wlan0: Request to deauthenticate - bssid=48:1f:2d:0b:24:5a pending_bssid=00:00:00:00:00:00 reason=3 state=COMPLETED
05-22 17:51:57.740  wifi  2065  2065 D wpa_supplicant: TDLS: Tear down peers
05-22 17:51:57.740  wifi  2065  2065 D wpa_supplicant: wpa_driver_nl80211_disconnect(reason_code=3)
05-22 17:51:57.745  wifi  2065  2065 D wpa_supplicant: wlan0: Event DEAUTH (12) received
05-22 17:51:57.745  wifi  2065  2065 D wpa_supplicant: wlan0: Deauthentication notification
05-22 17:51:57.745  wifi  2065  2065 D wpa_supplicant: wlan0:  * reason 3 (locally generated)
05-22 17:51:57.745  wifi  2065  2065 D wpa_supplicant: Deauthentication frame IE(s) - hexdump(len=0): [NULL]
05-22 17:51:57.745  wifi  2065  2065 D wpa_supplicant: wlan0: Auto connect disabled: do not try to re-connect
05-22 17:51:57.745  wifi  2065  2065 D wpa_supplicant: wlan0: Ignore connection failure indication since interface has been put into disconnected state
05-22 17:51:57.745  wifi  2065  2065 D wpa_supplicant: TDLS: Remove peers on disassociation
05-22 17:51:57.745  wifi  2065  2065 D wpa_supplicant: wlan0: WPA: Clear old PMK and PTK
05-22 17:51:57.745  wifi  2065  2065 D wpa_supplicant: Notifying disconnect reason to hidl control: -3
05-22 17:51:57.746  wifi  2065  2065 D wpa_supplicant: nl80211: Data frame filter flags=0x0
05-22 17:51:57.746  1000   622   862 V AlarmManager: remove(operation) changed bounds; rebatching
05-22 17:51:57.746  wifi  2065  2065 E wpa_supplicant: nl80211: Failed to open /proc/sys/net/ipv4/conf/wlan0/drop_unicast_in_l2_multicast: No such file or directory
05-22 17:51:57.746  wifi  2065  2065 E wpa_supplicant: nl80211: Failed to set IPv4 unicast in multicast filter
05-22 17:51:57.746  wifi  2065  2065 D wpa_supplicant: wlan0: State: COMPLETED -> DISCONNECTED
05-22 17:51:57.746  wifi  2065  2065 D wpa_supplicant: nl80211: Set wlan0 operstate 1->0 (DORMANT)
05-22 17:51:57.746  wifi  2065  2065 D wpa_supplicant: netlink: Operstate: ifindex=14 linkmode=-1 (no change), operstate=5 (IF_OPER_DORMANT)
05-22 17:51:57.746  1000   622   862 I chatty  : uid=1000(system) IpManager.wlan0 expire 2 lines
05-22 17:51:57.746  wifi  2065  2065 D wpa_supplicant: WMM AC: WMM AC is disabled
05-22 17:51:57.746  wifi  2065  2065 D wpa_supplicant: Notifying state change event to hidl control: 0
05-22 17:51:57.746  wifi  2065  2065 D wpa_supplicant: wlan0: Determining shared radio frequencies (max len 2)
05-22 17:51:57.746  wifi  2065  2065 D wpa_supplicant: wlan0: Shared frequencies (len=0): completed iteration
05-22 17:51:57.746  wifi  2065  2065 D wpa_supplicant: P2P: Add operating class 81
05-22 17:51:57.746  wifi  2065  2065 D wpa_supplicant: P2P: Channels - hexdump(len=13): 01 02 03 04 05 06 07 08 09 0a 0b 0c 0d
05-22 17:51:57.746  wifi  2065  2065 D wpa_supplicant: P2P: Update channel list
05-22 17:51:57.746  wifi  2065  2065 D wpa_supplicant: P2P: channels: 81:1,2,3,4,5,6,7,8,9,10,11,12,13
05-22 17:51:57.746  wifi  2065  2065 D wpa_supplicant: P2P: cli_channels:
05-22 17:51:57.747  wifi  2065  2065 D wpa_supplicant: Notifying bssid changed to hidl control
05-22 17:51:57.747  wifi  2065  2065 D wpa_supplicant: EAPOL: External notification - portEnabled=0
05-22 17:51:57.747  wifi  2065  2065 D wpa_supplicant: EAPOL: SUPP_PAE entering state DISCONNECTED
