05-22 17:51:25.783  1000  1061  1061 W ViewRootImpl[SubSettings]: Cancelling event due to no window focus: KeyEvent { action=ACTION_UP, keyCode=KEYCODE_VOLUME_UP, scanCode=0, metaState=0, flags=0x28, repeatCount=0, eventTime=893884, downTime=893884, deviceId=-1, source=0x101 }
05-22 17:51:25.786  1000  1061  1061 W ViewRootImpl[SubSettings]: Dropping event due to no window focus: KeyEvent { action=ACTION_DOWN, keyCode=KEYCODE_DPAD_RIGHT, scanCode=0, metaState=0, flags=0x8, repeatCount=0, eventTime=894276, downTime=894276, deviceId=-1, source=0x101 }
05-22 17:51:25.790  1000  1061  1061 W ViewRootImpl[SubSettings]: Cancelling event due to no window focus: KeyEvent { action=ACTION_UP, keyCode=KEYCODE_DPAD_RIGHT, scanCode=0, metaState=0, flags=0x28, repeatCount=0, eventTime=894353, downTime=894353, deviceId=-1, source=0x101 }
05-22 17:51:25.790  1000  1061  1061 I chatty  : uid=1000(system) com.android.settings identical 7 lines
05-22 17:51:25.790  1000  1061  1061 W ViewRootImpl[SubSettings]: Cancelling event due to no window focus: KeyEvent { action=ACTION_UP, keyCode=KEYCODE_DPAD_RIGHT, scanCode=0, metaState=0, flags=0x28, repeatCount=0, eventTime=894353, downTime=894353, deviceId=-1, source=0x101 }
05-22 17:51:25.823  1000  1061  1061 W ViewRootImpl[SubSettings]: Dropping event due to no window focus: KeyEvent { action=ACTION_DOWN, keyCode=KEYCODE_F11, scanCode=0, metaState=0, flags=0x8, repeatCount=0, eventTime=894380, downTime=894380, deviceId=-1, source=0x101 }
05-22 17:51:25.928  1000   622  1141 D BroadcastQueue: Add broadcast <BroadcastRecord{4a82209 u-1 android.net.conn.CONNECTIVITY_CHANGE}> into [parallel | background], pending size 0
05-22 17:51:25.928  1000   622   636 W BroadcastQueue: Skipping deliver [background] BroadcastRecord{4a82209 u-1 android.net.conn.CONNECTIVITY_CHANGE} to ReceiverList{1eb6c0e 2352 (unknown name)/2000/u-1 remote:251afd3}: process gone or crashing
05-22 17:51:25.928  1000   622   636 D BroadcastQueue: Done with parallel broadcast [background] [BroadcastRecord{4a82209 u-1 android.net.conn.CONNECTIVITY_CHANGE}]
05-22 17:51:25.984  1000   622  1141 I ActivityManager: START u0 {act=android.intent.action.MAIN cat=[android.intent.category.LAUNCHER] flg=0x10200000 cmp=com.ztapp.callbyvideo/.activities.MainActivity} from uid 2000, pid 2352
05-22 17:51:26.016  1000   622  1141 I ActivityManager: ->startActivity for ActivityRecord{947d43c u0 com.ztapp.callbyvideo/.activities.MainActivity t13} result:0
05-22 17:51:26.042  1000   622  2276 I ActivityManager: Start proc 2406:com.ztapp.callbyvideo/u0a65 for activity com.ztapp.callbyvideo/.activities.MainActivity
05-22 17:51:26.144  1000   622   632 D WindowManager: Input focus has changed to null
05-22 17:51:26.159  1000   622  1038 D PowerController.AppState: - reportAppProcStateInfo() E -
05-22 17:51:26.159  1000   622  1038 D PowerController.AppState: reportAppProcStateInfo: appName:com.ztapp.callbyvideo uid:10065 is not exist, create it
05-22 17:51:26.163  1000   622  1040 D PowerController.RecogA: handleMessage(MSG_REPORT_EVENT)
05-22 17:51:26.205  1000   622  1040 D PowerController.RecogA: handleMessage(MSG_REPORT_EVENT)
05-22 17:51:26.248  1000   622   622 D SprdLightsUtils: id = 4; isBatteryLightOpen = true
05-22 17:51:26.297  1000   622   622 W WindowManager: removeWindowToken: Attempted to remove non-existing token: android.os.Binder@1a24692
05-22 17:51:26.303  1000   622  1038 D PowerController.AppState: - reportAppProcStateInfo() E -
05-22 17:51:26.303  1000   622  1038 D PowerController.AppState: - reportAppProcStateInfo() E -
05-22 17:51:26.304  1000   622   857 V JobScheduler.Conn: Uid rules changed for 10009
05-22 17:51:26.304  1000   622  1040 D PowerController.RecogA: handleMessage(MSG_REPORT_EVENT)
05-22 17:51:26.304  1000   622  1040 D PowerController.RecogA: handleMessage(MSG_REPORT_EVENT)
05-22 17:51:26.373  1000   622  1038 D PowerController.AppState: - reportAppProcStateInfo() E -
05-22 17:51:26.373  1000   622   857 V JobScheduler.Conn: Uid rules changed for 10009
05-22 17:51:26.374  1000   622  1040 D PowerController.RecogA: handleMessage(MSG_REPORT_EVENT)
05-22 17:51:26.398  1000   622   622 D SprdLightsUtils: id = 4; isBatteryLightOpen = true
05-22 17:51:26.559  1000   622  2276 D WindowManager: Input focus has changed to Window{67e42a0 u0 com.ztapp.callbyvideo/com.ztapp.callbyvideo.activities.MainActivity}
05-22 17:51:26.580 10065  2406  2406 W ViewRootImpl[MainActivity]: Dropping event due to no window focus: KeyEvent { action=ACTION_DOWN, keyCode=KEYCODE_DPAD_DOWN, scanCode=0, metaState=0, flags=0x8, repeatCount=0, eventTime=894708, downTime=894708, deviceId=-1, source=0x101 }
05-22 17:51:26.609 10065  2406  2406 W ViewRootImpl[MainActivity]: Dropping event due to no window focus: MotionEvent { action=ACTION_MOVE, actionButton=0, id[0]=0, x[0]=3.0, y[0]=-2.0, toolType[0]=TOOL_TYPE_UNKNOWN, buttonState=0, metaState=0, flags=0x0, edgeFlags=0x0, pointerCount=1, historySize=1, eventTime=895131, downTime=-1, deviceId=0, source=0x10004 }
05-22 17:51:26.739 10065  2406  2406 W ViewRootImpl[MainActivity]: Cancelling event due to no window focus: KeyEvent { action=ACTION_UP, keyCode=KEYCODE_DPAD_DOWN, scanCode=0, metaState=0, flags=0x28, repeatCount=0, eventTime=895131, downTime=895131, deviceId=-1, source=0x101 }
05-22 17:51:26.740 10065  2406  2406 I chatty  : uid=10065(com.ztapp.callbyvideo) identical 7 lines
05-22 17:51:26.740 10065  2406  2406 W ViewRootImpl[MainActivity]: Cancelling event due to no window focus: KeyEvent { action=ACTION_UP, keyCode=KEYCODE_DPAD_DOWN, scanCode=0, metaState=0, flags=0x28, repeatCount=0, eventTime=895131, downTime=895131, deviceId=-1, source=0x101 }
05-22 17:51:27.369  1000   622  1141 W InputManager: Input event injection from pid 2189 failed.
05-22 17:51:27.422  1000   622   736 I ActivityManager: START u0 {act=android.speech.action.WEB_SEARCH} from uid 1000, pid 622
05-22 17:51:27.422  1000   622   736 I ActivityManager: ->startActivity for Intent { act=android.speech.action.WEB_SEARCH } result:-91
05-22 17:51:27.580  1000   622  1141 D WindowManager: Input focus has changed to Window{68b4f85 u0 SubPanel:com.ztapp.callbyvideo/com.ztapp.callbyvideo.activities.MainActivity}
05-22 17:51:27.581 10065  2406  2406 W ViewRootImpl[MainActivity]: Dropping event due to no window focus: KeyEvent { action=ACTION_DOWN, keyCode=KEYCODE_DPAD_LEFT, scanCode=0, metaState=0, flags=0x8, repeatCount=0, eventTime=895996, downTime=895996, deviceId=-1, source=0x101 }
05-22 17:51:27.630 10065  2406  2406 W ViewRootImpl[MainActivity]: Dropping event due to no window focus: KeyEvent { action=ACTION_DOWN, keyCode=KEYCODE_MENU, scanCode=0, metaState=0, flags=0x8, repeatCount=0, eventTime=896051, downTime=896051, deviceId=-1, source=0x101 }
05-22 17:51:27.663 10065  2406  2406 W ViewRootImpl[MainActivity]: Cancelling event due to no window focus: KeyEvent { action=ACTION_UP, keyCode=KEYCODE_DPAD_LEFT, scanCode=0, metaState=0, flags=0x28, repeatCount=0, eventTime=896149, downTime=896149, deviceId=-1, source=0x101 }
05-22 17:51:27.664 10065  2406  2406 I chatty  : uid=10065(com.ztapp.callbyvideo) identical 7 lines
05-22 17:51:27.664 10065  2406  2406 W ViewRootImpl[MainActivity]: Cancelling event due to no window focus: KeyEvent { action=ACTION_UP, keyCode=KEYCODE_DPAD_LEFT, scanCode=0, metaState=0, flags=0x28, repeatCount=0, eventTime=896149, downTime=896149, deviceId=-1, source=0x101 }
05-22 17:51:27.671  1000   622  1237 W InputManager: Input event injection from pid 2352 failed.
05-22 17:51:27.811  1000   622  1141 I ActivityManager: START u0 {act=android.intent.action.MAIN cat=[android.intent.category.LAUNCHER] flg=0x10200000 cmp=com.zmapp.sms/.MainActivity} from uid 2000, pid 2352
05-22 17:51:27.811  1000   622  1303 D WindowManager: Input focus has changed to Window{67e42a0 u0 com.ztapp.callbyvideo/com.ztapp.callbyvideo.activities.MainActivity}
05-22 17:51:27.822 10065  2406  2406 W ViewRootImpl[MainActivity]: Dropping event due to no window focus: KeyEvent { action=ACTION_DOWN, keyCode=KEYCODE_DPAD_DOWN, scanCode=0, metaState=0, flags=0x8, repeatCount=0, eventTime=896389, downTime=896389, deviceId=-1, source=0x101 }
05-22 17:51:27.823 10065  2406  2406 W ViewRootImpl[MainActivity]: Cancelling event due to no window focus: KeyEvent { action=ACTION_UP, keyCode=KEYCODE_DPAD_DOWN, scanCode=0, metaState=0, flags=0x28, repeatCount=0, eventTime=896390, downTime=896390, deviceId=-1, source=0x101 }
05-22 17:51:27.824 10065  2406  2406 I chatty  : uid=10065(com.ztapp.callbyvideo) identical 7 lines
05-22 17:51:27.824 10065  2406  2406 W ViewRootImpl[MainActivity]: Cancelling event due to no window focus: KeyEvent { action=ACTION_UP, keyCode=KEYCODE_DPAD_DOWN, scanCode=0, metaState=0, flags=0x28, repeatCount=0, eventTime=896390, downTime=896390, deviceId=-1, source=0x101 }
05-22 17:51:27.825 10065  2406  2406 W ViewRootImpl[MainActivity]: Dropping event due to no window focus: KeyEvent { action=ACTION_DOWN, keyCode=KEYCODE_DPAD_CENTER, scanCode=0, metaState=0, flags=0x8, repeatCount=0, eventTime=896392, downTime=896392, deviceId=-1, source=0x101 }
05-22 17:51:27.826 10065  2406  2406 W ViewRootImpl[MainActivity]: Cancelling event due to no window focus: KeyEvent { action=ACTION_UP, keyCode=KEYCODE_DPAD_CENTER, scanCode=0, metaState=0, flags=0x28, repeatCount=0, eventTime=896393, downTime=896393, deviceId=-1, source=0x101 }
05-22 17:51:27.827 10065  2406  2406 I chatty  : uid=10065(com.ztapp.callbyvideo) identical 7 lines
05-22 17:51:27.827 10065  2406  2406 W ViewRootImpl[MainActivity]: Cancelling event due to no window focus: KeyEvent { action=ACTION_UP, keyCode=KEYCODE_DPAD_CENTER, scanCode=0, metaState=0, flags=0x28, repeatCount=0, eventTime=896393, downTime=896393, deviceId=-1, source=0x101 }
05-22 17:51:27.849  1000   622  1141 I ActivityManager: ->startActivity for ActivityRecord{cf1a7e7 u0 com.zmapp.sms/.MainActivity t14} result:0
05-22 17:51:27.850  1000   622  2276 D BroadcastQueue: Add broadcast <BroadcastRecord{626db83 u-1 android.media.VOLUME_CHANGED_ACTION}> into [parallel | foreground], pending size 0
05-22 17:51:27.851  1000   622   636 D BroadcastQueue: Done with parallel broadcast [foreground] [BroadcastRecord{626db83 u-1 android.media.VOLUME_CHANGED_ACTION}]
05-22 17:51:27.894  1000   622  1303 I ActivityManager: Start proc 2440:com.zmapp.sms/1000 for activity com.zmapp.sms/.MainActivity
05-22 17:51:27.956  1000   622  1237 D WindowManager: Input focus has changed to null
05-22 17:51:28.155  1000   622  1141 D WindowManager: Input focus has changed to Window{cef053a u0 com.zmapp.sms/com.zmapp.sms.MainActivity}
05-22 17:51:28.208  1000  2440  2440 W ViewRootImpl[MainActivity]: Cancelling event due to no window focus: KeyEvent { action=ACTION_UP, keyCode=KEYCODE_SHIFT_LEFT, scanCode=0, metaState=0, flags=0x28, repeatCount=0, eventTime=896512, downTime=896512, deviceId=-1, source=0x101 }
05-22 17:51:28.209  1000  2440  2440 I chatty  : uid=1000(system) com.zmapp.sms identical 7 lines
05-22 17:51:28.209  1000  2440  2440 W ViewRootImpl[MainActivity]: Cancelling event due to no window focus: KeyEvent { action=ACTION_UP, keyCode=KEYCODE_SHIFT_LEFT, scanCode=0, metaState=0, flags=0x28, repeatCount=0, eventTime=896512, downTime=896512, deviceId=-1, source=0x101 }
05-22 17:51:28.343  1000   622  1038 D PowerController.AppState: - reportAppProcStateInfo() E -
05-22 17:51:28.343  1000   622  1040 D PowerController.RecogA: handleMessage(MSG_REPORT_EVENT)
05-22 17:51:28.351  1000   622  1141 I ActivityManager: START u0 {act=android.intent.action.MAIN cat=[android.intent.category.LAUNCHER] flg=0x10200000 cmp=com.jx.childlike/.MainActivity} from uid 2000, pid 2189
05-22 17:51:28.395  1000   622  1141 I ActivityManager: ->startActivity for ActivityRecord{68d0192 u0 com.jx.childlike/.MainActivity t10} result:2
05-22 17:51:28.395  1000   622  1237 I ActivityManager: START u0 {cmp=com.zmapp.sms/.NewSmsActivity} from uid 1000, pid 2440
05-22 17:51:28.403  1000   622  1237 I ActivityManager: ->startActivity for ActivityRecord{9705763 u0 com.zmapp.sms/.NewSmsActivity t14} result:0
05-22 17:51:28.410  1000   622  1237 D WindowManager: Input focus has changed to null
05-22 17:51:28.420  1000   622  1038 D PowerController.AppState: - reportAppProcStateInfo() E -
05-22 17:51:28.420  1000   622  1040 D PowerController.RecogA: handleMessage(MSG_REPORT_EVENT)
05-22 17:51:28.467  1000   622  1237 D WindowManager: Input focus has changed to Window{b0b71b6 u0 com.zmapp.sms/com.zmapp.sms.NewSmsActivity}
05-22 17:51:28.485  1000   622   733 D AlarmManager: waitForAlarm result:4currentTime=1684749088485, elapsedRealtime=897053
05-22 17:51:28.485  1000   622   733 D AlarmManager: triggerList.size = 1, hasWakeup = true
05-22 17:51:28.485  1000   622   733 V AlarmManager: sending alarm Alarm{9490eb7 type 2 when 894053 android}
05-22 17:51:28.487  wifi   353   353 W wificond: Scan aborted
05-22 17:51:28.490  1000   622   865 V AlarmManager: set(null) : type=2 triggerAtTime=912057 win=11250 tElapsed=912057 maxElapsed=923307 interval=0 flags=0x8
05-22 17:51:28.490  1000   622   865 V AlarmManager: remove(operation) changed bounds; rebatching
05-22 17:51:28.490  1000   622   733 D AlarmManager: waitForAlarm result:4currentTime=1684749088490, elapsedRealtime=897058
05-22 17:51:28.490  1000   622   733 D AlarmManager: triggerList.size = 1, hasWakeup = true
05-22 17:51:28.490  1000   622   733 V AlarmManager: sending alarm Alarm{f213624 type 2 when 896858 android}
05-22 17:51:28.491  1000   622   865 D BroadcastQueue: Add broadcast <BroadcastRecord{37b358d u-1 android.net.wifi.SCAN_RESULTS}> into [parallel | background], pending size 0
05-22 17:51:28.491  1000   622  2296 V AlarmManager: set(null) : type=2 triggerAtTime=904799 win=0 tElapsed=904799 maxElapsed=904799 interval=0 flags=0x9
05-22 17:51:28.491  1000   622   636 D BroadcastQueue: Done with parallel broadcast [background] [BroadcastRecord{37b358d u-1 android.net.wifi.SCAN_RESULTS}]
05-22 17:51:28.493  1000   622   860 V AlarmManager: set(null) : type=2 triggerAtTime=899061 win=0 tElapsed=902061 maxElapsed=902061 interval=0 flags=0x8
05-22 17:51:28.530  1000  2440  2440 W ViewRootImpl[NewSmsActivity]: Dropping event due to no window focus: KeyEvent { action=ACTION_DOWN, keyCode=KEYCODE_DPAD_RIGHT, scanCode=0, metaState=0, flags=0x8, repeatCount=0, eventTime=896926, downTime=896926, deviceId=-1, source=0x101 }
05-22 17:51:28.531  1000  2440  2440 W ViewRootImpl[NewSmsActivity]: Dropping event due to no window focus: KeyEvent { action=ACTION_DOWN, keyCode=KEYCODE_DPAD_CENTER, scanCode=0, metaState=0, flags=0x8, repeatCount=0, eventTime=896964, downTime=896964, deviceId=-1, source=0x101 }
05-22 17:51:28.616  1000   622   632 W InputManager: Input event injection from pid 2352 failed.
05-22 17:51:28.727  1000   622   632 I chatty  : uid=1000(system) Binder:622_1 identical 1 line
05-22 17:51:28.729  1000   622   632 W InputManager: Input event injection from pid 2352 failed.
05-22 17:51:28.731  1000   622  1237 W InputManager: Input event injection from pid 2352 failed.
05-22 17:51:29.046  1000   622  1141 W InputManager: Input event injection from pid 2352 failed.
05-22 17:51:29.047  1000   622   632 W InputManager: Input event injection from pid 2352 failed.
05-22 17:51:29.052  1000   622   632 I chatty  : uid=1000(system) Binder:622_1 identical 1 line
05-22 17:51:29.089  1000   622   632 W InputManager: Input event injection from pid 2352 failed.
05-22 17:51:29.100  1000   622   917 W InputManager: Input event injection from pid 2352 failed.
05-22 17:51:29.125  1000   622   917 W InputManager: Input event injection from pid 2352 failed.
05-22 17:51:29.137  1000   622   632 W InputManager: Input event injection from pid 2352 failed.
05-22 17:51:29.151  1000   622  1141 W InputManager: Input event injection from pid 2189 failed.
05-22 17:51:29.163  1000   622   917 D WindowManager: Input focus has changed to Window{e507054 u0 AtchDlg:com.zmapp.sms/com.zmapp.sms.NewSmsActivity}
05-22 17:51:29.164  1000   622  1141 W InputManager: Input event injection from pid 2189 failed.
05-22 17:51:29.165  1000  2440  2440 W ViewRootImpl[NewSmsActivity]: Dropping event due to no window focus: KeyEvent { action=ACTION_DOWN, keyCode=KEYCODE_DPAD_UP, scanCode=0, metaState=0, flags=0x8, repeatCount=0, eventTime=897716, downTime=897716, deviceId=-1, source=0x101 }
05-22 17:51:29.166  1000  2440  2440 W ViewRootImpl[NewSmsActivity]: Cancelling event due to no window focus: KeyEvent { action=ACTION_UP, keyCode=KEYCODE_DPAD_UP, scanCode=0, metaState=0, flags=0x28, repeatCount=0, eventTime=897732, downTime=897732, deviceId=-1, source=0x101 }
05-22 17:51:29.166  1000  2440  2440 I chatty  : uid=1000(system) com.zmapp.sms identical 1 line
05-22 17:51:29.166  1000  2440  2440 W ViewRootImpl[NewSmsActivity]: Cancelling event due to no window focus: KeyEvent { action=ACTION_UP, keyCode=KEYCODE_DPAD_UP, scanCode=0, metaState=0, flags=0x28, repeatCount=0, eventTime=897732, downTime=897732, deviceId=-1, source=0x101 }
05-22 17:51:29.166  1000   622   917 W InputManager: Input event injection from pid 2189 failed.
05-22 17:51:29.166  1000  2440  2440 W ViewRootImpl[NewSmsActivity]: Cancelling event due to no window focus: KeyEvent { action=ACTION_UP, keyCode=KEYCODE_DPAD_UP, scanCode=0, metaState=0, flags=0x28, repeatCount=0, eventTime=897732, downTime=897732, deviceId=-1, source=0x101 }
05-22 17:51:29.166  1000  2440  2440 I chatty  : uid=1000(system) com.zmapp.sms identical 4 lines
05-22 17:51:29.166  1000  2440  2440 W ViewRootImpl[NewSmsActivity]: Cancelling event due to no window focus: KeyEvent { action=ACTION_UP, keyCode=KEYCODE_DPAD_UP, scanCode=0, metaState=0, flags=0x28, repeatCount=0, eventTime=897732, downTime=897732, deviceId=-1, source=0x101 }
05-22 17:51:29.167  1000  2440  2440 W ViewRootImpl[NewSmsActivity]: Dropping event due to no window focus: KeyEvent { action=ACTION_DOWN, keyCode=KEYCODE_MENU, scanCode=0, metaState=0, flags=0x8, repeatCount=0, eventTime=897733, downTime=897733, deviceId=-1, source=0x101 }
05-22 17:51:29.167  1000   622   917 W InputManager: Input event injection from pid 2189 failed.
05-22 17:51:29.167  1000  2440  2440 W ViewRootImpl[NewSmsActivity]: Cancelling event due to no window focus: KeyEvent { action=ACTION_UP, keyCode=KEYCODE_MENU, scanCode=0, metaState=0, flags=0x28, repeatCount=0, eventTime=897734, downTime=897734, deviceId=-1, source=0x101 }
05-22 17:51:29.168  1000  2440  2440 I chatty  : uid=1000(system) com.zmapp.sms identical 4 lines
05-22 17:51:29.168  1000  2440  2440 W ViewRootImpl[NewSmsActivity]: Cancelling event due to no window focus: KeyEvent { action=ACTION_UP, keyCode=KEYCODE_MENU, scanCode=0, metaState=0, flags=0x28, repeatCount=0, eventTime=897734, downTime=897734, deviceId=-1, source=0x101 }
05-22 17:51:29.168  1000   622   917 W InputManager: Input event injection from pid 2189 failed.
05-22 17:51:29.168  1000  2440  2440 W ViewRootImpl[NewSmsActivity]: Dropping event due to no window focus: KeyEvent { action=ACTION_DOWN, keyCode=KEYCODE_DPAD_DOWN, scanCode=0, metaState=0, flags=0x8, repeatCount=0, eventTime=897735, downTime=897735, deviceId=-1, source=0x101 }
05-22 17:51:29.169  1000  2440  2440 W ViewRootImpl[NewSmsActivity]: Cancelling event due to no window focus: KeyEvent { action=ACTION_UP, keyCode=KEYCODE_DPAD_DOWN, scanCode=0, metaState=0, flags=0x28, repeatCount=0, eventTime=897736, downTime=897736, deviceId=-1, source=0x101 }
05-22 17:51:29.169  1000  2440  2440 I chatty  : uid=1000(system) com.zmapp.sms identical 7 lines
05-22 17:51:29.169  1000  2440  2440 W ViewRootImpl[NewSmsActivity]: Cancelling event due to no window focus: KeyEvent { action=ACTION_UP, keyCode=KEYCODE_DPAD_DOWN, scanCode=0, metaState=0, flags=0x28, repeatCount=0, eventTime=897736, downTime=897736, deviceId=-1, source=0x101 }
05-22 17:51:29.178  1000   622  1303 W InputManager: Input event injection from pid 2189 failed.
05-22 17:51:29.276  1000   622   622 D BroadcastQueue: Add broadcast <BroadcastRecord{1654343 u-1 android.media.VOLUME_CHANGED_ACTION}> into [parallel | foreground], pending size 0
05-22 17:51:29.276  1000   622   917 W ContextImpl: Calling a method in the system process without a qualified user: android.app.ContextImpl.startActivity:854 com.android.server.policy.PhoneWindowManager.interceptKeyBeforeQueueing:7069 com.android.server.policy.SprdPhoneWindowManager.interceptKeyBeforeQueueing:96 com.android.server.wm.InputMonitor.interceptKeyBeforeQueueing:449 com.android.server.input.InputManagerService.interceptKeyBeforeQueueing:1971 
05-22 17:51:29.276  1000   622   636 D BroadcastQueue: Done with parallel broadcast [foreground] [BroadcastRecord{1654343 u-1 android.media.VOLUME_CHANGED_ACTION}]
05-22 17:51:29.277  1000   622   917 W ContextImpl: Calling a method in the system process without a qualified user: android.app.ContextImpl.startActivity:866 android.app.ContextImpl.startActivity:855 com.android.server.policy.PhoneWindowManager.interceptKeyBeforeQueueing:7069 com.android.server.policy.SprdPhoneWindowManager.interceptKeyBeforeQueueing:96 com.android.server.wm.InputMonitor.interceptKeyBeforeQueueing:449 
05-22 17:51:29.280  1000   622   917 I ActivityManager: START u0 {flg=0x10000000 cmp=com.android.systemui/.NoNetAlertActivity (has extras)} from uid 1000, pid 622
05-22 17:51:29.296  1000   622   917 I ActivityManager: ->startActivity for ActivityRecord{b6e3dc0 u0 com.android.systemui/.NoNetAlertActivity t12} result:2
05-22 17:51:29.434  1000   622   622 D WindowManager: Input focus has changed to null
05-22 17:51:29.436  1000   622   622 W WindowManager: removeWindowToken: Attempted to remove non-existing token: android.os.Binder@3cf4e59
05-22 17:51:29.455  1000   622  1038 D PowerController.AppState: - reportAppProcStateInfo() E -
05-22 17:51:29.455  1000   622  1038 I chatty  : uid=1000(system) PowerController identical 1 line
05-22 17:51:29.455  1000   622  1038 D PowerController.AppState: - reportAppProcStateInfo() E -
05-22 17:51:29.455  1000   622  1040 D PowerController.RecogA: handleMessage(MSG_REPORT_EVENT)
05-22 17:51:29.455  1000   622  1040 I chatty  : uid=1000(system) ntroller.RecogA identical 1 line
05-22 17:51:29.455  1000   622  1040 D PowerController.RecogA: handleMessage(MSG_REPORT_EVENT)
05-22 17:51:29.508  1000   622  1038 D PowerController.AppState: - reportAppProcStateInfo() E -
05-22 17:51:29.509  1000   622  1040 D PowerController.RecogA: handleMessage(MSG_REPORT_EVENT)
05-22 17:51:29.525  1000   622  1237 D WindowManager: Input focus has changed to Window{a860316 u0 com.android.systemui/com.android.systemui.NoNetAlertActivity}
05-22 17:51:29.541 10022   925   925 W ViewRootImpl[NoNetAlertActivity]: Cancelling event due to no window focus: KeyEvent { action=ACTION_UP, keyCode=KEYCODE_DPAD_CENTER, scanCode=0, metaState=0, flags=0x28, repeatCount=0, eventTime=897859, downTime=897859, deviceId=-1, source=0x101 }
05-22 17:51:29.541 10022   925   925 I chatty  : uid=10022(com.android.systemui) identical 7 lines
05-22 17:51:29.542 10022   925   925 W ViewRootImpl[NoNetAlertActivity]: Cancelling event due to no window focus: KeyEvent { action=ACTION_UP, keyCode=KEYCODE_DPAD_CENTER, scanCode=0, metaState=0, flags=0x28, repeatCount=0, eventTime=897859, downTime=897859, deviceId=-1, source=0x101 }
05-22 17:51:29.542 10022   925   925 W ViewRootImpl[NoNetAlertActivity]: Cancelling event due to no window focus: KeyEvent { action=ACTION_UP, keyCode=KEYCODE_VOLUME_UP, scanCode=0, metaState=0, flags=0x28, repeatCount=0, eventTime=897841, downTime=897841, deviceId=-1, source=0x101 }
05-22 17:51:29.542 10022   925   925 I chatty  : uid=10022(com.android.systemui) identical 4 lines
05-22 17:51:29.542 10022   925   925 W ViewRootImpl[NoNetAlertActivity]: Cancelling event due to no window focus: KeyEvent { action=ACTION_UP, keyCode=KEYCODE_VOLUME_UP, scanCode=0, metaState=0, flags=0x28, repeatCount=0, eventTime=897841, downTime=897841, deviceId=-1, source=0x101 }
05-22 17:51:29.545 10022   925   925 W ViewRootImpl[NoNetAlertActivity]: Dropping event due to no window focus: MotionEvent { action=ACTION_MOVE, actionButton=0, id[0]=0, x[0]=0.0, y[0]=1.0, toolType[0]=TOOL_TYPE_UNKNOWN, buttonState=0, metaState=0, flags=0x0, edgeFlags=0x0, pointerCount=1, historySize=0, eventTime=898098, downTime=-1, deviceId=0, source=0x10004 }
05-22 17:51:29.600  1000   622  1038 D PowerController.AppState: - reportAppProcStateInfo() E -
05-22 17:51:29.600  1000   622  1040 D PowerController.RecogA: handleMessage(MSG_REPORT_EVENT)
05-22 17:51:29.614  1000   622   622 D SprdLightsUtils: id = 4; isBatteryLightOpen = true
05-22 17:51:29.695  1000   622   649 I PackageManager: mcs_unbind
05-22 17:51:29.695  1000   622   649 I PackageManager: calling disconnectService()
05-22 17:51:29.704  1000   622  1038 D PowerController.AppState: - reportAppProcStateInfo() E -
05-22 17:51:29.704  1000   622  1040 D PowerController.RecogA: handleMessage(MSG_REPORT_EVENT)
05-22 17:51:29.705  1000   622   632 I ActivityManager: Killing 1645:com.android.messaging/u0a50 (adj 906): empty #17
05-22 17:51:29.729  1000   622  1038 D PowerController.AppState: - reportAppProcStateInfo() E -
05-22 17:51:29.729  1000   622  1040 D PowerController.RecogA: handleMessage(MSG_REPORT_EVENT)
05-22 17:51:29.775  1000   622  2490 D WindowManager: Input focus has changed to Window{ea35dc6 u0 AtchDlg:com.android.systemui/com.android.systemui.NoNetAlertActivity}
05-22 17:51:29.778 10022   925   925 W ViewRootImpl[NoNetAlertActivity]: Dropping event due to no window focus: KeyEvent { action=ACTION_DOWN, keyCode=KEYCODE_MENU, scanCode=0, metaState=0, flags=0x8, repeatCount=0, eventTime=898338, downTime=898338, deviceId=-1, source=0x101 }
05-22 17:51:29.784 10022   925   925 W ViewRootImpl[NoNetAlertActivity]: Dropping event due to no window focus: MotionEvent { action=ACTION_MOVE, actionButton=0, id[0]=0, x[0]=2.0, y[0]=-4.0, toolType[0]=TOOL_TYPE_UNKNOWN, buttonState=0, metaState=0, flags=0x0, edgeFlags=0x0, pointerCount=1, historySize=0, eventTime=898339, downTime=-1, deviceId=0, source=0x10004 }
05-22 17:51:29.803 10022   925   925 W ViewRootImpl[NoNetAlertActivity]: Cancelling event due to no window focus: KeyEvent { action=ACTION_UP, keyCode=KEYCODE_MENU, scanCode=0, metaState=0, flags=0x28, repeatCount=0, eventTime=898345, downTime=898345, deviceId=-1, source=0x101 }
05-22 17:51:29.804 10022   925   925 I chatty  : uid=10022(com.android.systemui) identical 4 lines
05-22 17:51:29.804 10022   925   925 W ViewRootImpl[NoNetAlertActivity]: Cancelling event due to no window focus: KeyEvent { action=ACTION_UP, keyCode=KEYCODE_MENU, scanCode=0, metaState=0, flags=0x28, repeatCount=0, eventTime=898345, downTime=898345, deviceId=-1, source=0x101 }
05-22 17:51:29.831  1000   622   632 D WindowManager: Input focus has changed to Window{a860316 u0 com.android.systemui/com.android.systemui.NoNetAlertActivity}
05-22 17:51:29.909  1000   622   633 W InputManager: Input event injection from pid 2189 failed.
05-22 17:51:30.057  1000   622   632 I ActivityManager: START u0 {act=android.intent.action.MAIN cat=[android.intent.category.LAUNCHER] flg=0x10200000 cmp=com.yingyonghui.market/.ui.MainActivity} from uid 2000, pid 2189
05-22 17:51:30.069  1000   622   632 I ActivityManager: ->startActivity for ActivityRecord{c0b9c20 u0 com.yingyonghui.market/.ui.MainActivity t15} result:0
05-22 17:51:30.081  1000   622   917 I ActivityManager: Start proc 2492:com.yingyonghui.market/u0a76 for activity com.yingyonghui.market/.ui.MainActivity
05-22 17:51:30.164  1000   622  2490 D WindowManager: Input focus has changed to null
05-22 17:51:30.176  1000   622  2490 W ActivityManager: Slow operation: 51ms so far, now at attachApplicationLocked: after mServices.attachApplicationLocked
05-22 17:51:30.178  1000   622  1038 D PowerController.AppState: - reportAppProcStateInfo() E -
05-22 17:51:30.178  1000   622  1038 D PowerController.AppState: reportAppProcStateInfo: appName:com.yingyonghui.market uid:10076 is not exist, create it
05-22 17:51:30.180  1000   622  1040 D PowerController.RecogA: handleMessage(MSG_REPORT_EVENT)
05-22 17:51:30.180  1000   622  1038 D PowerController.AppState: - reportAppProcStateInfo() E -
05-22 17:51:30.180  1000   622  1040 D PowerController.RecogA: handleMessage(MSG_REPORT_EVENT)
05-22 17:51:30.494  1000   622   992 W WindowManager: Failed looking up window callers=com.android.server.wm.WindowManagerService.windowForClientLocked:5831 com.android.server.wm.WindowManagerService.removeWindow:1723 com.android.server.wm.Session.remove:222 
05-22 17:51:30.500  1000   622  1141 W ActivityManager: Unable to start service Intent { act=com.google.android.gms.ads.identifier.service.START pkg=com.google.android.gms } U=0: not found
05-22 17:51:30.538  1000   622  1141 W ActivityManager: Unable to start service Intent { act=com.google.android.gms.ads.identifier.service.START pkg=com.google.android.gms } U=0: not found
05-22 17:51:30.555  1000   622  1141 V AlarmManager: set(PendingIntent{e9bec4e: PendingIntentRecord{cb7916f com.yingyonghui.market broadcastIntent}}) : type=0 triggerAtTime=2000109090554 win=0 tElapsed=315360899121 maxElapsed=315360899121 interval=0 flags=0x1
05-22 17:51:30.802  1000   622  1141 D BroadcastQueue: Add broadcast <BroadcastRecord{a55d58b u-1 android.intent.action.BATTERY_CHANGED}> into [parallel | background], pending size 0
05-22 17:51:30.803  1000   622   636 D BroadcastQueue: Done with parallel broadcast [background] [BroadcastRecord{a55d58b u-1 android.intent.action.BATTERY_CHANGED}]
05-22 17:51:31.057  1000   622  1141 D BroadcastQueue: Add broadcast <BroadcastRecord{d989114 u-1 android.net.conn.CONNECTIVITY_CHANGE}> into [parallel | background], pending size 0
05-22 17:51:31.058  1000   622   636 D BroadcastQueue: Done with parallel broadcast [background] [BroadcastRecord{d989114 u-1 android.net.conn.CONNECTIVITY_CHANGE}]
05-22 17:51:31.071  1000   622  1141 D BroadcastQueue: Add broadcast <BroadcastRecord{bf7aa80 u-1 android.net.conn.CONNECTIVITY_CHANGE}> into [parallel | background], pending size 0
05-22 17:51:31.073  1000   622   636 D BroadcastQueue: Done with parallel broadcast [background] [BroadcastRecord{bf7aa80 u-1 android.net.conn.CONNECTIVITY_CHANGE}]
05-22 17:51:31.301  1000   622  1141 D WindowManager: Input focus has changed to Window{e6ceeac u0 com.yingyonghui.market/com.yingyonghui.market.ui.MainActivity}
05-22 17:51:31.377 10076  2492  2492 W ViewRootImpl[MainActivity]: Dropping event due to no window focus: KeyEvent { action=ACTION_DOWN, keyCode=KEYCODE_DPAD_DOWN, scanCode=0, metaState=0, flags=0x8, repeatCount=0, eventTime=898696, downTime=898696, deviceId=-1, source=0x101 }
05-22 17:51:31.378 10076  2492  2492 W ViewRootImpl[MainActivity]: Dropping event due to no window focus: KeyEvent { action=ACTION_DOWN, keyCode=KEYCODE_MENU, scanCode=0, metaState=0, flags=0x8, repeatCount=0, eventTime=898715, downTime=898715, deviceId=-1, source=0x101 }
05-22 17:51:31.379 10076  2492  2492 W ViewRootImpl[MainActivity]: Cancelling event due to no window focus: KeyEvent { action=ACTION_UP, keyCode=KEYCODE_DPAD_DOWN, scanCode=0, metaState=0, flags=0x28, repeatCount=0, eventTime=899873, downTime=899873, deviceId=-1, source=0x101 }
05-22 17:51:31.381 10076  2492  2492 I chatty  : uid=10076(com.yingyonghui.market) identical 7 lines
05-22 17:51:31.381 10076  2492  2492 W ViewRootImpl[MainActivity]: Cancelling event due to no window focus: KeyEvent { action=ACTION_UP, keyCode=KEYCODE_DPAD_DOWN, scanCode=0, metaState=0, flags=0x28, repeatCount=0, eventTime=899873, downTime=899873, deviceId=-1, source=0x101 }
05-22 17:51:31.392 10076  2492  2492 W ViewRootImpl[MainActivity]: Dropping event due to no window focus: MotionEvent { action=ACTION_MOVE, actionButton=0, id[0]=0, x[0]=0.0, y[0]=0.0, toolType[0]=TOOL_TYPE_UNKNOWN, buttonState=0, metaState=0, flags=0x0, edgeFlags=0x0, pointerCount=1, historySize=2, eventTime=899949, downTime=-1, deviceId=0, source=0x10004 }
05-22 17:51:31.684  1000   622   633 D BroadcastQueue: Add broadcast <BroadcastRecord{f37a9ae u-1 android.net.conn.CONNECTIVITY_CHANGE}> into [parallel | background], pending size 0
05-22 17:51:31.684  1000   622   636 D BroadcastQueue: Done with parallel broadcast [background] [BroadcastRecord{f37a9ae u-1 android.net.conn.CONNECTIVITY_CHANGE}]
05-22 17:51:31.801  1000   622  2490 D JobStatus: isReady()  jobId=0  mReschedule=true  enable=false
05-22 17:51:32.015  1000   622  1141 W InputManager: Input event injection from pid 2189 failed.
05-22 17:51:32.160  1000   622   633 W InputManager: Input event injection from pid 2352 failed.
05-22 17:51:32.266  1000   622  2490 W InputManager: Input event injection from pid 2352 failed.
05-22 17:51:32.270  1000   622  2490 D BroadcastQueue: Add broadcast <BroadcastRecord{baed736 u-1 android.media.VOLUME_CHANGED_ACTION}> into [parallel | foreground], pending size 0
05-22 17:51:32.270  1000   622   636 D BroadcastQueue: Done with parallel broadcast [foreground] [BroadcastRecord{baed736 u-1 android.media.VOLUME_CHANGED_ACTION}]
05-22 17:51:32.317  1000   622   633 W InputManager: Input event injection from pid 2352 failed.
05-22 17:51:32.382  1000   622   632 W InputManager: Input event injection from pid 2189 failed.
05-22 17:51:32.404  1000   622   632 W InputManager: Input event injection from pid 2189 failed.
05-22 17:51:32.441  1000   622   637 I ActivityManager: START u0 {act=android.intent.action.ALL_APPS} from uid 1000, pid 622
05-22 17:51:32.442  1000   622   637 I ActivityManager: ->startActivity for Intent { act=android.intent.action.ALL_APPS } result:-91
05-22 17:51:32.444  1000   622   633 W InputManager: Input event injection from pid 2352 failed.
05-22 17:51:32.836  1000   622  2276 W InputManager: Input event injection from pid 2352 failed.
05-22 17:51:32.987  1000   622  2276 W InputManager: Input event injection from pid 2189 failed.
05-22 17:51:32.990  1000   622  2276 I chatty  : uid=1000(system) Binder:622_B identical 3 lines
05-22 17:51:32.992  1000   622  2276 W InputManager: Input event injection from pid 2189 failed.
05-22 17:51:33.493  1000   622   733 D AlarmManager: waitForAlarm result:4currentTime=1684749093493, elapsedRealtime=902061
05-22 17:51:33.493  1000   622   733 D AlarmManager: triggerList.size = 2, hasWakeup = true
05-22 17:51:33.493  1000   622   733 V AlarmManager: sending alarm Alarm{eb9ca10 type 2 when 899841 android}
05-22 17:51:33.494  1000   622   733 V AlarmManager: sending alarm Alarm{90c1909 type 2 when 899061 android}
05-22 17:51:34.101  1000   622   865 V AlarmManager: set(null) : type=2 triggerAtTime=917668 win=11250 tElapsed=917668 maxElapsed=928918 interval=0 flags=0x8
05-22 17:51:34.104  1000   622   865 V AlarmManager: remove(operation) changed bounds; rebatching
05-22 17:51:34.118  1000   622   865 D BroadcastQueue: Add broadcast <BroadcastRecord{fbd970e u-1 android.net.wifi.SCAN_RESULTS}> into [parallel | background], pending size 0
05-22 17:51:34.119  1000   622   636 D BroadcastQueue: Done with parallel broadcast [background] [BroadcastRecord{fbd970e u-1 android.net.wifi.SCAN_RESULTS}]
05-22 17:51:34.140  1000   622  1141 W InputManager: Input event injection from pid 2352 failed.
05-22 17:51:34.143  1000   622   632 D BroadcastQueue: Add broadcast <BroadcastRecord{a93c52f u-1 android.media.VOLUME_CHANGED_ACTION}> into [parallel | foreground], pending size 0
05-22 17:51:34.143  1000   622   636 D BroadcastQueue: Done with parallel broadcast [foreground] [BroadcastRecord{a93c52f u-1 android.media.VOLUME_CHANGED_ACTION}]
05-22 17:51:34.205  1000   622  1240 I ActivityManager: Start proc 2619:com.yingyonghui.market:pushservice/u0a76 for service com.yingyonghui.market/com.igexin.sdk.PushService
05-22 17:51:34.207 10076  2492  2492 E ActivityThread: Failed to find provider info for com.android.launcher2.settings
05-22 17:51:34.217  1000   622   992 D BroadcastQueue: Add broadcast <BroadcastRecord{a21854b u-1 android.net.conn.CONNECTIVITY_CHANGE}> into [parallel | background], pending size 0
05-22 17:51:34.217  1000   622   636 D BroadcastQueue: Done with parallel broadcast [background] [BroadcastRecord{a21854b u-1 android.net.conn.CONNECTIVITY_CHANGE}]
05-22 17:51:34.247  1000   622  1141 W InputManager: Input event injection from pid 2189 failed.
05-22 17:51:34.507  1000   622  1141 D BroadcastQueue: Add broadcast <BroadcastRecord{e7a3f7d u-1 android.net.conn.CONNECTIVITY_CHANGE}> into [parallel | background], pending size 0
05-22 17:51:34.508  1000   622   636 D BroadcastQueue: Done with parallel broadcast [background] [BroadcastRecord{e7a3f7d u-1 android.net.conn.CONNECTIVITY_CHANGE}]
05-22 17:51:34.565  1000   622  1141 V AlarmManager: set(PendingIntent{8e15bb1: PendingIntentRecord{dca2896 com.yingyonghui.market broadcastIntent}}) : type=0 triggerAtTime=1684749094572 win=0 tElapsed=908132 maxElapsed=908132 interval=0 flags=0x1
05-22 17:51:34.625  1000   622  1141 V AlarmManager: set(PendingIntent{dff01ed: PendingIntentRecord{dca2896 com.yingyonghui.market broadcastIntent}}) : type=0 triggerAtTime=1684749154562 win=0 tElapsed=963129 maxElapsed=963129 interval=0 flags=0x1
05-22 17:51:34.625  1000   622  1141 V AlarmManager: remove(operation) changed bounds; rebatching
05-22 17:51:34.866  1000   622   992 W ContextImpl: Calling a method in the system process without a qualified user: android.app.ContextImpl.startActivity:854 com.android.server.policy.PhoneWindowManager.interceptKeyBeforeQueueing:7069 com.android.server.policy.SprdPhoneWindowManager.interceptKeyBeforeQueueing:96 com.android.server.wm.InputMonitor.interceptKeyBeforeQueueing:449 com.android.server.input.InputManagerService.interceptKeyBeforeQueueing:1971 
05-22 17:51:34.866  1000   622   992 W ContextImpl: Calling a method in the system process without a qualified user: android.app.ContextImpl.startActivity:866 android.app.ContextImpl.startActivity:855 com.android.server.policy.PhoneWindowManager.interceptKeyBeforeQueueing:7069 com.android.server.policy.SprdPhoneWindowManager.interceptKeyBeforeQueueing:96 com.android.server.wm.InputMonitor.interceptKeyBeforeQueueing:449 
05-22 17:51:34.867  1000   622   992 I ActivityManager: START u0 {flg=0x10000000 cmp=com.android.systemui/.NoNetAlertActivity (has extras)} from uid 1000, pid 622
05-22 17:51:34.878  1000   622   992 I ActivityManager: ->startActivity for ActivityRecord{a9672b3 u0 com.android.systemui/.NoNetAlertActivity t16} result:0
05-22 17:51:34.924  1000   622   622 D BroadcastQueue: Add broadcast <BroadcastRecord{bfbe346 u-1 android.media.VOLUME_CHANGED_ACTION}> into [parallel | foreground], pending size 0
05-22 17:51:34.928  1000   622   636 D BroadcastQueue: Done with parallel broadcast [foreground] [BroadcastRecord{bfbe346 u-1 android.media.VOLUME_CHANGED_ACTION}]
05-22 17:51:34.991  1000   622  1240 D WindowManager: Input focus has changed to null
05-22 17:51:35.021  1000   622  1038 D PowerController.AppState: - reportAppProcStateInfo() E -
05-22 17:51:35.022  1000   622  1040 D PowerController.RecogA: handleMessage(MSG_REPORT_EVENT)
05-22 17:51:35.031 10076  2492  2492 W ViewRootImpl[MainActivity]: Dropping event due to no window focus: KeyEvent { action=ACTION_MULTIPLE, keyCode=KEYCODE_DPAD_UP, scanCode=0, metaState=0, flags=0x400, repeatCount=20, eventTime=903593, downTime=903593, deviceId=-1, source=0x101 }
05-22 17:51:35.031 10076  2492  2492 W ViewRootImpl[MainActivity]: Dropping event due to no window focus: KeyEvent { action=ACTION_DOWN, keyCode=KEYCODE_DPAD_UP, scanCode=0, metaState=0, flags=0x400, repeatCount=0, eventTime=903593, downTime=903593, deviceId=-1, source=0x101 }
05-22 17:51:35.031 10076  2492  2492 W ViewRootImpl[MainActivity]: Cancelling event due to no window focus: KeyEvent { action=ACTION_UP, keyCode=KEYCODE_DPAD_UP, scanCode=0, metaState=0, flags=0x420, repeatCount=0, eventTime=903593, downTime=903593, deviceId=-1, source=0x101 }
05-22 17:51:35.052 10076  2492  2492 I chatty  : uid=10076(com.yingyonghui.market) identical 7 lines
05-22 17:51:35.052 10076  2492  2492 W ViewRootImpl[MainActivity]: Cancelling event due to no window focus: KeyEvent { action=ACTION_UP, keyCode=KEYCODE_DPAD_UP, scanCode=0, metaState=0, flags=0x420, repeatCount=0, eventTime=903593, downTime=903593, deviceId=-1, source=0x101 }
05-22 17:51:35.061  1000   622  1240 D WindowManager: Input focus has changed to Window{9d251ff u0 com.android.systemui/com.android.systemui.NoNetAlertActivity}
05-22 17:51:35.078 10022   925   925 W ViewRootImpl[NoNetAlertActivity]: Dropping event due to no window focus: MotionEvent { action=ACTION_MOVE, actionButton=0, id[0]=0, x[0]=-1.0, y[0]=2.0, toolType[0]=TOOL_TYPE_UNKNOWN, buttonState=0, metaState=0, flags=0x0, edgeFlags=0x0, pointerCount=1, historySize=0, eventTime=903442, downTime=-1, deviceId=0, source=0x10004 }
05-22 17:51:35.088 10022   925   925 W ViewRootImpl[NoNetAlertActivity]: Cancelling event due to no window focus: KeyEvent { action=ACTION_UP, keyCode=KEYCODE_VOLUME_UP, scanCode=0, metaState=0, flags=0x28, repeatCount=0, eventTime=903432, downTime=903432, deviceId=-1, source=0x101 }
05-22 17:51:35.088 10022   925   925 I chatty  : uid=10022(com.android.systemui) identical 4 lines
05-22 17:51:35.088 10022   925   925 W ViewRootImpl[NoNetAlertActivity]: Cancelling event due to no window focus: KeyEvent { action=ACTION_UP, keyCode=KEYCODE_VOLUME_UP, scanCode=0, metaState=0, flags=0x28, repeatCount=0, eventTime=903432, downTime=903432, deviceId=-1, source=0x101 }
05-22 17:51:35.126  1000   622  1038 D PowerController.AppState: - reportAppProcStateInfo() E -
05-22 17:51:35.129  1000   622  1040 D PowerController.RecogA: handleMessage(MSG_REPORT_EVENT)
05-22 17:51:35.248  1000   622   622 W WindowManager: removeWindowToken: Attempted to remove non-existing token: android.os.Binder@9f8a6e3
05-22 17:51:35.252  1000   622   992 D WindowManager: Input focus has changed to Window{33e6f82 u0 AtchDlg:com.android.systemui/com.android.systemui.NoNetAlertActivity}
05-22 17:51:35.252  1000   622  1038 D PowerController.AppState: - reportAppProcStateInfo() E -
05-22 17:51:35.254  1000   622  1040 D PowerController.RecogA: handleMessage(MSG_REPORT_EVENT)
05-22 17:51:35.261 10022   925   925 W ViewRootImpl[NoNetAlertActivity]: Dropping event due to no window focus: KeyEvent { action=ACTION_DOWN, keyCode=KEYCODE_BACK, scanCode=0, metaState=0, flags=0x8, repeatCount=0, eventTime=903815, downTime=903815, deviceId=-1, source=0x101 }
05-22 17:51:35.334  1000   622  1240 D WindowManager: Input focus has changed to Window{9d251ff u0 com.android.systemui/com.android.systemui.NoNetAlertActivity}
05-22 17:51:35.338 10022   925   925 W ViewRootImpl[NoNetAlertActivity]: Dropping event due to no window focus: KeyEvent { action=ACTION_DOWN, keyCode=KEYCODE_DPAD_RIGHT, scanCode=0, metaState=0, flags=0x8, repeatCount=0, eventTime=903883, downTime=903883, deviceId=-1, source=0x101 }
05-22 17:51:35.464  1000   622   632 D BroadcastQueue: Add broadcast <BroadcastRecord{9a9b8ef u-1 android.media.VOLUME_CHANGED_ACTION}> into [parallel | foreground], pending size 0
05-22 17:51:35.466  1000   622   636 D BroadcastQueue: Done with parallel broadcast [foreground] [BroadcastRecord{9a9b8ef u-1 android.media.VOLUME_CHANGED_ACTION}]
05-22 17:51:35.474  1000   622   992 D BroadcastQueue: Add broadcast <BroadcastRecord{b76bffc u-1 android.media.VOLUME_CHANGED_ACTION}> into [parallel | foreground], pending size 0
05-22 17:51:35.477  1000   622   636 D BroadcastQueue: Done with parallel broadcast [foreground] [BroadcastRecord{b76bffc u-1 android.media.VOLUME_CHANGED_ACTION}]
05-22 17:51:35.500  1000   622  1141 W InputManager: Input event injection from pid 2352 failed.
05-22 17:51:35.511  1000   622  1240 D BroadcastQueue: Add broadcast <BroadcastRecord{8f6b685 u-1 android.media.VOLUME_CHANGED_ACTION}> into [parallel | foreground], pending size 0
05-22 17:51:35.511  1000   622   636 D BroadcastQueue: Done with parallel broadcast [foreground] [BroadcastRecord{8f6b685 u-1 android.media.VOLUME_CHANGED_ACTION}]
05-22 17:51:35.535  1000   622   992 I ActivityManager: START u0 {act=android.intent.action.MAIN cat=[android.intent.category.LAUNCHER] flg=0x10200000 cmp=com.example.demo1/com.example.plokmju.testmutilecompile.MainActivity} from uid 2000, pid 2189
05-22 17:51:35.539  1000   622  1141 D WindowManager: Input focus has changed to Window{502f50b u0 AtchDlg:com.android.systemui/com.android.systemui.NoNetAlertActivity}
05-22 17:51:35.568 10022   925   925 W ViewRootImpl[NoNetAlertActivity]: Dropping event due to no window focus: KeyEvent { action=ACTION_DOWN, keyCode=KEYCODE_DPAD_LEFT, scanCode=0, metaState=0, flags=0x8, repeatCount=0, eventTime=904118, downTime=904118, deviceId=-1, source=0x101 }
05-22 17:51:35.569 10022   925   925 W ViewRootImpl[NoNetAlertActivity]: Cancelling event due to no window focus: KeyEvent { action=ACTION_UP, keyCode=KEYCODE_DPAD_LEFT, scanCode=0, metaState=0, flags=0x28, repeatCount=0, eventTime=904130, downTime=904130, deviceId=-1, source=0x101 }
05-22 17:51:35.569 10022   925   925 I chatty  : uid=10022(com.android.systemui) identical 7 lines
05-22 17:51:35.569 10022   925   925 W ViewRootImpl[NoNetAlertActivity]: Cancelling event due to no window focus: KeyEvent { action=ACTION_UP, keyCode=KEYCODE_DPAD_LEFT, scanCode=0, metaState=0, flags=0x28, repeatCount=0, eventTime=904130, downTime=904130, deviceId=-1, source=0x101 }
05-22 17:51:35.587  1000   622   992 I ActivityManager: ->startActivity for ActivityRecord{713601 u0 com.example.demo1/com.example.plokmju.testmutilecompile.MainActivity t17} result:0
05-22 17:51:35.667  1000   622  1038 V AlarmManager: set(PendingIntent{7603e4e: PendingIntentRecord{54a7b6f android broadcastIntent}}) : type=3 triggerAtTime=1204234 win=225000 tElapsed=1204234 maxElapsed=1429234 interval=0 flags=0x8
05-22 17:51:35.667  1000   622  1038 V AlarmManager: remove(operation) changed bounds; rebatching
05-22 17:51:35.744  1000   622   632 I ActivityManager: Start proc 2653:com.example.demo1/u0a81 for activity com.example.demo1/com.example.plokmju.testmutilecompile.MainActivity
05-22 17:51:35.813  1000   622  1038 D PowerController.AppState: - reportAppProcStateInfo() E -
05-22 17:51:35.813  1000   622  1040 D PowerController.RecogA: handleMessage(MSG_REPORT_EVENT)
05-22 17:51:35.814  1000   622   632 D WindowManager: Input focus has changed to null
05-22 17:51:35.881  1000   622  1038 D PowerController.AppState: - reportAppProcStateInfo() E -
05-22 17:51:35.881  1000   622  1038 D PowerController.AppState: reportAppProcStateInfo: appName:com.example.demo1 uid:10081 is not exist, create it
05-22 17:51:35.889  1000   622  1040 D PowerController.RecogA: handleMessage(MSG_REPORT_EVENT)
05-22 17:51:36.231  1000   622   733 D AlarmManager: waitForAlarm result:4currentTime=1684749096231, elapsedRealtime=904799
05-22 17:51:36.231  1000   622   733 D AlarmManager: triggerList.size = 1, hasWakeup = true
05-22 17:51:36.231  1000   622   733 V AlarmManager: sending alarm Alarm{2530da9 type 2 when 904799 android}
05-22 17:51:36.233  1000   622  2296 V AlarmManager: set(null) : type=2 triggerAtTime=921833 win=0 tElapsed=921833 maxElapsed=921833 interval=0 flags=0x9
05-22 17:51:36.296  1000   622   632 D WindowManager: Input focus has changed to Window{5165acf u0 com.example.demo1/com.example.plokmju.testmutilecompile.MainActivity}
05-22 17:51:36.339 10081  2653  2653 W ViewRootImpl[MainActivity]: Dropping event due to no window focus: KeyEvent { action=ACTION_DOWN, keyCode=KEYCODE_DPAD_DOWN, scanCode=0, metaState=0, flags=0x8, repeatCount=0, eventTime=904163, downTime=904163, deviceId=-1, source=0x101 }
05-22 17:51:36.368 10081  2653  2653 W ViewRootImpl[MainActivity]: Dropping event due to no window focus: MotionEvent { action=ACTION_MOVE, actionButton=0, id[0]=0, x[0]=-3.0, y[0]=-4.0, toolType[0]=TOOL_TYPE_UNKNOWN, buttonState=0, metaState=0, flags=0x0, edgeFlags=0x0, pointerCount=1, historySize=0, eventTime=904314, downTime=-1, deviceId=0, source=0x10004 }
05-22 17:51:36.545 10081  2653  2653 W ViewRootImpl[MainActivity]: Cancelling event due to no window focus: KeyEvent { action=ACTION_UP, keyCode=KEYCODE_DPAD_DOWN, scanCode=0, metaState=0, flags=0x28, repeatCount=0, eventTime=904868, downTime=904868, deviceId=-1, source=0x101 }
05-22 17:51:36.553 10081  2653  2653 I chatty  : uid=10081(com.example.demo1) identical 7 lines
05-22 17:51:36.554 10081  2653  2653 W ViewRootImpl[MainActivity]: Cancelling event due to no window focus: KeyEvent { action=ACTION_UP, keyCode=KEYCODE_DPAD_DOWN, scanCode=0, metaState=0, flags=0x28, repeatCount=0, eventTime=904868, downTime=904868, deviceId=-1, source=0x101 }
05-22 17:51:36.723  1000   622  2276 I ActivityManager: START u0 {cmp=com.example.demo1/com.example.plokmju.activity.LoginActivity} from uid 10081, pid 2653
05-22 17:51:36.733  1000   622  2276 I ActivityManager: ->startActivity for ActivityRecord{9694606 u0 com.example.demo1/com.example.plokmju.activity.LoginActivity t17} result:0
05-22 17:51:36.773  1000   622  2276 D WindowManager: Input focus has changed to null
05-22 17:51:36.986  1000   622  1141 D WindowManager: Input focus has changed to Window{4dd0fde u0 com.example.demo1/com.example.plokmju.activity.LoginActivity}
05-22 17:51:37.030 10081  2653  2653 W ViewRootImpl[LoginActivity]: Dropping event due to no window focus: KeyEvent { action=ACTION_DOWN, keyCode=KEYCODE_DPAD_CENTER, scanCode=0, metaState=0, flags=0x8, repeatCount=0, eventTime=905264, downTime=905264, deviceId=-1, source=0x101 }
05-22 17:51:37.032 10081  2653  2653 W ViewRootImpl[LoginActivity]: Cancelling event due to no window focus: KeyEvent { action=ACTION_UP, keyCode=KEYCODE_DPAD_CENTER, scanCode=0, metaState=0, flags=0x28, repeatCount=0, eventTime=905560, downTime=905560, deviceId=-1, source=0x101 }
05-22 17:51:37.036 10081  2653  2653 I chatty  : uid=10081(com.example.demo1) identical 7 lines
