05-22 17:51:45.019 10022   925  1007 I vol.Events: writeEvent level_changed STREAM_RING 3
05-22 17:51:45.023 10022   925  1007 I vol.Events: writeEvent level_changed STREAM_SYSTEM 3
05-22 17:51:45.033 10022   925   925 D KeyguardUpdateMonitor: received broadcast android.media.RINGER_MODE_CHANGED
05-22 17:51:45.036 u0_a9  1404  1871 D MediaProvider: MediaProvider query uri, uri = content://media/internal/audio/media/27
05-22 17:51:45.084  1000  1061  1061 D AudioProfileSettings: updateCurrentId profile.mMediaVolumeIndex==0-STREAM_MUSIC--7
05-22 17:51:45.084  1000   622  1240 I chatty  : uid=1000(system) Binder:622_9 expire 16 lines
05-22 17:51:45.085  1000   622  1240 D BroadcastQueue: Add broadcast <BroadcastRecord{a0bc351 u-1 android.media.VOLUME_CHANGED_ACTION}> into [parallel | foreground], pending size 0
05-22 17:51:45.086  1000   622   636 D BroadcastQueue: Done with parallel broadcast [foreground] [BroadcastRecord{a0bc351 u-1 android.media.VOLUME_CHANGED_ACTION}]
05-22 17:51:45.087  1000   622  1240 D BroadcastQueue: Add broadcast <BroadcastRecord{e2b07b6 u-1 android.media.VOLUME_CHANGED_ACTION}> into [parallel | foreground], pending size 0
05-22 17:51:45.087  1000   622   636 D BroadcastQueue: Done with parallel broadcast [foreground] [BroadcastRecord{e2b07b6 u-1 android.media.VOLUME_CHANGED_ACTION}]
05-22 17:51:45.088  1000   622  1240 D BroadcastQueue: Add broadcast <BroadcastRecord{16fecb7 u-1 android.media.VOLUME_CHANGED_ACTION}> into [parallel | foreground], pending size 0
05-22 17:51:45.089  1000   622   636 D BroadcastQueue: Done with parallel broadcast [foreground] [BroadcastRecord{16fecb7 u-1 android.media.VOLUME_CHANGED_ACTION}]
05-22 17:51:45.089  1041   327  2028 I APM_AudioPolicyManager: setStreamVolumeIndex() stream 3, device 00000002, index 0
05-22 17:51:45.096  1041   327  2028 I APM_AudioPolicyManager: setStreamVolumeIndex() stream 10, device 00000002, index 0
05-22 17:51:45.098  1000  1061  1061 I AudioProfileSettings: AudioProfileSettings save currentAudioProfileId = 1
05-22 17:51:45.098  1041   327  2028 I APM_AudioPolicyManager: setStreamVolumeIndex() stream 9, device 00000002, index 0
05-22 17:51:45.100  1000  1197  1197 D ApplicationLock: Service mForegroundPkgs.length = 1
05-22 17:51:45.102  1000  1197  1197 D ApplicationLock: Service getAppNameByPID, PID = 2766, processName = com.tencent.mm
05-22 17:51:45.102  1000  1197  1197 D ApplicationLock: Service ForegroundPackageName: com.tencent.mm
05-22 17:51:45.103  1000  1197  1197 D ApplicationLock: Utils isAppNeedLock context = com.sprd.applock.AppLockService@b51b522 --packageName: com.tencent.mm size = 2
05-22 17:51:45.103  1000  1197  1197 D ApplicationLock: Utils isAppNeedLock needLockedPackage = null
05-22 17:51:45.103  1000  1197  1197 E ApplicationLock: Utils isAppAlreadyUnlocked map not contains this pkgName: com.tencent.mm
05-22 17:51:45.103  1000  1197  1197 D ApplicationLock: Service isAppNeedLock pkg = com.tencent.mm needLock = false alreadyUnlock = false
05-22 17:51:45.139 u0_a9  1404  1871 D MediaProvider: MediaProvider query uri, uri = content://media/internal/audio/media/27
05-22 17:51:45.174  1000  1061  1061 D AudioProfileSettings: updateCurrentId profile.mMediaVolumeIndex==0-STREAM_MUSIC--0
05-22 17:51:45.184  1000  1061  1061 I AudioProfileSettings: AudioProfileSettings save currentAudioProfileId = 1
05-22 17:51:45.186  1000   622   917 D BroadcastQueue: Finished with ordered broadcast BroadcastRecord{56824bf u-1 android.media.INTERNAL_RINGER_MODE_CHANGED_ACTION} receivers:(1) take 203ms in [foreground], remains 1
05-22 17:51:45.199  1000   622  1240 D BroadcastQueue: Finished with ordered broadcast BroadcastRecord{8c0ed5 u-1 android.media.RINGER_MODE_CHANGED} receivers:(1) take 13ms in [foreground], remains 0
05-22 17:51:45.338 10022   925   925 D KeyguardUpdateMonitor: handleRingerModeChange(2)
05-22 17:51:45.453 10022   925  1007 I vol.Events: writeEvent level_changed STREAM_MUSIC 0
05-22 17:51:45.477  1058   361   361 I /system/bin/tombstoned: received crash request for pid 925
05-22 17:51:45.477  1058   361   361 I /system/bin/tombstoned: found intercept fd 512 for pid 925 and type kDebuggerdJavaBacktrace
05-22 17:51:45.477 10022   925   931 I zygote  : Wrote stack traces to '[tombstoned]'
05-22 17:51:45.478  root  2486  2486 I /system/bin/dumpstate: libdebuggerd_client: done dumping process 925
05-22 17:51:45.479  root  2486  2486 I /system/bin/dumpstate: libdebuggerd_client: started dumping process 1061
05-22 17:51:45.481  1058   361   361 I /system/bin/tombstoned: registered intercept for pid 1061 and type kDebuggerdJavaBacktrace
05-22 17:51:45.482  1000  1061  1067 I zygote  : Thread[3,tid=1067,WaitingInMainSignalCatcherLoop,Thread*=0xae3d0200,peer=0x12c00218,"Signal Catcher"]: reacting to signal 3
05-22 17:51:45.482  1000  1061  1067 I zygote  : 
05-22 17:51:45.509  1000   622   917 W ActivityManager: Unable to start service Intent { act=com.google.android.gms.ads.identifier.service.START pkg=com.google.android.gms } U=0: not found
05-22 17:51:45.522  1000   276   381 I chatty  : uid=1000(system) power_hint expire 33 lines
05-22 17:51:45.606 10022   925   937 I zygote  : Background concurrent copying GC freed 48379(2041KB) AllocSpace objects, 0(0B) LOS objects, 24% free, 4MB/5MB, paused 248us total 369.793ms
05-22 17:51:45.646  1000   622  1240 D VoldConnector: SND -> {36 volume mkdirs /storage/emulated/0/Android/data/com.tencent.mm/cache/}
05-22 17:51:45.648  1000   622   743 D VoldConnector: RCV <- {200 36 Command succeeded}
05-22 17:51:45.662  1000  1484  1545 I CPVoiceAgent: select: retrun 0
05-22 17:51:45.663  1046   354  1032 I chatty  : uid=1046(mediacodec) HwBinder:354_5 expire 249 lines
05-22 17:51:45.767  1058   361   361 I /system/bin/tombstoned: received crash request for pid 1061
05-22 17:51:45.767  1058   361   361 I /system/bin/tombstoned: found intercept fd 512 for pid 1061 and type kDebuggerdJavaBacktrace
05-22 17:51:45.769  root  2486  2486 I /system/bin/dumpstate: libdebuggerd_client: done dumping process 1061
05-22 17:51:45.769  root  2486  2486 I /system/bin/dumpstate: libdebuggerd_client: started dumping process 1197
05-22 17:51:45.770  1058   361   361 I /system/bin/tombstoned: registered intercept for pid 1197 and type kDebuggerdJavaBacktrace
05-22 17:51:45.770  1000  1061  1067 I zygote  : Wrote stack traces to '[tombstoned]'
05-22 17:51:45.771  1000  1197  1203 I zygote  : Thread[3,tid=1203,WaitingInMainSignalCatcherLoop,Thread*=0xae3d0200,peer=0x12d00218,"Signal Catcher"]: reacting to signal 3
05-22 17:51:45.771  1000  1197  1203 I zygote  : 
05-22 17:51:45.790 10080  2766  2766 I MMKV    : <native-bridge.cpp:108::JNI_OnLoad> current API level = 27
05-22 17:51:45.844 10080  2766  2766 I MMKV    : <MMKV.cpp:144::initialize> version v1.2.1 page size:4096
05-22 17:51:45.844 10080  2766  2766 I MMKV    : <MMKV.cpp:161::initializeMMKV> root dir: /data/user/0/com.tencent.mm/files/mmkv
05-22 17:51:45.911  1058   361   361 I /system/bin/tombstoned: received crash request for pid 1197
05-22 17:51:45.911  1058   361   361 I /system/bin/tombstoned: found intercept fd 512 for pid 1197 and type kDebuggerdJavaBacktrace
05-22 17:51:45.912  root  2486  2486 I /system/bin/dumpstate: libdebuggerd_client: done dumping process 1197
05-22 17:51:45.912  root  2486  2486 I /system/bin/dumpstate: libdebuggerd_client: started dumping process 1210
05-22 17:51:45.912  1058   361   361 I /system/bin/tombstoned: registered intercept for pid 1210 and type kDebuggerdJavaBacktrace
05-22 17:51:45.913  1000  1210  1216 I zygote  : Thread[3,tid=1216,WaitingInMainSignalCatcherLoop,Thread*=0xae3d0200,peer=0x135c0218,"Signal Catcher"]: reacting to signal 3
05-22 17:51:45.913  1000  1210  1216 I zygote  : 
05-22 17:51:45.914  1000  1197  1203 I zygote  : Wrote stack traces to '[tombstoned]'
05-22 17:51:46.060  1058   361   361 I /system/bin/tombstoned: received crash request for pid 1210
05-22 17:51:46.060  1058   361   361 I /system/bin/tombstoned: found intercept fd 512 for pid 1210 and type kDebuggerdJavaBacktrace
05-22 17:51:46.061  root  2486  2486 I /system/bin/dumpstate: libdebuggerd_client: done dumping process 1210
05-22 17:51:46.062  root  2486  2486 I /system/bin/dumpstate: libdebuggerd_client: started dumping process 1221
05-22 17:51:46.062  1000  1210  1216 I zygote  : Wrote stack traces to '[tombstoned]'
05-22 17:51:46.062  1058   361   361 I /system/bin/tombstoned: registered intercept for pid 1221 and type kDebuggerdJavaBacktrace
05-22 17:51:46.063 10066  1221  1231 I zygote  : Thread[3,tid=1231,WaitingInMainSignalCatcherLoop,Thread*=0xae3d0200,peer=0x136c0218,"Signal Catcher"]: reacting to signal 3
05-22 17:51:46.063 10066  1221  1231 I zygote  : 
05-22 17:51:46.201  1058   361   361 I /system/bin/tombstoned: received crash request for pid 1221
05-22 17:51:46.202  1058   361   361 I /system/bin/tombstoned: found intercept fd 512 for pid 1221 and type kDebuggerdJavaBacktrace
05-22 17:51:46.202 10066  1221  1231 I zygote  : Wrote stack traces to '[tombstoned]'
05-22 17:51:46.202  root  2486  2486 I /system/bin/dumpstate: libdebuggerd_client: done dumping process 1221
05-22 17:51:46.203  root  2486  2486 I /system/bin/dumpstate: libdebuggerd_client: started dumping process 1264
05-22 17:51:46.203  1058   361   361 I /system/bin/tombstoned: registered intercept for pid 1264 and type kDebuggerdJavaBacktrace
05-22 17:51:46.204  1000  1264  1280 I zygote  : Thread[3,tid=1280,WaitingInMainSignalCatcherLoop,Thread*=0xae3d0200,peer=0x12d80278,"Signal Catcher"]: reacting to signal 3
05-22 17:51:46.204  1000  1264  1280 I zygote  : 
05-22 17:51:46.357 10080  2766  2801 I zygote  : Deoptimizing void com.tencent.matrix.trace.core.AppMethodBeat.i(int) due to JIT inline cache
05-22 17:51:46.358 10080  2766  2801 I zygote  : Deoptimizing void com.tencent.matrix.trace.core.AppMethodBeat.o(int) due to JIT inline cache
05-22 17:51:46.363  1058   361   361 I /system/bin/tombstoned: received crash request for pid 1264
05-22 17:51:46.363  1058   361   361 I /system/bin/tombstoned: found intercept fd 512 for pid 1264 and type kDebuggerdJavaBacktrace
05-22 17:51:46.363  1000  1264  1280 I zygote  : Wrote stack traces to '[tombstoned]'
05-22 17:51:46.364  root  2486  2486 I /system/bin/dumpstate: libdebuggerd_client: done dumping process 1264
05-22 17:51:46.364  root  2486  2486 I /system/bin/dumpstate: libdebuggerd_client: started dumping process 1310
05-22 17:51:46.365  1058   361   361 I /system/bin/tombstoned: registered intercept for pid 1310 and type kDebuggerdJavaBacktrace
05-22 17:51:46.365  1000  1310  1321 I chatty  : uid=1000(system) Signal Catcher expire 3 lines
05-22 17:51:46.529 10080  2766  2766 W CheckTime: App running slow: Executing handleBindApplication : makeApplication took 1474ms
05-22 17:51:46.596  1058   361   361 I /system/bin/tombstoned: received crash request for pid 1310
05-22 17:51:46.597  1058   361   361 I /system/bin/tombstoned: found intercept fd 512 for pid 1310 and type kDebuggerdJavaBacktrace
05-22 17:51:46.597  root  2486  2486 I /system/bin/dumpstate: libdebuggerd_client: done dumping process 1310
05-22 17:51:46.598  root  2486  2486 I /system/bin/dumpstate: libdebuggerd_client: started dumping process 1383
05-22 17:51:46.599  1058   361   361 I /system/bin/tombstoned: registered intercept for pid 1383 and type kDebuggerdJavaBacktrace
05-22 17:51:46.600 u0_a2  1383  1389 I zygote  : Thread[3,tid=1389,WaitingInMainSignalCatcherLoop,Thread*=0xae3d0200,peer=0x12d40218,"Signal Catcher"]: reacting to signal 3
05-22 17:51:46.601 u0_a2  1383  1389 I zygote  : 
05-22 17:51:46.621 10080  2766  2766 E FirebaseApp: Firebase API initialization failure.
05-22 17:51:46.621 10080  2766  2766 E FirebaseApp: java.lang.reflect.InvocationTargetException
05-22 17:51:46.621 10080  2766  2766 E FirebaseApp: 	at java.lang.reflect.Method.invoke(Native Method)
05-22 17:51:46.621 10080  2766  2766 E FirebaseApp: 	at com.google.firebase.a.a(Unknown Source:71)
05-22 17:51:46.621 10080  2766  2766 E FirebaseApp: 	at com.google.firebase.a.zzc(Unknown Source:44)
05-22 17:51:46.621 10080  2766  2766 E FirebaseApp: 	at com.google.firebase.a.a(Unknown Source:129)
05-22 17:51:46.621 10080  2766  2766 E FirebaseApp: 	at com.google.firebase.a.ax(Unknown Source:1000)
05-22 17:51:46.621 10080  2766  2766 E FirebaseApp: 	at com.google.firebase.provider.FirebaseInitProvider.onCreate(Unknown Source:9)
05-22 17:51:46.621 10080  2766  2766 E FirebaseApp: 	at android.content.ContentProvider.attachInfo(ContentProvider.java:1921)
05-22 17:51:46.621 10080  2766  2766 E FirebaseApp: 	at android.content.ContentProvider.attachInfo(ContentProvider.java:1896)
05-22 17:51:46.621 10080  2766  2766 E FirebaseApp: 	at com.google.firebase.provider.FirebaseInitProvider.attachInfo(Unknown Source:34)
05-22 17:51:46.621 10080  2766  2766 E FirebaseApp: 	at android.app.ActivityThread.installProvider(ActivityThread.java:6479)
05-22 17:51:46.621 10080  2766  2766 E FirebaseApp: 	at android.app.ActivityThread.installContentProviders(ActivityThread.java:5992)
05-22 17:51:46.621 10080  2766  2766 E FirebaseApp: 	at android.app.ActivityThread.handleBindApplication(ActivityThread.java:5906)
05-22 17:51:46.621 10080  2766  2766 E FirebaseApp: 	at android.app.ActivityThread.-wrap2(Unknown Source:0)
05-22 17:51:46.621 10080  2766  2766 E FirebaseApp: 	at android.app.ActivityThread$H.handleMessage(ActivityThread.java:1717)
05-22 17:51:46.621 10080  2766  2766 E FirebaseApp: 	at android.os.Handler.dispatchMessage(Handler.java:106)
05-22 17:51:46.621 10080  2766  2766 E FirebaseApp: 	at android.os.Looper.loop(Looper.java:164)
05-22 17:51:46.621 10080  2766  2766 E FirebaseApp: 	at android.app.ActivityThread.main(ActivityThread.java:6747)
05-22 17:51:46.621 10080  2766  2766 E FirebaseApp: 	at java.lang.reflect.Method.invoke(Native Method)
05-22 17:51:46.621 10080  2766  2766 E FirebaseApp: 	at com.android.internal.os.RuntimeInit$MethodAndArgsCaller.run(RuntimeInit.java:449)
05-22 17:51:46.621 10080  2766  2766 E FirebaseApp: 	at com.android.internal.os.ZygoteInit.main(ZygoteInit.java:807)
05-22 17:51:46.621 10080  2766  2766 E FirebaseApp: Caused by: java.lang.SecurityException: Failed to find provider com.google.android.gms.phenotype for user 0; expected to find a valid ContentProvider for this authority
05-22 17:51:46.621 10080  2766  2766 E FirebaseApp: 	at android.os.Parcel.readException(Parcel.java:2013)
05-22 17:51:46.621 10080  2766  2766 E FirebaseApp: 	at android.os.Parcel.readException(Parcel.java:1959)
05-22 17:51:46.621 10080  2766  2766 E FirebaseApp: 	at android.content.IContentService$Stub$Proxy.registerContentObserver(IContentService.java:768)
05-22 17:51:46.621 10080  2766  2766 E FirebaseApp: 	at android.content.ContentResolver.registerContentObserver(ContentResolver.java:1924)
05-22 17:51:46.621 10080  2766  2766 E FirebaseApp: 	at android.content.ContentResolver.registerContentObserver(ContentResolver.java:1913)
05-22 17:51:46.621 10080  2766  2766 E FirebaseApp: 	at com.google.android.gms.internal.measurement.zzwp.zza(Unknown Source:37)
05-22 17:51:46.621 10080  2766  2766 E FirebaseApp: 	at com.google.android.gms.internal.measurement.zzws.zzry(Unknown Source:34)
05-22 17:51:46.621 10080  2766  2766 E FirebaseApp: 	at com.google.android.gms.internal.measurement.zzws.get(Unknown Source:13)
05-22 17:51:46.621 10080  2766  2766 E FirebaseApp: 	at com.google.android.gms.internal.measurement.zzex.get(Unknown Source:7)
05-22 17:51:46.621 10080  2766  2766 E FirebaseApp: 	at com.google.android.gms.internal.measurement.zzfg.zziu(Unknown Source:12)
05-22 17:51:46.621 10080  2766  2766 E FirebaseApp: 	at com.google.android.gms.internal.measurement.zzfg.isLoggable(Unknown Source:5)
05-22 17:51:46.621 10080  2766  2766 E FirebaseApp: 	at com.google.android.gms.internal.measurement.zzfg.zza(Unknown Source:7)
05-22 17:51:46.621 10080  2766  2766 E FirebaseApp: 	at com.google.android.gms.internal.measurement.zzfi.log(Unknown Source:17)
05-22 17:51:46.621 10080  2766  2766 E FirebaseApp: 	at com.google.android.gms.internal.measurement.zzgl.<init>(Unknown Source:221)
05-22 17:51:46.621 10080  2766  2766 E FirebaseApp: 	at com.google.android.gms.internal.measurement.zzgl.zzg(Unknown Source:33)
05-22 17:51:46.621 10080  2766  2766 E FirebaseApp: 	at com.google.android.gms.measurement.AppMeasurement.getInstance(Unknown Source:5)
05-22 17:51:46.621 10080  2766  2766 E FirebaseApp: 	... 20 more
05-22 17:51:46.665  root   281   297 D lowmemorykiller: received lmk:10014,1755,906
05-22 17:51:46.666  root   281   297 D lowmemorykiller: handle killing  1755 done
05-22 17:51:46.666  1000   622   889 D LmKillerTracker: doLmkForceStop pid=1755
05-22 17:51:46.666  1000   622   889 I LmKillerTracker: Skipped process pkgName:com.android.onetimeinitializer, pid:1755, is system app !
05-22 17:51:46.695 10080  2766  2812 I zygote  : Deoptimizing void com.tencent.mm.sdk.platformtools.Log.i(java.lang.String, java.lang.String, java.lang.Object[]) due to JIT inline cache
05-22 17:51:46.742  1000   622  2490 I ActivityManager: Process com.android.onetimeinitializer (pid 1755) has died: cch+6CEM 
05-22 17:51:46.743  1000   622   638 I chatty  : uid=1000(system) ActivityManager expire 21 lines
05-22 17:51:46.760  1000   622  1038 D PowerController.AppState: - reportAppProcStateInfo() E -
05-22 17:51:46.760  1000   266   266 D memtrack_sprd: sprd_get_memory, pid:1404, type:1, allocated_records:0, num records:2
05-22 17:51:46.760  1000   266   266 D memtrack_sprd: sprd_get_memory, pid:1404, type:1, allocated_records:2, num records:2
05-22 17:51:46.760  1000   622  1040 D PowerController.RecogA: handleMessage(MSG_REPORT_EVENT)
05-22 17:51:46.768  1000   266   266 D memtrack_sprd: sprd_get_memory, pid:1404, type:2, allocated_records:0, num records:2
05-22 17:51:46.768  1000   266   266 D memtrack_sprd: sprd_get_memory, pid:1404, type:2, allocated_records:2, num records:2
05-22 17:51:46.807  1058   361   361 I /system/bin/tombstoned: received crash request for pid 1383
05-22 17:51:46.807  1058   361   361 I /system/bin/tombstoned: found intercept fd 512 for pid 1383 and type kDebuggerdJavaBacktrace
05-22 17:51:46.808  root  2486  2486 I /system/bin/dumpstate: libdebuggerd_client: done dumping process 1383
05-22 17:51:46.808  root  2486  2486 I /system/bin/dumpstate: libdebuggerd_client: started dumping process 1404
05-22 17:51:46.809  1058   361   361 I /system/bin/tombstoned: registered intercept for pid 1404 and type kDebuggerdJavaBacktrace
05-22 17:51:46.809 u0_a2  1383  1389 I zygote  : Wrote stack traces to '[tombstoned]'
05-22 17:51:46.810 u0_a9  1404  1410 I zygote  : Thread[3,tid=1410,WaitingInMainSignalCatcherLoop,Thread*=0xae3d0200,peer=0x12c80218,"Signal Catcher"]: reacting to signal 3
05-22 17:51:46.810 u0_a9  1404  1410 I zygote  : 
05-22 17:51:46.822  root   281   297 D lowmemorykiller: received lmk:1000,1061,905
05-22 17:51:46.822  root   281   297 D lowmemorykiller: handle killing  1061 done
05-22 17:51:46.822  1000   622   889 D LmKillerTracker: doLmkForceStop pid=1061
05-22 17:51:46.822  1000   622   889 I LmKillerTracker: Skipped process pkgName:com.android.settings, pid:1061, is system app !
05-22 17:51:46.825 10080  2766  2766 W CheckTime: App running slow: Executing handleBindApplication : installContentProviders took 296ms
05-22 17:51:46.851 10080  2766  2766 E ActivityThread: Failed to find provider info for com.google.android.gms.phenotype
05-22 17:51:46.860  1000   622  1240 I ActivityManager: START u0 {cmp=com.tencent.mm/.app.WeChatSplashActivity (has extras)} from uid 10080, pid 2766
05-22 17:51:46.880  1000   622  1240 I ActivityManager: ->startActivity for ActivityRecord{aae7654 u0 com.tencent.mm/.app.WeChatSplashActivity t21} result:0
05-22 17:51:46.896  1000   622  2490 D BroadcastQueue: Add broadcast <BroadcastRecord{a478143 u0 com.tencent.mm.AppForegroundDelegate.ACTION_ACTIVE}> into [parallel | background], pending size 0
05-22 17:51:46.897  1000   622   636 D BroadcastQueue: Done with parallel broadcast [background] [BroadcastRecord{a478143 u0 com.tencent.mm.AppForegroundDelegate.ACTION_ACTIVE}]
05-22 17:51:46.913 10080  2766  2818 E FA      : Task exception on worker thread: java.lang.IllegalStateException: AppMeasurement is not initialized: com.google.android.gms.internal.measurement.zzgl.zzch(Unknown Source:14)
05-22 17:51:46.915 10080  2766  2766 E SchedPolicy: set_timerslack_ns write failed: Operation not permitted
05-22 17:51:46.917 10080  2766  2818 E FA      : Task exception on worker thread: java.lang.IllegalStateException: Not initialized: com.google.android.gms.internal.measurement.zzhh.zzch(Unknown Source:11)
05-22 17:51:46.917 10080  2766  2818 E FA      : Persisted config not initialized. Not logging error/warn
05-22 17:51:46.917 10080  2766  2818 E FA      : Persisted config not initialized. Not logging error/warn
05-22 17:51:46.939 10080  2766  2766 E AudioManagerEx: new AudioManagerEx
05-22 17:51:46.952  1000   622  2490 D BroadcastQueue: Add broadcast <BroadcastRecord{6a6a3c0 u0 null}> into [ordered | background], pending size 0
05-22 17:51:46.952  1000   622  2490 D BroadcastQueue: Header is BroadcastRecord{6a6a3c0 u0 null} now
05-22 17:51:46.968 10080  2766  2766 V NativeCrash: Alternative stack installed.
05-22 17:51:46.968 10080  2766  2766 V NativeCrash: Signal handler installed.
05-22 17:51:46.976  1000   622  1240 I WindowManager: WIN DEATH: Window{790d348 u0 com.android.settings/com.android.settings.Settings2}
05-22 17:51:46.982  1000   622   992 I ActivityManager: Process com.android.settings (pid 1061) has died: cch+5CAC 
05-22 17:51:46.983 10080  2766  2766 I zygote  : Thread[1,tid=2766,Native,Thread*=0xae3cf000,peer=0x722613a0,"main"] recursive attempt to load library "/data/app-lib/WeChat/libtrace-canary.so"
05-22 17:51:46.984 10080  2766  2766 V MatrixTracer: Alternative stack installed.
05-22 17:51:46.985 10080  2766  2766 V MatrixTracer: Signal handler installed.
05-22 17:51:46.988  1000   622   859 D WifiService: Client connection lost with reason: 4
05-22 17:51:47.032 10080  2766  2771 I zygote  : Do partial code cache collection, code=29KB, data=27KB
05-22 17:51:47.034 10080  2766  2771 I zygote  : After code cache collection, code=27KB, data=25KB
05-22 17:51:47.034 10080  2766  2771 I zygote  : Increasing code cache capacity to 128KB
05-22 17:51:47.051  1000   622   644 W ActivityManager: setHasOverlayUi called on unknown pid: 1061
05-22 17:51:47.062  1058   361   361 I /system/bin/tombstoned: received crash request for pid 1404
05-22 17:51:47.062  1058   361   361 I /system/bin/tombstoned: found intercept fd 512 for pid 1404 and type kDebuggerdJavaBacktrace
05-22 17:51:47.062 u0_a9  1404  1410 I zygote  : Wrote stack traces to '[tombstoned]'
05-22 17:51:47.063  root  2486  2486 I /system/bin/dumpstate: libdebuggerd_client: done dumping process 1404
05-22 17:51:47.063  root  2486  2486 I /system/bin/dumpstate: libdebuggerd_client: started dumping process 1449
05-22 17:51:47.064  1058   361   361 I /system/bin/tombstoned: registered intercept for pid 1449 and type kDebuggerdJavaBacktrace
05-22 17:51:47.064 10072  1449  1455 I zygote  : Thread[3,tid=1455,WaitingInMainSignalCatcherLoop,Thread*=0xae3d0200,peer=0x12d40218,"Signal Catcher"]: reacting to signal 3
05-22 17:51:47.064 10072  1449  1455 I zygote  : 
05-22 17:51:47.142  root   281   297 D lowmemorykiller: received lmk:10002,1383,906
05-22 17:51:47.143  root   281   297 D lowmemorykiller: handle killing  1383 done
05-22 17:51:47.143  1000   622   889 D LmKillerTracker: doLmkForceStop pid=1383
05-22 17:51:47.143  1000   622   889 I LmKillerTracker: Skipped process pkgName:com.android.providers.contacts, pid:1383, is system app !
05-22 17:51:47.164  1000  1484  1545 I CPVoiceAgent: select: retrun 0
05-22 17:51:47.173  1000   622   992 I ActivityManager: Process android.process.acore (pid 1383) has died: cch+6CEM 
05-22 17:51:47.280  1058   361   361 I /system/bin/tombstoned: received crash request for pid 1449
05-22 17:51:47.280  1058   361   361 I /system/bin/tombstoned: found intercept fd 512 for pid 1449 and type kDebuggerdJavaBacktrace
05-22 17:51:47.280 10072  1449  1455 I zygote  : Wrote stack traces to '[tombstoned]'
05-22 17:51:47.281  root  2486  2486 I /system/bin/dumpstate: libdebuggerd_client: done dumping process 1449
05-22 17:51:47.281  root  2486  2486 I /system/bin/dumpstate: libdebuggerd_client: started dumping process 1465
05-22 17:51:47.282  1058   361   361 I /system/bin/tombstoned: registered intercept for pid 1465 and type kDebuggerdJavaBacktrace
05-22 17:51:47.283 u0_a4  1465  1471 I zygote  : Thread[3,tid=1471,WaitingInMainSignalCatcherLoop,Thread*=0xae3d0200,peer=0x12c80218,"Signal Catcher"]: reacting to signal 3
05-22 17:51:47.283 u0_a4  1465  1471 I zygote  : 
05-22 17:51:47.367  1000   622   636 W ActivityManager: Activity pause timeout for ActivityRecord{18329cf u0 com.tencent.mm/.ui.LauncherUI t21}
05-22 17:51:47.392 10080  2766  2771 I zygote  : Do partial code cache collection, code=56KB, data=62KB
05-22 17:51:47.394 10080  2766  2771 I zygote  : After code cache collection, code=56KB, data=62KB
05-22 17:51:47.394 10080  2766  2771 I zygote  : Increasing code cache capacity to 256KB
05-22 17:51:47.410  1058   361   361 I /system/bin/tombstoned: received crash request for pid 1465
05-22 17:51:47.410  1058   361   361 I /system/bin/tombstoned: found intercept fd 512 for pid 1465 and type kDebuggerdJavaBacktrace
05-22 17:51:47.411 u0_a4  1465  1471 I zygote  : Wrote stack traces to '[tombstoned]'
05-22 17:51:47.411  root  2486  2486 I /system/bin/dumpstate: libdebuggerd_client: done dumping process 1465
05-22 17:51:47.411  root  2486  2486 I /system/bin/dumpstate: libdebuggerd_client: started dumping process 1484
05-22 17:51:47.412  1000  1484  1491 I zygote  : Thread[3,tid=1491,WaitingInMainSignalCatcherLoop,Thread*=0xae3d0200,peer=0x12c80218,"Signal Catcher"]: reacting to signal 3
05-22 17:51:47.412  1000  1484  1491 I zygote  : 
05-22 17:51:47.412  1058   361   361 I /system/bin/tombstoned: registered intercept for pid 1484 and type kDebuggerdJavaBacktrace
05-22 17:51:47.521  1058   361   361 I /system/bin/tombstoned: received crash request for pid 1484
05-22 17:51:47.521  1058   361   361 I /system/bin/tombstoned: found intercept fd 512 for pid 1484 and type kDebuggerdJavaBacktrace
05-22 17:51:47.521  1000  1484  1491 I zygote  : Wrote stack traces to '[tombstoned]'
05-22 17:51:47.521  root  2486  2486 I /system/bin/dumpstate: libdebuggerd_client: done dumping process 1484
05-22 17:51:47.522  root  2486  2486 I /system/bin/dumpstate: libdebuggerd_client: started dumping process 1580
05-22 17:51:47.523  1058   361   361 I /system/bin/tombstoned: registered intercept for pid 1580 and type kDebuggerdJavaBacktrace
05-22 17:51:47.523 u0_a2  1580  1587 I zygote  : Thread[3,tid=1587,WaitingInMainSignalCatcherLoop,Thread*=0xae3d0200,peer=0x12cc0218,"Signal Catcher"]: reacting to signal 3
05-22 17:51:47.524 u0_a2  1580  1587 I zygote  : 
05-22 17:51:47.602  1000   359  1028 E LIBGPS  : read socet_client error: Try again
05-22 17:51:47.746  1058   361   361 I /system/bin/tombstoned: received crash request for pid 1580
05-22 17:51:47.746  1058   361   361 I /system/bin/tombstoned: found intercept fd 512 for pid 1580 and type kDebuggerdJavaBacktrace
05-22 17:51:47.747 u0_a2  1580  1587 I zygote  : Wrote stack traces to '[tombstoned]'
05-22 17:51:47.747  root  2486  2486 I /system/bin/dumpstate: libdebuggerd_client: done dumping process 1580
05-22 17:51:47.747  root  2486  2486 I /system/bin/dumpstate: libdebuggerd_client: started dumping process 1606
05-22 17:51:47.748  1058   361   361 I /system/bin/tombstoned: registered intercept for pid 1606 and type kDebuggerdJavaBacktrace
05-22 17:51:47.749 10019  1606  1612 I zygote  : Thread[3,tid=1612,WaitingInMainSignalCatcherLoop,Thread*=0xae3d0200,peer=0x12c80218,"Signal Catcher"]: reacting to signal 3
05-22 17:51:47.752 10019  1606  1612 I zygote  : 
05-22 17:51:47.776 10080  2766  2824 I WCDB    : Initialize JNI module (1/12) CursorWindow...
05-22 17:51:47.776 10080  2766  2824 V WCDB.JNIHelp: Registering com/tencent/wcdb/CursorWindow natives
05-22 17:51:47.777 10080  2766  2824 I WCDB    : Initialize JNI module (2/12) ChunkedCursorWindow...
05-22 17:51:47.777 10080  2766  2824 V WCDB.JNIHelp: Registering com/tencent/wcdb/database/ChunkedCursorWindow natives
05-22 17:51:47.777 10080  2766  2824 V WCDB.JNIHelp: Registering com/tencent/wcdb/database/SQLiteAsyncQuery natives
05-22 17:51:47.777 10080  2766  2824 I WCDB    : Initialize JNI module (3/12) SQLiteConnection...
05-22 17:51:47.779 10080  2766  2824 I WCDB    : Initialize JNI module (4/12) SQLiteDebug...
05-22 17:51:47.779 10080  2766  2824 V WCDB.JNIHelp: Registering com/tencent/wcdb/database/SQLiteDebug natives
05-22 17:51:47.779 10080  2766  2824 I WCDB    : Initialize JNI module (5/12) SQLiteDirectCursor...
05-22 17:51:47.779 10080  2766  2824 V WCDB.JNIHelp: Registering com/tencent/wcdb/database/SQLiteDirectQuery natives
05-22 17:51:47.779 10080  2766  2824 I WCDB    : Initialize JNI module (6/12) SQLiteGlobal...
05-22 17:51:47.779 10080  2766  2824 V WCDB.JNIHelp: Registering com/tencent/wcdb/database/SQLiteGlobal natives
05-22 17:51:47.779 10080  2766  2824 I WCDB    : Initialize JNI module (7/12) MMFtsTokenizer...
05-22 17:51:47.780 10080  2766  2824 V WCDB.JNIHelp: Registering com/tencent/wcdb/extension/fts/MMFtsTokenizer natives
05-22 17:51:47.780 10080  2766  2824 I WCDB    : Initialize JNI module (8/12) FileUtils...
05-22 17:51:47.780 10080  2766  2824 V WCDB.JNIHelp: Registering com/tencent/wcdb/FileUtils natives
05-22 17:51:47.780 10080  2766  2824 I WCDB    : Initialize JNI module (9/12) DBBackup...
05-22 17:51:47.780 10080  2766  2824 V WCDB.JNIHelp: Registering com/tencent/wcdb/repair/BackupKit natives
05-22 17:51:47.781 10080  2766  2824 V WCDB.JNIHelp: Registering com/tencent/wcdb/repair/RecoverKit natives
05-22 17:51:47.781 10080  2766  2824 I WCDB    : Initialize JNI module (10/12) DBDumpUtil...
05-22 17:51:47.781 10080  2766  2824 V WCDB.JNIHelp: Registering com/tencent/wcdb/repair/DBDumpUtil natives
05-22 17:51:47.781 10080  2766  2824 I WCDB    : Initialize JNI module (11/12) DBRepair...
05-22 17:51:47.782 10080  2766  2824 V WCDB.JNIHelp: Registering com/tencent/wcdb/repair/RepairKit$RepairCursor natives
05-22 17:51:47.784 10080  2766  2824 I WCDB    : Initialize JNI module (12/12) Log...
05-22 17:51:47.784 10080  2766  2824 V WCDB.JNIHelp: Registering com/tencent/wcdb/support/Log natives
05-22 17:51:48.048  1000   622  2826 V AlarmManager: set(PendingIntent{d861c84: PendingIntentRecord{e28c6d com.tencent.mm broadcastIntent}}) : type=2 triggerAtTime=1516609 win=0 tElapsed=1516609 maxElapsed=1516609 interval=0 flags=0x1
05-22 17:51:48.698  1000   622  2826 D BroadcastQueue: Add broadcast <BroadcastRecord{3fcfa08 u-1 android.net.conn.CONNECTIVITY_CHANGE}> into [parallel | background], pending size 0
05-22 17:51:48.698  1000   622   636 D BroadcastQueue: Done with parallel broadcast [background] [BroadcastRecord{3fcfa08 u-1 android.net.conn.CONNECTIVITY_CHANGE}]
05-22 17:51:48.798 10080  2766  2766 D OpenGLRenderer: textureCacheSize 37748736
05-22 17:51:48.805 10080  2766  2818 E FA      : Task exception on worker thread: java.lang.IllegalStateException: Not initialized: com.google.android.gms.internal.measurement.zzhh.zzch(Unknown Source:11)
05-22 17:51:48.806 10080  2766  2818 E FA      : Persisted config not initialized. Not logging error/warn
05-22 17:51:48.806 10080  2766  2818 E FA      : Persisted config not initialized. Not logging error/warn
05-22 17:51:48.814 10080  2766  2873 D OpenGLRenderer: HWUI GL Pipeline
05-22 17:51:48.852  1000   364   542 D WCND    : is_cp2_alive_ok: open polling interface: /proc/mdbg/loopcheck, fd = 12
05-22 17:51:48.881  1000   622   992 D WindowManager: Input focus has changed to Window{66baeb4 u0 com.tencent.mm/com.tencent.mm.app.WeChatSplashActivity}
05-22 17:51:48.915  1000   276  2439 I chatty  : uid=1000(system) HwBinder:276_4 expire 120 lines
05-22 17:51:48.917  1000   262   424 I chatty  : uid=1000(system) HwBinder:262_2 expire 179 lines
05-22 17:51:48.940  1000   283   400 I chatty  : uid=1000(system) Binder:283_2 expire 33 lines
05-22 17:51:48.943  1058   361   361 I /system/bin/tombstoned: received crash request for pid 1796
05-22 17:51:48.943  1058   361   361 I /system/bin/tombstoned: found intercept fd 512 for pid 1796 and type kDebuggerdJavaBacktrace
05-22 17:51:48.944 10043  1796  1803 I zygote  : Wrote stack traces to '[tombstoned]'
05-22 17:51:48.945  root  2486  2486 I /system/bin/dumpstate: libdebuggerd_client: done dumping process 1796
05-22 17:51:48.946  root  2486  2486 I /system/bin/dumpstate: libdebuggerd_client: started dumping process 1813
05-22 17:51:48.946  1058   361   361 I /system/bin/tombstoned: registered intercept for pid 1813 and type kDebuggerdJavaBacktrace
05-22 17:51:48.947  1000  1813  1819 I zygote  : Thread[3,tid=1819,WaitingInMainSignalCatcherLoop,Thread*=0xae3d0200,peer=0x12cc0218,"Signal Catcher"]: reacting to signal 3
05-22 17:51:48.948  1000  1813  1819 I zygote  : 
05-22 17:51:48.950 10080  2766  2766 W ViewRootImpl[WeChatSplashActivity]: Dropping event due to no window focus: KeyEvent { action=ACTION_DOWN, keyCode=KEYCODE_DPAD_CENTER, scanCode=0, metaState=0, flags=0x8, repeatCount=0, eventTime=913223, downTime=913223, deviceId=-1, source=0x101 }
05-22 17:51:48.953  1000   364   542 D WCND    : is_cp2_alive_ok: loop: /proc/mdbg/loopcheck is OK
05-22 17:51:48.955 10080  2766  2873 I zygote  : android::hardware::configstore::V1_0::ISurfaceFlingerConfigs::hasWideColorDisplay retrieved: 0
05-22 17:51:48.955 10080  2766  2873 I OpenGLRenderer: Initialized EGL, version 1.4
05-22 17:51:48.955 10080  2766  2873 D OpenGLRenderer: Swap behavior 2
05-22 17:51:48.981 10072  1449  1449 D PinyinIME: onFinishInput.
05-22 17:51:48.982 10072  1449  1449 D PinyinIME: onStartInput  ccontentType: 0 Restarting:false
05-22 17:51:48.988 10072  1449  1449 I jcyy    : inputType = 0 inputType2 = 0
05-22 17:51:48.990 10080  2766  2873 D mali_winsys: EGLint new_window_surface(egl_winsys_display *, void *, EGLSurface, EGLConfig, egl_winsys_surface **, egl_color_buffer_format *, EGLBoolean) returns 0x3000, win:0x88bec808
05-22 17:51:48.991 10080  2766  2873 I OpenGLRenderer: queryNativeWindowStatus 0x88bec808 query=0 dataspace=0
05-22 17:51:49.004  1000   283   397 I chatty  : uid=1000(system) Binder:283_1 expire 27 lines
05-22 17:51:49.021 10022   925   925 I vol.Events: writeEvent touch_level_changed STREAM_MUSIC 3
05-22 17:51:49.021 10022   925  1007 I vol.Events: writeEvent active_stream_changed STREAM_MUSIC
05-22 17:51:49.021 10022   925  1007 D vol.VolumeDialogControl: sendActiveStreamEvent stream=3
05-22 17:51:49.022 10022   925   925 I vol.Events: writeEvent touch_level_changed STREAM_MUSIC 5
05-22 17:51:49.022 10022   925   925 I vol.Events: writeEvent touch_level_done STREAM_MUSIC 5
05-22 17:51:49.028  1000   622  1141 D BroadcastQueue: Add broadcast <BroadcastRecord{7eb359e u-1 android.media.VOLUME_CHANGED_ACTION}> into [parallel | foreground], pending size 0
05-22 17:51:49.028  1000   622   636 D BroadcastQueue: Done with parallel broadcast [foreground] [BroadcastRecord{7eb359e u-1 android.media.VOLUME_CHANGED_ACTION}]
05-22 17:51:49.029  1000   622  1141 D BroadcastQueue: Add broadcast <BroadcastRecord{fb0287f u-1 android.media.VOLUME_CHANGED_ACTION}> into [parallel | foreground], pending size 0
05-22 17:51:49.029  1000   622   636 D BroadcastQueue: Done with parallel broadcast [foreground] [BroadcastRecord{fb0287f u-1 android.media.VOLUME_CHANGED_ACTION}]
05-22 17:51:49.030  1000   622  1141 D BroadcastQueue: Add broadcast <BroadcastRecord{b92204c u-1 android.media.VOLUME_CHANGED_ACTION}> into [parallel | foreground], pending size 0
05-22 17:51:49.030  1041   327  2028 I APM_AudioPolicyManager: setStreamVolumeIndex() stream 3, device 00000002, index 3
05-22 17:51:49.030  1000   622   636 D BroadcastQueue: Done with parallel broadcast [foreground] [BroadcastRecord{b92204c u-1 android.media.VOLUME_CHANGED_ACTION}]
05-22 17:51:49.031  1000   622  2826 I chatty  : uid=1000(system) Binder:622_D expire 8 lines
05-22 17:51:49.032  1041   327  2028 I APM_AudioPolicyManager: setStreamVolumeIndex() stream 10, device 00000002, index 3
05-22 17:51:49.032  1041   327  2028 I APM_AudioPolicyManager: setStreamVolumeIndex() stream 9, device 00000002, index 3
05-22 17:51:49.034  1000   622  2826 D BroadcastQueue: Add broadcast <BroadcastRecord{9d71895 u-1 android.media.VOLUME_CHANGED_ACTION}> into [parallel | foreground], pending size 0
05-22 17:51:49.035  1000   622   636 D BroadcastQueue: Done with parallel broadcast [foreground] [BroadcastRecord{9d71895 u-1 android.media.VOLUME_CHANGED_ACTION}]
05-22 17:51:49.040  1000   622  2826 D BroadcastQueue: Add broadcast <BroadcastRecord{2510daa u-1 android.media.VOLUME_CHANGED_ACTION}> into [parallel | foreground], pending size 0
05-22 17:51:49.041  1000   622   636 D BroadcastQueue: Done with parallel broadcast [foreground] [BroadcastRecord{2510daa u-1 android.media.VOLUME_CHANGED_ACTION}]
05-22 17:51:49.041  1000   622  2826 D BroadcastQueue: Add broadcast <BroadcastRecord{a28cd9b u-1 android.media.VOLUME_CHANGED_ACTION}> into [parallel | foreground], pending size 0
05-22 17:51:49.042  1041   327  2028 I APM_AudioPolicyManager: setStreamVolumeIndex() stream 3, device 00000002, index 5
05-22 17:51:49.042  1000   622   636 D BroadcastQueue: Done with parallel broadcast [foreground] [BroadcastRecord{a28cd9b u-1 android.media.VOLUME_CHANGED_ACTION}]
05-22 17:51:49.043  1041   327  2028 I APM_AudioPolicyManager: setStreamVolumeIndex() stream 10, device 00000002, index 5
05-22 17:51:49.044  1041   327  2028 I APM_AudioPolicyManager: setStreamVolumeIndex() stream 9, device 00000002, index 5
05-22 17:51:49.053 10022   925  1007 I vol.Events: writeEvent level_changed STREAM_MUSIC 5
05-22 17:51:49.055 10022   925  1007 I vol.Events: writeEvent level_changed STREAM_MUSIC 3
05-22 17:51:49.059 10022   925  1007 I vol.Events: writeEvent level_changed STREAM_MUSIC 5
05-22 17:51:49.115 10080  2766  2873 I gralloc : gralloc_register_buffer hnd=0xa486b640, share_fd=133, share_attr_fd=134, magic=51647890, format=1, internal_format=1, byte_stride=960, flags=4, usage=0xb00, size=230400, width=240, height=240, internalWidth=240, internalHeight=240, stride=240, base=0xa4c5c000, writeOwner=0, attr_base=0xffffffff, yuv_info=1, fd=-1, buf_idx=0, offset=0, min_pgsz=4096, phyaddr=0
05-22 17:51:49.213  1058   361   361 I /system/bin/tombstoned: received crash request for pid 1813
05-22 17:51:49.213  1058   361   361 I /system/bin/tombstoned: found intercept fd 512 for pid 1813 and type kDebuggerdJavaBacktrace
05-22 17:51:49.216  root  2486  2486 I /system/bin/dumpstate: libdebuggerd_client: done dumping process 1813
05-22 17:51:49.217  root  2486  2486 I /system/bin/dumpstate: libdebuggerd_client: started dumping process 1840
05-22 17:51:49.217  1000  1813  1819 I zygote  : Wrote stack traces to '[tombstoned]'
05-22 17:51:49.217  1058   361   361 I /system/bin/tombstoned: registered intercept for pid 1840 and type kDebuggerdJavaBacktrace
05-22 17:51:49.218  1000  1840  1847 I zygote  : Thread[3,tid=1847,WaitingInMainSignalCatcherLoop,Thread*=0xae3d0200,peer=0x12cc0218,"Signal Catcher"]: reacting to signal 3
05-22 17:51:49.218  1000  1840  1847 I zygote  : 
05-22 17:51:49.246 10080  2766  2776 I zygote  : Background concurrent copying GC freed 121142(5MB) AllocSpace objects, 12(560KB) LOS objects, 24% free, 12MB/16MB, paused 1.531ms total 664.884ms
05-22 17:51:49.312 10080  2766  2766 E AudioManagerEx: new AudioManagerEx
05-22 17:51:49.312  1000   622   644 I chatty  : uid=1000(system) android.display expire 3 lines
05-22 17:51:49.323 10080  2766  2771 I zygote  : Do full code cache collection, code=82KB, data=125KB
05-22 17:51:49.341  1000   622  1141 W InputManager: Input event injection from pid 2189 failed.
05-22 17:51:49.346 10072  1449  1449 D PinyinIME: Candidates window is shown. Parent = com.jx.inputmethod.pinyin.CandidatesContainer{9bdb5af G.E...... ......ID 0,0-0,0 #7f060012 app:id/candidates_container}
05-22 17:51:49.346 10080  2766  2771 I zygote  : After code cache collection, code=44KB, data=28KB
05-22 17:51:49.373 10072  1449  1449 D PinyinIME: Candidates window is shown. Parent = com.jx.inputmethod.pinyin.CandidatesContainer{9bdb5af G.E...... ......ID 0,0-0,0 #7f060012 app:id/candidates_container}
05-22 17:51:49.380 10022   925  1060 I gralloc : gralloc_unregister_buffer hnd=0xa485ef80, share_fd=108, share_attr_fd=109, magic=51647890, format=1, internal_format=1, byte_stride=1152, flags=4, usage=0xb00, size=138240, width=288, height=120, internalWidth=288, internalHeight=120, stride=288, base=0xa9006000, writeOwner=0, attr_base=0xffffffff, yuv_info=1, fd=-1, buf_idx=0, offset=0, min_pgsz=4096, phyaddr=0
05-22 17:51:49.380 10022   925  1060 I gralloc : gralloc_unregister_buffer hnd=0xa485ed40, share_fd=111, share_attr_fd=112, magic=51647890, format=1, internal_format=1, byte_stride=1152, flags=4, usage=0xb00, size=138240, width=288, height=120, internalWidth=288, internalHeight=120, stride=288, base=0xa95ef000, writeOwner=0, attr_base=0xffffffff, yuv_info=1, fd=-1, buf_idx=0, offset=0, min_pgsz=4096, phyaddr=0
05-22 17:51:49.380 10022   925  1060 I gralloc : gralloc_unregister_buffer hnd=0xa485eec0, share_fd=88, share_attr_fd=107, magic=51647890, format=1, internal_format=1, byte_stride=1152, flags=4, usage=0xb00, size=138240, width=288, height=120, internalWidth=288, internalHeight=120, stride=288, base=0xa914b000, writeOwner=0, attr_base=0xffffffff, yuv_info=1, fd=-1, buf_idx=0, offset=0, min_pgsz=4096, phyaddr=0
05-22 17:51:49.381 10022   925  1060 W libEGL  : EGLNativeWindowType 0x8fe3a008 disconnect failed
05-22 17:51:49.400  1058   361   361 I /system/bin/tombstoned: received crash request for pid 1840
05-22 17:51:49.400  1058   361   361 I /system/bin/tombstoned: found intercept fd 512 for pid 1840 and type kDebuggerdJavaBacktrace
05-22 17:51:49.400  1000  1840  1847 I zygote  : Wrote stack traces to '[tombstoned]'
05-22 17:51:49.401  root  2486  2486 I /system/bin/dumpstate: libdebuggerd_client: done dumping process 1840
05-22 17:51:49.402  root  2486  2486 I /system/bin/dumpstate: libdebuggerd_client: started dumping process 1892
05-22 17:51:49.404  1000  1892  1898 I zygote  : Thread[3,tid=1898,WaitingInMainSignalCatcherLoop,Thread*=0xae3d0200,peer=0x12cc0218,"Signal Catcher"]: reacting to signal 3
05-22 17:51:49.404  1000  1892  1898 I zygote  : 
05-22 17:51:49.404  1058   361   361 I /system/bin/tombstoned: registered intercept for pid 1892 and type kDebuggerdJavaBacktrace
05-22 17:51:49.437 10076  2492  2579 I gralloc : gralloc_unregister_buffer hnd=0xa485b4c0, share_fd=85, share_attr_fd=86, magic=51647890, format=1, internal_format=1, byte_stride=1088, flags=4, usage=0xb00, size=312256, width=264, height=287, internalWidth=264, internalHeight=287, stride=272, base=0x9119a000, writeOwner=0, attr_base=0xffffffff, yuv_info=1, fd=-1, buf_idx=0, offset=0, min_pgsz=4096, phyaddr=0
05-22 17:51:49.437 10076  2492  2579 I gralloc : gralloc_unregister_buffer hnd=0xa485b580, share_fd=90, share_attr_fd=91, magic=51647890, format=1, internal_format=1, byte_stride=1088, flags=4, usage=0xb00, size=312256, width=264, height=287, internalWidth=264, internalHeight=287, stride=272, base=0x90e3e000, writeOwner=0, attr_base=0xffffffff, yuv_info=1, fd=-1, buf_idx=0, offset=0, min_pgsz=4096, phyaddr=0
05-22 17:51:49.437 10076  2492  2579 I gralloc : gralloc_unregister_buffer hnd=0xa485b400, share_fd=83, share_attr_fd=84, magic=51647890, format=1, internal_format=1, byte_stride=1088, flags=4, usage=0xb00, size=312256, width=264, height=287, internalWidth=264, internalHeight=287, stride=272, base=0x913a2000, writeOwner=0, attr_base=0xffffffff, yuv_info=1, fd=-1, buf_idx=0, offset=0, min_pgsz=4096, phyaddr=0
05-22 17:51:49.438 10076  2492  2579 W libEGL  : EGLNativeWindowType 0x90dce808 disconnect failed
05-22 17:51:49.444 10072  1449  2030 D mali_winsys: EGLint new_window_surface(egl_winsys_display *, void *, EGLSurface, EGLConfig, egl_winsys_surface **, egl_color_buffer_format *, EGLBoolean) returns 0x3000, win:0x949fb008
05-22 17:51:49.444 10072  1449  2030 I OpenGLRenderer: queryNativeWindowStatus 0x949fb008 query=0 dataspace=0
05-22 17:51:49.464 10022   925   925 I vol.Events: writeEvent touch_level_changed STREAM_ALARM 1
05-22 17:51:49.465 10022   925   925 I vol.Events: writeEvent touch_level_done STREAM_ALARM 1
05-22 17:51:49.466 10022   925  1007 I vol.Events: writeEvent active_stream_changed STREAM_ALARM
05-22 17:51:49.466 10022   925  1007 D vol.VolumeDialogControl: sendActiveStreamEvent stream=4
05-22 17:51:49.467 10022   925   925 I vol.Events: writeEvent touch_level_changed STREAM_ALARM 5
05-22 17:51:49.467 10022   925   925 I vol.Events: writeEvent touch_level_done STREAM_ALARM 5
05-22 17:51:49.495 10076  2492  2579 I gralloc : gralloc_unregister_buffer hnd=0xa485b100, share_fd=74, share_attr_fd=75, magic=51647890, format=1, internal_format=1, byte_stride=960, flags=4, usage=0xb00, size=230400, width=240, height=240, internalWidth=240, internalHeight=240, stride=240, base=0x91a42000, writeOwner=0, attr_base=0xffffffff, yuv_info=1, fd=-1, buf_idx=0, offset=0, min_pgsz=4096, phyaddr=0
05-22 17:51:49.495 10076  2492  2579 I gralloc : gralloc_unregister_buffer hnd=0xa485ae00, share_fd=69, share_attr_fd=70, magic=51647890, format=1, internal_format=1, byte_stride=960, flags=4, usage=0xb00, size=230400, width=240, height=240, internalWidth=240, internalHeight=240, stride=240, base=0x93691000, writeOwner=0, attr_base=0xffffffff, yuv_info=1, fd=-1, buf_idx=0, offset=0, min_pgsz=4096, phyaddr=0
05-22 17:51:49.495 10076  2492  2579 I gralloc : gralloc_unregister_buffer hnd=0xa485b040, share_fd=72, share_attr_fd=73, magic=51647890, format=1, internal_format=1, byte_stride=960, flags=4, usage=0xb00, size=230400, width=240, height=240, internalWidth=240, internalHeight=240, stride=240, base=0x91ca2000, writeOwner=0, attr_base=0xffffffff, yuv_info=1, fd=-1, buf_idx=0, offset=0, min_pgsz=4096, phyaddr=0
05-22 17:51:49.496 10076  2492  2579 W libEGL  : EGLNativeWindowType 0x92d77808 disconnect failed
05-22 17:51:49.521 10072  1449  2030 D OpenGLRenderer: textureCacheSize 37748736
05-22 17:51:49.524  1058   361   361 I /system/bin/tombstoned: received crash request for pid 1892
05-22 17:51:49.524  1058   361   361 I /system/bin/tombstoned: found intercept fd 512 for pid 1892 and type kDebuggerdJavaBacktrace
05-22 17:51:49.525  1000  1892  1898 I zygote  : Wrote stack traces to '[tombstoned]'
05-22 17:51:49.525  root  2486  2486 I /system/bin/dumpstate: libdebuggerd_client: done dumping process 1892
05-22 17:51:49.526  root  2486  2486 I /system/bin/dumpstate: libdebuggerd_client: started dumping process 1931
05-22 17:51:49.526  1058   361   361 I /system/bin/tombstoned: registered intercept for pid 1931 and type kDebuggerdJavaBacktrace
05-22 17:51:49.527 u0_a6  1931  1937 I zygote  : Thread[3,tid=1937,WaitingInMainSignalCatcherLoop,Thread*=0xae3d0200,peer=0x12cc0218,"Signal Catcher"]: reacting to signal 3
05-22 17:51:49.527 u0_a6  1931  1937 I zygote  : 
05-22 17:51:49.534  1000  1310  1726 I AEEJNIBridge: bCheckSim (mTelephonyManager.getSimState() != TelephonyManager.SIM_STATE_READY
05-22 17:51:49.536  1046   354  2018 I chatty  : uid=1046(mediacodec) ALooper expire 22 lines
05-22 17:51:49.561  1000   622  1038 D PowerController.AppState: - reportAppProcStateInfo() E -
05-22 17:51:49.561  1000   622  1038 D PowerController.AppState: - reportAppProcStateInfo() E -
05-22 17:51:49.561  1000   622  1040 D PowerController.RecogA: handleMessage(MSG_REPORT_EVENT)
05-22 17:51:49.561  1000   622  1040 D PowerController.RecogA: handleMessage(MSG_REPORT_EVENT)
05-22 17:51:49.562  1000   622   637 W Looper  : Dispatch took 175ms on android.ui, h=Handler (com.android.server.am.ActivityManagerService$UiHandler) {ab22ce4} cb=null msg=53
05-22 17:51:49.562  1000   266   266 D memtrack_sprd: sprd_get_memory, pid:2227, type:1, allocated_records:0, num records:2
05-22 17:51:49.562  1000   266   266 D memtrack_sprd: sprd_get_memory, pid:2227, type:1, allocated_records:2, num records:2
05-22 17:51:49.562  1000   266   266 D memtrack_sprd: sprd_get_memory, pid:2227, type:2, allocated_records:0, num records:2
05-22 17:51:49.562  1000   266   266 D memtrack_sprd: sprd_get_memory, pid:2227, type:2, allocated_records:2, num records:2
05-22 17:51:49.581  1000   622  2276 I chatty  : uid=1000(system) Binder:622_B expire 11 lines
05-22 17:51:49.585 10072  1449  2030 I gralloc : gralloc_register_buffer hnd=0x9474d900, share_fd=63, share_attr_fd=64, magic=51647890, format=1, internal_format=1, byte_stride=960, flags=4, usage=0xb00, size=230400, width=240, height=240, internalWidth=240, internalHeight=240, stride=240, base=0xa94d2000, writeOwner=0, attr_base=0xffffffff, yuv_info=1, fd=-1, buf_idx=0, offset=0, min_pgsz=4096, phyaddr=0
05-22 17:51:49.595  1000   622  1240 D BroadcastQueue: Add broadcast <BroadcastRecord{639a802 u-1 android.media.VOLUME_CHANGED_ACTION}> into [parallel | foreground], pending size 0
05-22 17:51:49.596  1000   622   636 D BroadcastQueue: Done with parallel broadcast [foreground] [BroadcastRecord{639a802 u-1 android.media.VOLUME_CHANGED_ACTION}]
05-22 17:51:49.598  1041   327  2028 I APM_AudioPolicyManager: setStreamVolumeIndex() stream 4, device 00000002, index 1
05-22 17:51:49.606 10076  2492  2492 W Sketch  : Trim of memory, level= UI_HIDDEN
05-22 17:51:49.608 10076  2492  2492 W Sketch  : LruMemoryCache. trimMemory. level=UI_HIDDEN, released: 0 B
05-22 17:51:49.609  1000   622  2276 D BroadcastQueue: Add broadcast <BroadcastRecord{b495513 u-1 android.media.VOLUME_CHANGED_ACTION}> into [parallel | foreground], pending size 0
