05-22 17:51:37.036 10081  2653  2653 W ViewRootImpl[LoginActivity]: Cancelling event due to no window focus: KeyEvent { action=ACTION_UP, keyCode=KEYCODE_DPAD_CENTER, scanCode=0, metaState=0, flags=0x28, repeatCount=0, eventTime=905560, downTime=905560, deviceId=-1, source=0x101 }
05-22 17:51:37.037 10081  2653  2653 W ViewRootImpl[LoginActivity]: Dropping event due to no window focus: KeyEvent { action=ACTION_DOWN, keyCode=KEYCODE_DPAD_CENTER, scanCode=0, metaState=0, flags=0x8, repeatCount=0, eventTime=905559, downTime=905559, deviceId=-1, source=0x101 }
05-22 17:51:37.041 10081  2653  2653 W ViewRootImpl[LoginActivity]: Cancelling event due to no window focus: KeyEvent { action=ACTION_UP, keyCode=KEYCODE_DPAD_CENTER, scanCode=0, metaState=0, flags=0x28, repeatCount=0, eventTime=905606, downTime=905606, deviceId=-1, source=0x101 }
05-22 17:51:37.044 10081  2653  2653 I chatty  : uid=10081(com.example.demo1) identical 7 lines
05-22 17:51:37.045 10081  2653  2653 W ViewRootImpl[LoginActivity]: Cancelling event due to no window focus: KeyEvent { action=ACTION_UP, keyCode=KEYCODE_DPAD_CENTER, scanCode=0, metaState=0, flags=0x28, repeatCount=0, eventTime=905606, downTime=905606, deviceId=-1, source=0x101 }
05-22 17:51:37.083 10081  2653  2653 W ViewRootImpl[LoginActivity]: Dropping event due to no window focus: KeyEvent { action=ACTION_DOWN, keyCode=KEYCODE_DPAD_RIGHT, scanCode=0, metaState=0, flags=0x8, repeatCount=0, eventTime=905608, downTime=905608, deviceId=-1, source=0x101 }
05-22 17:51:37.088 10081  2653  2653 W ViewRootImpl[LoginActivity]: Cancelling event due to no window focus: KeyEvent { action=ACTION_UP, keyCode=KEYCODE_DPAD_RIGHT, scanCode=0, metaState=0, flags=0x28, repeatCount=0, eventTime=905614, downTime=905614, deviceId=-1, source=0x101 }
05-22 17:51:37.091 10081  2653  2653 I chatty  : uid=10081(com.example.demo1) identical 7 lines
05-22 17:51:37.091 10081  2653  2653 W ViewRootImpl[LoginActivity]: Cancelling event due to no window focus: KeyEvent { action=ACTION_UP, keyCode=KEYCODE_DPAD_RIGHT, scanCode=0, metaState=0, flags=0x28, repeatCount=0, eventTime=905614, downTime=905614, deviceId=-1, source=0x101 }
05-22 17:51:37.122  1000   622   992 W InputManager: Input event injection from pid 2189 failed.
05-22 17:51:37.383  1000   622   622 D BroadcastQueue: Add broadcast <BroadcastRecord{27bbc8d u-1 android.media.VOLUME_CHANGED_ACTION}> into [parallel | foreground], pending size 0
05-22 17:51:37.383  1000   622   636 D BroadcastQueue: Done with parallel broadcast [foreground] [BroadcastRecord{27bbc8d u-1 android.media.VOLUME_CHANGED_ACTION}]
05-22 17:51:37.439  1000   622   632 W InputManager: Input event injection from pid 2352 failed.
05-22 17:51:37.520  1000   622   992 D WindowManager: Input focus has changed to Window{3433e53 u0 AtchDlg:com.example.demo1/com.example.plokmju.activity.LoginActivity}
05-22 17:51:37.527 10081  2653  2653 W ViewRootImpl[LoginActivity]: Cancelling event due to no window focus: KeyEvent { action=ACTION_UP, keyCode=KEYCODE_MENU, scanCode=0, metaState=0, flags=0x28, repeatCount=0, eventTime=906065, downTime=906065, deviceId=-1, source=0x101 }
05-22 17:51:37.530 10081  2653  2653 I chatty  : uid=10081(com.example.demo1) identical 4 lines
05-22 17:51:37.531 10081  2653  2653 W ViewRootImpl[LoginActivity]: Cancelling event due to no window focus: KeyEvent { action=ACTION_UP, keyCode=KEYCODE_MENU, scanCode=0, metaState=0, flags=0x28, repeatCount=0, eventTime=906065, downTime=906065, deviceId=-1, source=0x101 }
05-22 17:51:37.533 10081  2653  2653 W ViewRootImpl[LoginActivity]: Dropping event due to no window focus: MotionEvent { action=ACTION_MOVE, actionButton=0, id[0]=0, x[0]=-2.0, y[0]=-3.0, toolType[0]=TOOL_TYPE_UNKNOWN, buttonState=0, metaState=0, flags=0x0, edgeFlags=0x0, pointerCount=1, historySize=16, eventTime=906098, downTime=-1, deviceId=0, source=0x10004 }
05-22 17:51:37.535 10081  2653  2653 W ViewRootImpl[LoginActivity]: Dropping event due to no window focus: MotionEvent { action=ACTION_DOWN, actionButton=0, id[0]=0, x[0]=0.0, y[0]=0.0, toolType[0]=TOOL_TYPE_UNKNOWN, buttonState=0, metaState=0, flags=0x0, edgeFlags=0x0, pointerCount=1, historySize=0, eventTime=906099, downTime=906066, deviceId=0, source=0x10004 }
05-22 17:51:37.536 10081  2653  2653 W ViewRootImpl[LoginActivity]: Dropping event due to no window focus: MotionEvent { action=ACTION_MOVE, actionButton=0, id[0]=0, x[0]=2.0, y[0]=4.0, toolType[0]=TOOL_TYPE_UNKNOWN, buttonState=0, metaState=0, flags=0x0, edgeFlags=0x0, pointerCount=1, historySize=1, eventTime=906100, downTime=-1, deviceId=0, source=0x10004 }
05-22 17:51:37.539 10081  2653  2653 W ViewRootImpl[LoginActivity]: Cancelling event due to no window focus: MotionEvent { action=ACTION_CANCEL, actionButton=0, id[0]=0, x[0]=0.0, y[0]=0.0, toolType[0]=TOOL_TYPE_UNKNOWN, buttonState=0, metaState=0, flags=0x0, edgeFlags=0x0, pointerCount=1, historySize=0, eventTime=906100, downTime=906066, deviceId=0, source=0x10004 }
05-22 17:51:37.540 10081  2653  2653 W ViewRootImpl[LoginActivity]: Cancelling event due to no window focus: MotionEvent { action=ACTION_CANCEL, actionButton=0, id[0]=0, x[0]=0.0, y[0]=0.0, toolType[0]=TOOL_TYPE_UNKNOWN, buttonState=0, metaState=0, flags=0x0, edgeFlags=0x0, pointerCount=1, historySize=0, eventTime=906100, downTime=906066, deviceId=0, source=0x10004 }
05-22 17:51:37.541  1000   622   632 W InputManager: Input event injection from pid 2189 failed.
05-22 17:51:37.546 10081  2653  2653 W ViewRootImpl[LoginActivity]: Cancelling event due to no window focus: MotionEvent { action=ACTION_CANCEL, actionButton=0, id[0]=0, x[0]=0.0, y[0]=0.0, toolType[0]=TOOL_TYPE_UNKNOWN, buttonState=0, metaState=0, flags=0x0, edgeFlags=0x0, pointerCount=1, historySize=0, eventTime=906100, downTime=906066, deviceId=0, source=0x10004 }
05-22 17:51:37.548 10081  2653  2653 I chatty  : uid=10081(com.example.demo1) identical 3 lines
05-22 17:51:37.548 10081  2653  2653 W ViewRootImpl[LoginActivity]: Cancelling event due to no window focus: MotionEvent { action=ACTION_CANCEL, actionButton=0, id[0]=0, x[0]=0.0, y[0]=0.0, toolType[0]=TOOL_TYPE_UNKNOWN, buttonState=0, metaState=0, flags=0x0, edgeFlags=0x0, pointerCount=1, historySize=0, eventTime=906100, downTime=906066, deviceId=0, source=0x10004 }
05-22 17:51:37.550 10081  2653  2653 W ViewRootImpl[LoginActivity]: Dropping event due to no window focus: MotionEvent { action=ACTION_MOVE, actionButton=0, id[0]=0, x[0]=-1.0, y[0]=4.0, toolType[0]=TOOL_TYPE_UNKNOWN, buttonState=0, metaState=0, flags=0x0, edgeFlags=0x0, pointerCount=1, historySize=0, eventTime=906101, downTime=-1, deviceId=0, source=0x10004 }
05-22 17:51:37.593 10081  2653  2653 W ViewRootImpl[LoginActivity]: Cancelling event due to no window focus: KeyEvent { action=ACTION_UP, keyCode=KEYCODE_DPAD_CENTER, scanCode=0, metaState=0, flags=0x28, repeatCount=0, eventTime=906109, downTime=906109, deviceId=-1, source=0x101 }
05-22 17:51:37.598 10081  2653  2653 I chatty  : uid=10081(com.example.demo1) identical 7 lines
05-22 17:51:37.599 10081  2653  2653 W ViewRootImpl[LoginActivity]: Cancelling event due to no window focus: KeyEvent { action=ACTION_UP, keyCode=KEYCODE_DPAD_CENTER, scanCode=0, metaState=0, flags=0x28, repeatCount=0, eventTime=906109, downTime=906109, deviceId=-1, source=0x101 }
05-22 17:51:37.666  1000   622  1141 W InputManager: Input event injection from pid 2189 failed.
05-22 17:51:37.701  1000   622   992 W InputManager: Input event injection from pid 2352 failed.
05-22 17:51:37.719  1000   622   992 W InputManager: Input event injection from pid 2189 failed.
05-22 17:51:37.723  1000   622   992 I ActivityManager: START u0 {act=android.intent.action.MAIN cat=[android.intent.category.LAUNCHER] flg=0x10200000 cmp=com.jx.launcher/.Launcher} from uid 2000, pid 2189
05-22 17:51:37.748  1000   622   992 I ActivityManager: ->startActivity for ActivityRecord{9b96caf u0 com.jx.launcher/.Launcher t18} result:0
05-22 17:51:37.801  1000   622   632 D WindowManager: Input focus has changed to null
05-22 17:51:37.826  1000  1310  2696 W ContextImpl: Calling a method in the system process without a qualified user: android.app.ContextImpl.startService:1476 android.content.ContextWrapper.startService:650 com.jx.launcher.Launcher$3.run:68 java.lang.Thread.run:764 <bottom of call stack> 
05-22 17:51:37.856  1000   622   992 D BroadcastQueue: Add broadcast <BroadcastRecord{44fd8ec u-1 android.media.VOLUME_CHANGED_ACTION}> into [parallel | foreground], pending size 0
05-22 17:51:37.858  1000   622   636 D BroadcastQueue: Done with parallel broadcast [foreground] [BroadcastRecord{44fd8ec u-1 android.media.VOLUME_CHANGED_ACTION}]
05-22 17:51:37.859  1000  1310  1310 W ContextImpl: Calling a method in the system process without a qualified user: android.app.ContextImpl.startService:1476 android.content.ContextWrapper.startService:650 com.jx.launcher.Launcher.StartAEEService:18 com.jx.launcher.Launcher.onCreate:757 android.app.Activity.performCreate:7025 
05-22 17:51:37.864  1000   622   955 V AlarmManager: set(PendingIntent{9d797d8: PendingIntentRecord{a1fa731 com.jx.launcher broadcastIntent}}) : type=2 triggerAtTime=1806431 win=0 tElapsed=1806431 maxElapsed=1806431 interval=0 flags=0x9
05-22 17:51:37.866  1000   622   992 D BroadcastQueue: Add broadcast <BroadcastRecord{5514e16 u-1 android.media.VOLUME_CHANGED_ACTION}> into [parallel | foreground], pending size 0
05-22 17:51:37.867  1000   622   636 D BroadcastQueue: Done with parallel broadcast [foreground] [BroadcastRecord{5514e16 u-1 android.media.VOLUME_CHANGED_ACTION}]
05-22 17:51:37.872  1000   622   955 D BroadcastQueue: Add broadcast <BroadcastRecord{f0c35a2 u-1 android.net.wifi.WIFI_STATE_CHANGED}> into [parallel | background], pending size 0
05-22 17:51:37.872  1000   622   955 D BroadcastQueue: Add broadcast <BroadcastRecord{dd66233 u-1 android.intent.action.BATTERY_CHANGED}> into [parallel | background], pending size 1
05-22 17:51:37.874  1000   622   636 D BroadcastQueue: Done with parallel broadcast [background] [BroadcastRecord{f0c35a2 u-1 android.net.wifi.WIFI_STATE_CHANGED}, BroadcastRecord{dd66233 u-1 android.intent.action.BATTERY_CHANGED}]
05-22 17:51:37.934  1000   622   632 I ActivityManager: START u0 {cmp=com.jx.launcher/com.zmapp.activity.PlaysimActivity} from uid 1000, pid 1310
05-22 17:51:37.955  1000   622   632 I ActivityManager: ->startActivity for ActivityRecord{a482087 u0 com.jx.launcher/com.zmapp.activity.PlaysimActivity t18} result:0
05-22 17:51:38.142  1000   622  1240 D WindowManager: Input focus has changed to Window{6318f76 u0 com.jx.launcher/com.zmapp.activity.PlaysimActivity}
05-22 17:51:38.402  1000   622   622 D BroadcastQueue: Add broadcast <BroadcastRecord{b7cc050 u-1 android.media.VOLUME_CHANGED_ACTION}> into [parallel | foreground], pending size 0
05-22 17:51:38.404  1000   622   636 D BroadcastQueue: Done with parallel broadcast [foreground] [BroadcastRecord{b7cc050 u-1 android.media.VOLUME_CHANGED_ACTION}]
05-22 17:51:38.472  1000   622  2276 W ContextImpl: Calling a method in the system process without a qualified user: android.app.ContextImpl.startActivity:854 com.android.server.policy.PhoneWindowManager.interceptKeyBeforeQueueing:7069 com.android.server.policy.SprdPhoneWindowManager.interceptKeyBeforeQueueing:96 com.android.server.wm.InputMonitor.interceptKeyBeforeQueueing:449 com.android.server.input.InputManagerService.interceptKeyBeforeQueueing:1971 
05-22 17:51:38.473  1000   622  2276 W ContextImpl: Calling a method in the system process without a qualified user: android.app.ContextImpl.startActivity:866 android.app.ContextImpl.startActivity:855 com.android.server.policy.PhoneWindowManager.interceptKeyBeforeQueueing:7069 com.android.server.policy.SprdPhoneWindowManager.interceptKeyBeforeQueueing:96 com.android.server.wm.InputMonitor.interceptKeyBeforeQueueing:449 
05-22 17:51:38.485  1000   622   622 D BroadcastQueue: Add broadcast <BroadcastRecord{4967249 u-1 android.media.VOLUME_CHANGED_ACTION}> into [parallel | foreground], pending size 0
05-22 17:51:38.485  1000   622   636 D BroadcastQueue: Done with parallel broadcast [foreground] [BroadcastRecord{4967249 u-1 android.media.VOLUME_CHANGED_ACTION}]
05-22 17:51:38.487  1000   622  2276 I ActivityManager: START u0 {flg=0x10000000 cmp=com.android.systemui/.NoNetAlertActivity (has extras)} from uid 1000, pid 622
05-22 17:51:38.505  1000   622  2276 I ActivityManager: ->startActivity for ActivityRecord{a82e06f u0 com.android.systemui/.NoNetAlertActivity t19} result:0
05-22 17:51:38.545  1000   622   992 D WindowManager: Input focus has changed to null
05-22 17:51:38.563  1000   622  1038 D PowerController.AppState: - reportAppProcStateInfo() E -
05-22 17:51:38.564  1000   622  1040 D PowerController.RecogA: handleMessage(MSG_REPORT_EVENT)
05-22 17:51:38.564  1000   622  1038 D PowerController.AppState: - reportAppProcStateInfo() E -
05-22 17:51:38.564  1000   622  1040 D PowerController.RecogA: handleMessage(MSG_REPORT_EVENT)
05-22 17:51:38.573  1000  1310  1310 W ViewRootImpl[PlaysimActivity]: Dropping event due to no window focus: KeyEvent { action=ACTION_MULTIPLE, keyCode=KEYCODE_DPAD_UP, scanCode=0, metaState=0, flags=0x400, repeatCount=2, eventTime=907137, downTime=907137, deviceId=-1, source=0x101 }
05-22 17:51:38.573  1000  1310  1310 W ViewRootImpl[PlaysimActivity]: Dropping event due to no window focus: KeyEvent { action=ACTION_DOWN, keyCode=KEYCODE_DPAD_UP, scanCode=0, metaState=0, flags=0x400, repeatCount=0, eventTime=907137, downTime=907137, deviceId=-1, source=0x101 }
05-22 17:51:38.573  1000  1310  1310 W ViewRootImpl[PlaysimActivity]: Cancelling event due to no window focus: KeyEvent { action=ACTION_UP, keyCode=KEYCODE_DPAD_UP, scanCode=0, metaState=0, flags=0x420, repeatCount=0, eventTime=907137, downTime=907137, deviceId=-1, source=0x101 }
05-22 17:51:38.573  1000  1310  1310 I chatty  : uid=1000(system) com.jx.launcher identical 1 line
05-22 17:51:38.573  1000  1310  1310 W ViewRootImpl[PlaysimActivity]: Cancelling event due to no window focus: KeyEvent { action=ACTION_UP, keyCode=KEYCODE_DPAD_UP, scanCode=0, metaState=0, flags=0x420, repeatCount=0, eventTime=907137, downTime=907137, deviceId=-1, source=0x101 }
05-22 17:51:38.573  1000  1310  1310 W ViewRootImpl[PlaysimActivity]: Dropping event due to no window focus: KeyEvent { action=ACTION_DOWN, keyCode=KEYCODE_DPAD_UP, scanCode=0, metaState=0, flags=0x400, repeatCount=0, eventTime=907137, downTime=907137, deviceId=-1, source=0x101 }
05-22 17:51:38.573  1000  1310  1310 W ViewRootImpl[PlaysimActivity]: Cancelling event due to no window focus: KeyEvent { action=ACTION_UP, keyCode=KEYCODE_DPAD_UP, scanCode=0, metaState=0, flags=0x420, repeatCount=0, eventTime=907137, downTime=907137, deviceId=-1, source=0x101 }
05-22 17:51:38.573  1000  1310  1310 I chatty  : uid=1000(system) com.jx.launcher identical 1 line
05-22 17:51:38.573  1000  1310  1310 W ViewRootImpl[PlaysimActivity]: Cancelling event due to no window focus: KeyEvent { action=ACTION_UP, keyCode=KEYCODE_DPAD_UP, scanCode=0, metaState=0, flags=0x420, repeatCount=0, eventTime=907137, downTime=907137, deviceId=-1, source=0x101 }
05-22 17:51:38.573  1000  1310  1310 W ViewRootImpl[PlaysimActivity]: Dropping event due to no window focus: KeyEvent { action=ACTION_DOWN, keyCode=KEYCODE_DPAD_UP, scanCode=0, metaState=0, flags=0x400, repeatCount=0, eventTime=907137, downTime=907137, deviceId=-1, source=0x101 }
05-22 17:51:38.573  1000  1310  1310 W ViewRootImpl[PlaysimActivity]: Cancelling event due to no window focus: KeyEvent { action=ACTION_UP, keyCode=KEYCODE_DPAD_UP, scanCode=0, metaState=0, flags=0x420, repeatCount=0, eventTime=907137, downTime=907137, deviceId=-1, source=0x101 }
05-22 17:51:38.573  1000  1310  1310 I chatty  : uid=1000(system) com.jx.launcher identical 1 line
05-22 17:51:38.573  1000  1310  1310 W ViewRootImpl[PlaysimActivity]: Cancelling event due to no window focus: KeyEvent { action=ACTION_UP, keyCode=KEYCODE_DPAD_UP, scanCode=0, metaState=0, flags=0x420, repeatCount=0, eventTime=907137, downTime=907137, deviceId=-1, source=0x101 }
05-22 17:51:38.573  1000  1310  1310 W ViewRootImpl[PlaysimActivity]: Dropping event due to no window focus: KeyEvent { action=ACTION_DOWN, keyCode=KEYCODE_DPAD_UP, scanCode=0, metaState=0, flags=0x400, repeatCount=0, eventTime=907137, downTime=907137, deviceId=-1, source=0x101 }
05-22 17:51:38.579  1000  1310  1310 W ViewRootImpl[PlaysimActivity]: Cancelling event due to no window focus: KeyEvent { action=ACTION_UP, keyCode=KEYCODE_DPAD_UP, scanCode=0, metaState=0, flags=0x420, repeatCount=0, eventTime=907137, downTime=907137, deviceId=-1, source=0x101 }
05-22 17:51:38.587  1000  1310  1310 I chatty  : uid=1000(system) com.jx.launcher identical 25 lines
05-22 17:51:38.587  1000  1310  1310 W ViewRootImpl[PlaysimActivity]: Cancelling event due to no window focus: KeyEvent { action=ACTION_UP, keyCode=KEYCODE_DPAD_UP, scanCode=0, metaState=0, flags=0x420, repeatCount=0, eventTime=907137, downTime=907137, deviceId=-1, source=0x101 }
05-22 17:51:38.632  1000   622  1240 D WindowManager: Input focus has changed to Window{8a50e0a u0 com.android.systemui/com.android.systemui.NoNetAlertActivity}
05-22 17:51:38.648 10022   925   925 W ViewRootImpl[NoNetAlertActivity]: Dropping event due to no window focus: KeyEvent { action=ACTION_DOWN, keyCode=KEYCODE_DPAD_RIGHT, scanCode=0, metaState=0, flags=0x8, repeatCount=0, eventTime=907056, downTime=907056, deviceId=-1, source=0x101 }
05-22 17:51:38.650 10022   925   925 W ViewRootImpl[NoNetAlertActivity]: Cancelling event due to no window focus: KeyEvent { action=ACTION_UP, keyCode=KEYCODE_VOLUME_UP, scanCode=0, metaState=0, flags=0x28, repeatCount=0, eventTime=907038, downTime=907038, deviceId=-1, source=0x101 }
05-22 17:51:38.650 10022   925   925 I chatty  : uid=10022(com.android.systemui) identical 4 lines
05-22 17:51:38.651 10022   925   925 W ViewRootImpl[NoNetAlertActivity]: Cancelling event due to no window focus: KeyEvent { action=ACTION_UP, keyCode=KEYCODE_VOLUME_UP, scanCode=0, metaState=0, flags=0x28, repeatCount=0, eventTime=907038, downTime=907038, deviceId=-1, source=0x101 }
05-22 17:51:38.666  1000   622  2276 W InputManager: Input event injection from pid 2189 failed.
05-22 17:51:38.669 10022   925   925 W ViewRootImpl[NoNetAlertActivity]: Cancelling event due to no window focus: KeyEvent { action=ACTION_UP, keyCode=KEYCODE_DPAD_RIGHT, scanCode=0, metaState=0, flags=0x28, repeatCount=0, eventTime=907206, downTime=907206, deviceId=-1, source=0x101 }
05-22 17:51:38.670 10022   925   925 I chatty  : uid=10022(com.android.systemui) identical 7 lines
05-22 17:51:38.670 10022   925   925 W ViewRootImpl[NoNetAlertActivity]: Cancelling event due to no window focus: KeyEvent { action=ACTION_UP, keyCode=KEYCODE_DPAD_RIGHT, scanCode=0, metaState=0, flags=0x28, repeatCount=0, eventTime=907206, downTime=907206, deviceId=-1, source=0x101 }
05-22 17:51:38.689  1000   622  1141 D BroadcastQueue: Add broadcast <BroadcastRecord{b8e00d6 u-1 android.media.VOLUME_CHANGED_ACTION}> into [parallel | foreground], pending size 0
05-22 17:51:38.690  1000   622   636 D BroadcastQueue: Done with parallel broadcast [foreground] [BroadcastRecord{b8e00d6 u-1 android.media.VOLUME_CHANGED_ACTION}]
05-22 17:51:38.768  1000   622   622 W WindowManager: removeWindowToken: Attempted to remove non-existing token: android.os.Binder@ff56af4
05-22 17:51:38.783  1000   622  1038 D PowerController.AppState: - reportAppProcStateInfo() E -
05-22 17:51:38.783  1000   622  1040 D PowerController.RecogA: handleMessage(MSG_REPORT_EVENT)
05-22 17:51:39.114  1000   622  2276 D WindowManager: Input focus has changed to null
05-22 17:51:39.158 10022   925   925 W ViewRootImpl[NoNetAlertActivity]: Dropping event due to no window focus: MotionEvent { action=ACTION_MOVE, actionButton=0, id[0]=0, x[0]=-3.0, y[0]=1.0, toolType[0]=TOOL_TYPE_UNKNOWN, buttonState=0, metaState=0, flags=0x0, edgeFlags=0x0, pointerCount=1, historySize=2, eventTime=907674, downTime=-1, deviceId=0, source=0x10004 }
05-22 17:51:39.165  1000   622  2276 D WindowManager: Input focus has changed to Window{6318f76 u0 com.jx.launcher/com.zmapp.activity.PlaysimActivity}
05-22 17:51:39.171  1000  1310  1310 W ViewRootImpl[PlaysimActivity]: Dropping event due to no window focus: KeyEvent { action=ACTION_DOWN, keyCode=KEYCODE_DPAD_CENTER, scanCode=0, metaState=0, flags=0x8, repeatCount=0, eventTime=907672, downTime=907672, deviceId=-1, source=0x101 }
05-22 17:51:39.176  1000  1310  1310 W ViewRootImpl[PlaysimActivity]: Dropping event due to no window focus: MotionEvent { action=ACTION_MOVE, actionButton=0, id[0]=0, x[0]=4.0, y[0]=-3.0, toolType[0]=TOOL_TYPE_UNKNOWN, buttonState=0, metaState=0, flags=0x0, edgeFlags=0x0, pointerCount=1, historySize=1, eventTime=907736, downTime=-1, deviceId=0, source=0x10004 }
05-22 17:51:39.186  1000  1310  1310 W ViewRootImpl[PlaysimActivity]: Cancelling event due to no window focus: KeyEvent { action=ACTION_UP, keyCode=KEYCODE_DPAD_CENTER, scanCode=0, metaState=0, flags=0x28, repeatCount=0, eventTime=907736, downTime=907736, deviceId=-1, source=0x101 }
05-22 17:51:39.187  1000  1310  1310 I chatty  : uid=1000(system) com.jx.launcher identical 7 lines
05-22 17:51:39.187  1000  1310  1310 W ViewRootImpl[PlaysimActivity]: Cancelling event due to no window focus: KeyEvent { action=ACTION_UP, keyCode=KEYCODE_DPAD_CENTER, scanCode=0, metaState=0, flags=0x28, repeatCount=0, eventTime=907736, downTime=907736, deviceId=-1, source=0x101 }
05-22 17:51:39.480  1000   622  1038 D PowerController.AppState: - reportAppProcStateInfo() E -
05-22 17:51:39.480  1000   622  1040 D PowerController.RecogA: handleMessage(MSG_REPORT_EVENT)
05-22 17:51:39.581  1000   622  1240 D WindowManager: Input focus has changed to null
05-22 17:51:39.656  1000   622   632 D WindowManager: Input focus has changed to Window{d94ca9e u0 com.jx.launcher/com.jx.launcher.Launcher}
05-22 17:51:39.706  1000  1310  1310 W ViewRootImpl[Launcher]: Dropping event due to no window focus: KeyEvent { action=ACTION_DOWN, keyCode=KEYCODE_DPAD_LEFT, scanCode=0, metaState=0, flags=0x8, repeatCount=0, eventTime=908045, downTime=908045, deviceId=-1, source=0x101 }
05-22 17:51:39.708  1000  1310  1310 W ViewRootImpl[Launcher]: Cancelling event due to no window focus: KeyEvent { action=ACTION_UP, keyCode=KEYCODE_DPAD_LEFT, scanCode=0, metaState=0, flags=0x28, repeatCount=0, eventTime=908232, downTime=908232, deviceId=-1, source=0x101 }
05-22 17:51:39.709  1000  1310  1310 I chatty  : uid=1000(system) com.jx.launcher identical 7 lines
05-22 17:51:39.709  1000  1310  1310 W ViewRootImpl[Launcher]: Cancelling event due to no window focus: KeyEvent { action=ACTION_UP, keyCode=KEYCODE_DPAD_LEFT, scanCode=0, metaState=0, flags=0x28, repeatCount=0, eventTime=908232, downTime=908232, deviceId=-1, source=0x101 }
05-22 17:51:39.790  1000  1310  1310 W ViewRootImpl[Launcher]: Dropping event due to no window focus: KeyEvent { action=ACTION_DOWN, keyCode=KEYCODE_MENU, scanCode=0, metaState=0, flags=0x8, repeatCount=0, eventTime=908278, downTime=908278, deviceId=-1, source=0x101 }
05-22 17:51:39.791  1000  1310  1310 W ViewRootImpl[Launcher]: Dropping event due to no window focus: KeyEvent { action=ACTION_DOWN, keyCode=KEYCODE_DPAD_CENTER, scanCode=0, metaState=0, flags=0x8, repeatCount=0, eventTime=908280, downTime=908280, deviceId=-1, source=0x101 }
05-22 17:51:39.795  1000  1310  1310 W ViewRootImpl[Launcher]: Cancelling event due to no window focus: KeyEvent { action=ACTION_UP, keyCode=KEYCODE_MENU, scanCode=0, metaState=0, flags=0x28, repeatCount=0, eventTime=908284, downTime=908284, deviceId=-1, source=0x101 }
05-22 17:51:39.796  1000  1310  1310 I chatty  : uid=1000(system) com.jx.launcher identical 4 lines
05-22 17:51:39.796  1000  1310  1310 W ViewRootImpl[Launcher]: Cancelling event due to no window focus: KeyEvent { action=ACTION_UP, keyCode=KEYCODE_MENU, scanCode=0, metaState=0, flags=0x28, repeatCount=0, eventTime=908284, downTime=908284, deviceId=-1, source=0x101 }
05-22 17:51:39.879  1000   622   955 I ActivityManager: START u0 {act=android.intent.action.MAIN cat=[android.intent.category.LAUNCHER] flg=0x10200000 cmp=com.yingyonghui.market/.ui.MainActivity} from uid 2000, pid 2352
05-22 17:51:39.898  1000   622   955 I ActivityManager: ->startActivity for ActivityRecord{7874e99 u0 com.yingyonghui.market/.ui.MainActivity t15} result:2
05-22 17:51:39.906  1000   622   632 W InputManager: Input event injection from pid 2189 failed.
05-22 17:51:39.956  1000   622  1240 D WindowManager: Input focus has changed to null
05-22 17:51:40.028  1000   622   622 D BroadcastQueue: Add broadcast <BroadcastRecord{1e5455e u-1 android.intent.action.BATTERY_CHANGED}> into [parallel | background], pending size 0
05-22 17:51:40.032  1000   622  1038 D PowerController.AppState: - reportAppProcStateInfo() E -
05-22 17:51:40.032  1000   622  1040 D PowerController.RecogA: handleMessage(MSG_REPORT_EVENT)
05-22 17:51:40.032  1000   622   636 D BroadcastQueue: Done with parallel broadcast [background] [BroadcastRecord{1e5455e u-1 android.intent.action.BATTERY_CHANGED}]
05-22 17:51:40.038  1000   622  1038 D PowerController: updatePowerSaveMode(), set to MODECONFIG_USER
05-22 17:51:40.038  1000   622  1038 D PowerController: isInVideoCallOrNormalCall:mModeConfigIndex:2,preModeConfigIndex = 2
05-22 17:51:40.038  1000   622  1038 D PowerController: updatePowerSaveModeInternal(), no change, return true
05-22 17:51:40.057  1000   622  1240 V AlarmManager: set(PendingIntent{81c160c: PendingIntentRecord{dca2896 com.yingyonghui.market broadcastIntent}}) : type=0 triggerAtTime=1684749100167 win=0 tElapsed=913625 maxElapsed=913625 interval=0 flags=0x1
05-22 17:51:40.057  1000   622  1240 V AlarmManager: remove(operation) changed bounds; rebatching
05-22 17:51:40.084  1000   622  1240 D WindowManager: Input focus has changed to Window{e6ceeac u0 com.yingyonghui.market/com.yingyonghui.market.ui.MainActivity}
05-22 17:51:40.166 10076  2492  2492 W ViewRootImpl[MainActivity]: Dropping event due to no window focus: MotionEvent { action=ACTION_MOVE, actionButton=0, id[0]=0, x[0]=4.0, y[0]=-1.0, toolType[0]=TOOL_TYPE_UNKNOWN, buttonState=0, metaState=0, flags=0x0, edgeFlags=0x0, pointerCount=1, historySize=13, eventTime=908689, downTime=-1, deviceId=0, source=0x10004 }
05-22 17:51:40.214  1000   622   992 V AlarmManager: set(PendingIntent{bf53b55: PendingIntentRecord{dca2896 com.yingyonghui.market broadcastIntent}}) : type=0 triggerAtTime=1684749154562 win=0 tElapsed=963130 maxElapsed=963130 interval=0 flags=0x1
05-22 17:51:40.215  1000   622   992 V AlarmManager: remove(operation) changed bounds; rebatching
05-22 17:51:40.423  1000   622   649 D BroadcastQueue: Add broadcast <BroadcastRecord{6dbb537 u0 android.intent.action.PACKAGE_CHANGED}> into [parallel | background], pending size 0
05-22 17:51:40.426  1000   622   635 D ShortcutService: Package com.yingyonghui.market has 4 manifest shortcut(s)
05-22 17:51:40.433  1000   622   636 D BroadcastQueue: Done with parallel broadcast [background] [BroadcastRecord{6dbb537 u0 android.intent.action.PACKAGE_CHANGED}]
05-22 17:51:40.495  1000   622   622 I Telecom : DefaultDialerCache: Refreshing default dialer for user 0: now com.android.dialer: DDC.oR@AFE
05-22 17:51:40.575  1000   622   635 D BroadcastQueue: Add broadcast <BroadcastRecord{f68867d u0 android.search.action.SEARCHABLES_CHANGED}> into [parallel | background], pending size 0
05-22 17:51:40.575  1000   622   636 D BroadcastQueue: Done with parallel broadcast [background] [BroadcastRecord{f68867d u0 android.search.action.SEARCHABLES_CHANGED}]
05-22 17:51:40.575  1000   622   635 W VoiceInteractionManagerService: no available voice interaction services found for user 0
05-22 17:51:40.964  1000   622  2276 D BroadcastQueue: Add broadcast <BroadcastRecord{3a70835 u-1 android.media.VOLUME_CHANGED_ACTION}> into [parallel | foreground], pending size 0
05-22 17:51:40.965  1000   622   636 D BroadcastQueue: Done with parallel broadcast [foreground] [BroadcastRecord{3a70835 u-1 android.media.VOLUME_CHANGED_ACTION}]
05-22 17:51:40.966  1000   622  2276 D BroadcastQueue: Add broadcast <BroadcastRecord{9cd4ca u-1 android.media.VOLUME_CHANGED_ACTION}> into [parallel | foreground], pending size 0
05-22 17:51:40.967  1000   622   636 D BroadcastQueue: Done with parallel broadcast [foreground] [BroadcastRecord{9cd4ca u-1 android.media.VOLUME_CHANGED_ACTION}]
05-22 17:51:40.969  1000   622  2276 D BroadcastQueue: Add broadcast <BroadcastRecord{9d8563b u-1 android.media.VOLUME_CHANGED_ACTION}> into [parallel | foreground], pending size 0
05-22 17:51:40.971  1000   622   636 D BroadcastQueue: Done with parallel broadcast [foreground] [BroadcastRecord{9d8563b u-1 android.media.VOLUME_CHANGED_ACTION}]
05-22 17:51:41.061  1000   622   622 D BroadcastQueue: Add broadcast <BroadcastRecord{8ccf2b1 u-1 android.media.VOLUME_CHANGED_ACTION}> into [parallel | foreground], pending size 0
05-22 17:51:41.062  1000   622   636 D BroadcastQueue: Done with parallel broadcast [foreground] [BroadcastRecord{8ccf2b1 u-1 android.media.VOLUME_CHANGED_ACTION}]
05-22 17:51:41.063  1000   622   622 D BroadcastQueue: Add broadcast <BroadcastRecord{71b7396 u-1 android.media.VOLUME_CHANGED_ACTION}> into [parallel | foreground], pending size 0
05-22 17:51:41.064  1000   622   636 D BroadcastQueue: Done with parallel broadcast [foreground] [BroadcastRecord{71b7396 u-1 android.media.VOLUME_CHANGED_ACTION}]
05-22 17:51:41.066  1000   622   622 D BroadcastQueue: Add broadcast <BroadcastRecord{fec1b17 u-1 android.media.VOLUME_CHANGED_ACTION}> into [parallel | foreground], pending size 0
05-22 17:51:41.067  1000   622   636 D BroadcastQueue: Done with parallel broadcast [foreground] [BroadcastRecord{fec1b17 u-1 android.media.VOLUME_CHANGED_ACTION}]
05-22 17:51:41.238  1000   622  1141 W InputManager: Input event injection from pid 2189 failed.
05-22 17:51:41.278  1000   622  2276 D BroadcastQueue: Add broadcast <BroadcastRecord{68d08ed u-1 android.media.VOLUME_CHANGED_ACTION}> into [parallel | foreground], pending size 0
05-22 17:51:41.279  1000   622   636 D BroadcastQueue: Done with parallel broadcast [foreground] [BroadcastRecord{68d08ed u-1 android.media.VOLUME_CHANGED_ACTION}]
05-22 17:51:41.316  1000   622  1141 W InputManager: Input event injection from pid 2189 failed.
05-22 17:51:41.322  1000   622  1141 W InputManager: Input event injection from pid 2189 failed.
05-22 17:51:41.338  1000   622  2276 D BroadcastQueue: Add broadcast <BroadcastRecord{7133322 u-1 android.media.VOLUME_CHANGED_ACTION}> into [parallel | foreground], pending size 0
05-22 17:51:41.338  1000   622   636 D BroadcastQueue: Done with parallel broadcast [foreground] [BroadcastRecord{7133322 u-1 android.media.VOLUME_CHANGED_ACTION}]
05-22 17:51:41.339  1000   622  2276 D BroadcastQueue: Add broadcast <BroadcastRecord{b0d51b3 u-1 android.media.VOLUME_CHANGED_ACTION}> into [parallel | foreground], pending size 0
05-22 17:51:41.340  1000   622   636 D BroadcastQueue: Done with parallel broadcast [foreground] [BroadcastRecord{b0d51b3 u-1 android.media.VOLUME_CHANGED_ACTION}]
05-22 17:51:41.340  1000   622  2276 D BroadcastQueue: Add broadcast <BroadcastRecord{7028370 u-1 android.media.VOLUME_CHANGED_ACTION}> into [parallel | foreground], pending size 0
05-22 17:51:41.341  1000   622   636 D BroadcastQueue: Done with parallel broadcast [foreground] [BroadcastRecord{7028370 u-1 android.media.VOLUME_CHANGED_ACTION}]
05-22 17:51:41.358  1000   622   917 D BroadcastQueue: Add broadcast <BroadcastRecord{8be46e9 u-1 android.media.VOLUME_CHANGED_ACTION}> into [parallel | foreground], pending size 0
05-22 17:51:41.358  1000   622   636 D BroadcastQueue: Done with parallel broadcast [foreground] [BroadcastRecord{8be46e9 u-1 android.media.VOLUME_CHANGED_ACTION}]
05-22 17:51:41.358  1000   622  1141 W InputManager: Input event injection from pid 2189 failed.
05-22 17:51:41.359  1000   622   917 D BroadcastQueue: Add broadcast <BroadcastRecord{3d55f6e u-1 android.media.VOLUME_CHANGED_ACTION}> into [parallel | foreground], pending size 0
05-22 17:51:41.360  1000   622   636 D BroadcastQueue: Done with parallel broadcast [foreground] [BroadcastRecord{3d55f6e u-1 android.media.VOLUME_CHANGED_ACTION}]
05-22 17:51:41.361  1000   622   917 D BroadcastQueue: Add broadcast <BroadcastRecord{201560f u-1 android.media.VOLUME_CHANGED_ACTION}> into [parallel | foreground], pending size 0
05-22 17:51:41.361  1000   622   636 D BroadcastQueue: Done with parallel broadcast [foreground] [BroadcastRecord{201560f u-1 android.media.VOLUME_CHANGED_ACTION}]
05-22 17:51:41.363  1000   622   917 D BroadcastQueue: Add broadcast <BroadcastRecord{164669c u-1 android.media.STREAM_MUTE_CHANGED_ACTION}> into [parallel | foreground], pending size 0
05-22 17:51:41.364  1000   622   917 D BroadcastQueue: Add broadcast <BroadcastRecord{7ab68a5 u-1 android.media.STREAM_MUTE_CHANGED_ACTION}> into [parallel | foreground], pending size 1
05-22 17:51:41.364  1000   622   636 D BroadcastQueue: Done with parallel broadcast [foreground] [BroadcastRecord{164669c u-1 android.media.STREAM_MUTE_CHANGED_ACTION}, BroadcastRecord{7ab68a5 u-1 android.media.STREAM_MUTE_CHANGED_ACTION}]
05-22 17:51:41.365  1000   622   917 D BroadcastQueue: Add broadcast <BroadcastRecord{27c047a u-1 android.media.STREAM_MUTE_CHANGED_ACTION}> into [parallel | foreground], pending size 0
05-22 17:51:41.366  1000   622   636 D BroadcastQueue: Done with parallel broadcast [foreground] [BroadcastRecord{27c047a u-1 android.media.STREAM_MUTE_CHANGED_ACTION}]
05-22 17:51:41.369  1000   622   917 D BroadcastQueue: Add broadcast <BroadcastRecord{887442b u-1 android.media.STREAM_MUTE_CHANGED_ACTION}> into [parallel | foreground], pending size 0
05-22 17:51:41.369  1000   622   636 D BroadcastQueue: Done with parallel broadcast [foreground] [BroadcastRecord{887442b u-1 android.media.STREAM_MUTE_CHANGED_ACTION}]
05-22 17:51:41.373  1000   622   917 D BroadcastQueue: Add broadcast <BroadcastRecord{c9f5088 u-1 android.media.INTERNAL_RINGER_MODE_CHANGED_ACTION}> into [parallel | foreground], pending size 0
05-22 17:51:41.373  1000   622   917 D BroadcastQueue: Add broadcast <BroadcastRecord{b8eea21 u-1 android.media.INTERNAL_RINGER_MODE_CHANGED_ACTION}> into [ordered | foreground], pending size 0
05-22 17:51:41.373  1000   622   917 D BroadcastQueue: Header is BroadcastRecord{b8eea21 u-1 android.media.INTERNAL_RINGER_MODE_CHANGED_ACTION} now
05-22 17:51:41.378  1000   622   636 D BroadcastQueue: Done with parallel broadcast [foreground] [BroadcastRecord{c9f5088 u-1 android.media.INTERNAL_RINGER_MODE_CHANGED_ACTION}]
05-22 17:51:41.389  1000   622   917 D BroadcastQueue: Add broadcast <BroadcastRecord{db5ee46 u-1 android.media.RINGER_MODE_CHANGED}> into [parallel | foreground], pending size 0
05-22 17:51:41.390  1000   622   917 D BroadcastQueue: Add broadcast <BroadcastRecord{533f807 u-1 android.media.RINGER_MODE_CHANGED}> into [ordered | foreground], pending size 1
05-22 17:51:41.390  1000   622   917 D BroadcastQueue: Header is BroadcastRecord{b8eea21 u-1 android.media.INTERNAL_RINGER_MODE_CHANGED_ACTION} now
05-22 17:51:41.391  1000   622   636 D BroadcastQueue: Done with parallel broadcast [foreground] [BroadcastRecord{db5ee46 u-1 android.media.RINGER_MODE_CHANGED}]
05-22 17:51:41.413  1000   622  1141 W InputManager: Input event injection from pid 2189 failed.
05-22 17:51:41.415  1000   622   955 W InputManager: Input event injection from pid 2189 failed.
05-22 17:51:41.416  1000   622   955 I chatty  : uid=1000(system) Binder:622_4 identical 1 line
05-22 17:51:41.418  1000   622   955 W InputManager: Input event injection from pid 2189 failed.
05-22 17:51:41.450  1000   622  1141 D BroadcastQueue: Finished with ordered broadcast BroadcastRecord{b8eea21 u-1 android.media.INTERNAL_RINGER_MODE_CHANGED_ACTION} receivers:(1) take 71ms in [foreground], remains 1
05-22 17:51:41.454  1000   622   992 D BroadcastQueue: Finished with ordered broadcast BroadcastRecord{533f807 u-1 android.media.RINGER_MODE_CHANGED} receivers:(1) take 5ms in [foreground], remains 0
05-22 17:51:42.467  1000   622   992 D WindowManager: Input focus has changed to Window{880c515 u0 com.yingyonghui.market/com.yingyonghui.market.ui.MainActivity}
05-22 17:51:42.470 10076  2492  2492 W ViewRootImpl[MainActivity]: Cancelling event due to no window focus: KeyEvent { action=ACTION_UP, keyCode=KEYCODE_PROG_BLUE, scanCode=0, metaState=0, flags=0x28, repeatCount=0, eventTime=910998, downTime=910998, deviceId=-1, source=0x101 }
05-22 17:51:42.470 10076  2492  2492 I chatty  : uid=10076(com.yingyonghui.market) identical 7 lines
05-22 17:51:42.470 10076  2492  2492 W ViewRootImpl[MainActivity]: Cancelling event due to no window focus: KeyEvent { action=ACTION_UP, keyCode=KEYCODE_PROG_BLUE, scanCode=0, metaState=0, flags=0x28, repeatCount=0, eventTime=910998, downTime=910998, deviceId=-1, source=0x101 }
05-22 17:51:42.472 10076  2492  2492 W ViewRootImpl[MainActivity]: Dropping event due to no window focus: KeyEvent { action=ACTION_DOWN, keyCode=KEYCODE_DPAD_CENTER, scanCode=0, metaState=0, flags=0x8, repeatCount=0, eventTime=910998, downTime=910998, deviceId=-1, source=0x101 }
05-22 17:51:42.988 10076  2492  2492 W ViewRootImpl[MainActivity]: Dropping event due to no window focus: KeyEvent { action=ACTION_DOWN, keyCode=KEYCODE_VOLUME_DOWN, scanCode=0, metaState=0, flags=0x8, repeatCount=0, eventTime=911036, downTime=911036, deviceId=-1, source=0x101 }
05-22 17:51:42.990 10076  2492  2492 W ViewRootImpl[MainActivity]: Cancelling event due to no window focus: KeyEvent { action=ACTION_UP, keyCode=KEYCODE_DPAD_CENTER, scanCode=0, metaState=0, flags=0x28, repeatCount=0, eventTime=911038, downTime=911038, deviceId=-1, source=0x101 }
05-22 17:51:42.990 10076  2492  2492 I chatty  : uid=10076(com.yingyonghui.market) identical 7 lines
05-22 17:51:42.990 10076  2492  2492 W ViewRootImpl[MainActivity]: Cancelling event due to no window focus: KeyEvent { action=ACTION_UP, keyCode=KEYCODE_DPAD_CENTER, scanCode=0, metaState=0, flags=0x28, repeatCount=0, eventTime=911038, downTime=911038, deviceId=-1, source=0x101 }
05-22 17:51:42.992 10076  2492  2492 W ViewRootImpl[MainActivity]: Cancelling event due to no window focus: KeyEvent { action=ACTION_UP, keyCode=KEYCODE_VOLUME_DOWN, scanCode=0, metaState=0, flags=0x28, repeatCount=0, eventTime=911040, downTime=911040, deviceId=-1, source=0x101 }
05-22 17:51:42.993 10076  2492  2492 I chatty  : uid=10076(com.yingyonghui.market) identical 4 lines
05-22 17:51:42.993 10076  2492  2492 W ViewRootImpl[MainActivity]: Cancelling event due to no window focus: KeyEvent { action=ACTION_UP, keyCode=KEYCODE_VOLUME_DOWN, scanCode=0, metaState=0, flags=0x28, repeatCount=0, eventTime=911040, downTime=911040, deviceId=-1, source=0x101 }
05-22 17:51:43.270  1000   622   917 W InputManager: Input event injection from pid 2352 failed.
05-22 17:51:43.272  1000   622   955 W InputManager: Input event injection from pid 2352 failed.
05-22 17:51:43.286  1000   622   917 W InputManager: Input event injection from pid 2189 failed.
05-22 17:51:43.292  1000   622   917 I chatty  : uid=1000(system) Binder:622_3 identical 1 line
05-22 17:51:43.295  1000   622   917 W InputManager: Input event injection from pid 2189 failed.
05-22 17:51:43.321  1000   622  1141 D BroadcastQueue: Add broadcast <BroadcastRecord{d359d91 u-1 android.media.VOLUME_CHANGED_ACTION}> into [parallel | foreground], pending size 0
05-22 17:51:43.321  1000   622   636 D BroadcastQueue: Done with parallel broadcast [foreground] [BroadcastRecord{d359d91 u-1 android.media.VOLUME_CHANGED_ACTION}]
05-22 17:51:43.324  1000   622  1141 D BroadcastQueue: Add broadcast <BroadcastRecord{4fc74f6 u-1 android.media.VOLUME_CHANGED_ACTION}> into [parallel | foreground], pending size 0
05-22 17:51:43.324  1000   622   636 D BroadcastQueue: Done with parallel broadcast [foreground] [BroadcastRecord{4fc74f6 u-1 android.media.VOLUME_CHANGED_ACTION}]
05-22 17:51:43.325  1000   622  1141 D BroadcastQueue: Add broadcast <BroadcastRecord{764f0f7 u-1 android.media.VOLUME_CHANGED_ACTION}> into [parallel | foreground], pending size 0
05-22 17:51:43.326  1000   622   636 D BroadcastQueue: Done with parallel broadcast [foreground] [BroadcastRecord{764f0f7 u-1 android.media.VOLUME_CHANGED_ACTION}]
05-22 17:51:43.344  1000   622   917 W InputManager: Input event injection from pid 2189 failed.
05-22 17:51:43.345  1000   622   955 W InputManager: Input event injection from pid 2189 failed.
05-22 17:51:43.427  1000   622   955 W InputManager: Input event injection from pid 2189 failed.
05-22 17:51:43.437  1000   622   736 I ActivityManager: START u0 {act=com.android.intent.action.SHOW_BRIGHTNESS_DIALOG cmp=com.android.systemui/.settings.BrightnessDialog} from uid 1000, pid 622
05-22 17:51:43.439  1000   622   736 W ActivityManager: startActivity called from non-Activity context; forcing Intent.FLAG_ACTIVITY_NEW_TASK for: Intent { act=com.android.intent.action.SHOW_BRIGHTNESS_DIALOG flg=0x800000 cmp=com.android.systemui/.settings.BrightnessDialog }
05-22 17:51:43.463  1000   622   736 I ActivityManager: ->startActivity for ActivityRecord{f8581cd u0 com.android.systemui/.settings.BrightnessDialog t20} result:0
05-22 17:51:43.502  1000   622  1141 D WindowManager: Input focus has changed to null
05-22 17:51:43.544  1000   622  1038 D PowerController.AppState: - reportAppProcStateInfo() E -
05-22 17:51:43.544  1000   622  1040 D PowerController.RecogA: handleMessage(MSG_REPORT_EVENT)
05-22 17:51:43.600 10076  2492  2492 W ViewRootImpl[MainActivity]: Dropping event due to no window focus: KeyEvent { action=ACTION_MULTIPLE, keyCode=KEYCODE_DPAD_RIGHT, scanCode=0, metaState=0, flags=0x400, repeatCount=4, eventTime=912167, downTime=912167, deviceId=-1, source=0x101 }
05-22 17:51:43.699  1000   622  2276 D WindowManager: Input focus has changed to Window{3cf62fc u0 com.android.systemui/com.android.systemui.settings.BrightnessDialog}
05-22 17:51:43.768 10022   925   925 W ViewRootImpl[BrightnessDialog]: Dropping event due to no window focus: MotionEvent { action=ACTION_MOVE, actionButton=0, id[0]=0, x[0]=-5.0, y[0]=-3.0, toolType[0]=TOOL_TYPE_UNKNOWN, buttonState=0, metaState=0, flags=0x0, edgeFlags=0x0, pointerCount=1, historySize=1, eventTime=912302, downTime=-1, deviceId=0, source=0x10004 }
05-22 17:51:43.824 10022   925   925 W ViewRootImpl[BrightnessDialog]: Dropping event due to no window focus: KeyEvent { action=ACTION_DOWN, keyCode=KEYCODE_DPAD_UP, scanCode=0, metaState=0, flags=0x8, repeatCount=0, eventTime=912299, downTime=912299, deviceId=-1, source=0x101 }
05-22 17:51:44.296  1000   622   622 W WindowManager: removeWindowToken: Attempted to remove non-existing token: android.os.Binder@a298972
05-22 17:51:44.656  1000   622  1303 W InputManager: Input event injection from pid 2189 failed.
05-22 17:51:44.669  1000   622  1303 I ActivityManager: START u0 {act=android.intent.action.MAIN cat=[android.intent.category.LAUNCHER] flg=0x10200000 cmp=com.tencent.mm/.ui.LauncherUI} from uid 2000, pid 2189
05-22 17:51:44.684  1000   622  1303 D ActivityManager: mPrfmLock.acquire() : 12000
05-22 17:51:44.687  1000   622  1303 D WindowManager: Input focus has changed to null
05-22 17:51:44.701  1000   622  1303 I ActivityManager: ->startActivity for ActivityRecord{18329cf u0 com.tencent.mm/.ui.LauncherUI t21} result:0
05-22 17:51:44.721  1000   622  2276 I ActivityManager: Start proc 2766:com.tencent.mm/u0a80 for activity com.tencent.mm/.ui.LauncherUI
05-22 17:51:44.860  1000   622   917 D BroadcastQueue: Add broadcast <BroadcastRecord{eb293eb u-1 android.media.VOLUME_CHANGED_ACTION}> into [parallel | foreground], pending size 0
05-22 17:51:44.945  1000   622  2490 W ActivityManager: Slow operation: 73ms so far, now at attachApplicationLocked: after mServices.attachApplicationLocked
05-22 17:51:44.946  1000   622   917 D BroadcastQueue: Add broadcast <BroadcastRecord{8cc1fe1 u-1 android.media.VOLUME_CHANGED_ACTION}> into [parallel | foreground], pending size 1
05-22 17:51:44.948  1000   622  1038 D PowerController.AppState: - reportAppProcStateInfo() E -
05-22 17:51:44.948  1000   622  1038 D PowerController.AppState: reportAppProcStateInfo: appName:com.tencent.mm uid:10080 is not exist, create it
05-22 17:51:44.949  1000   622   917 D BroadcastQueue: Add broadcast <BroadcastRecord{9a65106 u-1 android.media.VOLUME_CHANGED_ACTION}> into [parallel | foreground], pending size 2
05-22 17:51:44.951  1000   622  1040 D PowerController.RecogA: handleMessage(MSG_REPORT_EVENT)
05-22 17:51:44.952  1000   622   636 D BroadcastQueue: Done with parallel broadcast [foreground] [BroadcastRecord{eb293eb u-1 android.media.VOLUME_CHANGED_ACTION}, BroadcastRecord{8cc1fe1 u-1 android.media.VOLUME_CHANGED_ACTION}, BroadcastRecord{9a65106 u-1 android.media.VOLUME_CHANGED_ACTION}]
05-22 17:51:44.958  1000   622  2490 D BroadcastQueue: Add broadcast <BroadcastRecord{92483c7 u-1 android.media.VOLUME_CHANGED_ACTION}> into [parallel | foreground], pending size 0
05-22 17:51:44.960  1000   622   636 D BroadcastQueue: Done with parallel broadcast [foreground] [BroadcastRecord{92483c7 u-1 android.media.VOLUME_CHANGED_ACTION}]
05-22 17:51:44.962  1000   622  2490 D BroadcastQueue: Add broadcast <BroadcastRecord{79cedf4 u-1 android.media.VOLUME_CHANGED_ACTION}> into [parallel | foreground], pending size 0
05-22 17:51:44.962  1000   622   636 D BroadcastQueue: Done with parallel broadcast [foreground] [BroadcastRecord{79cedf4 u-1 android.media.VOLUME_CHANGED_ACTION}]
05-22 17:51:44.964  1000   622  2490 D BroadcastQueue: Add broadcast <BroadcastRecord{d09d91d u-1 android.media.VOLUME_CHANGED_ACTION}> into [parallel | foreground], pending size 0
05-22 17:51:44.965  1000   622   636 D BroadcastQueue: Done with parallel broadcast [foreground] [BroadcastRecord{d09d91d u-1 android.media.VOLUME_CHANGED_ACTION}]
05-22 17:51:44.971  1000   622  2490 D BroadcastQueue: Add broadcast <BroadcastRecord{6c67792 u-1 android.media.STREAM_MUTE_CHANGED_ACTION}> into [parallel | foreground], pending size 0
05-22 17:51:44.971  1000   622  2490 D BroadcastQueue: Add broadcast <BroadcastRecord{7db9563 u-1 android.media.STREAM_MUTE_CHANGED_ACTION}> into [parallel | foreground], pending size 1
05-22 17:51:44.972  1000   622  2490 D BroadcastQueue: Add broadcast <BroadcastRecord{d94f560 u-1 android.media.STREAM_MUTE_CHANGED_ACTION}> into [parallel | foreground], pending size 2
05-22 17:51:44.974  1000   622   636 D BroadcastQueue: Done with parallel broadcast [foreground] [BroadcastRecord{6c67792 u-1 android.media.STREAM_MUTE_CHANGED_ACTION}, BroadcastRecord{7db9563 u-1 android.media.STREAM_MUTE_CHANGED_ACTION}, BroadcastRecord{d94f560 u-1 android.media.STREAM_MUTE_CHANGED_ACTION}]
05-22 17:51:44.979  1000   622  2490 D BroadcastQueue: Add broadcast <BroadcastRecord{36fea19 u-1 android.media.STREAM_MUTE_CHANGED_ACTION}> into [parallel | foreground], pending size 0
05-22 17:51:44.980  1000   622   636 D BroadcastQueue: Done with parallel broadcast [foreground] [BroadcastRecord{36fea19 u-1 android.media.STREAM_MUTE_CHANGED_ACTION}]
05-22 17:51:44.983  1000   622  2490 D BroadcastQueue: Add broadcast <BroadcastRecord{8507ade u-1 android.media.INTERNAL_RINGER_MODE_CHANGED_ACTION}> into [parallel | foreground], pending size 0
05-22 17:51:44.983  1000   622  2490 D BroadcastQueue: Add broadcast <BroadcastRecord{56824bf u-1 android.media.INTERNAL_RINGER_MODE_CHANGED_ACTION}> into [ordered | foreground], pending size 0
05-22 17:51:44.983  1000   622  2490 D BroadcastQueue: Header is BroadcastRecord{56824bf u-1 android.media.INTERNAL_RINGER_MODE_CHANGED_ACTION} now
05-22 17:51:44.984  1000   622   636 D BroadcastQueue: Done with parallel broadcast [foreground] [BroadcastRecord{8507ade u-1 android.media.INTERNAL_RINGER_MODE_CHANGED_ACTION}]
05-22 17:51:44.992  1000   622  2490 D BroadcastQueue: Add broadcast <BroadcastRecord{344078c u-1 android.media.RINGER_MODE_CHANGED}> into [parallel | foreground], pending size 0
05-22 17:51:44.992  1000   622  2490 D BroadcastQueue: Add broadcast <BroadcastRecord{8c0ed5 u-1 android.media.RINGER_MODE_CHANGED}> into [ordered | foreground], pending size 1
05-22 17:51:44.992  1000   622  2490 D BroadcastQueue: Header is BroadcastRecord{56824bf u-1 android.media.INTERNAL_RINGER_MODE_CHANGED_ACTION} now
05-22 17:51:44.996  1000   622   636 D BroadcastQueue: Done with parallel broadcast [foreground] [BroadcastRecord{344078c u-1 android.media.RINGER_MODE_CHANGED}]
05-22 17:51:44.999  1000   622  2490 D BroadcastQueue: Add broadcast <BroadcastRecord{5e566ea u-1 android.media.VOLUME_CHANGED_ACTION}> into [parallel | foreground], pending size 0
05-22 17:51:45.002  1000   622   636 D BroadcastQueue: Done with parallel broadcast [foreground] [BroadcastRecord{5e566ea u-1 android.media.VOLUME_CHANGED_ACTION}]
05-22 17:51:45.003  1000   622  2490 D BroadcastQueue: Add broadcast <BroadcastRecord{b044ddb u-1 android.media.VOLUME_CHANGED_ACTION}> into [parallel | foreground], pending size 0
05-22 17:51:45.003  1000   622   636 D BroadcastQueue: Done with parallel broadcast [foreground] [BroadcastRecord{b044ddb u-1 android.media.VOLUME_CHANGED_ACTION}]
05-22 17:51:45.004  1000   622  2490 D BroadcastQueue: Add broadcast <BroadcastRecord{2f01078 u-1 android.media.VOLUME_CHANGED_ACTION}> into [parallel | foreground], pending size 0
05-22 17:51:45.005  1000   622   636 D BroadcastQueue: Done with parallel broadcast [foreground] [BroadcastRecord{2f01078 u-1 android.media.VOLUME_CHANGED_ACTION}]
--------- beginning of main
05-22 17:51:45.015 10022   925  1007 I vol.Events: writeEvent mute_changed STREAM_SYSTEM false
05-22 17:51:45.015 10022   925  1007 I vol.Events: writeEvent internal_ringer_mode_changed normal
05-22 17:51:45.015 10022   925  1007 I vol.Events: writeEvent external_ringer_mode_changed normal
