05-22 17:51:25.872  1000  1061  1061 I am_on_stop_called: [0,com.android.settings.Settings$NetworkDashboardActivity,handleStopActivity]
05-22 17:51:25.994  1000   622  1141 I wm_task_created: [13,1]
05-22 17:51:25.995  1000   622  1141 I wm_task_moved: [13,1,3]
05-22 17:51:25.995  1000   622  1141 I wm_task_moved: [13,1,3]
05-22 17:51:25.996  1000   622  1141 I am_create_task: [0,13]
05-22 17:51:25.996  1000   622  1141 I am_create_activity: [0,155702332,13,com.ztapp.callbyvideo/.activities.MainActivity,android.intent.action.MAIN,NULL,NULL,270532608]
05-22 17:51:25.997  1000   622  1141 I wm_task_moved: [13,1,3]
05-22 17:51:26.003  1000   622  1141 I am_pause_activity: [0,237916315,com.android.settings/.SubSettings]
05-22 17:51:26.006  1000  1061  1061 I sysui_view_visibility: [90,0]
05-22 17:51:26.006  1000  1061  1061 I sysui_multi_action: [757,90,758,2]
05-22 17:51:26.018  1000  1061  1061 I am_on_paused_called: [0,com.android.settings.SubSettings,handlePauseActivity]
05-22 17:51:26.018  1000   622  2276 I am_uid_running: 10065
05-22 17:51:26.042  1000   622  2276 I am_proc_start: [0,2406,10065,com.ztapp.callbyvideo,activity,com.ztapp.callbyvideo/.activities.MainActivity]
05-22 17:51:26.123  1000   622   636 I sysui_count: [window_time_0,0]
05-22 17:51:26.124  1000   622   636 I sysui_multi_action: [757,803,799,window_time_0,802,0]
05-22 17:51:26.126  1000   622   632 I am_proc_bound: [0,2406,com.ztapp.callbyvideo]
05-22 17:51:26.141  1000   622   632 I am_uid_active: 10065
05-22 17:51:26.142  1000   622   632 I am_restart_activity: [0,155702332,13,com.ztapp.callbyvideo/.activities.MainActivity]
05-22 17:51:26.146  1000   622   632 I am_set_resumed_activity: [0,com.ztapp.callbyvideo/.activities.MainActivity,minimalResumeActivityLocked]
05-22 17:51:26.235  1000   622   622 I notification_enqueue: [10022,2363,com.android.systemui,1,NULL,0,Notification(channel=SCN pri=0 contentView=null vibrate=null sound=null tick defaults=0x0 flags=0x20 color=0xff607d8b vis=PRIVATE publicVersion=Notification(channel=SCN pri=0 contentView=null vibrate=null sound=null defaults=0x0 flags=0x0 color=0xff607d8b category=progress vis=PRIVATE)),0]
05-22 17:51:26.247  1000   622   622 I sysui_histogram: [note_dismiss_longevity,0]
05-22 17:51:26.247  1000   622   622 I sysui_multi_action: [757,804,799,note_dismiss_longevity,801,0,802,1]
05-22 17:51:26.247  1000   622   622 I sysui_multi_action: [757,128,758,5,759,10,793,17,794,0,795,17,796,1,806,com.android.systemui,857,SCN,858,2,947,0]
05-22 17:51:26.247  1000   622   622 I notification_canceled: [0|com.android.systemui|1|null|10022,10,17,17,0,{com.jx.launcher/com.jx.launcher.notification.NotificationListener}]
05-22 17:51:26.302  1000   622   622 I am_uid_active: 10009
05-22 17:51:26.386  1000   622   622 I notification_enqueue: [10022,2363,com.android.systemui,1,NULL,0,Notification(channel=SCN pri=0 contentView=null vibrate=null sound=null tick defaults=0x0 flags=0x10 color=0xff607d8b actions=2 vis=PRIVATE publicVersion=Notification(channel=SCN pri=0 contentView=null vibrate=null sound=null defaults=0x0 flags=0x10 color=0xff607d8b category=progress vis=PRIVATE)),0]
05-22 17:51:26.391  1000   622   637 I am_destroy_service: [0,67642804,2363]
05-22 17:51:26.397  1000   622   622 I sysui_histogram: [note_dismiss_longevity,0]
05-22 17:51:26.398  1000   622   622 I sysui_multi_action: [757,804,799,note_dismiss_longevity,801,0,802,1]
05-22 17:51:26.398  1000   622   622 I sysui_multi_action: [757,128,758,5,759,10,793,13,794,0,795,13,796,1,806,com.android.systemui,857,SCN,858,2,947,0]
05-22 17:51:26.398  1000   622   622 I notification_canceled: [0|com.android.systemui|1|null|10022,10,13,13,0,{com.jx.launcher/com.jx.launcher.notification.NotificationListener}]
05-22 17:51:26.518 10065  2406  2406 I am_on_resume_called: [0,com.ztapp.callbyvideo.activities.MainActivity,LAUNCH_ACTIVITY]
05-22 17:51:26.687  1000   622   644 I sysui_multi_action: [319,172,321,138,322,696,325,894,757,761,758,7,759,1,806,com.ztapp.callbyvideo,871,com.ztapp.callbyvideo.activities.MainActivity,905,0,945,144]
05-22 17:51:26.687  1000   622   644 I am_activity_launch_time: [0,155702332,com.ztapp.callbyvideo/.activities.MainActivity,661,661]
05-22 17:51:26.923  1000   622  2276 I am_stop_activity: [0,237916315,com.android.settings/.SubSettings]
05-22 17:51:26.937  1000   622  2276 I am_finish_activity: [0,237916315,9,com.android.settings/.SubSettings,app-request]
05-22 17:51:26.940  1000   622  2276 I am_destroy_activity: [0,237916315,9,com.android.settings/.SubSettings,finish-imm]
05-22 17:51:26.944  1000   622   636 I sysui_count: [window_time_0,1]
05-22 17:51:26.945  1000   622   636 I sysui_multi_action: [757,803,799,window_time_0,802,1]
05-22 17:51:26.945  1000  1061  1061 I am_on_stop_called: [0,com.android.settings.SubSettings,handleStopActivity]
05-22 17:51:27.636  1000   622  1237 I sysui_count: [key_back_down,1]
05-22 17:51:27.636  1000   622  1237 I sysui_multi_action: [757,803,799,key_back_down,802,1]
05-22 17:51:27.810 10022   925   925 I sysui_action: [209,5]
05-22 17:51:27.811 10022   925   925 I sysui_multi_action: [757,209,758,4,759,5]
05-22 17:51:27.818  1000   622  2276 I volume_changed: [4,4,5,7,com.android.systemui]
05-22 17:51:27.823  1000   622  1141 I wm_task_created: [14,1]
05-22 17:51:27.825  1000   622  1141 I wm_task_moved: [14,1,4]
05-22 17:51:27.825  1000   622  1141 I wm_task_moved: [14,1,4]
05-22 17:51:27.828  1000   622  1141 I am_create_task: [0,14]
05-22 17:51:27.828  1000   622  1141 I am_create_activity: [0,217163751,14,com.zmapp.sms/.MainActivity,android.intent.action.MAIN,NULL,NULL,270532608]
05-22 17:51:27.832  1000   622  1141 I wm_task_moved: [14,1,4]
05-22 17:51:27.840  1000   622  1141 I am_pause_activity: [0,155702332,com.ztapp.callbyvideo/.activities.MainActivity]
05-22 17:51:27.874 10065  2406  2406 I am_on_paused_called: [0,com.ztapp.callbyvideo.activities.MainActivity,handlePauseActivity]
05-22 17:51:27.893  1000   622  1303 I am_proc_start: [0,2440,1000,com.zmapp.sms,activity,com.zmapp.sms/.MainActivity]
05-22 17:51:27.942  1000   622   636 I sysui_count: [window_time_0,1]
05-22 17:51:27.942  1000   622   636 I sysui_multi_action: [757,803,799,window_time_0,802,1]
05-22 17:51:27.946  1000   622  1237 I am_proc_bound: [0,2440,com.zmapp.sms]
05-22 17:51:27.952  1000   622  1237 I am_restart_activity: [0,217163751,14,com.zmapp.sms/.MainActivity]
05-22 17:51:27.960  1000   622  1237 I am_set_resumed_activity: [0,com.zmapp.sms/.MainActivity,minimalResumeActivityLocked]
05-22 17:51:28.117  1000  2440  2440 I am_on_resume_called: [0,com.zmapp.sms.MainActivity,LAUNCH_ACTIVITY]
05-22 17:51:28.338  1000   622   644 I sysui_multi_action: [319,156,321,126,322,510,325,896,757,761,758,7,759,1,806,com.zmapp.sms,871,com.zmapp.sms.MainActivity,905,0,945,137]
05-22 17:51:28.338  1000   622   644 I am_activity_launch_time: [0,217163751,com.zmapp.sms/.MainActivity,444,444]
05-22 17:51:28.340  1000   622   636 I am_stop_activity: [0,155702332,com.ztapp.callbyvideo/.activities.MainActivity]
05-22 17:51:28.359  1000   622  1141 I wm_task_moved: [10,1,4]
05-22 17:51:28.366  1000   622  1141 I am_pause_activity: [0,217163751,com.zmapp.sms/.MainActivity]
05-22 17:51:28.372  1000   622  1141 I am_task_to_front: [0,10]
05-22 17:51:28.373 10065  2406  2406 I am_on_stop_called: [0,com.ztapp.callbyvideo.activities.MainActivity,handleStopActivity]
05-22 17:51:28.397  1000   622  1237 I wm_task_moved: [14,1,4]
05-22 17:51:28.398  1000   622  1237 I am_task_to_front: [0,14]
05-22 17:51:28.399  1000   622  1237 I am_create_activity: [0,158357347,14,com.zmapp.sms/.NewSmsActivity,NULL,NULL,NULL,0]
05-22 17:51:28.404  1000  2440  2440 I am_on_paused_called: [0,com.zmapp.sms.MainActivity,handlePauseActivity]
05-22 17:51:28.409  1000   622  1237 I am_restart_activity: [0,158357347,14,com.zmapp.sms/.NewSmsActivity]
05-22 17:51:28.412  1000   622  1237 I am_set_resumed_activity: [0,com.zmapp.sms/.NewSmsActivity,minimalResumeActivityLocked]
05-22 17:51:28.419  1000   622   636 I sysui_count: [window_time_0,0]
05-22 17:51:28.419  1000   622   636 I sysui_multi_action: [757,803,799,window_time_0,802,0]
05-22 17:51:28.434  1000  2440  2440 I am_on_resume_called: [0,com.zmapp.sms.NewSmsActivity,LAUNCH_ACTIVITY]
05-22 17:51:28.551  1000  2440  2440 I menu_opened: 0
05-22 17:51:28.555  1000   622   644 I am_activity_launch_time: [0,158357347,com.zmapp.sms/.NewSmsActivity,141,141]
05-22 17:51:28.555  1000   622   644 I sysui_multi_action: [319,186,322,185,325,896,757,761,758,9,759,2,806,com.zmapp.sms,871,com.zmapp.sms.NewSmsActivity,904,com.zmapp.sms,905,0]
05-22 17:51:28.722  1000   622   622 I notification_enqueue: [1000,622,android,8,NULL,-1,Notification(channel=VIRTUAL_KEYBOARD pri=0 contentView=null vibrate=null sound=null defaults=0x0 flags=0x2 color=0xff607d8b category=sys vis=PRIVATE),0]
05-22 17:51:28.726  1000   622   622 I notification_enqueue: [1000,622,android,8,NULL,-1,Notification(channel=VIRTUAL_KEYBOARD pri=0 contentView=null vibrate=null sound=null defaults=0x0 flags=0x2 color=0xff607d8b category=sys vis=PRIVATE),1]
05-22 17:51:28.816  1000   622  1303 I notification_expansion: [-1|android|8|null|1000,0,1,95,92,0]
05-22 17:51:28.817  1000   622  1303 I notification_expansion: [-1|android|26|null|1000,0,0,1008786827,1008786827,0]
05-22 17:51:29.057  1000   622   622 I notification_enqueue: [1000,622,android,8,NULL,-1,Notification(channel=VIRTUAL_KEYBOARD pri=0 contentView=null vibrate=null sound=null defaults=0x0 flags=0x2 color=0xff607d8b category=sys vis=PRIVATE),1]
05-22 17:51:29.073  1000   622   622 I notification_enqueue: [1000,622,android,8,NULL,-1,Notification(channel=VIRTUAL_KEYBOARD pri=0 contentView=null vibrate=null sound=null defaults=0x0 flags=0x2 color=0xff607d8b category=sys vis=PRIVATE),1]
05-22 17:51:29.159  1000  2440  2440 I menu_opened: 0
05-22 17:51:29.275  1000   622   622 I volume_changed: [4,5,6,7,MediaSessionService]
05-22 17:51:29.278 10022   925  1007 I sysui_action: [211,6]
05-22 17:51:29.278 10022   925  1007 I sysui_multi_action: [757,211,758,4,759,6]
05-22 17:51:29.283  1000   622   917 I am_new_intent: [0,197272469,12,com.android.systemui/.NoNetAlertActivity,NULL,NULL,NULL,268435456]
05-22 17:51:29.286  1000   622   917 I wm_task_moved: [12,1,4]
05-22 17:51:29.288  1000   622   917 I am_pause_activity: [0,158357347,com.zmapp.sms/.NewSmsActivity]
05-22 17:51:29.291  1000  2440  2440 I am_on_paused_called: [0,com.zmapp.sms.NewSmsActivity,handlePauseActivity]
05-22 17:51:29.292  1000   622   917 I am_task_to_front: [0,12]
05-22 17:51:29.441  1000   622  1303 I am_restart_activity: [0,197272469,12,com.android.systemui/.NoNetAlertActivity]
05-22 17:51:29.442  1000   622  1303 I am_set_resumed_activity: [0,com.android.systemui/.NoNetAlertActivity,minimalResumeActivityLocked]
05-22 17:51:29.448  1000   622   636 I am_stop_activity: [0,217163751,com.zmapp.sms/.MainActivity]
05-22 17:51:29.459  1000   622   636 I sysui_count: [window_time_0,2]
05-22 17:51:29.460  1000   622   636 I sysui_multi_action: [757,803,799,window_time_0,802,2]
05-22 17:51:29.464  1000  2440  2440 I am_on_stop_called: [0,com.zmapp.sms.MainActivity,handleStopActivity]
05-22 17:51:29.474 10022   925   925 I am_on_resume_called: [0,com.android.systemui.NoNetAlertActivity,LAUNCH_ACTIVITY]
05-22 17:51:29.608  1000   622   644 I sysui_multi_action: [319,282,321,263,322,299,325,897,757,761,758,9,759,1,806,com.android.systemui,871,com.android.systemui.NoNetAlertActivity,904,android,905,0]
05-22 17:51:29.608  1000   622   644 I am_activity_launch_time: [0,197272469,com.android.systemui/.NoNetAlertActivity,276,276]
05-22 17:51:29.609  1000   622   622 I notification_enqueue: [1000,622,android,8,NULL,-1,Notification(channel=VIRTUAL_KEYBOARD pri=0 contentView=null vibrate=null sound=null defaults=0x0 flags=0x2 color=0xff607d8b category=sys vis=PRIVATE),1]
05-22 17:51:29.614  1000   622   622 I sysui_multi_action: [757,128,758,5,759,8,793,893,794,0,795,8,796,8,806,android,857,VIRTUAL_KEYBOARD,858,2,947,0]
05-22 17:51:29.614  1000   622   622 I notification_canceled: [-1|android|8|null|1000,8,893,8,0,NULL]
05-22 17:51:29.634  1000   622   633 I notification_expansion: [-1|android|26|null|1000,0,1,1008787644,1008787644,0]
05-22 17:51:29.657  1000   622   632 I am_stop_activity: [0,158357347,com.zmapp.sms/.NewSmsActivity]
05-22 17:51:29.658  1000  2440  2440 I am_on_stop_called: [0,com.zmapp.sms.NewSmsActivity,handleStopActivity]
05-22 17:51:29.701  1000   622   649 I am_destroy_service: [0,9976562,2198]
05-22 17:51:29.705  1000   622   632 I am_kill : [0,1645,com.android.messaging,906,empty #17]
05-22 17:51:29.723  1000   622   633 I am_proc_died: [0,1645,com.android.messaging,906,17]
05-22 17:51:29.723  1000   622   633 I am_uid_stopped: 10050
05-22 17:51:29.725 10022   925   925 I menu_opened: 0
05-22 17:51:29.771 10022   925   925 I menu_opened: 0
05-22 17:51:30.060  1000   622   632 I wm_task_created: [15,1]
05-22 17:51:30.060  1000   622   632 I wm_task_moved: [15,1,5]
05-22 17:51:30.061  1000   622   632 I wm_task_moved: [15,1,5]
05-22 17:51:30.062  1000   622   632 I am_create_task: [0,15]
05-22 17:51:30.062  1000   622   632 I am_create_activity: [0,202087456,15,com.yingyonghui.market/.ui.MainActivity,android.intent.action.MAIN,NULL,NULL,270532608]
05-22 17:51:30.062  1000   622   632 I wm_task_moved: [15,1,5]
05-22 17:51:30.064  1000   622   632 I am_pause_activity: [0,197272469,com.android.systemui/.NoNetAlertActivity]
05-22 17:51:30.067 10022   925   925 I am_on_paused_called: [0,com.android.systemui.NoNetAlertActivity,handlePauseActivity]
05-22 17:51:30.070  1000   622   917 I am_uid_running: 10076
05-22 17:51:30.081  1000   622   917 I am_proc_start: [0,2492,10076,com.yingyonghui.market,activity,com.yingyonghui.market/.ui.MainActivity]
05-22 17:51:30.120  1000   622   636 I sysui_count: [window_time_0,0]
05-22 17:51:30.120  1000   622   636 I sysui_multi_action: [757,803,799,window_time_0,802,0]
05-22 17:51:30.126  1000   622  2490 I am_proc_bound: [0,2492,com.yingyonghui.market]
05-22 17:51:30.137  1000   622  2490 I am_uid_active: 10076
05-22 17:51:30.138  1000   622  2490 I am_restart_activity: [0,202087456,15,com.yingyonghui.market/.ui.MainActivity]
05-22 17:51:30.147 10022   925   925 I menu_opened: 0
05-22 17:51:30.166  1000   622  2490 I am_set_resumed_activity: [0,com.yingyonghui.market/.ui.MainActivity,minimalResumeActivityLocked]
05-22 17:51:30.472  1000   622  1240 I am_finish_activity: [0,197272469,12,com.android.systemui/.NoNetAlertActivity,app-request]
05-22 17:51:30.474  1000   622  1240 I am_destroy_activity: [0,197272469,12,com.android.systemui/.NoNetAlertActivity,finish-imm]
05-22 17:51:30.477  1000   622   636 I sysui_count: [window_time_0,1]
05-22 17:51:30.477  1000   622   636 I sysui_multi_action: [757,803,799,window_time_0,802,1]
05-22 17:51:30.479 10022   925   925 I am_on_stop_called: [0,com.android.systemui.NoNetAlertActivity,destroy]
05-22 17:51:30.496  1000   622  2276 I wm_task_removed: [12,removeAppToken: last token]
05-22 17:51:30.496  1000   622  2276 I wm_task_removed: [12,removeTask]
05-22 17:51:30.820 10076  2492  2492 I auditd  : type=1400 audit(0.0:244): avc: denied { read } for comm="Thread-5" name="diskstats" dev="proc" ino=4026532046 scontext=u:r:untrusted_app:s0:c512,c768 tcontext=u:object_r:proc:s0 tclass=file permissive=0
05-22 17:51:30.850 10076  2543  2543 I auditd  : type=1400 audit(0.0:245): avc: denied { read } for comm="ls" name="thermal" dev="sysfs" ino=10982 scontext=u:r:untrusted_app:s0:c512,c768 tcontext=u:object_r:sysfs:s0 tclass=dir permissive=0
05-22 17:51:30.880 10076  2549  2549 I auditd  : type=1400 audit(0.0:246): avc: denied { read } for comm="ls" name="/" dev="rootfs" ino=1 scontext=u:r:untrusted_app:s0:c512,c768 tcontext=u:object_r:rootfs:s0 tclass=dir permissive=0
05-22 17:51:31.237 10076  2492  2492 I am_on_resume_called: [0,com.yingyonghui.market.ui.MainActivity,LAUNCH_ACTIVITY]
05-22 17:51:31.510  1000   622  2490 I sysui_count: [key_back_down,1]
05-22 17:51:31.510  1000   622  2490 I sysui_multi_action: [757,803,799,key_back_down,802,1]
05-22 17:51:31.560  1000   622   644 I sysui_multi_action: [319,116,321,81,322,1494,325,898,757,761,758,7,759,1,806,com.yingyonghui.market,871,com.yingyonghui.market.ui.MainActivity,905,0,945,71]
05-22 17:51:31.560  1000   622   644 I am_activity_launch_time: [0,202087456,com.yingyonghui.market/.ui.MainActivity,1481,1481]
05-22 17:51:32.269 10022   925   925 I sysui_action: [209,4]
05-22 17:51:32.269 10022   925   925 I sysui_multi_action: [757,209,758,4,759,4]
05-22 17:51:32.269  1000   622  2490 I volume_changed: [4,6,4,7,com.android.systemui]
05-22 17:51:34.143  1000   622   632 I volume_changed: [4,4,0,7,com.android.systemui]
05-22 17:51:34.205  1000   622  1240 I am_proc_start: [0,2619,10076,com.yingyonghui.market:pushservice,service,com.yingyonghui.market/com.igexin.sdk.PushService]
05-22 17:51:34.229 10022   925   925 I sysui_action: [209,0]
05-22 17:51:34.229 10022   925   925 I sysui_multi_action: [757,209,758,4,759,0]
05-22 17:51:34.238  1000   622   992 I am_proc_bound: [0,2619,com.yingyonghui.market:pushservice]
05-22 17:51:34.244  1000   622   992 I am_create_service: [0,165989160,.PushService,10076,2619]
05-22 17:51:34.590  1000   622  1141 I am_create_service: [0,24456215,.GetuiIntentService,10076,2492]
05-22 17:51:34.869  1000   622   992 I wm_task_created: [16,1]
05-22 17:51:34.869  1000   622   992 I wm_task_moved: [16,1,5]
05-22 17:51:34.870  1000   622   992 I wm_task_moved: [16,1,5]
05-22 17:51:34.871  1000   622   992 I am_create_task: [0,16]
05-22 17:51:34.871  1000   622   992 I am_create_activity: [0,177631923,16,com.android.systemui/.NoNetAlertActivity,NULL,NULL,NULL,268435456]
05-22 17:51:34.871  1000   622   992 I wm_task_moved: [16,1,5]
05-22 17:51:34.873  1000   622   992 I am_pause_activity: [0,202087456,com.yingyonghui.market/.ui.MainActivity]
05-22 17:51:34.924  1000   622   622 I volume_changed: [4,0,1,7,MediaSessionService]
05-22 17:51:34.928 10076  2492  2492 I am_on_paused_called: [0,com.yingyonghui.market.ui.MainActivity,handlePauseActivity]
05-22 17:51:34.930 10022   925  1007 I sysui_action: [211,1]
05-22 17:51:34.930 10022   925  1007 I sysui_multi_action: [757,211,758,4,759,1]
05-22 17:51:34.990  1000   622  1240 I am_restart_activity: [0,177631923,16,com.android.systemui/.NoNetAlertActivity]
05-22 17:51:34.993  1000   622  1240 I am_set_resumed_activity: [0,com.android.systemui/.NoNetAlertActivity,minimalResumeActivityLocked]
05-22 17:51:35.012  1000   622   636 I sysui_count: [window_time_0,4]
05-22 17:51:35.014  1000   622   636 I sysui_multi_action: [757,803,799,window_time_0,802,4]
05-22 17:51:35.034 10022   925   925 I am_on_resume_called: [0,com.android.systemui.NoNetAlertActivity,LAUNCH_ACTIVITY]
05-22 17:51:35.115  1000   622   644 I sysui_multi_action: [319,140,321,135,322,226,325,903,757,761,758,8,759,1,806,com.android.systemui,871,com.android.systemui.NoNetAlertActivity,904,android,905,0]
05-22 17:51:35.115  1000   622   644 I am_activity_launch_time: [0,177631923,com.android.systemui/.NoNetAlertActivity,164,164]
05-22 17:51:35.119  1000   622  1141 I am_stop_activity: [0,202087456,com.yingyonghui.market/.ui.MainActivity]
05-22 17:51:35.167 10076  2492  2492 I am_on_stop_called: [0,com.yingyonghui.market.ui.MainActivity,handleStopActivity]
05-22 17:51:35.191 10022   925   925 I menu_opened: 0
05-22 17:51:35.234 10022   925   925 I menu_opened: 0
05-22 17:51:35.252  1000   622  1240 I sysui_count: [key_back_down,1]
05-22 17:51:35.252  1000   622  1240 I sysui_multi_action: [757,803,799,key_back_down,802,1]
05-22 17:51:35.464  1000   622   632 I volume_changed: [4,1,3,7,com.android.systemui]
05-22 17:51:35.474  1000   622   992 I volume_changed: [4,3,2,7,com.android.systemui]
05-22 17:51:35.508 10022   925   925 I sysui_action: [209,1]
05-22 17:51:35.508 10022   925   925 I sysui_multi_action: [757,209,758,4,759,1]
05-22 17:51:35.511  1000   622  1240 I volume_changed: [4,2,1,7,com.android.systemui]
05-22 17:51:35.534 10022   925   925 I menu_opened: 0
05-22 17:51:35.564  1000   622   992 I wm_task_created: [17,1]
05-22 17:51:35.565  1000   622   992 I wm_task_moved: [17,1,6]
05-22 17:51:35.566  1000   622   992 I wm_task_moved: [17,1,6]
05-22 17:51:35.568  1000   622   992 I am_create_task: [0,17]
05-22 17:51:35.568  1000   622   992 I am_create_activity: [0,7419393,17,com.example.demo1/com.example.plokmju.testmutilecompile.MainActivity,android.intent.action.MAIN,NULL,NULL,270532608]
05-22 17:51:35.568  1000   622   992 I wm_task_moved: [17,1,6]
05-22 17:51:35.575  1000   622   992 I am_pause_activity: [0,177631923,com.android.systemui/.NoNetAlertActivity]
05-22 17:51:35.730 10022   925   925 I am_on_paused_called: [0,com.android.systemui.NoNetAlertActivity,handlePauseActivity]
05-22 17:51:35.730  1000   622   632 I am_uid_running: 10081
05-22 17:51:35.744  1000   622   632 I am_proc_start: [0,2653,10081,com.example.demo1,activity,com.example.demo1/com.example.plokmju.testmutilecompile.MainActivity]
05-22 17:51:35.808  1000   622   636 I sysui_count: [window_time_0,1]
05-22 17:51:35.808  1000   622   636 I sysui_multi_action: [757,803,799,window_time_0,802,1]
05-22 17:51:35.860  1000   622   955 I am_proc_bound: [0,2653,com.example.demo1]
05-22 17:51:35.867  1000   622   955 I am_uid_active: 10081
05-22 17:51:35.867  1000   622   955 I am_restart_activity: [0,7419393,17,com.example.demo1/com.example.plokmju.testmutilecompile.MainActivity]
05-22 17:51:35.869  1000   622   955 I am_set_resumed_activity: [0,com.example.demo1/com.example.plokmju.testmutilecompile.MainActivity,minimalResumeActivityLocked]
05-22 17:51:36.029  1000   622   955 I am_finish_activity: [0,177631923,16,com.android.systemui/.NoNetAlertActivity,app-request]
05-22 17:51:36.030  1000   622   955 I am_destroy_activity: [0,177631923,16,com.android.systemui/.NoNetAlertActivity,finish-imm]
05-22 17:51:36.034  1000   622   636 I sysui_count: [window_time_0,0]
05-22 17:51:36.034  1000   622   636 I sysui_multi_action: [757,803,799,window_time_0,802,0]
05-22 17:51:36.036 10022   925   925 I am_on_stop_called: [0,com.android.systemui.NoNetAlertActivity,destroy]
05-22 17:51:36.050  1000   622   632 I wm_task_removed: [16,removeAppToken: last token]
05-22 17:51:36.050  1000   622   632 I wm_task_removed: [16,removeTask]
05-22 17:51:36.211 10081  2653  2653 I am_on_resume_called: [0,com.example.plokmju.testmutilecompile.MainActivity,LAUNCH_ACTIVITY]
05-22 17:51:36.551  1000   622   644 I sysui_multi_action: [319,341,321,272,322,1014,325,904,757,761,758,7,759,1,806,com.example.demo1,871,com.example.plokmju.testmutilecompile.MainActivity,905,0,945,327]
05-22 17:51:36.551  1000   622   644 I am_activity_launch_time: [0,7419393,com.example.demo1/com.example.plokmju.testmutilecompile.MainActivity,818,818]
05-22 17:51:36.726  1000   622  2276 I wm_task_moved: [17,1,5]
05-22 17:51:36.728  1000   622  2276 I am_create_activity: [0,157894150,17,com.example.demo1/com.example.plokmju.activity.LoginActivity,NULL,NULL,NULL,0]
05-22 17:51:36.729  1000   622  2276 I am_pause_activity: [0,7419393,com.example.demo1/com.example.plokmju.testmutilecompile.MainActivity]
05-22 17:51:36.769 10081  2653  2653 I am_on_paused_called: [0,com.example.plokmju.testmutilecompile.MainActivity,handlePauseActivity]
05-22 17:51:36.772  1000   622  2276 I am_restart_activity: [0,157894150,17,com.example.demo1/com.example.plokmju.activity.LoginActivity]
05-22 17:51:36.775  1000   622  2276 I am_set_resumed_activity: [0,com.example.demo1/com.example.plokmju.activity.LoginActivity,minimalResumeActivityLocked]
05-22 17:51:36.781  1000   622   636 I sysui_count: [window_time_0,1]
05-22 17:51:36.781  1000   622   636 I sysui_multi_action: [757,803,799,window_time_0,802,1]
05-22 17:51:36.924 10081  2653  2653 I am_on_resume_called: [0,com.example.plokmju.activity.LoginActivity,LAUNCH_ACTIVITY]
05-22 17:51:37.076  1000   622   644 I am_activity_launch_time: [0,157894150,com.example.demo1/com.example.plokmju.activity.LoginActivity,300,300]
05-22 17:51:37.165  1000   622  2276 I am_stop_activity: [0,7419393,com.example.demo1/com.example.plokmju.testmutilecompile.MainActivity]
05-22 17:51:37.171 10081  2653  2653 I am_on_stop_called: [0,com.example.plokmju.testmutilecompile.MainActivity,handleStopActivity]
05-22 17:51:37.382  1000   622   622 I volume_changed: [4,1,0,7,MediaSessionService]
05-22 17:51:37.385 10022   925  1007 I sysui_action: [211,0]
05-22 17:51:37.385 10022   925  1007 I sysui_multi_action: [757,211,758,4,759,0]
05-22 17:51:37.455 10081  2653  2653 I menu_opened: 0
05-22 17:51:37.500 10081  2653  2653 I menu_opened: 0
05-22 17:51:37.556 10022   925   925 I sysui_view_visibility: [208,100]
05-22 17:51:37.556 10022   925   925 I sysui_multi_action: [757,208,758,1]
05-22 17:51:37.735  1000   622   992 I wm_task_created: [18,1]
05-22 17:51:37.736  1000   622   992 I wm_task_moved: [18,1,6]
05-22 17:51:37.737  1000   622   992 I wm_task_moved: [18,1,6]
05-22 17:51:37.738  1000   622   992 I am_create_task: [0,18]
05-22 17:51:37.738  1000   622   992 I am_create_activity: [0,163146927,18,com.jx.launcher/.Launcher,android.intent.action.MAIN,NULL,NULL,270532608]
05-22 17:51:37.739  1000   622   992 I wm_task_moved: [18,1,6]
05-22 17:51:37.742  1000   622   992 I am_pause_activity: [0,157894150,com.example.demo1/com.example.plokmju.activity.LoginActivity]
05-22 17:51:37.744 10081  2653  2653 I am_on_paused_called: [0,com.example.plokmju.activity.LoginActivity,handlePauseActivity]
05-22 17:51:37.800  1000   622   632 I am_restart_activity: [0,163146927,18,com.jx.launcher/.Launcher]
05-22 17:51:37.802  1000   622   632 I am_set_resumed_activity: [0,com.jx.launcher/.Launcher,minimalResumeActivityLocked]
05-22 17:51:37.812  1000   622   636 I sysui_count: [window_time_0,1]
05-22 17:51:37.813  1000   622   636 I sysui_multi_action: [757,803,799,window_time_0,802,1]
05-22 17:51:37.852 10022   925   925 I sysui_action: [209,7]
05-22 17:51:37.853 10022   925   925 I sysui_multi_action: [757,209,758,4,759,7]
05-22 17:51:37.855  1000   622   992 I volume_changed: [4,0,2,7,com.android.systemui]
05-22 17:51:37.864  1000   622   992 I volume_changed: [4,2,7,7,com.android.systemui]
05-22 17:51:37.936  1000   622   632 I wm_task_moved: [18,1,6]
05-22 17:51:37.937  1000   622   632 I am_create_activity: [0,172499079,18,com.jx.launcher/com.zmapp.activity.PlaysimActivity,NULL,NULL,NULL,0]
05-22 17:51:37.939  1000   622   632 I am_pause_activity: [0,163146927,com.jx.launcher/.Launcher]
05-22 17:51:38.012  1000  1310  1310 I am_on_resume_called: [0,com.jx.launcher.Launcher,LAUNCH_ACTIVITY]
05-22 17:51:38.021  1000  1310  1310 I am_on_paused_called: [0,com.jx.launcher.Launcher,handlePauseActivity]
05-22 17:51:38.023  1000   622   992 I am_restart_activity: [0,172499079,18,com.jx.launcher/com.zmapp.activity.PlaysimActivity]
05-22 17:51:38.024  1000   622   992 I am_set_resumed_activity: [0,com.jx.launcher/com.zmapp.activity.PlaysimActivity,minimalResumeActivityLocked]
05-22 17:51:38.044  1000   622   636 I sysui_count: [window_time_0,0]
05-22 17:51:38.048  1000   622   636 I sysui_multi_action: [757,803,799,window_time_0,802,0]
05-22 17:51:38.103  1000  1310  1310 I am_on_resume_called: [0,com.zmapp.activity.PlaysimActivity,LAUNCH_ACTIVITY]
05-22 17:51:38.199  1000   622   644 I sysui_multi_action: [319,175,321,164,322,468,325,906,757,761,758,8,759,1,806,com.jx.launcher,871,com.zmapp.activity.PlaysimActivity,904,com.jx.launcher,905,0]
05-22 17:51:38.199  1000   622   644 I am_activity_launch_time: [0,172499079,com.jx.launcher/com.zmapp.activity.PlaysimActivity,169,442]
05-22 17:51:38.401  1000   622   622 I volume_changed: [4,7,6,7,MediaSessionService]
05-22 17:51:38.406 10022   925  1007 I sysui_action: [211,6]
05-22 17:51:38.406 10022   925  1007 I sysui_multi_action: [757,211,758,4,759,6]
05-22 17:51:38.475  1000   622   622 I volume_changed: [4,6,7,7,MediaSessionService]
05-22 17:51:38.487 10022   925  1007 I sysui_action: [211,7]
05-22 17:51:38.487 10022   925  1007 I sysui_multi_action: [757,211,758,4,759,7]
05-22 17:51:38.492  1000   622  2276 I wm_task_created: [19,1]
05-22 17:51:38.492  1000   622  2276 I wm_task_moved: [19,1,7]
05-22 17:51:38.493  1000   622  2276 I wm_task_moved: [19,1,7]
05-22 17:51:38.494  1000   622  2276 I am_create_task: [0,19]
05-22 17:51:38.494  1000   622  2276 I am_create_activity: [0,176349295,19,com.android.systemui/.NoNetAlertActivity,NULL,NULL,NULL,268435456]
05-22 17:51:38.494  1000   622  2276 I wm_task_moved: [19,1,7]
05-22 17:51:38.499  1000   622  2276 I am_pause_activity: [0,172499079,com.jx.launcher/com.zmapp.activity.PlaysimActivity]
05-22 17:51:38.503  1000  1310  1310 I am_on_paused_called: [0,com.zmapp.activity.PlaysimActivity,handlePauseActivity]
05-22 17:51:38.544  1000   622   992 I am_restart_activity: [0,176349295,19,com.android.systemui/.NoNetAlertActivity]
05-22 17:51:38.548  1000   622   992 I am_set_resumed_activity: [0,com.android.systemui/.NoNetAlertActivity,minimalResumeActivityLocked]
05-22 17:51:38.556  1000   622   636 I am_stop_activity: [0,163146927,com.jx.launcher/.Launcher]
05-22 17:51:38.557  1000   622   636 I am_stop_activity: [0,157894150,com.example.demo1/com.example.plokmju.activity.LoginActivity]
05-22 17:51:38.572  1000  1310  1310 I am_on_stop_called: [0,com.jx.launcher.Launcher,handleStopActivity]
05-22 17:51:38.573 10081  2653  2653 I am_on_stop_called: [0,com.example.plokmju.activity.LoginActivity,handleStopActivity]
05-22 17:51:38.595  1000   622   636 I sysui_count: [window_time_0,1]
05-22 17:51:38.595  1000   622   636 I sysui_multi_action: [757,803,799,window_time_0,802,1]
05-22 17:51:38.596 10022   925   925 I am_on_resume_called: [0,com.android.systemui.NoNetAlertActivity,LAUNCH_ACTIVITY]
05-22 17:51:38.674 10022   925  1007 I sysui_action: [210,5]
05-22 17:51:38.674 10022   925  1007 I sysui_multi_action: [757,210,758,4,759,5]
05-22 17:51:38.677  1000   622   644 I sysui_multi_action: [319,102,321,88,322,202,325,907,757,761,758,8,759,1,806,com.android.systemui,871,com.android.systemui.NoNetAlertActivity,904,android,905,0]
05-22 17:51:38.677 10022   925   925 I sysui_action: [209,0]
05-22 17:51:38.677  1000   622   644 I am_activity_launch_time: [0,176349295,com.android.systemui/.NoNetAlertActivity,169,169]
05-22 17:51:38.677 10022   925   925 I sysui_multi_action: [757,209,758,4,759,0]
05-22 17:51:38.688  1000   622  1141 I volume_changed: [5,1,0,7,com.android.systemui]
05-22 17:51:38.749 10022   925   925 I menu_opened: 0
05-22 17:51:38.769  1000   622   632 I am_stop_activity: [0,172499079,com.jx.launcher/com.zmapp.activity.PlaysimActivity]
05-22 17:51:38.773  1000  1310  1310 I am_on_stop_called: [0,com.zmapp.activity.PlaysimActivity,handleStopActivity]
05-22 17:51:39.037  1000   622   955 I sysui_count: [key_back_down,1]
05-22 17:51:39.038  1000   622   955 I sysui_multi_action: [757,803,799,key_back_down,802,1]
05-22 17:51:39.107  1000   622  2276 I am_finish_activity: [0,176349295,19,com.android.systemui/.NoNetAlertActivity,app-request]
05-22 17:51:39.109  1000   622  2276 I am_pause_activity: [0,176349295,com.android.systemui/.NoNetAlertActivity]
05-22 17:51:39.113 10022   925   925 I am_on_paused_called: [0,com.android.systemui.NoNetAlertActivity,handlePauseActivity]
05-22 17:51:39.113  1000   622   636 I sysui_count: [window_time_0,0]
05-22 17:51:39.113  1000   622   636 I sysui_multi_action: [757,803,799,window_time_0,802,0]
05-22 17:51:39.116  1000   622  2276 I am_set_resumed_activity: [0,com.jx.launcher/com.zmapp.activity.PlaysimActivity,resumeTopActivityInnerLocked]
05-22 17:51:39.146  1000   622  2276 I am_resume_activity: [0,172499079,18,com.jx.launcher/com.zmapp.activity.PlaysimActivity]
05-22 17:51:39.155  1000   622   636 I sysui_count: [window_time_0,0]
05-22 17:51:39.155  1000   622   636 I sysui_multi_action: [757,803,799,window_time_0,802,0]
05-22 17:51:39.158  1000  1310  1310 I am_on_resume_called: [0,com.zmapp.activity.PlaysimActivity,RESUME_ACTIVITY]
05-22 17:51:39.477  1000   622  1240 I am_destroy_activity: [0,176349295,19,com.android.systemui/.NoNetAlertActivity,finish-imm]
05-22 17:51:39.483  1000   622  1240 I am_finish_activity: [0,172499079,18,com.jx.launcher/com.zmapp.activity.PlaysimActivity,app-request]
05-22 17:51:39.484  1000   622  1240 I am_pause_activity: [0,172499079,com.jx.launcher/com.zmapp.activity.PlaysimActivity]
05-22 17:51:39.489  1000   622   636 I sysui_count: [window_time_0,1]
05-22 17:51:39.489  1000   622   636 I sysui_multi_action: [757,803,799,window_time_0,802,1]
05-22 17:51:39.579  1000  1310  1310 I am_on_paused_called: [0,com.zmapp.activity.PlaysimActivity,handlePauseActivity]
05-22 17:51:39.583  1000   622  1240 I am_set_resumed_activity: [0,com.jx.launcher/.Launcher,resumeTopActivityInnerLocked]
05-22 17:51:39.584  1000   622  1240 I am_resume_activity: [0,163146927,18,com.jx.launcher/.Launcher]
05-22 17:51:39.590  1000   622   636 I sysui_count: [window_time_0,0]
05-22 17:51:39.590  1000   622   636 I sysui_multi_action: [757,803,799,window_time_0,802,0]
05-22 17:51:39.621 10022   925   925 I am_on_stop_called: [0,com.android.systemui.NoNetAlertActivity,destroy]
05-22 17:51:39.624  1000  1310  1310 I am_on_resume_called: [0,com.jx.launcher.Launcher,RESUME_ACTIVITY]
05-22 17:51:39.726  1000   622   632 I wm_task_removed: [19,removeAppToken: last token]
05-22 17:51:39.727  1000   622   632 I wm_task_removed: [19,removeTask]
05-22 17:51:39.890  1000   622   955 I wm_task_moved: [15,1,6]
05-22 17:51:39.892  1000   622   955 I am_pause_activity: [0,163146927,com.jx.launcher/.Launcher]
05-22 17:51:39.895  1000   622   955 I am_task_to_front: [0,15]
05-22 17:51:39.954  1000  1310  1310 I am_on_paused_called: [0,com.jx.launcher.Launcher,handlePauseActivity]
05-22 17:51:39.959  1000   622  1240 I am_set_resumed_activity: [0,com.yingyonghui.market/.ui.MainActivity,resumeTopActivityInnerLocked]
05-22 17:51:40.019  1000   622  1240 I am_resume_activity: [0,202087456,15,com.yingyonghui.market/.ui.MainActivity]
05-22 17:51:40.029  1000   622   636 I am_destroy_activity: [0,172499079,18,com.jx.launcher/com.zmapp.activity.PlaysimActivity,finish-imm]
05-22 17:51:40.030  1000   622   636 I sysui_count: [window_time_0,0]
05-22 17:51:40.030  1000   622   636 I sysui_multi_action: [757,803,799,window_time_0,802,0]
05-22 17:51:40.072 10076  2492  2492 I am_on_resume_called: [0,com.yingyonghui.market.ui.MainActivity,RESUME_ACTIVITY]
05-22 17:51:40.086  1000  1310  1310 I am_on_stop_called: [0,com.zmapp.activity.PlaysimActivity,destroy]
05-22 17:51:40.276  1000   622   644 I sysui_multi_action: [319,377,322,377,325,908,757,761,758,9,759,2,806,com.yingyonghui.market,871,com.yingyonghui.market.ui.MainActivity,905,0]
05-22 17:51:40.506  1000   622  1141 I sysui_count: [key_back_down,1]
05-22 17:51:40.506  1000   622  1141 I sysui_multi_action: [757,803,799,key_back_down,802,1]
05-22 17:51:40.958 10022   925  1007 I sysui_action: [210,3]
05-22 17:51:40.958 10022   925  1007 I sysui_multi_action: [757,210,758,4,759,3]
05-22 17:51:40.961 10022   925   925 I sysui_action: [209,1]
05-22 17:51:40.965 10022   925   925 I sysui_multi_action: [757,209,758,4,759,1]
05-22 17:51:40.968  1000   622  2276 I volume_changed: [3,15,1,15,com.android.systemui]
05-22 17:51:41.065  1000   622   622 I volume_changed: [3,1,0,15,MediaSessionService]
05-22 17:51:41.072 10022   925  1007 I sysui_action: [211,0]
05-22 17:51:41.072 10022   925  1007 I sysui_multi_action: [757,211,758,4,759,0]
05-22 17:51:41.205  1000   622   917 I am_meminfo: [159195136,38420480,42266624,82014208,185472000]
05-22 17:51:41.271 10022   925  1007 I sysui_action: [210,5]
05-22 17:51:41.272 10022   925  1007 I sysui_multi_action: [757,210,758,4,759,5]
05-22 17:51:41.277  1000   622  2276 I volume_changed: [5,0,2,7,com.android.systemui]
05-22 17:51:41.310  1041   254   254 I auditd  : type=1400 audit(0.0:247): avc: denied { read } for comm="audio@2.0-servi" name="corefile" dev="mmcblk0p33" ino=101 scontext=u:r:hal_audio_default:s0 tcontext=u:object_r:coredump_file:s0 tclass=dir permissive=0
05-22 17:51:41.328 10022   925   925 I sysui_action: [209,2]
05-22 17:51:41.328 10022   925   925 I sysui_multi_action: [757,209,758,4,759,2]
05-22 17:51:41.334 10022   925  1007 I sysui_action: [210,2]
05-22 17:51:41.334 10022   925  1007 I sysui_multi_action: [757,210,758,4,759,2]
05-22 17:51:41.335 10022   925   925 I sysui_action: [209,0]
05-22 17:51:41.335 10022   925   925 I sysui_multi_action: [757,209,758,4,759,0]
05-22 17:51:41.340  1000   622  2276 I volume_changed: [2,6,1,7,com.android.systemui]
05-22 17:51:41.350  1041  2717  2717 I auditd  : type=1400 audit(0.0:248): avc: denied { read } for comm="crash_dump32" name="corefile" dev="mmcblk0p33" ino=101 scontext=u:r:crash_dump:s0 tcontext=u:object_r:coredump_file:s0 tclass=dir permissive=0
05-22 17:51:41.361  1000   622   917 I volume_changed: [2,1,0,7,com.android.systemui]
05-22 17:51:41.398 10022   925  1007 I sysui_action: [213,1]
05-22 17:51:41.398 10022   925  1007 I sysui_multi_action: [757,213,758,4,759,1]
05-22 17:51:41.600  1002   255   255 I auditd  : type=1400 audit(0.0:249): avc: denied { read } for comm="bluetooth@1.0-s" name="corefile" dev="mmcblk0p33" ino=101 scontext=u:r:hal_bluetooth_default:s0 tcontext=u:object_r:coredump_file:s0 tclass=dir permissive=0
05-22 17:51:41.630  1002  2723  2723 I auditd  : type=1400 audit(0.0:250): avc: denied { read } for comm="crash_dump32" name="corefile" dev="mmcblk0p33" ino=101 scontext=u:r:crash_dump:s0 tcontext=u:object_r:coredump_file:s0 tclass=dir permissive=0
05-22 17:51:41.680  1047   256   256 I auditd  : type=1400 audit(0.0:251): avc: denied { read } for comm="provider@2.4-se" name="corefile" dev="mmcblk0p33" ino=101 scontext=u:r:hal_camera_default:s0 tcontext=u:object_r:coredump_file:s0 tclass=dir permissive=0
05-22 17:51:41.740  1047  2727  2727 I auditd  : type=1400 audit(0.0:252): avc: denied { read } for comm="crash_dump32" name="corefile" dev="mmcblk0p33" ino=101 scontext=u:r:crash_dump:s0 tcontext=u:object_r:coredump_file:s0 tclass=dir permissive=0
05-22 17:51:41.870  1000   263   263 I auditd  : type=1400 audit(0.0:253): avc: denied { read } for comm="composer@2.1-se" name="corefile" dev="mmcblk0p33" ino=101 scontext=u:r:hal_graphics_composer_default:s0 tcontext=u:object_r:coredump_file:s0 tclass=dir permissive=0
05-22 17:51:41.910  1000  2731  2731 I auditd  : type=1400 audit(0.0:254): avc: denied { read } for comm="crash_dump32" name="corefile" dev="mmcblk0p33" ino=101 scontext=u:r:crash_dump:s0 tcontext=u:object_r:coredump_file:s0 tclass=dir permissive=0
05-22 17:51:42.340  1000   267   267 I auditd  : type=1400 audit(0.0:255): avc: denied { read } for comm="sensors@1.0-ser" name="corefile" dev="mmcblk0p33" ino=101 scontext=u:r:hal_sensors_default:s0 tcontext=u:object_r:coredump_file:s0 tclass=dir permissive=0
05-22 17:51:42.380  1000  2735  2735 I auditd  : type=1400 audit(0.0:256): avc: denied { read } for comm="crash_dump32" name="corefile" dev="mmcblk0p33" ino=101 scontext=u:r:crash_dump:s0 tcontext=u:object_r:coredump_file:s0 tclass=dir permissive=0
05-22 17:51:42.447 10022   925  1008 I sysui_multi_action: [757,1093,758,4,793,20605,1094,605093889,1095,5]
05-22 17:51:42.450  1000   283   283 I auditd  : type=1400 audit(0.0:257): avc: denied { read } for comm="surfaceflinger" name="corefile" dev="mmcblk0p33" ino=101 scontext=u:r:surfaceflinger:s0 tcontext=u:object_r:coredump_file:s0 tclass=dir permissive=0
05-22 17:51:42.490  1000  2738  2738 I auditd  : type=1400 audit(0.0:258): avc: denied { read } for comm="crash_dump32" name="corefile" dev="mmcblk0p33" ino=101 scontext=u:r:crash_dump:s0 tcontext=u:object_r:coredump_file:s0 tclass=dir permissive=0
05-22 17:51:42.950  1041   327   327 I auditd  : type=1400 audit(0.0:259): avc: denied { read } for comm="audioserver" name="corefile" dev="mmcblk0p33" ino=101 scontext=u:r:audioserver:s0 tcontext=u:object_r:coredump_file:s0 tclass=dir permissive=0
05-22 17:51:42.990  1041  2741  2741 I auditd  : type=1400 audit(0.0:260): avc: denied { read } for comm="crash_dump32" name="corefile" dev="mmcblk0p33" ino=101 scontext=u:r:crash_dump:s0 tcontext=u:object_r:coredump_file:s0 tclass=dir permissive=0
05-22 17:51:43.170  1047   328   328 I auditd  : type=1400 audit(0.0:261): avc: denied { read } for comm="cameraserver" name="corefile" dev="mmcblk0p33" ino=101 scontext=u:r:cameraserver:s0 tcontext=u:object_r:coredump_file:s0 tclass=dir permissive=0
05-22 17:51:43.200  1047  2745  2745 I auditd  : type=1400 audit(0.0:262): avc: denied { read } for comm="crash_dump32" name="corefile" dev="mmcblk0p33" ino=101 scontext=u:r:crash_dump:s0 tcontext=u:object_r:coredump_file:s0 tclass=dir permissive=0
05-22 17:51:43.300   drm   329   329 I auditd  : type=1400 audit(0.0:263): avc: denied { read } for comm="drmserver" name="corefile" dev="mmcblk0p33" ino=101 scontext=u:r:drmserver:s0 tcontext=u:object_r:coredump_file:s0 tclass=dir permissive=0
05-22 17:51:43.318 10022   925   925 I sysui_action: [212,2]
05-22 17:51:43.318 10022   925   925 I sysui_multi_action: [757,212,758,4,759,2]
05-22 17:51:43.318 10022   925  1007 I sysui_action: [210,3]
05-22 17:51:43.318 10022   925  1007 I sysui_multi_action: [757,210,758,4,759,3]
05-22 17:51:43.325  1000   622  1141 I volume_changed: [3,0,1,15,com.android.systemui]
05-22 17:51:43.330   drm  2748  2748 I auditd  : type=1400 audit(0.0:264): avc: denied { read } for comm="crash_dump32" name="corefile" dev="mmcblk0p33" ino=101 scontext=u:r:crash_dump:s0 tcontext=u:object_r:coredump_file:s0 tclass=dir permissive=0
05-22 17:51:43.439  1000   622   736 I wm_task_created: [20,1]
05-22 17:51:43.440  1000   622   736 I wm_task_moved: [20,1,7]
05-22 17:51:43.440  1000   622   736 I wm_task_moved: [20,1,7]
05-22 17:51:43.441  1000   622   736 I am_create_task: [0,20]
05-22 17:51:43.441  1000   622   736 I am_create_activity: [0,260407757,20,com.android.systemui/.settings.BrightnessDialog,com.android.intent.action.SHOW_BRIGHTNESS_DIALOG,NULL,NULL,276824064]
05-22 17:51:43.441  1000   622   736 I wm_task_moved: [20,1,7]
05-22 17:51:43.443  1000   622   736 I am_pause_activity: [0,202087456,com.yingyonghui.market/.ui.MainActivity]
05-22 17:51:43.487 10076  2492  2492 I am_on_paused_called: [0,com.yingyonghui.market.ui.MainActivity,handlePauseActivity]
05-22 17:51:43.490 media   337   337 I auditd  : type=1400 audit(0.0:265): avc: denied { read } for comm="mediadrmserver" name="corefile" dev="mmcblk0p33" ino=101 scontext=u:r:mediadrmserver:s0 tcontext=u:object_r:coredump_file:s0 tclass=dir permissive=0
05-22 17:51:43.501  1000   622  1141 I am_restart_activity: [0,260407757,20,com.android.systemui/.settings.BrightnessDialog]
05-22 17:51:43.503  1000   622  1141 I am_set_resumed_activity: [0,com.android.systemui/.settings.BrightnessDialog,minimalResumeActivityLocked]
05-22 17:51:43.520 media  2753  2753 I auditd  : type=1400 audit(0.0:266): avc: denied { read } for comm="crash_dump32" name="corefile" dev="mmcblk0p33" ino=101 scontext=u:r:crash_dump:s0 tcontext=u:object_r:coredump_file:s0 tclass=dir permissive=0
05-22 17:51:43.543  1000   622   636 I sysui_count: [window_time_0,4]
05-22 17:51:43.544  1000   622   636 I sysui_multi_action: [757,803,799,window_time_0,802,4]
05-22 17:51:43.568 10022   925   925 I sysui_view_visibility: [220,100]
05-22 17:51:43.568 10022   925   925 I sysui_multi_action: [757,220,758,1]
05-22 17:51:43.570  1040   345   345 I auditd  : type=1400 audit(0.0:267): avc: denied { read } for comm="mediaextractor" name="corefile" dev="mmcblk0p33" ino=101 scontext=u:r:mediaextractor:s0 tcontext=u:object_r:coredump_file:s0 tclass=dir permissive=0
05-22 17:51:43.571 10022   925   925 I am_on_resume_called: [0,com.android.systemui.settings.BrightnessDialog,LAUNCH_ACTIVITY]
05-22 17:51:43.590 media   348   348 I auditd  : type=1400 audit(0.0:268): avc: denied { read } for comm="mediaserver" name="corefile" dev="mmcblk0p33" ino=101 scontext=u:r:mediaserver:s0 tcontext=u:object_r:coredump_file:s0 tclass=dir permissive=0
05-22 17:51:43.620 media  2760  2760 I auditd  : type=1400 audit(0.0:269): avc: denied { read } for comm="crash_dump32" name="corefile" dev="mmcblk0p33" ino=101 scontext=u:r:crash_dump:s0 tcontext=u:object_r:coredump_file:s0 tclass=dir permissive=0
05-22 17:51:43.710  1046   354   354 I auditd  : type=1400 audit(0.0:270): avc: denied { read } for comm="omx@1.0-service" name="corefile" dev="mmcblk0p33" ino=101 scontext=u:r:mediacodec:s0 tcontext=u:object_r:coredump_file:s0 tclass=dir permissive=0
05-22 17:51:43.740  1046   354   354 I auditd  : type=1400 audit(0.0:271): avc: denied { read } for comm="HwBinder:354_1" name="corefile" dev="mmcblk0p33" ino=101 scontext=u:r:mediacodec:s0 tcontext=u:object_r:coredump_file:s0 tclass=dir permissive=0
05-22 17:51:43.750  1046   354   354 I auditd  : type=1400 audit(0.0:272): avc: denied { read } for comm="HwBinder:354_2" name="corefile" dev="mmcblk0p33" ino=101 scontext=u:r:mediacodec:s0 tcontext=u:object_r:coredump_file:s0 tclass=dir permissive=0
05-22 17:51:43.760  1046   354   354 I auditd  : type=1400 audit(0.0:273): avc: denied { read } for comm="Binder:354_1" name="corefile" dev="mmcblk0p33" ino=101 scontext=u:r:mediacodec:s0 tcontext=u:object_r:coredump_file:s0 tclass=dir permissive=0
05-22 17:51:43.780  1046   354   354 I auditd  : type=1400 audit(0.0:274): avc: denied { read } for comm="HwBinder:354_3" name="corefile" dev="mmcblk0p33" ino=101 scontext=u:r:mediacodec:s0 tcontext=u:object_r:coredump_file:s0 tclass=dir permissive=0
05-22 17:51:43.790  1046   354   354 I auditd  : type=1400 audit(0.0:275): avc: denied { read } for comm="HwBinder:354_4" name="corefile" dev="mmcblk0p33" ino=101 scontext=u:r:mediacodec:s0 tcontext=u:object_r:coredump_file:s0 tclass=dir permissive=0
05-22 17:51:43.800  1046   354   354 I auditd  : type=1400 audit(0.0:276): avc: denied { read } for comm="HwBinder:354_5" name="corefile" dev="mmcblk0p33" ino=101 scontext=u:r:mediacodec:s0 tcontext=u:object_r:coredump_file:s0 tclass=dir permissive=0
05-22 17:51:43.810  1046   354   354 I auditd  : type=1400 audit(0.0:277): avc: denied { read } for comm="rd.h264.encoder" name="corefile" dev="mmcblk0p33" ino=101 scontext=u:r:mediacodec:s0 tcontext=u:object_r:coredump_file:s0 tclass=dir permissive=0
05-22 17:51:43.820  1046   354   354 I auditd  : type=1400 audit(0.0:278): avc: denied { read } for comm="OMXCallbackDisp" name="corefile" dev="mmcblk0p33" ino=101 scontext=u:r:mediacodec:s0 tcontext=u:object_r:coredump_file:s0 tclass=dir permissive=0
05-22 17:51:43.830  1046   354   354 I auditd  : type=1400 audit(0.0:279): avc: denied { read } for comm="HwBinder:354_5" name="corefile" dev="mmcblk0p33" ino=101 scontext=u:r:mediacodec:s0 tcontext=u:object_r:coredump_file:s0 tclass=dir permissive=0
05-22 17:51:43.840  1046   354   354 I auditd  : type=1400 audit(0.0:280): avc: denied { read } for comm="ALooper" name="corefile" dev="mmcblk0p33" ino=101 scontext=u:r:mediacodec:s0 tcontext=u:object_r:coredump_file:s0 tclass=dir permissive=0
05-22 17:51:43.866  1000   622   644 I am_activity_launch_time: [0,260407757,com.android.systemui/.settings.BrightnessDialog,349,349]
05-22 17:51:43.867  1000   622   644 I sysui_multi_action: [319,401,322,400,325,912,757,761,758,8,759,2,806,com.android.systemui,871,com.android.systemui.settings.BrightnessDialog,904,android,905,0]
05-22 17:51:43.924  1000   622   992 I am_stop_activity: [0,163146927,com.jx.launcher/.Launcher]
05-22 17:51:43.927  1000   622   917 I sysui_count: [key_back_down,1]
05-22 17:51:43.927  1000   622   917 I sysui_multi_action: [757,803,799,key_back_down,802,1]
05-22 17:51:43.928  1000  1310  1310 I am_on_stop_called: [0,com.jx.launcher.Launcher,handleStopActivity]
05-22 17:51:44.245 10022   925   925 I menu_opened: 0
05-22 17:51:44.648  1000   622   917 I am_finish_activity: [0,260407757,20,com.android.systemui/.settings.BrightnessDialog,app-request]
05-22 17:51:44.649  1000   622   917 I am_pause_activity: [0,260407757,com.android.systemui/.settings.BrightnessDialog]
05-22 17:51:44.668  1000   622   636 I sysui_count: [window_time_0,1]
05-22 17:51:44.669  1000   622   636 I sysui_multi_action: [757,803,799,window_time_0,802,1]
05-22 17:51:44.669 10022   925   925 I sysui_action: [209,7]
05-22 17:51:44.669 10022   925   925 I sysui_multi_action: [757,209,758,4,759,7]
05-22 17:51:44.672 10022   925   925 I sysui_action: [209,3]
05-22 17:51:44.672 10022   925   925 I sysui_multi_action: [757,209,758,4,759,3]
05-22 17:51:44.673 10022   925   925 I am_on_paused_called: [0,com.android.systemui.settings.BrightnessDialog,handlePauseActivity]
05-22 17:51:44.686  1000   622  1303 I wm_task_created: [21,1]
05-22 17:51:44.686  1000   622  1303 I wm_task_moved: [21,1,8]
05-22 17:51:44.686  1000   622  1303 I wm_task_moved: [21,1,8]
05-22 17:51:44.688  1000   622  1303 I am_create_task: [0,21]
05-22 17:51:44.688  1000   622  1303 I am_create_activity: [0,25373135,21,com.tencent.mm/.ui.LauncherUI,android.intent.action.MAIN,NULL,NULL,270532608]
05-22 17:51:44.689  1000   622  1303 I wm_task_moved: [21,1,8]
05-22 17:51:44.704  1000   622  2276 I am_uid_running: 10080
05-22 17:51:44.721  1000   622  2276 I am_proc_start: [0,2766,10080,com.tencent.mm,activity,com.tencent.mm/.ui.LauncherUI]
05-22 17:51:44.862  1000   622   636 I sysui_count: [window_time_0,0]
05-22 17:51:44.862  1000   622   636 I sysui_multi_action: [757,803,799,window_time_0,802,0]
05-22 17:51:44.873  1000   622  2490 I am_proc_bound: [0,2766,com.tencent.mm]
05-22 17:51:44.916  1000   622  2490 I am_uid_active: 10080
05-22 17:51:44.916  1000   622  2490 I am_restart_activity: [0,25373135,21,com.tencent.mm/.ui.LauncherUI]
05-22 17:51:44.917  1000   622  2490 I am_set_resumed_activity: [0,com.tencent.mm/.ui.LauncherUI,minimalResumeActivityLocked]
05-22 17:51:44.949  1000   622   917 I volume_changed: [3,1,7,15,com.android.systemui]
