01-01 08:09:00.904  1000  1310  1310 I am_on_stop_called: [0,com.jx.launcher.Launcher,handleStopActivity]
01-01 08:09:07.184  1000   622   874 I am_uid_active: 10019
01-01 08:09:07.285  1000   622   636 I am_uid_running: 10006
01-01 08:09:07.298  1000   622   636 I am_proc_start: [0,1931,10006,com.android.cellbroadcastreceiver,broadcast,com.android.cellbroadcastreceiver/.CellBroadcastReceiver]
01-01 08:09:07.300  1000   622   632 I am_uid_active: 10004
01-01 08:09:07.300  1000   622   632 I am_create_service: [0,180530140,.DefaultCarrierConfigServiceEx,10004,1465]
01-01 08:09:07.318  1000   622   632 I am_destroy_service: [0,180530140,1465]
01-01 08:09:07.331  1000   622  1141 I am_proc_bound: [0,1931,com.android.cellbroadcastreceiver]
01-01 08:09:07.616  1000   622   955 I wm_stack_created: 1
01-01 08:09:07.616  1000   622   955 I wm_task_created: [7,1]
01-01 08:09:07.617  1000   622   955 I wm_task_moved: [7,1,0]
01-01 08:09:07.617  1000   622   955 I am_focused_stack: [0,1,0,reuseOrNewTask]
01-01 08:09:07.617  1000   622   955 I wm_task_moved: [7,1,0]
01-01 08:09:07.618  1000   622   955 I am_create_task: [0,7]
01-01 08:09:07.618  1000   622   955 I am_create_activity: [0,81173108,7,com.android.settings/.DwDevelopSetActivity,android.intent.action.MAIN,NULL,NULL,268435456]
01-01 08:09:07.618  1000   622   955 I wm_task_moved: [7,1,0]
01-01 08:09:07.622  1000   622   955 I am_pause_activity: [0,248719046,com.divo.phone/.MainActivity]
01-01 08:09:07.623  1000  1892  1892 I am_on_paused_called: [0,com.divo.phone.MainActivity,handlePauseActivity]
01-01 08:09:07.632  1000   622  1141 I am_restart_activity: [0,81173108,7,com.android.settings/.DwDevelopSetActivity]
01-01 08:09:07.635  1000   622  1141 I am_set_resumed_activity: [0,com.android.settings/.DwDevelopSetActivity,minimalResumeActivityLocked]
01-01 08:09:07.641  1000   622   636 I sysui_count: [window_time_0,13]
01-01 08:09:07.641  1000   622   636 I sysui_multi_action: [757,803,799,window_time_0,802,13]
01-01 08:09:07.665  1000   622  1141 I am_proc_start: [0,1952,1000,com.sprd.bootres,broadcast,com.sprd.bootres/.BootSelectReceiver]
01-01 08:09:07.676  1000  1061  1061 I am_on_resume_called: [0,com.android.settings.DwDevelopSetActivity,LAUNCH_ACTIVITY]
01-01 08:09:07.702  1000   622   632 I am_proc_bound: [0,1952,com.sprd.bootres]
01-01 08:09:07.759  1000   622   644 I sysui_multi_action: [319,52,321,46,322,139,325,173,757,761,758,8,759,1,806,com.android.settings,871,com.android.settings.DwDevelopSetActivity,904,com.sprd.engineermode,905,0]
01-01 08:09:07.759  1000   622   644 I am_activity_launch_time: [0,81173108,com.android.settings/.DwDevelopSetActivity,126,126]
01-01 08:09:07.760  1000   622   636 I am_stop_activity: [0,248719046,com.divo.phone/.MainActivity]
01-01 08:09:07.762  1000  1892  1892 I am_on_stop_called: [0,com.divo.phone.MainActivity,handleStopActivity]
01-01 08:09:08.345  1000   622   632 I am_finish_activity: [0,81173108,7,com.android.settings/.DwDevelopSetActivity,app-request]
01-01 08:09:08.345  1000   622   632 I am_focused_stack: [0,0,1,finishActivity adjustFocus]
01-01 08:09:08.345  1000   622   632 I wm_task_moved: [4,1,0]
01-01 08:09:08.346  1000   622   632 I am_pause_activity: [0,81173108,com.android.settings/.DwDevelopSetActivity]
01-01 08:09:08.349  1000   622   636 I sysui_count: [window_time_0,0]
01-01 08:09:08.349  1000   622   636 I sysui_multi_action: [757,803,799,window_time_0,802,0]
01-01 08:09:08.351  1000  1061  1061 I am_on_paused_called: [0,com.android.settings.DwDevelopSetActivity,handlePauseActivity]
01-01 08:09:08.355  1000   622   992 I am_set_resumed_activity: [0,com.divo.phone/.MainActivity,resumeTopActivityInnerLocked]
01-01 08:09:08.407  1000   622   992 I am_resume_activity: [0,248719046,4,com.divo.phone/.MainActivity]
01-01 08:09:08.417  1000   622   636 I sysui_count: [window_time_0,0]
01-01 08:09:08.417  1000   622   636 I sysui_multi_action: [757,803,799,window_time_0,802,0]
01-01 08:09:08.419 shell  1971  1971 I auditd  : type=1400 audit(0.0:210): avc: denied { search } for comm="adbd" name="adb" dev="mmcblk0p33" ino=91 scontext=u:r:adbd:s0 tcontext=u:object_r:adb_data_file:s0 tclass=dir permissive=0
01-01 08:09:08.421  1000  1892  1892 I am_on_resume_called: [0,com.divo.phone.MainActivity,RESUME_ACTIVITY]
01-01 08:09:08.496  1000   622   636 I am_destroy_activity: [0,81173108,7,com.android.settings/.DwDevelopSetActivity,finish-imm]
01-01 08:09:08.499  1000   622   636 I am_kill : [0,1283,com.android.keychain,906,empty #17]
01-01 08:09:08.501  1000  1061  1061 I am_on_stop_called: [0,com.android.settings.DwDevelopSetActivity,destroy]
01-01 08:09:08.505  1000   622  1141 I wm_task_removed: [7,removeAppToken: last token]
01-01 08:09:08.505  1000   622  1141 I wm_task_removed: [7,removeTask]
01-01 08:09:08.505  1000   622  1141 I wm_stack_removed: 1
01-01 08:09:08.520  1000   622   622 I notification_enqueue: [1000,622,android,26,NULL,-1,Notification(channel=DEVELOPER pri=0 contentView=null vibrate=null sound=null tick defaults=0x0 flags=0x2 color=0xff607d8b vis=PUBLIC),0]
01-01 08:09:08.557  1000   622   632 I notification_expansion: [-1|android|26|null|1000,0,1,39,39,0]
01-01 08:09:08.558  1000   622  1141 I am_proc_died: [0,1283,com.android.keychain,906,17]
01-01 08:09:09.197  1000   622   642 I wm_stack_created: 1
01-01 08:09:09.198  1000   622   642 I wm_task_created: [8,1]
01-01 08:09:09.199  1000   622   642 I wm_task_moved: [8,1,0]
01-01 08:09:09.199  1000   622   642 I am_focused_stack: [0,1,0,reuseOrNewTask]
01-01 08:09:09.199  1000   622   642 I wm_task_moved: [8,1,0]
01-01 08:09:09.200  1000   622   642 I am_create_task: [0,8]
01-01 08:09:09.200  1000   622   642 I am_create_activity: [0,230478192,8,com.android.systemui/.usb.UsbDebuggingActivity,NULL,NULL,NULL,276824064]
01-01 08:09:09.201  1000   622   642 I wm_task_moved: [8,1,0]
01-01 08:09:09.203  1000   622   642 I am_pause_activity: [0,248719046,com.divo.phone/.MainActivity]
01-01 08:09:09.204  1000  1892  1892 I am_on_paused_called: [0,com.divo.phone.MainActivity,handlePauseActivity]
01-01 08:09:09.212  1000   622  1141 I am_restart_activity: [0,230478192,8,com.android.systemui/.usb.UsbDebuggingActivity]
01-01 08:09:09.215  1000   622  1141 I am_set_resumed_activity: [0,com.android.systemui/.usb.UsbDebuggingActivity,minimalResumeActivityLocked]
01-01 08:09:09.219  1000   622   636 I sysui_count: [window_time_0,1]
01-01 08:09:09.219  1000   622   636 I sysui_multi_action: [757,803,799,window_time_0,802,1]
01-01 08:09:09.263 10022   925   925 I am_on_resume_called: [0,com.android.systemui.usb.UsbDebuggingActivity,LAUNCH_ACTIVITY]
01-01 08:09:09.302  1000   622  1141 I am_finish_activity: [0,230478192,8,com.android.systemui/.usb.UsbDebuggingActivity,app-request]
01-01 08:09:09.302  1000   622  1141 I am_focused_stack: [0,0,1,finishActivity adjustFocus]
01-01 08:09:09.302  1000   622  1141 I wm_task_moved: [4,1,0]
01-01 08:09:09.305  1000   622  1141 I am_pause_activity: [0,230478192,com.android.systemui/.usb.UsbDebuggingActivity]
01-01 08:09:09.307  1000   622   636 I sysui_count: [window_time_0,0]
01-01 08:09:09.307  1000   622   636 I sysui_multi_action: [757,803,799,window_time_0,802,0]
01-01 08:09:09.518 10022   925   925 I am_on_paused_called: [0,com.android.systemui.usb.UsbDebuggingActivity,handlePauseActivity]
01-01 08:09:09.522  1000   622  1141 I am_destroy_activity: [0,230478192,8,com.android.systemui/.usb.UsbDebuggingActivity,finish-imm]
01-01 08:09:09.527  1000   622  1141 I am_set_resumed_activity: [0,com.divo.phone/.MainActivity,resumeTopActivityInnerLocked]
01-01 08:09:09.528  1000   622  1141 I am_resume_activity: [0,248719046,4,com.divo.phone/.MainActivity]
01-01 08:09:09.535  1000   622   636 I sysui_count: [window_time_0,1]
01-01 08:09:09.535  1000   622   636 I sysui_multi_action: [757,803,799,window_time_0,802,1]
01-01 08:09:09.536  1000  1892  1892 I am_on_resume_called: [0,com.divo.phone.MainActivity,RESUME_ACTIVITY]
01-01 08:09:09.604 10022   925   925 I am_on_stop_called: [0,com.android.systemui.usb.UsbDebuggingActivity,destroy]
01-01 08:09:09.626  1000   622   955 I wm_task_removed: [8,removeAppToken: last token]
01-01 08:09:09.626  1000   622   955 I wm_task_removed: [8,removeTask]
01-01 08:09:09.627  1000   622   955 I wm_stack_removed: 1
01-01 08:09:10.044  1000   622   636 I am_uid_idle: 10002
01-01 08:09:12.859 shell  1990  1990 I auditd  : type=1400 audit(0.0:211): avc: denied { read } for comm="main" name="u:object_r:media_prop:s0" dev="tmpfs" ino=5040 scontext=u:r:shell:s0 tcontext=u:object_r:media_prop:s0 tclass=file permissive=0
01-01 08:09:12.899  1046   354   354 I auditd  : type=1400 audit(0.0:212): avc: denied { read } for comm="HwBinder:354_2" name="u:object_r:media_prop:s0" dev="tmpfs" ino=5040 scontext=u:r:mediacodec:s0 tcontext=u:object_r:media_prop:s0 tclass=file permissive=0
01-01 08:09:12.929  1000   283   283 I auditd  : type=1400 audit(0.0:213): avc: denied { call } for comm="Binder:283_3" scontext=u:r:surfaceflinger:s0 tcontext=u:r:mediacodec:s0 tclass=binder permissive=0
01-01 08:09:14.399 10066  1221  1221 I auditd  : type=1400 audit(0.0:214): avc: denied { connectto } for comm="modemStatThread" path=006D6F64656D64 scontext=u:r:untrusted_app:s0:c512,c768 tcontext=u:r:rild:s0 tclass=unix_stream_socket permissive=0
01-01 08:09:14.459 10066  1221  1221 I auditd  : type=1400 audit(0.0:215): avc: denied { connectto } for comm="slogThread" path=00736C6F676D6F64656D scontext=u:r:untrusted_app:s0:c512,c768 tcontext=u:r:slogmodem:s0 tclass=unix_stream_socket permissive=0
01-01 08:09:14.459 10066  1221  1221 I auditd  : type=1400 audit(0.0:216): avc: denied { connectto } for comm="wcnStatThread" path=0077636E64 scontext=u:r:untrusted_app:s0:c512,c768 tcontext=u:r:wcnd:s0 tclass=unix_stream_socket permissive=0
01-01 08:10:00.005  1000   622   622 I am_kill : [0,1356,com.android.gallery3d,906,empty #17]
01-01 08:10:00.068  1000   622   955 I am_proc_died: [0,1356,com.android.gallery3d,906,17]
01-01 08:10:00.068  1000   622   955 I am_uid_stopped: 10020
01-01 08:10:00.096  1000   622   635 I am_pss  : [925,10022,com.android.systemui,50936832,34594816,37888]
01-01 08:10:00.159  1000   622   635 I am_pss  : [1892,1000,com.divo.phone,12525568,5951488,51200]
01-01 08:10:00.223  1000   622   635 I am_pss  : [1310,1000,com.jx.launcher,28451840,18456576,48128]
01-01 08:10:00.290  1000   622   635 I am_pss  : [1061,1000,com.android.settings,38661120,19787776,3254272]
01-01 08:10:00.345  1000   622   635 I am_pss  : [1813,1000,com.sprd.engineermode,10176512,6860800,122880]
01-01 08:10:00.404  1000   622   635 I am_pss  : [1952,1000,com.sprd.bootres,3423232,1384448,129024]
01-01 08:10:00.469  1000   622   635 I am_pss  : [1931,10006,com.android.cellbroadcastreceiver,4391936,2121728,120832]
01-01 08:10:00.523  1000   622   635 I am_pss  : [1465,10004,com.android.carrierconfig,3722240,864256,798720]
01-01 08:10:00.578  1000   622   635 I am_pss  : [1221,10066,com.android.modemnotifier,3482624,1449984,89088]
01-01 08:10:00.636  1000   622   635 I am_pss  : [1210,1000,com.spreadtrum.vce,7680000,3014656,76800]
01-01 08:10:00.690  1000   622   635 I am_pss  : [1197,1000,com.sprd.applock,4261888,1839104,81920]
01-01 08:10:00.760  1000   622   635 I am_pss  : [891,1001,com.android.phone,26632192,19947520,53248]
01-01 08:10:07.239  1000   622   636 I am_uid_idle: 10019
01-01 08:10:07.325  1000   622   636 I am_uid_idle: 10004
01-01 08:10:37.543  1000   622   955 I sysui_count: [key_back_down,1]
01-01 08:10:37.543  1000   622   955 I sysui_multi_action: [757,803,799,key_back_down,802,1]
01-01 08:10:37.558  1000   622  1141 I am_finish_activity: [0,248719046,4,com.divo.phone/.MainActivity,app-request]
01-01 08:10:37.561  1000   622  1141 I am_pause_activity: [0,248719046,com.divo.phone/.MainActivity]
01-01 08:10:37.565  1000   622   636 I sysui_count: [window_time_0,88]
01-01 08:10:37.565  1000   622   636 I sysui_multi_action: [757,803,799,window_time_0,802,88]
01-01 08:10:37.565  1000  1892  1892 I am_on_paused_called: [0,com.divo.phone.MainActivity,handlePauseActivity]
01-01 08:10:37.568  1000   622  1141 I am_set_resumed_activity: [0,com.jx.launcher/.Launcher,resumeTopActivityInnerLocked]
01-01 08:10:37.573  1000   622  1141 I am_resume_activity: [0,105935619,4,com.jx.launcher/.Launcher]
01-01 08:10:37.579  1000   622   636 I sysui_count: [window_time_0,0]
01-01 08:10:37.579  1000   622   636 I sysui_multi_action: [757,803,799,window_time_0,802,0]
01-01 08:10:37.581  1000  1310  1310 I am_on_resume_called: [0,com.jx.launcher.Launcher,RESUME_ACTIVITY]
01-01 08:10:37.690  1000   622   636 I am_destroy_activity: [0,248719046,4,com.divo.phone/.MainActivity,finish-imm]
01-01 08:10:37.692  1000   622   636 I am_kill : [0,1548,com.android.managedprovisioning,906,empty #17]
01-01 08:10:37.694  1000  1892  1892 I am_on_stop_called: [0,com.divo.phone.MainActivity,destroy]
01-01 08:10:37.708  1000   622   632 I am_proc_died: [0,1548,com.android.managedprovisioning,906,17]
01-01 08:10:37.708  1000   622   632 I am_uid_stopped: 10015
01-01 08:10:49.843  1000   622  1141 I wm_stack_created: 1
01-01 08:10:49.843  1000   622  1141 I wm_task_created: [9,1]
01-01 08:10:49.843  1000   622  1141 I wm_task_moved: [9,1,0]
01-01 08:10:49.844  1000   622  1141 I am_focused_stack: [0,1,0,reuseOrNewTask]
01-01 08:10:49.844  1000   622  1141 I wm_task_moved: [9,1,0]
01-01 08:10:49.844  1000   622  1141 I am_create_task: [0,9]
01-01 08:10:49.844  1000   622  1141 I am_create_activity: [0,250518743,9,com.android.settings/.Settings2,android.intent.action.MAIN,NULL,NULL,268435456]
01-01 08:10:49.844  1000   622  1141 I wm_task_moved: [9,1,0]
01-01 08:10:49.845  1000   622  1141 I am_pause_activity: [0,105935619,com.jx.launcher/.Launcher]
01-01 08:10:49.872  1000  1310  1310 I am_on_paused_called: [0,com.jx.launcher.Launcher,handlePauseActivity]
01-01 08:10:49.876  1000   622  1141 I am_restart_activity: [0,250518743,9,com.android.settings/.Settings2]
01-01 08:10:49.878  1000   622  1141 I am_set_resumed_activity: [0,com.android.settings/.Settings2,minimalResumeActivityLocked]
01-01 08:10:49.882  1000   622   636 I sysui_count: [window_time_0,12]
01-01 08:10:49.882  1000   622   636 I sysui_multi_action: [757,803,799,window_time_0,802,12]
01-01 08:10:49.922  1000  1061  1061 I am_on_resume_called: [0,com.android.settings.Settings2,LAUNCH_ACTIVITY]
01-01 08:10:49.968  1000   622   635 I am_pss  : [1310,1000,com.jx.launcher,29458432,19873792,50176]
01-01 08:10:50.018  1000   622   644 I am_activity_launch_time: [0,250518743,com.android.settings/.Settings2,142,142]
01-01 08:10:50.018  1000   622   644 I sysui_multi_action: [319,173,322,172,325,275,757,761,758,8,759,2,806,com.android.settings,871,com.android.settings.Settings2,904,com.jx.launcher,905,0]
01-01 08:10:50.043  1000   622   636 I am_stop_activity: [0,105935619,com.jx.launcher/.Launcher]
01-01 08:10:50.045  1000  1310  1310 I am_on_stop_called: [0,com.jx.launcher.Launcher,handleStopActivity]
01-01 08:10:51.126  1000   622   955 I wm_task_moved: [9,1,0]
01-01 08:10:51.127  1000   622   955 I wm_task_moved: [9,1,0]
01-01 08:10:51.128  1000   622   955 I am_create_activity: [0,190494092,9,com.android.settings/.Settings$NetworkDashboardActivity,NULL,NULL,NULL,268435456]
01-01 08:10:51.129  1000   622   955 I am_pause_activity: [0,250518743,com.android.settings/.Settings2]
01-01 08:10:51.132  1000  1061  1061 I am_on_paused_called: [0,com.android.settings.Settings2,handlePauseActivity]
01-01 08:10:51.134  1000   622   955 I am_restart_activity: [0,190494092,9,com.android.settings/.Settings$NetworkDashboardActivity]
01-01 08:10:51.135  1000   622   955 I am_set_resumed_activity: [0,com.android.settings/.Settings$NetworkDashboardActivity,minimalResumeActivityLocked]
01-01 08:10:51.139  1000   622   636 I sysui_count: [window_time_0,1]
01-01 08:10:51.140  1000   622   636 I sysui_multi_action: [757,803,799,window_time_0,802,1]
01-01 08:10:51.235  1000  1061  1061 I sysui_multi_action: [757,746,758,1,833,0]
01-01 08:10:51.256  1000  1061  1061 I am_on_resume_called: [0,com.android.settings.Settings$NetworkDashboardActivity,LAUNCH_ACTIVITY]
01-01 08:10:51.419  1000   622   644 I am_activity_launch_time: [0,190494092,com.android.settings/.Settings$NetworkDashboardActivity,282,282]
01-01 08:10:51.457  1000   622   955 I am_stop_activity: [0,250518743,com.android.settings/.Settings2]
01-01 08:10:51.458  1000  1061  1061 I am_on_stop_called: [0,com.android.settings.Settings2,handleStopActivity]
01-01 08:10:52.277  1000  1061  1061 I sysui_action: [139,]
01-01 08:10:52.277  1000  1061  1061 I sysui_multi_action: [757,139,758,4,806,]
01-01 08:10:52.839  root   374   374 I auditd  : type=1400 audit(0.0:217): avc: denied { search } for comm="ip" name="net" dev="mmcblk0p33" ino=19 scontext=u:r:netbox:s0 tcontext=u:object_r:net_data_file:s0 tclass=dir permissive=0
01-01 08:10:52.839  root   374   374 I auditd  : type=1400 audit(0.0:218): avc: denied { search } for comm="ip" name="net" dev="mmcblk0p33" ino=19 scontext=u:r:netbox:s0 tcontext=u:object_r:net_data_file:s0 tclass=dir permissive=0
01-01 08:10:52.849  root   271   271 I auditd  : type=1400 audit(0.0:219): avc: denied { module_request } for comm="android.hardwar" kmod="net-pf-16-proto-16-family-cld80211" scontext=u:r:hal_wifi_default:s0 tcontext=u:r:kernel:s0 tclass=system permissive=0
01-01 08:10:52.880  1000   622   856 I netstats_mobile_sample: [0,0,0,0,0,0,0,0,0,0,0,0,-1]
01-01 08:10:52.880  1000   622   856 I netstats_wifi_sample: [0,0,0,0,0,0,0,0,0,0,0,0,-1]
01-01 08:10:53.905  1000   622   622 I notification_enqueue: [1000,622,android,17303299,NULL,0,Notification(channel=NETWORK_AVAILABLE pri=0 contentView=null vibrate=null sound=null tick defaults=0x0 flags=0x100 color=0xff607d8b actions=2 vis=PRIVATE),0]
01-01 08:10:53.912  1000   622   622 I sysui_histogram: [note_dismiss_longevity,0]
01-01 08:10:53.912  1000   622   622 I sysui_multi_action: [757,804,799,note_dismiss_longevity,801,0,802,1]
01-01 08:10:53.913  1000   622   622 I sysui_multi_action: [757,128,758,5,759,10,793,8,794,0,795,8,796,17303299,806,android,857,NETWORK_AVAILABLE,858,2,947,0]
01-01 08:10:53.913  1000   622   622 I notification_canceled: [0|android|17303299|null|1000,10,8,8,0,{com.jx.launcher/com.jx.launcher.notification.NotificationListener}]
01-01 08:10:54.306 10022   925  1008 I sysui_multi_action: [757,1093,758,4,793,176438,1094,605028353,1095,4]
01-01 08:11:00.069  1000   622   635 I am_pss  : [1061,1000,com.android.settings,41289728,23203840,1895424]
01-01 08:11:00.825  1000  1061  1061 I sysui_multi_action: [757,830,758,4,806,android.settings.WIFI_SETTINGS,833,746]
01-01 08:11:00.830  1000   622   955 I wm_task_moved: [9,1,0]
01-01 08:11:00.832  1000   622   955 I am_create_activity: [0,26134018,9,com.android.settings/.SubSettings,android.intent.action.MAIN,NULL,NULL,0]
01-01 08:11:00.833  1000   622   955 I am_pause_activity: [0,190494092,com.android.settings/.Settings$NetworkDashboardActivity]
01-01 08:11:00.838  1000  1061  1061 I sysui_view_visibility: [746,0]
01-01 08:11:00.839  1000  1061  1061 I sysui_multi_action: [757,746,758,2]
01-01 08:11:00.846  1000  1061  1061 I am_on_paused_called: [0,com.android.settings.Settings$NetworkDashboardActivity,handlePauseActivity]
01-01 08:11:00.848  1000   622  1235 I am_restart_activity: [0,26134018,9,com.android.settings/.SubSettings]
01-01 08:11:00.874  1000   622  1235 I am_set_resumed_activity: [0,com.android.settings/.SubSettings,minimalResumeActivityLocked]
01-01 08:11:00.881  1000   622   636 I sysui_count: [window_time_0,10]
01-01 08:11:00.881  1000   622   636 I sysui_multi_action: [757,803,799,window_time_0,802,10]
01-01 08:11:01.007  1000  1061  1061 I sysui_multi_action: [757,103,758,1,833,746]
01-01 08:11:01.009  1000  1061  1061 I am_on_resume_called: [0,com.android.settings.SubSettings,LAUNCH_ACTIVITY]
01-01 08:11:01.114  1000   622   644 I am_activity_launch_time: [0,26134018,com.android.settings/.SubSettings,258,258]
01-01 08:11:01.604  1000  1061  1061 I sysui_histogram: [settings_wifi_speed_labels,0]
01-01 08:11:01.604  1000  1061  1061 I sysui_multi_action: [757,804,799,settings_wifi_speed_labels,801,0,802,1]
01-01 08:11:01.608  1000  1061  1061 I sysui_histogram: [settings_wifi_speed_labels,0]
01-01 08:11:01.608  1000  1061  1061 I sysui_multi_action: [757,804,799,settings_wifi_speed_labels,801,0,802,1]
01-01 08:11:01.609  1000  1061  1061 I sysui_histogram: [settings_wifi_speed_labels,0]
01-01 08:11:01.609  1000  1061  1061 I sysui_multi_action: [757,804,799,settings_wifi_speed_labels,801,0,802,1]
01-01 08:11:01.610  1000  1061  1061 I sysui_histogram: [settings_wifi_speed_labels,0]
01-01 08:11:01.610  1000  1061  1061 I sysui_multi_action: [757,804,799,settings_wifi_speed_labels,801,0,802,1]
01-01 08:11:01.610  1000  1061  1061 I sysui_histogram: [settings_wifi_speed_labels,0]
01-01 08:11:01.611  1000  1061  1061 I sysui_multi_action: [757,804,799,settings_wifi_speed_labels,801,0,802,1]
01-01 08:11:01.612  1000  1061  1061 I sysui_histogram: [settings_wifi_speed_labels,0]
01-01 08:11:01.612  1000  1061  1061 I sysui_multi_action: [757,804,799,settings_wifi_speed_labels,801,0,802,1]
01-01 08:11:01.613  1000  1061  1061 I sysui_histogram: [settings_wifi_speed_labels,0]
01-01 08:11:01.613  1000  1061  1061 I sysui_multi_action: [757,804,799,settings_wifi_speed_labels,801,0,802,1]
01-01 08:11:01.614  1000  1061  1061 I sysui_histogram: [settings_wifi_speed_labels,0]
01-01 08:11:01.614  1000  1061  1061 I sysui_multi_action: [757,804,799,settings_wifi_speed_labels,801,0,802,1]
01-01 08:11:01.615  1000  1061  1061 I sysui_histogram: [settings_wifi_speed_labels,0]
01-01 08:11:01.615  1000  1061  1061 I sysui_multi_action: [757,804,799,settings_wifi_speed_labels,801,0,802,1]
01-01 08:11:01.618  1000  1061  1061 I sysui_histogram: [settings_wifi_speed_labels,0]
01-01 08:11:01.619  1000  1061  1061 I sysui_multi_action: [757,804,799,settings_wifi_speed_labels,801,0,802,1]
01-01 08:11:01.847  1000   622   955 I am_stop_activity: [0,190494092,com.android.settings/.Settings$NetworkDashboardActivity]
01-01 08:11:01.906  1000  1061  1061 I am_on_stop_called: [0,com.android.settings.Settings$NetworkDashboardActivity,handleStopActivity]
01-01 08:11:02.154  1000  1061  1061 I sysui_histogram: [settings_wifi_speed_labels,0]
01-01 08:11:02.155  1000  1061  1061 I sysui_multi_action: [757,804,799,settings_wifi_speed_labels,801,0,802,1]
01-01 08:11:02.158  1000  1061  1061 I sysui_histogram: [settings_wifi_speed_labels,0]
01-01 08:11:02.158  1000  1061  1061 I sysui_multi_action: [757,804,799,settings_wifi_speed_labels,801,0,802,1]
01-01 08:11:02.159  1000  1061  1061 I sysui_histogram: [settings_wifi_speed_labels,0]
01-01 08:11:02.159  1000  1061  1061 I sysui_multi_action: [757,804,799,settings_wifi_speed_labels,801,0,802,1]
01-01 08:11:02.160  1000  1061  1061 I sysui_histogram: [settings_wifi_speed_labels,0]
01-01 08:11:02.160  1000  1061  1061 I sysui_multi_action: [757,804,799,settings_wifi_speed_labels,801,0,802,1]
01-01 08:11:02.162  1000  1061  1061 I sysui_histogram: [settings_wifi_speed_labels,0]
01-01 08:11:02.162  1000  1061  1061 I sysui_multi_action: [757,804,799,settings_wifi_speed_labels,801,0,802,1]
01-01 08:11:02.163  1000  1061  1061 I sysui_histogram: [settings_wifi_speed_labels,0]
01-01 08:11:02.163  1000  1061  1061 I sysui_multi_action: [757,804,799,settings_wifi_speed_labels,801,0,802,1]
01-01 08:11:02.163  1000  1061  1061 I sysui_histogram: [settings_wifi_speed_labels,0]
01-01 08:11:02.164  1000  1061  1061 I sysui_multi_action: [757,804,799,settings_wifi_speed_labels,801,0,802,1]
01-01 08:11:02.164  1000  1061  1061 I sysui_histogram: [settings_wifi_speed_labels,0]
01-01 08:11:02.165  1000  1061  1061 I sysui_multi_action: [757,804,799,settings_wifi_speed_labels,801,0,802,1]
01-01 08:11:02.165  1000  1061  1061 I sysui_histogram: [settings_wifi_speed_labels,0]
01-01 08:11:02.165  1000  1061  1061 I sysui_multi_action: [757,804,799,settings_wifi_speed_labels,801,0,802,1]
01-01 08:11:02.166  1000  1061  1061 I sysui_histogram: [settings_wifi_speed_labels,0]
01-01 08:11:02.166  1000  1061  1061 I sysui_multi_action: [757,804,799,settings_wifi_speed_labels,801,0,802,1]
01-01 08:11:02.167  1000  1061  1061 I sysui_histogram: [settings_wifi_speed_labels,0]
01-01 08:11:02.167  1000  1061  1061 I sysui_multi_action: [757,804,799,settings_wifi_speed_labels,801,0,802,1]
01-01 08:11:02.168  1000  1061  1061 I sysui_histogram: [settings_wifi_speed_labels,0]
01-01 08:11:02.169  1000  1061  1061 I sysui_multi_action: [757,804,799,settings_wifi_speed_labels,801,0,802,1]
01-01 08:11:02.169  1000  1061  1061 I sysui_histogram: [settings_wifi_speed_labels,0]
01-01 08:11:02.169  1000  1061  1061 I sysui_multi_action: [757,804,799,settings_wifi_speed_labels,801,0,802,1]
01-01 08:11:02.171  1000  1061  1061 I sysui_histogram: [settings_wifi_speed_labels,0]
01-01 08:11:02.171  1000  1061  1061 I sysui_multi_action: [757,804,799,settings_wifi_speed_labels,801,0,802,1]
01-01 08:11:02.172  1000  1061  1061 I sysui_histogram: [settings_wifi_speed_labels,0]
01-01 08:11:02.172  1000  1061  1061 I sysui_multi_action: [757,804,799,settings_wifi_speed_labels,801,0,802,1]
01-01 08:11:02.173  1000  1061  1061 I sysui_histogram: [settings_wifi_speed_labels,0]
01-01 08:11:02.173  1000  1061  1061 I sysui_multi_action: [757,804,799,settings_wifi_speed_labels,801,0,802,1]
01-01 08:11:02.174  1000  1061  1061 I sysui_histogram: [settings_wifi_speed_labels,0]
01-01 08:11:02.174  1000  1061  1061 I sysui_multi_action: [757,804,799,settings_wifi_speed_labels,801,0,802,1]
01-01 08:11:03.568  1000  1061  1061 I sysui_multi_action: [757,603,758,1,833,0]
01-01 08:11:06.684  1000   622   955 I wm_task_moved: [9,1,0]
01-01 08:11:06.685  1000   622   955 I am_create_activity: [0,28977891,9,com.jx.launcher/com.zmapp.activity.WifiInputActivity,com.jx.launcher.wifi.input,NULL,NULL,0]
01-01 08:11:06.686  1000   622   955 I am_pause_activity: [0,26134018,com.android.settings/.SubSettings]
01-01 08:11:06.706  1000  1061  1061 I sysui_view_visibility: [603,0]
01-01 08:11:06.706  1000  1061  1061 I sysui_multi_action: [757,603,758,2]
01-01 08:11:06.706  1000  1061  1061 I sysui_view_visibility: [103,0]
01-01 08:11:06.706  1000  1061  1061 I sysui_multi_action: [757,103,758,2]
01-01 08:11:06.708  1000  1061  1061 I am_on_paused_called: [0,com.android.settings.SubSettings,handlePauseActivity]
01-01 08:11:06.714  1000   622   955 I am_restart_activity: [0,28977891,9,com.jx.launcher/com.zmapp.activity.WifiInputActivity]
01-01 08:11:06.716  1000   622   955 I am_set_resumed_activity: [0,com.jx.launcher/com.zmapp.activity.WifiInputActivity,minimalResumeActivityLocked]
01-01 08:11:06.732  1000   622   636 I sysui_count: [window_time_0,6]
01-01 08:11:06.733  1000   622   636 I sysui_multi_action: [757,803,799,window_time_0,802,6]
01-01 08:11:06.837  1000  1310  1310 I am_on_resume_called: [0,com.zmapp.activity.WifiInputActivity,LAUNCH_ACTIVITY]
01-01 08:11:07.012  1000   622   644 I am_activity_launch_time: [0,28977891,com.jx.launcher/com.zmapp.activity.WifiInputActivity,253,253]
01-01 08:11:07.012  1000   622   644 I sysui_multi_action: [319,284,322,284,325,292,757,761,758,8,759,2,806,com.jx.launcher,871,com.zmapp.activity.WifiInputActivity,904,com.android.settings,905,0]
01-01 08:11:07.041  1000   622   636 I am_stop_activity: [0,26134018,com.android.settings/.SubSettings]
01-01 08:11:07.053  1000  1061  1061 I am_on_stop_called: [0,com.android.settings.SubSettings,handleStopActivity]
01-01 08:11:09.501  1000   622   736 I sysui_count: [key_back_down,1]
01-01 08:11:09.501  1000   622   736 I sysui_multi_action: [757,803,799,key_back_down,802,1]
01-01 08:11:09.662  1000   622   992 I am_finish_activity: [0,28977891,9,com.jx.launcher/com.zmapp.activity.WifiInputActivity,app-request]
01-01 08:11:09.664  1000   622   992 I am_pause_activity: [0,28977891,com.jx.launcher/com.zmapp.activity.WifiInputActivity]
01-01 08:11:09.668  1000   622   636 I sysui_count: [window_time_0,3]
01-01 08:11:09.668  1000   622   636 I sysui_multi_action: [757,803,799,window_time_0,802,3]
01-01 08:11:09.669  1000  1310  1310 I am_on_paused_called: [0,com.zmapp.activity.WifiInputActivity,handlePauseActivity]
01-01 08:11:09.671  1000   622   955 I am_set_resumed_activity: [0,com.android.settings/.SubSettings,resumeTopActivityInnerLocked]
01-01 08:11:09.676  1000   622   955 I am_resume_activity: [0,26134018,9,com.android.settings/.SubSettings]
01-01 08:11:09.680  1000   622   636 I sysui_count: [window_time_0,0]
01-01 08:11:09.680  1000   622   636 I sysui_multi_action: [757,803,799,window_time_0,802,0]
01-01 08:11:09.697  1000  1061  1061 I sysui_multi_action: [757,103,758,1,833,746]
01-01 08:11:09.700  1000  1061  1061 I sysui_multi_action: [757,603,758,1,833,0]
01-01 08:11:09.700  1000  1061  1061 I am_on_resume_called: [0,com.android.settings.SubSettings,RESUME_ACTIVITY]
01-01 08:11:09.820  1000   622   635 I am_pss  : [1892,1000,com.divo.phone,11388928,3629056,1619968]
01-01 08:11:09.906  1000   622   636 I am_destroy_activity: [0,28977891,9,com.jx.launcher/com.zmapp.activity.WifiInputActivity,finish-imm]
01-01 08:11:09.907  1000  1310  1310 I am_on_stop_called: [0,com.zmapp.activity.WifiInputActivity,destroy]
01-01 08:11:10.628  1000  1061  1061 I sysui_histogram: [settings_wifi_speed_labels,0]
01-01 08:11:10.628  1000  1061  1061 I sysui_multi_action: [757,804,799,settings_wifi_speed_labels,801,0,802,1]
01-01 08:11:10.631  1000  1061  1061 I sysui_histogram: [settings_wifi_speed_labels,0]
01-01 08:11:10.631  1000  1061  1061 I sysui_multi_action: [757,804,799,settings_wifi_speed_labels,801,0,802,1]
01-01 08:11:10.633  1000  1061  1061 I sysui_histogram: [settings_wifi_speed_labels,0]
01-01 08:11:10.634  1000  1061  1061 I sysui_multi_action: [757,804,799,settings_wifi_speed_labels,801,0,802,1]
01-01 08:11:10.636  1000  1061  1061 I sysui_histogram: [settings_wifi_speed_labels,0]
01-01 08:11:10.636  1000  1061  1061 I sysui_multi_action: [757,804,799,settings_wifi_speed_labels,801,0,802,1]
01-01 08:11:10.637  1000  1061  1061 I sysui_histogram: [settings_wifi_speed_labels,0]
01-01 08:11:10.637  1000  1061  1061 I sysui_multi_action: [757,804,799,settings_wifi_speed_labels,801,0,802,1]
01-01 08:11:10.639  1000  1061  1061 I sysui_histogram: [settings_wifi_speed_labels,0]
01-01 08:11:10.639  1000  1061  1061 I sysui_multi_action: [757,804,799,settings_wifi_speed_labels,801,0,802,1]
01-01 08:11:10.640  1000  1061  1061 I sysui_histogram: [settings_wifi_speed_labels,0]
01-01 08:11:10.641  1000  1061  1061 I sysui_multi_action: [757,804,799,settings_wifi_speed_labels,801,0,802,1]
01-01 08:11:10.642  1000  1061  1061 I sysui_histogram: [settings_wifi_speed_labels,0]
01-01 08:11:10.642  1000  1061  1061 I sysui_multi_action: [757,804,799,settings_wifi_speed_labels,801,0,802,1]
01-01 08:11:10.643  1000  1061  1061 I sysui_histogram: [settings_wifi_speed_labels,0]
01-01 08:11:10.643  1000  1061  1061 I sysui_multi_action: [757,804,799,settings_wifi_speed_labels,801,0,802,1]
01-01 08:11:10.645  1000  1061  1061 I sysui_histogram: [settings_wifi_speed_labels,0]
01-01 08:11:10.645  1000  1061  1061 I sysui_multi_action: [757,804,799,settings_wifi_speed_labels,801,0,802,1]
01-01 08:11:10.647  1000  1061  1061 I sysui_histogram: [settings_wifi_speed_labels,0]
01-01 08:11:10.647  1000  1061  1061 I sysui_multi_action: [757,804,799,settings_wifi_speed_labels,801,0,802,1]
01-01 08:11:11.207  1000   622   992 I wm_task_moved: [9,1,0]
01-01 08:11:11.208  1000   622   992 I am_create_activity: [0,50134166,9,com.jx.launcher/com.zmapp.activity.WifiInputActivity,com.jx.launcher.wifi.input,NULL,NULL,0]
01-01 08:11:11.209  1000   622   992 I am_pause_activity: [0,26134018,com.android.settings/.SubSettings]
01-01 08:11:11.228  1000  1061  1061 I sysui_view_visibility: [603,0]
01-01 08:11:11.228  1000  1061  1061 I sysui_multi_action: [757,603,758,2]
01-01 08:11:11.228  1000  1061  1061 I sysui_view_visibility: [103,0]
01-01 08:11:11.229  1000  1061  1061 I sysui_multi_action: [757,103,758,2]
01-01 08:11:11.230  1000  1061  1061 I am_on_paused_called: [0,com.android.settings.SubSettings,handlePauseActivity]
01-01 08:11:11.235  1000   622   992 I am_restart_activity: [0,50134166,9,com.jx.launcher/com.zmapp.activity.WifiInputActivity]
01-01 08:11:11.237  1000   622   992 I am_set_resumed_activity: [0,com.jx.launcher/com.zmapp.activity.WifiInputActivity,minimalResumeActivityLocked]
01-01 08:11:11.261  1000   622   636 I sysui_count: [window_time_0,1]
01-01 08:11:11.261  1000   622   636 I sysui_multi_action: [757,803,799,window_time_0,802,1]
01-01 08:11:11.323  1000  1310  1310 I am_on_resume_called: [0,com.zmapp.activity.WifiInputActivity,LAUNCH_ACTIVITY]
01-01 08:11:11.567  1000   622   644 I am_activity_launch_time: [0,50134166,com.jx.launcher/com.zmapp.activity.WifiInputActivity,283,283]
01-01 08:11:11.567  1000   622   644 I sysui_multi_action: [319,308,322,308,325,296,757,761,758,8,759,2,806,com.jx.launcher,871,com.zmapp.activity.WifiInputActivity,904,com.android.settings,905,0]
01-01 08:11:11.655  1000   622   955 I am_stop_activity: [0,26134018,com.android.settings/.SubSettings]
01-01 08:11:11.666  1000  1061  1061 I am_on_stop_called: [0,com.android.settings.SubSettings,handleStopActivity]
01-01 08:11:35.076  1000   622   955 I am_finish_activity: [0,50134166,9,com.jx.launcher/com.zmapp.activity.WifiInputActivity,app-request]
01-01 08:11:35.078  1000   622   955 I am_pause_activity: [0,50134166,com.jx.launcher/com.zmapp.activity.WifiInputActivity]
01-01 08:11:35.081  1000   622   636 I sysui_count: [window_time_0,24]
01-01 08:11:35.081  1000   622   636 I sysui_multi_action: [757,803,799,window_time_0,802,24]
01-01 08:11:35.082  1000  1310  1310 I am_on_paused_called: [0,com.zmapp.activity.WifiInputActivity,handlePauseActivity]
01-01 08:11:35.084  1000   622   955 I am_set_resumed_activity: [0,com.android.settings/.SubSettings,resumeTopActivityInnerLocked]
01-01 08:11:35.088  1000   622   955 I am_resume_activity: [0,26134018,9,com.android.settings/.SubSettings]
01-01 08:11:35.091  1000   622   636 I sysui_count: [window_time_0,0]
01-01 08:11:35.091  1000   622   636 I sysui_multi_action: [757,803,799,window_time_0,802,0]
01-01 08:11:35.104  1000  1061  1061 I sysui_multi_action: [757,103,758,1,833,746]
01-01 08:11:35.106  1000  1061  1061 I sysui_multi_action: [757,603,758,1,833,0]
01-01 08:11:35.106  1000  1061  1061 I am_on_resume_called: [0,com.android.settings.SubSettings,RESUME_ACTIVITY]
01-01 08:11:35.198  1000   622   635 I am_pss  : [1310,1000,com.jx.launcher,31002624,21016576,50176]
01-01 08:11:35.341  1000   622   636 I am_destroy_activity: [0,50134166,9,com.jx.launcher/com.zmapp.activity.WifiInputActivity,finish-imm]
01-01 08:11:35.370  1000  1310  1310 I am_on_stop_called: [0,com.zmapp.activity.WifiInputActivity,destroy]
01-01 08:11:36.052  1000  1061  1061 I sysui_histogram: [settings_wifi_speed_labels,0]
01-01 08:11:36.052  1000  1061  1061 I sysui_multi_action: [757,804,799,settings_wifi_speed_labels,801,0,802,1]
01-01 08:11:36.054  1000  1061  1061 I sysui_histogram: [settings_wifi_speed_labels,0]
01-01 08:11:36.054  1000  1061  1061 I sysui_multi_action: [757,804,799,settings_wifi_speed_labels,801,0,802,1]
01-01 08:11:36.055  1000  1061  1061 I sysui_histogram: [settings_wifi_speed_labels,0]
01-01 08:11:36.055  1000  1061  1061 I sysui_multi_action: [757,804,799,settings_wifi_speed_labels,801,0,802,1]
01-01 08:11:36.056  1000  1061  1061 I sysui_histogram: [settings_wifi_speed_labels,0]
01-01 08:11:36.056  1000  1061  1061 I sysui_multi_action: [757,804,799,settings_wifi_speed_labels,801,0,802,1]
01-01 08:11:36.057  1000  1061  1061 I sysui_histogram: [settings_wifi_speed_labels,0]
01-01 08:11:36.057  1000  1061  1061 I sysui_multi_action: [757,804,799,settings_wifi_speed_labels,801,0,802,1]
01-01 08:11:36.058  1000  1061  1061 I sysui_histogram: [settings_wifi_speed_labels,0]
01-01 08:11:36.058  1000  1061  1061 I sysui_multi_action: [757,804,799,settings_wifi_speed_labels,801,0,802,1]
01-01 08:11:36.060  1000  1061  1061 I sysui_histogram: [settings_wifi_speed_labels,0]
01-01 08:11:36.060  1000  1061  1061 I sysui_multi_action: [757,804,799,settings_wifi_speed_labels,801,0,802,1]
01-01 08:11:36.329  1000  1061  1061 I sysui_action: [135,false]
01-01 08:11:36.329  1000  1061  1061 I sysui_multi_action: [757,135,758,4,806,false]
01-01 08:11:36.423  1000  1061  1061 I sysui_view_visibility: [603,0]
01-01 08:11:36.423  1000  1061  1061 I sysui_multi_action: [757,603,758,2]
01-01 08:11:36.781  1000  1061  1061 I sysui_histogram: [settings_wifi_speed_labels,0]
01-01 08:11:36.781  1000  1061  1061 I sysui_multi_action: [757,804,799,settings_wifi_speed_labels,801,0,802,1]
01-01 08:11:36.785  1000  1061  1061 I sysui_histogram: [settings_wifi_speed_labels,0]
01-01 08:11:36.785  1000  1061  1061 I sysui_multi_action: [757,804,799,settings_wifi_speed_labels,801,0,802,1]
01-01 08:11:36.786  1000  1061  1061 I sysui_histogram: [settings_wifi_speed_labels,0]
01-01 08:11:36.786  1000  1061  1061 I sysui_multi_action: [757,804,799,settings_wifi_speed_labels,801,0,802,1]
01-01 08:11:36.788  1000  1061  1061 I sysui_histogram: [settings_wifi_speed_labels,0]
01-01 08:11:36.788  1000  1061  1061 I sysui_multi_action: [757,804,799,settings_wifi_speed_labels,801,0,802,1]
01-01 08:11:36.789  1000  1061  1061 I sysui_histogram: [settings_wifi_speed_labels,0]
01-01 08:11:36.789  1000  1061  1061 I sysui_multi_action: [757,804,799,settings_wifi_speed_labels,801,0,802,1]
01-01 08:11:36.790  1000  1061  1061 I sysui_histogram: [settings_wifi_speed_labels,0]
01-01 08:11:36.791  1000  1061  1061 I sysui_multi_action: [757,804,799,settings_wifi_speed_labels,801,0,802,1]
01-01 08:11:36.792  1000  1061  1061 I sysui_histogram: [settings_wifi_speed_labels,0]
01-01 08:11:36.792  1000  1061  1061 I sysui_multi_action: [757,804,799,settings_wifi_speed_labels,801,0,802,1]
01-01 08:11:36.836  1000  1061  1061 I sysui_histogram: [settings_wifi_speed_labels,0]
01-01 08:11:36.836  1000  1061  1061 I sysui_multi_action: [757,804,799,settings_wifi_speed_labels,801,0,802,1]
01-01 08:11:36.837  1000  1061  1061 I sysui_histogram: [settings_wifi_speed_labels,0]
01-01 08:11:36.837  1000  1061  1061 I sysui_multi_action: [757,804,799,settings_wifi_speed_labels,801,0,802,1]
01-01 08:11:36.838  1000  1061  1061 I sysui_histogram: [settings_wifi_speed_labels,0]
01-01 08:11:36.838  1000  1061  1061 I sysui_multi_action: [757,804,799,settings_wifi_speed_labels,801,0,802,1]
01-01 08:11:36.839  1000  1061  1061 I sysui_histogram: [settings_wifi_speed_labels,0]
01-01 08:11:36.839  1000  1061  1061 I sysui_multi_action: [757,804,799,settings_wifi_speed_labels,801,0,802,1]
01-01 08:11:36.840  1000  1061  1061 I sysui_histogram: [settings_wifi_speed_labels,0]
01-01 08:11:36.840  1000  1061  1061 I sysui_multi_action: [757,804,799,settings_wifi_speed_labels,801,0,802,1]
01-01 08:11:36.841  1000  1061  1061 I sysui_histogram: [settings_wifi_speed_labels,0]
01-01 08:11:36.841  1000  1061  1061 I sysui_multi_action: [757,804,799,settings_wifi_speed_labels,801,0,802,1]
01-01 08:11:36.844  1000  1061  1061 I sysui_histogram: [settings_wifi_speed_labels,0]
01-01 08:11:36.845  1000  1061  1061 I sysui_multi_action: [757,804,799,settings_wifi_speed_labels,801,0,802,1]
01-01 08:11:36.845  1000  1061  1061 I sysui_histogram: [settings_wifi_speed_labels,0]
01-01 08:11:36.845  1000  1061  1061 I sysui_multi_action: [757,804,799,settings_wifi_speed_labels,801,0,802,1]
01-01 08:11:36.846  1000  1061  1061 I sysui_histogram: [settings_wifi_speed_labels,0]
01-01 08:11:36.846  1000  1061  1061 I sysui_multi_action: [757,804,799,settings_wifi_speed_labels,801,0,802,1]
01-01 08:11:36.847  1000  1061  1061 I sysui_histogram: [settings_wifi_speed_labels,0]
01-01 08:11:36.847  1000  1061  1061 I sysui_multi_action: [757,804,799,settings_wifi_speed_labels,801,0,802,1]
01-01 08:11:36.847  1000  1061  1061 I sysui_histogram: [settings_wifi_speed_labels,0]
01-01 08:11:36.848  1000  1061  1061 I sysui_multi_action: [757,804,799,settings_wifi_speed_labels,801,0,802,1]
01-01 08:11:36.848  1000  1061  1061 I sysui_histogram: [settings_wifi_speed_labels,0]
01-01 08:11:36.848  1000  1061  1061 I sysui_multi_action: [757,804,799,settings_wifi_speed_labels,801,0,802,1]
01-01 08:11:36.853  1000  1061  1061 I sysui_histogram: [settings_wifi_speed_labels,0]
01-01 08:11:36.853  1000  1061  1061 I sysui_multi_action: [757,804,799,settings_wifi_speed_labels,801,0,802,1]
01-01 08:11:36.854  1000  1061  1061 I sysui_histogram: [settings_wifi_speed_labels,0]
01-01 08:11:36.854  1000  1061  1061 I sysui_multi_action: [757,804,799,settings_wifi_speed_labels,801,0,802,1]
01-01 08:11:36.855  1000  1061  1061 I sysui_histogram: [settings_wifi_speed_labels,0]
01-01 08:11:36.855  1000  1061  1061 I sysui_multi_action: [757,804,799,settings_wifi_speed_labels,801,0,802,1]
01-01 08:11:36.856  1000  1061  1061 I sysui_histogram: [settings_wifi_speed_labels,0]
01-01 08:11:36.856  1000  1061  1061 I sysui_multi_action: [757,804,799,settings_wifi_speed_labels,801,0,802,1]
01-01 08:11:36.857  1000  1061  1061 I sysui_histogram: [settings_wifi_speed_labels,0]
01-01 08:11:36.857  1000  1061  1061 I sysui_multi_action: [757,804,799,settings_wifi_speed_labels,801,0,802,1]
01-01 08:11:36.858  1000  1061  1061 I sysui_histogram: [settings_wifi_speed_labels,0]
01-01 08:11:36.858  1000  1061  1061 I sysui_multi_action: [757,804,799,settings_wifi_speed_labels,801,0,802,1]
01-01 08:11:36.862  1000  1061  1061 I sysui_histogram: [settings_wifi_speed_labels,0]
01-01 08:11:36.863  1000  1061  1061 I sysui_multi_action: [757,804,799,settings_wifi_speed_labels,801,0,802,1]
01-01 08:11:36.863  1000  1061  1061 I sysui_histogram: [settings_wifi_speed_labels,0]
01-01 08:11:36.863  1000  1061  1061 I sysui_multi_action: [757,804,799,settings_wifi_speed_labels,801,0,802,1]
01-01 08:11:36.864  1000  1061  1061 I sysui_histogram: [settings_wifi_speed_labels,0]
01-01 08:11:36.864  1000  1061  1061 I sysui_multi_action: [757,804,799,settings_wifi_speed_labels,801,0,802,1]
01-01 08:11:36.865  1000  1061  1061 I sysui_histogram: [settings_wifi_speed_labels,0]
01-01 08:11:36.865  1000  1061  1061 I sysui_multi_action: [757,804,799,settings_wifi_speed_labels,801,0,802,1]
01-01 08:11:36.866  1000  1061  1061 I sysui_histogram: [settings_wifi_speed_labels,0]
01-01 08:11:36.866  1000  1061  1061 I sysui_multi_action: [757,804,799,settings_wifi_speed_labels,801,0,802,1]
01-01 08:11:36.866  1000  1061  1061 I sysui_histogram: [settings_wifi_speed_labels,0]
01-01 08:11:36.867  1000  1061  1061 I sysui_multi_action: [757,804,799,settings_wifi_speed_labels,801,0,802,1]
01-01 08:11:37.919  1000  1061  1061 I sysui_histogram: [settings_wifi_speed_labels,0]
01-01 08:11:37.919  1000  1061  1061 I sysui_multi_action: [757,804,799,settings_wifi_speed_labels,801,0,802,1]
01-01 08:11:37.920  1000  1061  1061 I sysui_histogram: [settings_wifi_speed_labels,0]
01-01 08:11:37.920  1000  1061  1061 I sysui_multi_action: [757,804,799,settings_wifi_speed_labels,801,0,802,1]
01-01 08:11:37.921  1000  1061  1061 I sysui_histogram: [settings_wifi_speed_labels,0]
01-01 08:11:37.921  1000  1061  1061 I sysui_multi_action: [757,804,799,settings_wifi_speed_labels,801,0,802,1]
01-01 08:11:37.922  1000  1061  1061 I sysui_histogram: [settings_wifi_speed_labels,0]
01-01 08:11:37.922  1000  1061  1061 I sysui_multi_action: [757,804,799,settings_wifi_speed_labels,801,0,802,1]
01-01 08:11:37.923  1000  1061  1061 I sysui_histogram: [settings_wifi_speed_labels,0]
01-01 08:11:37.923  1000  1061  1061 I sysui_multi_action: [757,804,799,settings_wifi_speed_labels,801,0,802,1]
01-01 08:11:37.924  1000  1061  1061 I sysui_histogram: [settings_wifi_speed_labels,0]
01-01 08:11:37.924  1000  1061  1061 I sysui_multi_action: [757,804,799,settings_wifi_speed_labels,801,0,802,1]
01-01 08:11:37.925  1000  1061  1061 I sysui_histogram: [settings_wifi_speed_labels,0]
01-01 08:11:37.925  1000  1061  1061 I sysui_multi_action: [757,804,799,settings_wifi_speed_labels,801,0,802,1]
01-01 08:11:37.931  1000  1061  1061 I sysui_histogram: [settings_wifi_speed_labels,0]
01-01 08:11:37.931  1000  1061  1061 I sysui_multi_action: [757,804,799,settings_wifi_speed_labels,801,0,802,1]
01-01 08:11:37.932  1000  1061  1061 I sysui_histogram: [settings_wifi_speed_labels,0]
01-01 08:11:37.932  1000  1061  1061 I sysui_multi_action: [757,804,799,settings_wifi_speed_labels,801,0,802,1]
01-01 08:11:37.933  1000  1061  1061 I sysui_histogram: [settings_wifi_speed_labels,0]
01-01 08:11:37.933  1000  1061  1061 I sysui_multi_action: [757,804,799,settings_wifi_speed_labels,801,0,802,1]
01-01 08:11:37.934  1000  1061  1061 I sysui_histogram: [settings_wifi_speed_labels,0]
01-01 08:11:37.934  1000  1061  1061 I sysui_multi_action: [757,804,799,settings_wifi_speed_labels,801,0,802,1]
01-01 08:11:37.935  1000  1061  1061 I sysui_histogram: [settings_wifi_speed_labels,0]
01-01 08:11:37.935  1000  1061  1061 I sysui_multi_action: [757,804,799,settings_wifi_speed_labels,801,0,802,1]
01-01 08:11:37.937  1000  1061  1061 I sysui_histogram: [settings_wifi_speed_labels,0]
01-01 08:11:37.938  1000  1061  1061 I sysui_multi_action: [757,804,799,settings_wifi_speed_labels,801,0,802,1]
01-01 08:11:37.939  1000  1061  1061 I sysui_histogram: [settings_wifi_speed_labels,0]
01-01 08:11:37.939  1000  1061  1061 I sysui_multi_action: [757,804,799,settings_wifi_speed_labels,801,0,802,1]
01-01 08:11:38.011  1000  1061  1061 I sysui_histogram: [settings_wifi_speed_labels,0]
01-01 08:11:38.011  1000  1061  1061 I sysui_multi_action: [757,804,799,settings_wifi_speed_labels,801,0,802,1]
01-01 08:11:38.012  1000  1061  1061 I sysui_histogram: [settings_wifi_speed_labels,0]
01-01 08:11:38.012  1000  1061  1061 I sysui_multi_action: [757,804,799,settings_wifi_speed_labels,801,0,802,1]
01-01 08:11:38.013  1000  1061  1061 I sysui_histogram: [settings_wifi_speed_labels,0]
01-01 08:11:38.013  1000  1061  1061 I sysui_multi_action: [757,804,799,settings_wifi_speed_labels,801,0,802,1]
01-01 08:11:38.013  1000  1061  1061 I sysui_histogram: [settings_wifi_speed_labels,0]
01-01 08:11:38.013  1000  1061  1061 I sysui_multi_action: [757,804,799,settings_wifi_speed_labels,801,0,802,1]
01-01 08:11:38.014  1000  1061  1061 I sysui_histogram: [settings_wifi_speed_labels,0]
01-01 08:11:38.014  1000  1061  1061 I sysui_multi_action: [757,804,799,settings_wifi_speed_labels,801,0,802,1]
01-01 08:11:38.015  1000  1061  1061 I sysui_histogram: [settings_wifi_speed_labels,0]
01-01 08:11:38.015  1000  1061  1061 I sysui_multi_action: [757,804,799,settings_wifi_speed_labels,801,0,802,1]
01-01 08:11:38.016  1000  1061  1061 I sysui_histogram: [settings_wifi_speed_labels,0]
01-01 08:11:38.016  1000  1061  1061 I sysui_multi_action: [757,804,799,settings_wifi_speed_labels,801,0,802,1]
01-01 08:11:38.596  1000  1061  1061 I sysui_histogram: [settings_wifi_speed_labels,0]
01-01 08:11:38.596  1000  1061  1061 I sysui_multi_action: [757,804,799,settings_wifi_speed_labels,801,0,802,1]
01-01 08:11:38.600  1000  1061  1061 I sysui_histogram: [settings_wifi_speed_labels,0]
01-01 08:11:38.600  1000  1061  1061 I sysui_multi_action: [757,804,799,settings_wifi_speed_labels,801,0,802,1]
01-01 08:11:38.601  1000  1061  1061 I sysui_histogram: [settings_wifi_speed_labels,0]
01-01 08:11:38.602  1000  1061  1061 I sysui_multi_action: [757,804,799,settings_wifi_speed_labels,801,0,802,1]
01-01 08:11:38.603  1000  1061  1061 I sysui_histogram: [settings_wifi_speed_labels,0]
01-01 08:11:38.603  1000  1061  1061 I sysui_multi_action: [757,804,799,settings_wifi_speed_labels,801,0,802,1]
01-01 08:11:38.604  1000  1061  1061 I sysui_histogram: [settings_wifi_speed_labels,0]
01-01 08:11:38.604  1000  1061  1061 I sysui_multi_action: [757,804,799,settings_wifi_speed_labels,801,0,802,1]
01-01 08:11:38.604  1000  1061  1061 I sysui_histogram: [settings_wifi_speed_labels,0]
01-01 08:11:38.605  1000  1061  1061 I sysui_multi_action: [757,804,799,settings_wifi_speed_labels,801,0,802,1]
01-01 08:11:38.605  1000  1061  1061 I sysui_histogram: [settings_wifi_speed_labels,0]
01-01 08:11:38.605  1000  1061  1061 I sysui_multi_action: [757,804,799,settings_wifi_speed_labels,801,0,802,1]
01-01 08:11:39.230  1000  1061  1061 I sysui_histogram: [settings_wifi_speed_labels,0]
01-01 08:11:39.230  1000  1061  1061 I sysui_multi_action: [757,804,799,settings_wifi_speed_labels,801,0,802,1]
01-01 08:11:39.230  1000  1061  1061 I sysui_histogram: [settings_wifi_speed_labels,0]
01-01 08:11:39.231  1000  1061  1061 I sysui_multi_action: [757,804,799,settings_wifi_speed_labels,801,0,802,1]
01-01 08:11:39.231  1000  1061  1061 I sysui_histogram: [settings_wifi_speed_labels,0]
01-01 08:11:39.231  1000  1061  1061 I sysui_multi_action: [757,804,799,settings_wifi_speed_labels,801,0,802,1]
01-01 08:11:39.232  1000  1061  1061 I sysui_histogram: [settings_wifi_speed_labels,0]
01-01 08:11:39.232  1000  1061  1061 I sysui_multi_action: [757,804,799,settings_wifi_speed_labels,801,0,802,1]
01-01 08:11:39.232  1000  1061  1061 I sysui_histogram: [settings_wifi_speed_labels,0]
01-01 08:11:39.232  1000  1061  1061 I sysui_multi_action: [757,804,799,settings_wifi_speed_labels,801,0,802,1]
01-01 08:11:39.233  1000  1061  1061 I sysui_histogram: [settings_wifi_speed_labels,0]
01-01 08:11:39.233  1000  1061  1061 I sysui_multi_action: [757,804,799,settings_wifi_speed_labels,801,0,802,1]
01-01 08:11:39.260  1000  1061  1061 I sysui_histogram: [settings_wifi_speed_labels,0]
01-01 08:11:39.260  1000  1061  1061 I sysui_multi_action: [757,804,799,settings_wifi_speed_labels,801,0,802,1]
01-01 08:11:39.261  1000  1061  1061 I sysui_histogram: [settings_wifi_speed_labels,0]
01-01 08:11:39.261  1000  1061  1061 I sysui_multi_action: [757,804,799,settings_wifi_speed_labels,801,0,802,1]
