01-01 08:11:39.261  1000  1061  1061 I sysui_histogram: [settings_wifi_speed_labels,0]
01-01 08:11:39.261  1000  1061  1061 I sysui_multi_action: [757,804,799,settings_wifi_speed_labels,801,0,802,1]
01-01 08:11:39.262  1000  1061  1061 I sysui_histogram: [settings_wifi_speed_labels,0]
01-01 08:11:39.262  1000  1061  1061 I sysui_multi_action: [757,804,799,settings_wifi_speed_labels,801,0,802,1]
01-01 08:11:39.262  1000  1061  1061 I sysui_histogram: [settings_wifi_speed_labels,0]
01-01 08:11:39.262  1000  1061  1061 I sysui_multi_action: [757,804,799,settings_wifi_speed_labels,801,0,802,1]
01-01 08:11:39.263  1000  1061  1061 I sysui_histogram: [settings_wifi_speed_labels,0]
01-01 08:11:39.263  1000  1061  1061 I sysui_multi_action: [757,804,799,settings_wifi_speed_labels,801,0,802,1]
01-01 08:11:39.346  1000  1061  1061 I sysui_histogram: [settings_wifi_speed_labels,0]
01-01 08:11:39.346  1000  1061  1061 I sysui_multi_action: [757,804,799,settings_wifi_speed_labels,801,0,802,1]
01-01 08:11:39.347  1000  1061  1061 I sysui_histogram: [settings_wifi_speed_labels,0]
01-01 08:11:39.347  1000  1061  1061 I sysui_multi_action: [757,804,799,settings_wifi_speed_labels,801,0,802,1]
01-01 08:11:39.348  1000  1061  1061 I sysui_histogram: [settings_wifi_speed_labels,0]
01-01 08:11:39.348  1000  1061  1061 I sysui_multi_action: [757,804,799,settings_wifi_speed_labels,801,0,802,1]
01-01 08:11:39.348  1000  1061  1061 I sysui_histogram: [settings_wifi_speed_labels,0]
01-01 08:11:39.349  1000  1061  1061 I sysui_multi_action: [757,804,799,settings_wifi_speed_labels,801,0,802,1]
01-01 08:11:39.350  1000  1061  1061 I sysui_histogram: [settings_wifi_speed_labels,0]
01-01 08:11:39.350  1000  1061  1061 I sysui_multi_action: [757,804,799,settings_wifi_speed_labels,801,0,802,1]
01-01 08:11:39.351  1000  1061  1061 I sysui_histogram: [settings_wifi_speed_labels,0]
01-01 08:11:39.351  1000  1061  1061 I sysui_multi_action: [757,804,799,settings_wifi_speed_labels,801,0,802,1]
01-01 08:11:39.358  1000  1061  1061 I sysui_histogram: [settings_wifi_speed_labels,0]
01-01 08:11:39.358  1000  1061  1061 I sysui_multi_action: [757,804,799,settings_wifi_speed_labels,801,0,802,1]
01-01 08:11:39.359  1000  1061  1061 I sysui_histogram: [settings_wifi_speed_labels,0]
01-01 08:11:39.359  1000  1061  1061 I sysui_multi_action: [757,804,799,settings_wifi_speed_labels,801,0,802,1]
01-01 08:11:39.360  1000  1061  1061 I sysui_histogram: [settings_wifi_speed_labels,0]
01-01 08:11:39.360  1000  1061  1061 I sysui_multi_action: [757,804,799,settings_wifi_speed_labels,801,0,802,1]
01-01 08:11:39.360  1000  1061  1061 I sysui_histogram: [settings_wifi_speed_labels,0]
01-01 08:11:39.361  1000  1061  1061 I sysui_multi_action: [757,804,799,settings_wifi_speed_labels,801,0,802,1]
01-01 08:11:39.361  1000  1061  1061 I sysui_histogram: [settings_wifi_speed_labels,0]
01-01 08:11:39.361  1000  1061  1061 I sysui_multi_action: [757,804,799,settings_wifi_speed_labels,801,0,802,1]
01-01 08:11:39.362  1000  1061  1061 I sysui_histogram: [settings_wifi_speed_labels,0]
01-01 08:11:39.362  1000  1061  1061 I sysui_multi_action: [757,804,799,settings_wifi_speed_labels,801,0,802,1]
01-01 08:11:39.381  1000  1061  1061 I sysui_histogram: [settings_wifi_speed_labels,0]
01-01 08:11:39.381  1000  1061  1061 I sysui_multi_action: [757,804,799,settings_wifi_speed_labels,801,0,802,1]
01-01 08:11:39.381  1000  1061  1061 I sysui_histogram: [settings_wifi_speed_labels,0]
01-01 08:11:39.382  1000  1061  1061 I sysui_multi_action: [757,804,799,settings_wifi_speed_labels,801,0,802,1]
01-01 08:11:39.382  1000  1061  1061 I sysui_histogram: [settings_wifi_speed_labels,0]
01-01 08:11:39.382  1000  1061  1061 I sysui_multi_action: [757,804,799,settings_wifi_speed_labels,801,0,802,1]
01-01 08:11:39.383  1000  1061  1061 I sysui_histogram: [settings_wifi_speed_labels,0]
01-01 08:11:39.383  1000  1061  1061 I sysui_multi_action: [757,804,799,settings_wifi_speed_labels,801,0,802,1]
01-01 08:11:39.383  1000  1061  1061 I sysui_histogram: [settings_wifi_speed_labels,0]
01-01 08:11:39.383  1000  1061  1061 I sysui_multi_action: [757,804,799,settings_wifi_speed_labels,801,0,802,1]
01-01 08:11:39.384  1000  1061  1061 I sysui_histogram: [settings_wifi_speed_labels,0]
01-01 08:11:39.384  1000  1061  1061 I sysui_multi_action: [757,804,799,settings_wifi_speed_labels,801,0,802,1]
01-01 08:11:39.388  1000  1061  1061 I sysui_histogram: [settings_wifi_speed_labels,0]
01-01 08:11:39.388  1000  1061  1061 I sysui_multi_action: [757,804,799,settings_wifi_speed_labels,801,0,802,1]
01-01 08:11:39.389  1000  1061  1061 I sysui_histogram: [settings_wifi_speed_labels,0]
01-01 08:11:39.389  1000  1061  1061 I sysui_multi_action: [757,804,799,settings_wifi_speed_labels,801,0,802,1]
01-01 08:11:39.389  1000  1061  1061 I sysui_histogram: [settings_wifi_speed_labels,0]
01-01 08:11:39.390  1000  1061  1061 I sysui_multi_action: [757,804,799,settings_wifi_speed_labels,801,0,802,1]
01-01 08:11:39.390  1000  1061  1061 I sysui_histogram: [settings_wifi_speed_labels,0]
01-01 08:11:39.390  1000  1061  1061 I sysui_multi_action: [757,804,799,settings_wifi_speed_labels,801,0,802,1]
01-01 08:11:39.391  1000  1061  1061 I sysui_histogram: [settings_wifi_speed_labels,0]
01-01 08:11:39.391  1000  1061  1061 I sysui_multi_action: [757,804,799,settings_wifi_speed_labels,801,0,802,1]
01-01 08:11:39.392  1000  1061  1061 I sysui_histogram: [settings_wifi_speed_labels,0]
01-01 08:11:39.392  1000  1061  1061 I sysui_multi_action: [757,804,799,settings_wifi_speed_labels,801,0,802,1]
01-01 08:11:39.719  root  2114  2114 I auditd  : type=1400 audit(0.0:220): avc: denied { ioctl } for comm="dhcp6c" path="socket:[35524]" dev="sockfs" ino=35524 ioctlcmd=8927 scontext=u:r:dhcp6c:s0 tcontext=u:r:dhcp6c:s0 tclass=udp_socket permissive=0
01-01 08:11:39.719  root  2114  2114 I chatty  : uid=0(root) identical 12 lines
01-01 08:11:39.719  root  2114  2114 I auditd  : type=1400 audit(0.0:233): avc: denied { ioctl } for comm="dhcp6c" path="socket:[35524]" dev="sockfs" ino=35524 ioctlcmd=8927 scontext=u:r:dhcp6c:s0 tcontext=u:r:dhcp6c:s0 tclass=udp_socket permissive=0
01-01 08:11:39.753  1000   622   868 I netstats_mobile_sample: [0,0,0,0,0,0,0,0,0,0,0,0,-1]
01-01 08:11:39.753  1000   622   868 I netstats_wifi_sample: [0,0,0,0,0,0,0,0,0,0,0,0,-1]
01-01 08:11:39.762  1000   622   868 I netstats_mobile_sample: [0,0,0,0,0,0,0,0,0,0,0,0,-1]
01-01 08:11:39.762  1000   622   868 I netstats_wifi_sample: [0,0,0,0,0,0,0,0,0,0,0,0,-1]
05-22 17:41:56.938  1000  1061  1061 I sysui_histogram: [settings_wifi_speed_labels,0]
05-22 17:41:56.938  1000  1061  1061 I sysui_multi_action: [757,804,799,settings_wifi_speed_labels,801,0,802,1]
05-22 17:41:56.939  1000  1061  1061 I sysui_histogram: [settings_wifi_speed_labels,0]
05-22 17:41:56.939  1000  1061  1061 I sysui_multi_action: [757,804,799,settings_wifi_speed_labels,801,0,802,1]
05-22 17:41:56.939  1000  1061  1061 I sysui_histogram: [settings_wifi_speed_labels,0]
05-22 17:41:56.939  1000  1061  1061 I sysui_multi_action: [757,804,799,settings_wifi_speed_labels,801,0,802,1]
05-22 17:41:56.940  1000  1061  1061 I sysui_histogram: [settings_wifi_speed_labels,0]
05-22 17:41:56.940  1000  1061  1061 I sysui_multi_action: [757,804,799,settings_wifi_speed_labels,801,0,802,1]
05-22 17:41:56.940  1000  1061  1061 I sysui_histogram: [settings_wifi_speed_labels,0]
05-22 17:41:56.941  1000  1061  1061 I sysui_multi_action: [757,804,799,settings_wifi_speed_labels,801,0,802,1]
05-22 17:41:56.941  1000  1061  1061 I sysui_histogram: [settings_wifi_speed_labels,0]
05-22 17:41:56.941  1000  1061  1061 I sysui_multi_action: [757,804,799,settings_wifi_speed_labels,801,0,802,1]
05-22 17:41:56.996 10022   925  1008 I sysui_multi_action: [757,1093,758,4,793,138447062690,1094,605552641,1095,5]
05-22 17:41:57.021  1000  1061  1061 I sysui_histogram: [settings_wifi_speed_labels,0]
05-22 17:41:57.022  1000  1061  1061 I sysui_multi_action: [757,804,799,settings_wifi_speed_labels,801,0,802,1]
05-22 17:41:57.025  1000  1061  1061 I sysui_histogram: [settings_wifi_speed_labels,0]
05-22 17:41:57.025  1000   622   622 I am_create_service: [0,197182892,.StatusCheckJobService,10002,1580]
05-22 17:41:57.025  1000  1061  1061 I sysui_multi_action: [757,804,799,settings_wifi_speed_labels,801,0,802,1]
05-22 17:41:57.026  1000  1061  1061 I sysui_histogram: [settings_wifi_speed_labels,0]
05-22 17:41:57.026  1000  1061  1061 I sysui_multi_action: [757,804,799,settings_wifi_speed_labels,801,0,802,1]
05-22 17:41:57.027  1000  1061  1061 I sysui_histogram: [settings_wifi_speed_labels,0]
05-22 17:41:57.027  1000  1061  1061 I sysui_multi_action: [757,804,799,settings_wifi_speed_labels,801,0,802,1]
05-22 17:41:57.028  1000  1061  1061 I sysui_histogram: [settings_wifi_speed_labels,0]
05-22 17:41:57.028  1000  1061  1061 I sysui_multi_action: [757,804,799,settings_wifi_speed_labels,801,0,802,1]
05-22 17:41:57.029  1000  1061  1061 I sysui_histogram: [settings_wifi_speed_labels,0]
05-22 17:41:57.029  1000  1061  1061 I sysui_multi_action: [757,804,799,settings_wifi_speed_labels,801,0,802,1]
05-22 17:41:57.034  1000  1061  1061 I sysui_histogram: [settings_wifi_speed_labels,0]
05-22 17:41:57.034  1000  1061  1061 I sysui_multi_action: [757,804,799,settings_wifi_speed_labels,801,0,802,1]
05-22 17:41:57.035  1000  1061  1061 I sysui_histogram: [settings_wifi_speed_labels,0]
05-22 17:41:57.035  1000  1061  1061 I sysui_multi_action: [757,804,799,settings_wifi_speed_labels,801,0,802,1]
05-22 17:41:57.035  1000  1061  1061 I sysui_histogram: [settings_wifi_speed_labels,0]
05-22 17:41:57.035  1000  1061  1061 I sysui_multi_action: [757,804,799,settings_wifi_speed_labels,801,0,802,1]
05-22 17:41:57.036  1000  1061  1061 I sysui_histogram: [settings_wifi_speed_labels,0]
05-22 17:41:57.036  1000  1061  1061 I sysui_multi_action: [757,804,799,settings_wifi_speed_labels,801,0,802,1]
05-22 17:41:57.037  1000  1061  1061 I sysui_histogram: [settings_wifi_speed_labels,0]
05-22 17:41:57.037  1000  1061  1061 I sysui_multi_action: [757,804,799,settings_wifi_speed_labels,801,0,802,1]
05-22 17:41:57.037  1000  1061  1061 I sysui_histogram: [settings_wifi_speed_labels,0]
05-22 17:41:57.037  1000  1061  1061 I sysui_multi_action: [757,804,799,settings_wifi_speed_labels,801,0,802,1]
05-22 17:41:57.065  1000  1061  1061 I sysui_histogram: [settings_wifi_speed_labels,0]
05-22 17:41:57.066  1000  1061  1061 I sysui_multi_action: [757,804,799,settings_wifi_speed_labels,801,0,802,1]
05-22 17:41:57.066  1000  1061  1061 I sysui_histogram: [settings_wifi_speed_labels,0]
05-22 17:41:57.066  1000  1061  1061 I sysui_multi_action: [757,804,799,settings_wifi_speed_labels,801,0,802,1]
05-22 17:41:57.067  1000  1061  1061 I sysui_histogram: [settings_wifi_speed_labels,0]
05-22 17:41:57.067  1000  1061  1061 I sysui_multi_action: [757,804,799,settings_wifi_speed_labels,801,0,802,1]
05-22 17:41:57.067  1000  1061  1061 I sysui_histogram: [settings_wifi_speed_labels,0]
05-22 17:41:57.067  1000  1061  1061 I sysui_multi_action: [757,804,799,settings_wifi_speed_labels,801,0,802,1]
05-22 17:41:57.068  1000  1061  1061 I sysui_histogram: [settings_wifi_speed_labels,0]
05-22 17:41:57.068  1000  1061  1061 I sysui_multi_action: [757,804,799,settings_wifi_speed_labels,801,0,802,1]
05-22 17:41:57.069  1000  1061  1061 I sysui_histogram: [settings_wifi_speed_labels,0]
05-22 17:41:57.069  1000  1061  1061 I sysui_multi_action: [757,804,799,settings_wifi_speed_labels,801,0,802,1]
05-22 17:41:57.077  1000   622   955 I am_destroy_service: [0,197182892,1580]
05-22 17:41:57.095  1000   622   874 I am_uid_active: 10019
05-22 17:41:57.128  1000  1061  1061 I sysui_histogram: [settings_wifi_speed_labels,0]
05-22 17:41:57.129  1000  1061  1061 I sysui_multi_action: [757,804,799,settings_wifi_speed_labels,801,0,802,1]
05-22 17:41:57.129  1000  1061  1061 I sysui_histogram: [settings_wifi_speed_labels,0]
05-22 17:41:57.129  1000  1061  1061 I sysui_multi_action: [757,804,799,settings_wifi_speed_labels,801,0,802,1]
05-22 17:41:57.130  1000  1061  1061 I sysui_histogram: [settings_wifi_speed_labels,0]
05-22 17:41:57.130  1000  1061  1061 I sysui_multi_action: [757,804,799,settings_wifi_speed_labels,801,0,802,1]
05-22 17:41:57.131  1000  1061  1061 I sysui_histogram: [settings_wifi_speed_labels,0]
05-22 17:41:57.131  1000  1061  1061 I sysui_multi_action: [757,804,799,settings_wifi_speed_labels,801,0,802,1]
05-22 17:41:57.131  1000  1061  1061 I sysui_histogram: [settings_wifi_speed_labels,0]
05-22 17:41:57.132  1000  1061  1061 I sysui_multi_action: [757,804,799,settings_wifi_speed_labels,801,0,802,1]
05-22 17:41:57.132  1000  1061  1061 I sysui_histogram: [settings_wifi_speed_labels,0]
05-22 17:41:57.132  1000  1061  1061 I sysui_multi_action: [757,804,799,settings_wifi_speed_labels,801,0,802,1]
05-22 17:41:57.137  1000  1061  1061 I sysui_histogram: [settings_wifi_speed_labels,0]
05-22 17:41:57.137  1000  1061  1061 I sysui_multi_action: [757,804,799,settings_wifi_speed_labels,801,0,802,1]
05-22 17:41:57.138  1000  1061  1061 I sysui_histogram: [settings_wifi_speed_labels,0]
05-22 17:41:57.138  1000  1061  1061 I sysui_multi_action: [757,804,799,settings_wifi_speed_labels,801,0,802,1]
05-22 17:41:57.138  1000  1061  1061 I sysui_histogram: [settings_wifi_speed_labels,0]
05-22 17:41:57.139  1000  1061  1061 I sysui_multi_action: [757,804,799,settings_wifi_speed_labels,801,0,802,1]
05-22 17:41:57.139  1000  1061  1061 I sysui_histogram: [settings_wifi_speed_labels,0]
05-22 17:41:57.140  1000  1061  1061 I sysui_multi_action: [757,804,799,settings_wifi_speed_labels,801,0,802,1]
05-22 17:41:57.140  1000  1061  1061 I sysui_histogram: [settings_wifi_speed_labels,0]
05-22 17:41:57.140  1000  1061  1061 I sysui_multi_action: [757,804,799,settings_wifi_speed_labels,801,0,802,1]
05-22 17:41:57.141  1000  1061  1061 I sysui_histogram: [settings_wifi_speed_labels,0]
05-22 17:41:57.141  1000  1061  1061 I sysui_multi_action: [757,804,799,settings_wifi_speed_labels,801,0,802,1]
05-22 17:41:57.152  1000  1061  1061 I sysui_histogram: [settings_wifi_speed_labels,0]
05-22 17:41:57.152  1000  1061  1061 I sysui_multi_action: [757,804,799,settings_wifi_speed_labels,801,0,802,1]
05-22 17:41:57.152  1000  1061  1061 I sysui_histogram: [settings_wifi_speed_labels,0]
05-22 17:41:57.153  1000  1061  1061 I sysui_multi_action: [757,804,799,settings_wifi_speed_labels,801,0,802,1]
05-22 17:41:57.154  1000  1061  1061 I sysui_histogram: [settings_wifi_speed_labels,0]
05-22 17:41:57.154  1000  1061  1061 I sysui_multi_action: [757,804,799,settings_wifi_speed_labels,801,0,802,1]
05-22 17:41:57.154  1000  1061  1061 I sysui_histogram: [settings_wifi_speed_labels,0]
05-22 17:41:57.155  1000  1061  1061 I sysui_multi_action: [757,804,799,settings_wifi_speed_labels,801,0,802,1]
05-22 17:41:57.155  1000  1061  1061 I sysui_histogram: [settings_wifi_speed_labels,0]
05-22 17:41:57.155  1000  1061  1061 I sysui_multi_action: [757,804,799,settings_wifi_speed_labels,801,0,802,1]
05-22 17:41:57.156  1000  1061  1061 I sysui_histogram: [settings_wifi_speed_labels,0]
05-22 17:41:57.156  1000  1061  1061 I sysui_multi_action: [757,804,799,settings_wifi_speed_labels,801,0,802,1]
05-22 17:41:57.162  1000  1061  1061 I sysui_histogram: [settings_wifi_speed_labels,0]
05-22 17:41:57.162  1000  1061  1061 I sysui_multi_action: [757,804,799,settings_wifi_speed_labels,801,0,802,1]
05-22 17:41:57.163  1000  1061  1061 I sysui_histogram: [settings_wifi_speed_labels,0]
05-22 17:41:57.163  1000  1061  1061 I sysui_multi_action: [757,804,799,settings_wifi_speed_labels,801,0,802,1]
05-22 17:41:57.164  1000  1061  1061 I sysui_histogram: [settings_wifi_speed_labels,0]
05-22 17:41:57.164  1000  1061  1061 I sysui_multi_action: [757,804,799,settings_wifi_speed_labels,801,0,802,1]
05-22 17:41:57.167  1000  1061  1061 I sysui_histogram: [settings_wifi_speed_labels,0]
05-22 17:41:57.167  1000  1061  1061 I sysui_multi_action: [757,804,799,settings_wifi_speed_labels,801,0,802,1]
05-22 17:41:57.168  1000  1061  1061 I sysui_histogram: [settings_wifi_speed_labels,0]
05-22 17:41:57.168  1000  1061  1061 I sysui_multi_action: [757,804,799,settings_wifi_speed_labels,801,0,802,1]
05-22 17:41:57.170  1000  1061  1061 I sysui_histogram: [settings_wifi_speed_labels,0]
05-22 17:41:57.170  1000  1061  1061 I sysui_multi_action: [757,804,799,settings_wifi_speed_labels,801,0,802,1]
05-22 17:41:57.318  1000   622   868 I netstats_mobile_sample: [0,0,0,0,0,0,0,0,0,0,0,0,1684748517330]
05-22 17:41:57.318  1000   622   868 I netstats_wifi_sample: [2848,21,3183,33,2802,20,2693,32,2802,20,2693,32,1684748517330]
05-22 17:41:57.347  1000  1061  1061 I sysui_histogram: [settings_wifi_speed_labels,0]
05-22 17:41:57.347  1000  1061  1061 I sysui_multi_action: [757,804,799,settings_wifi_speed_labels,801,0,802,1]
05-22 17:41:57.347  1000  1061  1061 I sysui_histogram: [settings_wifi_speed_labels,0]
05-22 17:41:57.347  1000  1061  1061 I sysui_multi_action: [757,804,799,settings_wifi_speed_labels,801,0,802,1]
05-22 17:41:57.348  1000  1061  1061 I sysui_histogram: [settings_wifi_speed_labels,0]
05-22 17:41:57.348  1000  1061  1061 I sysui_multi_action: [757,804,799,settings_wifi_speed_labels,801,0,802,1]
05-22 17:41:57.349  1000  1061  1061 I sysui_histogram: [settings_wifi_speed_labels,0]
05-22 17:41:57.349  1000  1061  1061 I sysui_multi_action: [757,804,799,settings_wifi_speed_labels,801,0,802,1]
05-22 17:41:57.349  1000  1061  1061 I sysui_histogram: [settings_wifi_speed_labels,0]
05-22 17:41:57.350  1000  1061  1061 I sysui_multi_action: [757,804,799,settings_wifi_speed_labels,801,0,802,1]
05-22 17:41:57.350  1000  1061  1061 I sysui_histogram: [settings_wifi_speed_labels,0]
05-22 17:41:57.350  1000  1061  1061 I sysui_multi_action: [757,804,799,settings_wifi_speed_labels,801,0,802,1]
05-22 17:41:57.636  1000  1061  1061 I sysui_histogram: [settings_wifi_speed_labels,0]
05-22 17:41:57.636  1000  1061  1061 I sysui_multi_action: [757,804,799,settings_wifi_speed_labels,801,0,802,1]
05-22 17:41:57.637  1000  1061  1061 I sysui_histogram: [settings_wifi_speed_labels,0]
05-22 17:41:57.637  1000  1061  1061 I sysui_multi_action: [757,804,799,settings_wifi_speed_labels,801,0,802,1]
05-22 17:41:57.638  1000  1061  1061 I sysui_histogram: [settings_wifi_speed_labels,0]
05-22 17:41:57.638  1000  1061  1061 I sysui_multi_action: [757,804,799,settings_wifi_speed_labels,801,0,802,1]
05-22 17:41:57.638  1000  1061  1061 I sysui_histogram: [settings_wifi_speed_labels,0]
05-22 17:41:57.638  1000  1061  1061 I sysui_multi_action: [757,804,799,settings_wifi_speed_labels,801,0,802,1]
05-22 17:41:57.639  1000  1061  1061 I sysui_histogram: [settings_wifi_speed_labels,0]
05-22 17:41:57.639  1000  1061  1061 I sysui_multi_action: [757,804,799,settings_wifi_speed_labels,801,0,802,1]
05-22 17:41:57.639  1000  1061  1061 I sysui_histogram: [settings_wifi_speed_labels,0]
05-22 17:41:57.640  1000  1061  1061 I sysui_multi_action: [757,804,799,settings_wifi_speed_labels,801,0,802,1]
05-22 17:41:58.039 10022   925  1008 I sysui_multi_action: [757,1093,758,4,793,1042,1094,605552641,1095,5]
05-22 17:42:00.698 10022   925  1008 I sysui_multi_action: [757,1093,758,4,793,2660,1094,605552641,1095,5]
05-22 17:42:02.169  1000   622   635 I am_pss  : [1061,1000,com.android.settings,45988864,27344896,1741824]
05-22 17:42:02.705 10022   925  1008 I sysui_multi_action: [757,1093,758,4,793,2007,1094,605552641,1095,5]
05-22 17:42:03.086  1000  1061  1061 I sysui_histogram: [settings_wifi_speed_labels,0]
05-22 17:42:03.086  1000  1061  1061 I sysui_multi_action: [757,804,799,settings_wifi_speed_labels,801,0,802,1]
05-22 17:42:03.086  1000  1061  1061 I sysui_histogram: [settings_wifi_speed_labels,0]
05-22 17:42:03.087  1000  1061  1061 I sysui_multi_action: [757,804,799,settings_wifi_speed_labels,801,0,802,1]
05-22 17:42:03.087  1000  1061  1061 I sysui_histogram: [settings_wifi_speed_labels,0]
05-22 17:42:03.087  1000  1061  1061 I sysui_multi_action: [757,804,799,settings_wifi_speed_labels,801,0,802,1]
05-22 17:42:03.088  1000  1061  1061 I sysui_histogram: [settings_wifi_speed_labels,0]
05-22 17:42:03.088  1000  1061  1061 I sysui_multi_action: [757,804,799,settings_wifi_speed_labels,801,0,802,1]
05-22 17:42:03.089  1000  1061  1061 I sysui_histogram: [settings_wifi_speed_labels,0]
05-22 17:42:03.089  1000  1061  1061 I sysui_multi_action: [757,804,799,settings_wifi_speed_labels,801,0,802,1]
05-22 17:42:03.090  1000  1061  1061 I sysui_histogram: [settings_wifi_speed_labels,0]
05-22 17:42:03.090  1000  1061  1061 I sysui_multi_action: [757,804,799,settings_wifi_speed_labels,801,0,802,1]
05-22 17:42:03.091  1000  1061  1061 I sysui_histogram: [settings_wifi_speed_labels,0]
05-22 17:42:03.091  1000  1061  1061 I sysui_multi_action: [757,804,799,settings_wifi_speed_labels,801,0,802,1]
05-22 17:42:03.091  1000  1061  1061 I sysui_histogram: [settings_wifi_speed_labels,0]
05-22 17:42:03.092  1000  1061  1061 I sysui_multi_action: [757,804,799,settings_wifi_speed_labels,801,0,802,1]
05-22 17:42:03.092  1000  1061  1061 I sysui_histogram: [settings_wifi_speed_labels,0]
05-22 17:42:03.092  1000  1061  1061 I sysui_multi_action: [757,804,799,settings_wifi_speed_labels,801,0,802,1]
05-22 17:42:03.093  1000  1061  1061 I sysui_histogram: [settings_wifi_speed_labels,0]
05-22 17:42:03.093  1000  1061  1061 I sysui_multi_action: [757,804,799,settings_wifi_speed_labels,801,0,802,1]
05-22 17:42:03.094  1000  1061  1061 I sysui_histogram: [settings_wifi_speed_labels,0]
05-22 17:42:03.094  1000  1061  1061 I sysui_multi_action: [757,804,799,settings_wifi_speed_labels,801,0,802,1]
05-22 17:42:03.712 10022   925  1008 I sysui_multi_action: [757,1093,758,4,793,1007,1094,605552641,1095,5]
05-22 17:42:05.710 10022   925  1008 I sysui_multi_action: [757,1093,758,4,793,1998,1094,605552641,1095,5]
05-22 17:42:12.727 10022   925  1008 I sysui_multi_action: [757,1093,758,4,793,7017,1094,605552641,1095,5]
05-22 17:42:13.085  1000  1061  1061 I sysui_histogram: [settings_wifi_speed_labels,0]
05-22 17:42:13.086  1000  1061  1061 I sysui_multi_action: [757,804,799,settings_wifi_speed_labels,801,0,802,1]
05-22 17:42:13.086  1000  1061  1061 I sysui_histogram: [settings_wifi_speed_labels,0]
05-22 17:42:13.086  1000  1061  1061 I sysui_multi_action: [757,804,799,settings_wifi_speed_labels,801,0,802,1]
05-22 17:42:13.088  1000  1061  1061 I sysui_histogram: [settings_wifi_speed_labels,0]
05-22 17:42:13.088  1000  1061  1061 I sysui_multi_action: [757,804,799,settings_wifi_speed_labels,801,0,802,1]
05-22 17:42:13.089  1000  1061  1061 I sysui_histogram: [settings_wifi_speed_labels,0]
05-22 17:42:13.089  1000  1061  1061 I sysui_multi_action: [757,804,799,settings_wifi_speed_labels,801,0,802,1]
05-22 17:42:13.090  1000  1061  1061 I sysui_histogram: [settings_wifi_speed_labels,0]
05-22 17:42:13.090  1000  1061  1061 I sysui_multi_action: [757,804,799,settings_wifi_speed_labels,801,0,802,1]
05-22 17:42:13.092  1000  1061  1061 I sysui_histogram: [settings_wifi_speed_labels,0]
05-22 17:42:13.092  1000  1061  1061 I sysui_multi_action: [757,804,799,settings_wifi_speed_labels,801,0,802,1]
05-22 17:42:13.093  1000  1061  1061 I sysui_histogram: [settings_wifi_speed_labels,0]
05-22 17:42:13.094  1000  1061  1061 I sysui_multi_action: [757,804,799,settings_wifi_speed_labels,801,0,802,1]
05-22 17:42:13.095  1000  1061  1061 I sysui_histogram: [settings_wifi_speed_labels,0]
05-22 17:42:13.095  1000  1061  1061 I sysui_multi_action: [757,804,799,settings_wifi_speed_labels,801,0,802,1]
05-22 17:42:13.096  1000  1061  1061 I sysui_histogram: [settings_wifi_speed_labels,0]
05-22 17:42:13.096  1000  1061  1061 I sysui_multi_action: [757,804,799,settings_wifi_speed_labels,801,0,802,1]
05-22 17:42:13.097  1000  1061  1061 I sysui_histogram: [settings_wifi_speed_labels,0]
05-22 17:42:13.098  1000  1061  1061 I sysui_multi_action: [757,804,799,settings_wifi_speed_labels,801,0,802,1]
05-22 17:42:13.099  1000  1061  1061 I sysui_histogram: [settings_wifi_speed_labels,0]
05-22 17:42:13.099  1000  1061  1061 I sysui_multi_action: [757,804,799,settings_wifi_speed_labels,801,0,802,1]
05-22 17:42:13.740 10022   925  1008 I sysui_multi_action: [757,1093,758,4,793,1013,1094,605552641,1095,5]
05-22 17:42:22.746 10022   925  1008 I sysui_multi_action: [757,1093,758,4,793,9006,1094,605552641,1095,5]
05-22 17:42:23.093  1000  1061  1061 I sysui_histogram: [settings_wifi_speed_labels,0]
05-22 17:42:23.094  1000  1061  1061 I sysui_multi_action: [757,804,799,settings_wifi_speed_labels,801,0,802,1]
05-22 17:42:23.095  1000  1061  1061 I sysui_histogram: [settings_wifi_speed_labels,0]
05-22 17:42:23.095  1000  1061  1061 I sysui_multi_action: [757,804,799,settings_wifi_speed_labels,801,0,802,1]
05-22 17:42:23.096  1000  1061  1061 I sysui_histogram: [settings_wifi_speed_labels,0]
05-22 17:42:23.096  1000  1061  1061 I sysui_multi_action: [757,804,799,settings_wifi_speed_labels,801,0,802,1]
05-22 17:42:23.097  1000  1061  1061 I sysui_histogram: [settings_wifi_speed_labels,0]
05-22 17:42:23.098  1000  1061  1061 I sysui_multi_action: [757,804,799,settings_wifi_speed_labels,801,0,802,1]
05-22 17:42:23.099  1000  1061  1061 I sysui_histogram: [settings_wifi_speed_labels,0]
05-22 17:42:23.099  1000  1061  1061 I sysui_multi_action: [757,804,799,settings_wifi_speed_labels,801,0,802,1]
05-22 17:42:23.100  1000  1061  1061 I sysui_histogram: [settings_wifi_speed_labels,0]
05-22 17:42:23.100  1000  1061  1061 I sysui_multi_action: [757,804,799,settings_wifi_speed_labels,801,0,802,1]
05-22 17:42:23.101  1000  1061  1061 I sysui_histogram: [settings_wifi_speed_labels,0]
05-22 17:42:23.101  1000  1061  1061 I sysui_multi_action: [757,804,799,settings_wifi_speed_labels,801,0,802,1]
05-22 17:42:23.103  1000  1061  1061 I sysui_histogram: [settings_wifi_speed_labels,0]
05-22 17:42:23.103  1000  1061  1061 I sysui_multi_action: [757,804,799,settings_wifi_speed_labels,801,0,802,1]
05-22 17:42:23.104  1000  1061  1061 I sysui_histogram: [settings_wifi_speed_labels,0]
05-22 17:42:23.104  1000  1061  1061 I sysui_multi_action: [757,804,799,settings_wifi_speed_labels,801,0,802,1]
05-22 17:42:23.753 10022   925  1008 I sysui_multi_action: [757,1093,758,4,793,1006,1094,605552641,1095,5]
05-22 17:42:27.300  1000   622   635 I am_pss  : [1310,1000,com.jx.launcher,29041664,19058688,51200]
05-22 17:42:27.358  1000   622   635 I am_pss  : [1580,10002,com.android.dialer,10526720,5201920,763904]
05-22 17:42:32.767 10022   925  1008 I sysui_multi_action: [757,1093,758,4,793,9014,1094,605552641,1095,5]
05-22 17:42:33.105  1000  1061  1061 I sysui_histogram: [settings_wifi_speed_labels,0]
05-22 17:42:33.105  1000  1061  1061 I sysui_multi_action: [757,804,799,settings_wifi_speed_labels,801,0,802,1]
05-22 17:42:33.107  1000  1061  1061 I sysui_histogram: [settings_wifi_speed_labels,0]
05-22 17:42:33.107  1000  1061  1061 I sysui_multi_action: [757,804,799,settings_wifi_speed_labels,801,0,802,1]
05-22 17:42:33.107  1000  1061  1061 I sysui_histogram: [settings_wifi_speed_labels,0]
05-22 17:42:33.108  1000  1061  1061 I sysui_multi_action: [757,804,799,settings_wifi_speed_labels,801,0,802,1]
05-22 17:42:33.108  1000  1061  1061 I sysui_histogram: [settings_wifi_speed_labels,0]
05-22 17:42:33.108  1000  1061  1061 I sysui_multi_action: [757,804,799,settings_wifi_speed_labels,801,0,802,1]
05-22 17:42:33.109  1000  1061  1061 I sysui_histogram: [settings_wifi_speed_labels,0]
05-22 17:42:33.109  1000  1061  1061 I sysui_multi_action: [757,804,799,settings_wifi_speed_labels,801,0,802,1]
05-22 17:42:33.109  1000  1061  1061 I sysui_histogram: [settings_wifi_speed_labels,0]
05-22 17:42:33.110  1000  1061  1061 I sysui_multi_action: [757,804,799,settings_wifi_speed_labels,801,0,802,1]
05-22 17:42:33.110  1000  1061  1061 I sysui_histogram: [settings_wifi_speed_labels,0]
05-22 17:42:33.110  1000  1061  1061 I sysui_multi_action: [757,804,799,settings_wifi_speed_labels,801,0,802,1]
05-22 17:42:33.111  1000  1061  1061 I sysui_histogram: [settings_wifi_speed_labels,0]
05-22 17:42:33.111  1000  1061  1061 I sysui_multi_action: [757,804,799,settings_wifi_speed_labels,801,0,802,1]
05-22 17:42:33.112  1000  1061  1061 I sysui_histogram: [settings_wifi_speed_labels,0]
05-22 17:42:33.112  1000  1061  1061 I sysui_multi_action: [757,804,799,settings_wifi_speed_labels,801,0,802,1]
05-22 17:42:33.773 10022   925  1008 I sysui_multi_action: [757,1093,758,4,793,1006,1094,605552641,1095,5]
05-22 17:42:39.778 10022   925  1008 I sysui_multi_action: [757,1093,758,4,793,6005,1094,605552641,1095,5]
05-22 17:42:43.123  1000  1061  1061 I sysui_histogram: [settings_wifi_speed_labels,0]
05-22 17:42:43.123  1000  1061  1061 I sysui_multi_action: [757,804,799,settings_wifi_speed_labels,801,0,802,1]
05-22 17:42:43.124  1000  1061  1061 I sysui_histogram: [settings_wifi_speed_labels,0]
05-22 17:42:43.124  1000  1061  1061 I sysui_multi_action: [757,804,799,settings_wifi_speed_labels,801,0,802,1]
05-22 17:42:43.125  1000  1061  1061 I sysui_histogram: [settings_wifi_speed_labels,0]
05-22 17:42:43.125  1000  1061  1061 I sysui_multi_action: [757,804,799,settings_wifi_speed_labels,801,0,802,1]
05-22 17:42:43.126  1000  1061  1061 I sysui_histogram: [settings_wifi_speed_labels,0]
05-22 17:42:43.126  1000  1061  1061 I sysui_multi_action: [757,804,799,settings_wifi_speed_labels,801,0,802,1]
05-22 17:42:43.127  1000  1061  1061 I sysui_histogram: [settings_wifi_speed_labels,0]
05-22 17:42:43.127  1000  1061  1061 I sysui_multi_action: [757,804,799,settings_wifi_speed_labels,801,0,802,1]
05-22 17:42:43.127  1000  1061  1061 I sysui_histogram: [settings_wifi_speed_labels,0]
05-22 17:42:43.127  1000  1061  1061 I sysui_multi_action: [757,804,799,settings_wifi_speed_labels,801,0,802,1]
05-22 17:42:43.128  1000  1061  1061 I sysui_histogram: [settings_wifi_speed_labels,0]
05-22 17:42:43.128  1000  1061  1061 I sysui_multi_action: [757,804,799,settings_wifi_speed_labels,801,0,802,1]
05-22 17:42:43.129  1000  1061  1061 I sysui_histogram: [settings_wifi_speed_labels,0]
05-22 17:42:43.129  1000  1061  1061 I sysui_multi_action: [757,804,799,settings_wifi_speed_labels,801,0,802,1]
05-22 17:42:43.129  1000  1061  1061 I sysui_histogram: [settings_wifi_speed_labels,0]
05-22 17:42:43.129  1000  1061  1061 I sysui_multi_action: [757,804,799,settings_wifi_speed_labels,801,0,802,1]
05-22 17:42:43.130  1000  1061  1061 I sysui_histogram: [settings_wifi_speed_labels,0]
05-22 17:42:43.130  1000  1061  1061 I sysui_multi_action: [757,804,799,settings_wifi_speed_labels,801,0,802,1]
05-22 17:42:43.131  1000  1061  1061 I sysui_histogram: [settings_wifi_speed_labels,0]
05-22 17:42:43.131  1000  1061  1061 I sysui_multi_action: [757,804,799,settings_wifi_speed_labels,801,0,802,1]
05-22 17:42:50.802 10022   925  1008 I sysui_multi_action: [757,1093,758,4,793,11025,1094,605552641,1095,5]
05-22 17:42:52.806 10022   925  1008 I sysui_multi_action: [757,1093,758,4,793,2004,1094,605552641,1095,5]
05-22 17:42:53.126  1000  1061  1061 I sysui_histogram: [settings_wifi_speed_labels,0]
05-22 17:42:53.126  1000  1061  1061 I sysui_multi_action: [757,804,799,settings_wifi_speed_labels,801,0,802,1]
05-22 17:42:53.127  1000  1061  1061 I sysui_histogram: [settings_wifi_speed_labels,0]
05-22 17:42:53.127  1000  1061  1061 I sysui_multi_action: [757,804,799,settings_wifi_speed_labels,801,0,802,1]
05-22 17:42:53.128  1000  1061  1061 I sysui_histogram: [settings_wifi_speed_labels,0]
05-22 17:42:53.128  1000  1061  1061 I sysui_multi_action: [757,804,799,settings_wifi_speed_labels,801,0,802,1]
05-22 17:42:53.129  1000  1061  1061 I sysui_histogram: [settings_wifi_speed_labels,0]
05-22 17:42:53.129  1000  1061  1061 I sysui_multi_action: [757,804,799,settings_wifi_speed_labels,801,0,802,1]
05-22 17:42:53.131  1000  1061  1061 I sysui_histogram: [settings_wifi_speed_labels,0]
05-22 17:42:53.132  1000  1061  1061 I sysui_multi_action: [757,804,799,settings_wifi_speed_labels,801,0,802,1]
05-22 17:42:53.133  1000  1061  1061 I sysui_histogram: [settings_wifi_speed_labels,0]
05-22 17:42:53.133  1000  1061  1061 I sysui_multi_action: [757,804,799,settings_wifi_speed_labels,801,0,802,1]
05-22 17:42:53.134  1000  1061  1061 I sysui_histogram: [settings_wifi_speed_labels,0]
05-22 17:42:53.134  1000  1061  1061 I sysui_multi_action: [757,804,799,settings_wifi_speed_labels,801,0,802,1]
05-22 17:42:53.136  1000  1061  1061 I sysui_histogram: [settings_wifi_speed_labels,0]
05-22 17:42:53.136  1000  1061  1061 I sysui_multi_action: [757,804,799,settings_wifi_speed_labels,801,0,802,1]
05-22 17:42:53.137  1000  1061  1061 I sysui_histogram: [settings_wifi_speed_labels,0]
05-22 17:42:53.137  1000  1061  1061 I sysui_multi_action: [757,804,799,settings_wifi_speed_labels,801,0,802,1]
05-22 17:42:53.138  1000  1061  1061 I sysui_histogram: [settings_wifi_speed_labels,0]
05-22 17:42:53.139  1000  1061  1061 I sysui_multi_action: [757,804,799,settings_wifi_speed_labels,801,0,802,1]
05-22 17:42:53.140  1000  1061  1061 I sysui_histogram: [settings_wifi_speed_labels,0]
05-22 17:42:53.140  1000  1061  1061 I sysui_multi_action: [757,804,799,settings_wifi_speed_labels,801,0,802,1]
05-22 17:42:53.141  1000  1061  1061 I sysui_histogram: [settings_wifi_speed_labels,0]
05-22 17:42:53.141  1000  1061  1061 I sysui_multi_action: [757,804,799,settings_wifi_speed_labels,801,0,802,1]
05-22 17:42:53.142  1000  1061  1061 I sysui_histogram: [settings_wifi_speed_labels,0]
05-22 17:42:53.142  1000  1061  1061 I sysui_multi_action: [757,804,799,settings_wifi_speed_labels,801,0,802,1]
05-22 17:42:53.812 10022   925  1008 I sysui_multi_action: [757,1093,758,4,793,1005,1094,604504065,1095,4]
05-22 17:42:54.812 10022   925  1008 I sysui_multi_action: [757,1093,758,4,793,1001,1094,605552641,1095,5]
05-22 17:42:57.211  1000   622   636 I am_uid_idle: 10019
05-22 17:42:57.818 10022   925  1008 I sysui_multi_action: [757,1093,758,4,793,3006,1094,605552641,1095,5]
05-22 17:43:00.089  1000   622   635 I am_pss  : [1264,1000,com.abupdate.fota_demo_iot,13146112,8208384,495616]
05-22 17:43:02.830 10022   925  1008 I sysui_multi_action: [757,1093,758,4,793,5012,1094,605552641,1095,5]
05-22 17:43:03.131  1000  1061  1061 I sysui_histogram: [settings_wifi_speed_labels,0]
05-22 17:43:03.131  1000  1061  1061 I sysui_multi_action: [757,804,799,settings_wifi_speed_labels,801,0,802,1]
05-22 17:43:03.132  1000  1061  1061 I sysui_histogram: [settings_wifi_speed_labels,0]
05-22 17:43:03.132  1000  1061  1061 I sysui_multi_action: [757,804,799,settings_wifi_speed_labels,801,0,802,1]
05-22 17:43:03.133  1000  1061  1061 I sysui_histogram: [settings_wifi_speed_labels,0]
05-22 17:43:03.134  1000  1061  1061 I sysui_multi_action: [757,804,799,settings_wifi_speed_labels,801,0,802,1]
05-22 17:43:03.135  1000  1061  1061 I sysui_histogram: [settings_wifi_speed_labels,0]
05-22 17:43:03.135  1000  1061  1061 I sysui_multi_action: [757,804,799,settings_wifi_speed_labels,801,0,802,1]
05-22 17:43:03.135  1000  1061  1061 I sysui_histogram: [settings_wifi_speed_labels,0]
05-22 17:43:03.136  1000  1061  1061 I sysui_multi_action: [757,804,799,settings_wifi_speed_labels,801,0,802,1]
05-22 17:43:03.137  1000  1061  1061 I sysui_histogram: [settings_wifi_speed_labels,0]
05-22 17:43:03.137  1000  1061  1061 I sysui_multi_action: [757,804,799,settings_wifi_speed_labels,801,0,802,1]
05-22 17:43:03.138  1000  1061  1061 I sysui_histogram: [settings_wifi_speed_labels,0]
05-22 17:43:03.138  1000  1061  1061 I sysui_multi_action: [757,804,799,settings_wifi_speed_labels,801,0,802,1]
05-22 17:43:03.138  1000  1061  1061 I sysui_histogram: [settings_wifi_speed_labels,0]
05-22 17:43:03.139  1000  1061  1061 I sysui_multi_action: [757,804,799,settings_wifi_speed_labels,801,0,802,1]
05-22 17:43:03.140  1000  1061  1061 I sysui_histogram: [settings_wifi_speed_labels,0]
05-22 17:43:03.140  1000  1061  1061 I sysui_multi_action: [757,804,799,settings_wifi_speed_labels,801,0,802,1]
05-22 17:43:03.141  1000  1061  1061 I sysui_histogram: [settings_wifi_speed_labels,0]
05-22 17:43:03.141  1000  1061  1061 I sysui_multi_action: [757,804,799,settings_wifi_speed_labels,801,0,802,1]
05-22 17:43:03.142  1000  1061  1061 I sysui_histogram: [settings_wifi_speed_labels,0]
05-22 17:43:03.142  1000  1061  1061 I sysui_multi_action: [757,804,799,settings_wifi_speed_labels,801,0,802,1]
05-22 17:43:03.143  1000  1061  1061 I sysui_histogram: [settings_wifi_speed_labels,0]
05-22 17:43:03.143  1000  1061  1061 I sysui_multi_action: [757,804,799,settings_wifi_speed_labels,801,0,802,1]
05-22 17:43:03.143  1000  1061  1061 I sysui_histogram: [settings_wifi_speed_labels,0]
05-22 17:43:03.143  1000  1061  1061 I sysui_multi_action: [757,804,799,settings_wifi_speed_labels,801,0,802,1]
05-22 17:43:03.144  1000  1061  1061 I sysui_histogram: [settings_wifi_speed_labels,0]
05-22 17:43:03.144  1000  1061  1061 I sysui_multi_action: [757,804,799,settings_wifi_speed_labels,801,0,802,1]
05-22 17:43:03.145  1000  1061  1061 I sysui_histogram: [settings_wifi_speed_labels,0]
05-22 17:43:03.145  1000  1061  1061 I sysui_multi_action: [757,804,799,settings_wifi_speed_labels,801,0,802,1]
05-22 17:43:05.836 10022   925  1008 I sysui_multi_action: [757,1093,758,4,793,3006,1094,605552641,1095,5]
05-22 17:43:13.136  1000  1061  1061 I sysui_histogram: [settings_wifi_speed_labels,0]
05-22 17:43:13.136  1000  1061  1061 I sysui_multi_action: [757,804,799,settings_wifi_speed_labels,801,0,802,1]
05-22 17:43:13.137  1000  1061  1061 I sysui_histogram: [settings_wifi_speed_labels,0]
05-22 17:43:13.137  1000  1061  1061 I sysui_multi_action: [757,804,799,settings_wifi_speed_labels,801,0,802,1]
05-22 17:43:13.138  1000  1061  1061 I sysui_histogram: [settings_wifi_speed_labels,0]
05-22 17:43:13.138  1000  1061  1061 I sysui_multi_action: [757,804,799,settings_wifi_speed_labels,801,0,802,1]
05-22 17:43:13.139  1000  1061  1061 I sysui_histogram: [settings_wifi_speed_labels,0]
05-22 17:43:13.139  1000  1061  1061 I sysui_multi_action: [757,804,799,settings_wifi_speed_labels,801,0,802,1]
05-22 17:43:13.139  1000  1061  1061 I sysui_histogram: [settings_wifi_speed_labels,0]
05-22 17:43:13.140  1000  1061  1061 I sysui_multi_action: [757,804,799,settings_wifi_speed_labels,801,0,802,1]
05-22 17:43:13.140  1000  1061  1061 I sysui_histogram: [settings_wifi_speed_labels,0]
05-22 17:43:13.140  1000  1061  1061 I sysui_multi_action: [757,804,799,settings_wifi_speed_labels,801,0,802,1]
05-22 17:43:13.142  1000  1061  1061 I sysui_histogram: [settings_wifi_speed_labels,0]
05-22 17:43:13.143  1000  1061  1061 I sysui_multi_action: [757,804,799,settings_wifi_speed_labels,801,0,802,1]
05-22 17:43:13.144  1000  1061  1061 I sysui_histogram: [settings_wifi_speed_labels,0]
05-22 17:43:13.144  1000  1061  1061 I sysui_multi_action: [757,804,799,settings_wifi_speed_labels,801,0,802,1]
05-22 17:43:13.145  1000  1061  1061 I sysui_histogram: [settings_wifi_speed_labels,0]
05-22 17:43:13.146  1000  1061  1061 I sysui_multi_action: [757,804,799,settings_wifi_speed_labels,801,0,802,1]
05-22 17:43:13.146  1000  1061  1061 I sysui_histogram: [settings_wifi_speed_labels,0]
05-22 17:43:13.147  1000  1061  1061 I sysui_multi_action: [757,804,799,settings_wifi_speed_labels,801,0,802,1]
05-22 17:43:13.147  1000  1061  1061 I sysui_histogram: [settings_wifi_speed_labels,0]
05-22 17:43:13.148  1000  1061  1061 I sysui_multi_action: [757,804,799,settings_wifi_speed_labels,801,0,802,1]
05-22 17:43:13.148  1000  1061  1061 I sysui_histogram: [settings_wifi_speed_labels,0]
05-22 17:43:13.149  1000  1061  1061 I sysui_multi_action: [757,804,799,settings_wifi_speed_labels,801,0,802,1]
05-22 17:43:13.150  1000  1061  1061 I sysui_histogram: [settings_wifi_speed_labels,0]
05-22 17:43:13.150  1000  1061  1061 I sysui_multi_action: [757,804,799,settings_wifi_speed_labels,801,0,802,1]
05-22 17:43:18.863 10022   925  1008 I sysui_multi_action: [757,1093,758,4,793,13026,1094,605552641,1095,5]
05-22 17:43:23.166  1000  1061  1061 I sysui_histogram: [settings_wifi_speed_labels,0]
05-22 17:43:23.166  1000  1061  1061 I sysui_multi_action: [757,804,799,settings_wifi_speed_labels,801,0,802,1]
05-22 17:43:23.167  1000  1061  1061 I sysui_histogram: [settings_wifi_speed_labels,0]
05-22 17:43:23.168  1000  1061  1061 I sysui_multi_action: [757,804,799,settings_wifi_speed_labels,801,0,802,1]
05-22 17:43:23.171  1000  1061  1061 I sysui_histogram: [settings_wifi_speed_labels,0]
05-22 17:43:23.171  1000  1061  1061 I sysui_multi_action: [757,804,799,settings_wifi_speed_labels,801,0,802,1]
05-22 17:43:23.172  1000  1061  1061 I sysui_histogram: [settings_wifi_speed_labels,0]
05-22 17:43:23.173  1000  1061  1061 I sysui_multi_action: [757,804,799,settings_wifi_speed_labels,801,0,802,1]
05-22 17:43:23.173  1000  1061  1061 I sysui_histogram: [settings_wifi_speed_labels,0]
05-22 17:43:23.174  1000  1061  1061 I sysui_multi_action: [757,804,799,settings_wifi_speed_labels,801,0,802,1]
05-22 17:43:23.174  1000  1061  1061 I sysui_histogram: [settings_wifi_speed_labels,0]
05-22 17:43:23.174  1000  1061  1061 I sysui_multi_action: [757,804,799,settings_wifi_speed_labels,801,0,802,1]
05-22 17:43:23.175  1000  1061  1061 I sysui_histogram: [settings_wifi_speed_labels,0]
05-22 17:43:23.175  1000  1061  1061 I sysui_multi_action: [757,804,799,settings_wifi_speed_labels,801,0,802,1]
05-22 17:43:23.176  1000  1061  1061 I sysui_histogram: [settings_wifi_speed_labels,0]
05-22 17:43:23.176  1000  1061  1061 I sysui_multi_action: [757,804,799,settings_wifi_speed_labels,801,0,802,1]
05-22 17:43:23.176  1000  1061  1061 I sysui_histogram: [settings_wifi_speed_labels,0]
05-22 17:43:23.176  1000  1061  1061 I sysui_multi_action: [757,804,799,settings_wifi_speed_labels,801,0,802,1]
05-22 17:43:23.177  1000  1061  1061 I sysui_histogram: [settings_wifi_speed_labels,0]
05-22 17:43:23.177  1000  1061  1061 I sysui_multi_action: [757,804,799,settings_wifi_speed_labels,801,0,802,1]
05-22 17:43:23.178  1000  1061  1061 I sysui_histogram: [settings_wifi_speed_labels,0]
05-22 17:43:23.178  1000  1061  1061 I sysui_multi_action: [757,804,799,settings_wifi_speed_labels,801,0,802,1]
05-22 17:43:23.179  1000  1061  1061 I sysui_histogram: [settings_wifi_speed_labels,0]
05-22 17:43:23.179  1000  1061  1061 I sysui_multi_action: [757,804,799,settings_wifi_speed_labels,801,0,802,1]
05-22 17:43:23.180  1000  1061  1061 I sysui_histogram: [settings_wifi_speed_labels,0]
05-22 17:43:23.180  1000  1061  1061 I sysui_multi_action: [757,804,799,settings_wifi_speed_labels,801,0,802,1]
05-22 17:43:23.180  1000  1061  1061 I sysui_histogram: [settings_wifi_speed_labels,0]
05-22 17:43:23.181  1000  1061  1061 I sysui_multi_action: [757,804,799,settings_wifi_speed_labels,801,0,802,1]
05-22 17:43:23.181  1000  1061  1061 I sysui_histogram: [settings_wifi_speed_labels,0]
05-22 17:43:23.181  1000  1061  1061 I sysui_multi_action: [757,804,799,settings_wifi_speed_labels,801,0,802,1]
05-22 17:43:23.182  1000  1061  1061 I sysui_histogram: [settings_wifi_speed_labels,0]
05-22 17:43:23.182  1000  1061  1061 I sysui_multi_action: [757,804,799,settings_wifi_speed_labels,801,0,802,1]
05-22 17:43:23.183  1000  1061  1061 I sysui_histogram: [settings_wifi_speed_labels,0]
05-22 17:43:23.183  1000  1061  1061 I sysui_multi_action: [757,804,799,settings_wifi_speed_labels,801,0,802,1]
05-22 17:43:23.183  1000  1061  1061 I sysui_histogram: [settings_wifi_speed_labels,0]
05-22 17:43:23.184  1000  1061  1061 I sysui_multi_action: [757,804,799,settings_wifi_speed_labels,801,0,802,1]
05-22 17:43:24.873 10022   925  1008 I sysui_multi_action: [757,1093,758,4,793,6011,1094,605552641,1095,5]
05-22 17:43:30.887 10022   925  1008 I sysui_multi_action: [757,1093,758,4,793,6013,1094,605552641,1095,5]
05-22 17:43:33.181  1000  1061  1061 I sysui_histogram: [settings_wifi_speed_labels,0]
05-22 17:43:33.182  1000  1061  1061 I sysui_multi_action: [757,804,799,settings_wifi_speed_labels,801,0,802,1]
05-22 17:43:33.183  1000  1061  1061 I sysui_histogram: [settings_wifi_speed_labels,0]
05-22 17:43:33.183  1000  1061  1061 I sysui_multi_action: [757,804,799,settings_wifi_speed_labels,801,0,802,1]
05-22 17:43:33.184  1000  1061  1061 I sysui_histogram: [settings_wifi_speed_labels,0]
05-22 17:43:33.185  1000  1061  1061 I sysui_multi_action: [757,804,799,settings_wifi_speed_labels,801,0,802,1]
05-22 17:43:33.185  1000  1061  1061 I sysui_histogram: [settings_wifi_speed_labels,0]
05-22 17:43:33.185  1000  1061  1061 I sysui_multi_action: [757,804,799,settings_wifi_speed_labels,801,0,802,1]
05-22 17:43:33.186  1000  1061  1061 I sysui_histogram: [settings_wifi_speed_labels,0]
05-22 17:43:33.187  1000  1061  1061 I sysui_multi_action: [757,804,799,settings_wifi_speed_labels,801,0,802,1]
05-22 17:43:33.188  1000  1061  1061 I sysui_histogram: [settings_wifi_speed_labels,0]
05-22 17:43:33.188  1000  1061  1061 I sysui_multi_action: [757,804,799,settings_wifi_speed_labels,801,0,802,1]
05-22 17:43:33.189  1000  1061  1061 I sysui_histogram: [settings_wifi_speed_labels,0]
05-22 17:43:33.189  1000  1061  1061 I sysui_multi_action: [757,804,799,settings_wifi_speed_labels,801,0,802,1]
05-22 17:43:33.190  1000  1061  1061 I sysui_histogram: [settings_wifi_speed_labels,0]
05-22 17:43:33.190  1000  1061  1061 I sysui_multi_action: [757,804,799,settings_wifi_speed_labels,801,0,802,1]
05-22 17:43:33.191  1000  1061  1061 I sysui_histogram: [settings_wifi_speed_labels,0]
05-22 17:43:33.191  1000  1061  1061 I sysui_multi_action: [757,804,799,settings_wifi_speed_labels,801,0,802,1]
05-22 17:43:33.192  1000  1061  1061 I sysui_histogram: [settings_wifi_speed_labels,0]
05-22 17:43:33.192  1000  1061  1061 I sysui_multi_action: [757,804,799,settings_wifi_speed_labels,801,0,802,1]
05-22 17:43:33.193  1000  1061  1061 I sysui_histogram: [settings_wifi_speed_labels,0]
05-22 17:43:33.193  1000  1061  1061 I sysui_multi_action: [757,804,799,settings_wifi_speed_labels,801,0,802,1]
05-22 17:43:33.193  1000  1061  1061 I sysui_histogram: [settings_wifi_speed_labels,0]
05-22 17:43:33.194  1000  1061  1061 I sysui_multi_action: [757,804,799,settings_wifi_speed_labels,801,0,802,1]
05-22 17:43:33.194  1000  1061  1061 I sysui_histogram: [settings_wifi_speed_labels,0]
05-22 17:43:33.194  1000  1061  1061 I sysui_multi_action: [757,804,799,settings_wifi_speed_labels,801,0,802,1]
05-22 17:43:33.195  1000  1061  1061 I sysui_histogram: [settings_wifi_speed_labels,0]
05-22 17:43:33.195  1000  1061  1061 I sysui_multi_action: [757,804,799,settings_wifi_speed_labels,801,0,802,1]
05-22 17:43:33.196  1000  1061  1061 I sysui_histogram: [settings_wifi_speed_labels,0]
05-22 17:43:33.196  1000  1061  1061 I sysui_multi_action: [757,804,799,settings_wifi_speed_labels,801,0,802,1]
05-22 17:43:33.197  1000  1061  1061 I sysui_histogram: [settings_wifi_speed_labels,0]
05-22 17:43:33.197  1000  1061  1061 I sysui_multi_action: [757,804,799,settings_wifi_speed_labels,801,0,802,1]
05-22 17:43:33.197  1000  1061  1061 I sysui_histogram: [settings_wifi_speed_labels,0]
05-22 17:43:33.198  1000  1061  1061 I sysui_multi_action: [757,804,799,settings_wifi_speed_labels,801,0,802,1]
05-22 17:43:33.198  1000  1061  1061 I sysui_histogram: [settings_wifi_speed_labels,0]
05-22 17:43:33.198  1000  1061  1061 I sysui_multi_action: [757,804,799,settings_wifi_speed_labels,801,0,802,1]
05-22 17:43:33.199  1000  1061  1061 I sysui_histogram: [settings_wifi_speed_labels,0]
05-22 17:43:33.199  1000  1061  1061 I sysui_multi_action: [757,804,799,settings_wifi_speed_labels,801,0,802,1]
05-22 17:43:33.199  1000  1061  1061 I sysui_histogram: [settings_wifi_speed_labels,0]
05-22 17:43:33.200  1000  1061  1061 I sysui_multi_action: [757,804,799,settings_wifi_speed_labels,801,0,802,1]
05-22 17:43:33.200  1000  1061  1061 I sysui_histogram: [settings_wifi_speed_labels,0]
05-22 17:43:33.200  1000  1061  1061 I sysui_multi_action: [757,804,799,settings_wifi_speed_labels,801,0,802,1]
05-22 17:43:33.890 10022   925  1008 I sysui_multi_action: [757,1093,758,4,793,3004,1094,605552641,1095,5]
05-22 17:43:41.908 10022   925  1008 I sysui_multi_action: [757,1093,758,4,793,8018,1094,605552641,1095,5]
05-22 17:43:43.181  1000  1061  1061 I sysui_histogram: [settings_wifi_speed_labels,0]
05-22 17:43:43.182  1000  1061  1061 I sysui_multi_action: [757,804,799,settings_wifi_speed_labels,801,0,802,1]
05-22 17:43:43.183  1000  1061  1061 I sysui_histogram: [settings_wifi_speed_labels,0]
05-22 17:43:43.183  1000  1061  1061 I sysui_multi_action: [757,804,799,settings_wifi_speed_labels,801,0,802,1]
05-22 17:43:43.184  1000  1061  1061 I sysui_histogram: [settings_wifi_speed_labels,0]
05-22 17:43:43.184  1000  1061  1061 I sysui_multi_action: [757,804,799,settings_wifi_speed_labels,801,0,802,1]
05-22 17:43:43.184  1000  1061  1061 I sysui_histogram: [settings_wifi_speed_labels,0]
05-22 17:43:43.185  1000  1061  1061 I sysui_multi_action: [757,804,799,settings_wifi_speed_labels,801,0,802,1]
05-22 17:43:43.185  1000  1061  1061 I sysui_histogram: [settings_wifi_speed_labels,0]
05-22 17:43:43.186  1000  1061  1061 I sysui_multi_action: [757,804,799,settings_wifi_speed_labels,801,0,802,1]
05-22 17:43:43.186  1000  1061  1061 I sysui_histogram: [settings_wifi_speed_labels,0]
05-22 17:43:43.187  1000  1061  1061 I sysui_multi_action: [757,804,799,settings_wifi_speed_labels,801,0,802,1]
05-22 17:43:43.187  1000  1061  1061 I sysui_histogram: [settings_wifi_speed_labels,0]
05-22 17:43:43.188  1000  1061  1061 I sysui_multi_action: [757,804,799,settings_wifi_speed_labels,801,0,802,1]
05-22 17:43:43.188  1000  1061  1061 I sysui_histogram: [settings_wifi_speed_labels,0]
05-22 17:43:43.188  1000  1061  1061 I sysui_multi_action: [757,804,799,settings_wifi_speed_labels,801,0,802,1]
05-22 17:43:43.190  1000  1061  1061 I sysui_histogram: [settings_wifi_speed_labels,0]
05-22 17:43:43.190  1000  1061  1061 I sysui_multi_action: [757,804,799,settings_wifi_speed_labels,801,0,802,1]
