05-22 17:50:33.511  1000  1061  1061 I sysui_histogram: [settings_wifi_speed_labels,0]
05-22 17:50:33.512  1000  1061  1061 I sysui_multi_action: [757,804,799,settings_wifi_speed_labels,801,0,802,1]
05-22 17:50:33.512  1000  1061  1061 I sysui_histogram: [settings_wifi_speed_labels,0]
05-22 17:50:33.512  1000  1061  1061 I sysui_multi_action: [757,804,799,settings_wifi_speed_labels,801,0,802,1]
05-22 17:50:36.745 10022   925  1008 I sysui_multi_action: [757,1093,758,4,793,3995,1094,605552641,1095,5]
05-22 17:50:39.751 10022   925  1008 I sysui_multi_action: [757,1093,758,4,793,3006,1094,605552641,1095,5]
05-22 17:50:40.760 10022   925  1008 I sysui_multi_action: [757,1093,758,4,793,1008,1094,605552641,1095,5]
05-22 17:50:43.498  1000  1061  1061 I sysui_histogram: [settings_wifi_speed_labels,0]
05-22 17:50:43.498  1000  1061  1061 I sysui_multi_action: [757,804,799,settings_wifi_speed_labels,801,0,802,1]
05-22 17:50:43.499  1000  1061  1061 I sysui_histogram: [settings_wifi_speed_labels,0]
05-22 17:50:43.500  1000  1061  1061 I sysui_multi_action: [757,804,799,settings_wifi_speed_labels,801,0,802,1]
05-22 17:50:43.501  1000  1061  1061 I sysui_histogram: [settings_wifi_speed_labels,0]
05-22 17:50:43.501  1000  1061  1061 I sysui_multi_action: [757,804,799,settings_wifi_speed_labels,801,0,802,1]
05-22 17:50:43.503  1000  1061  1061 I sysui_histogram: [settings_wifi_speed_labels,0]
05-22 17:50:43.503  1000  1061  1061 I sysui_multi_action: [757,804,799,settings_wifi_speed_labels,801,0,802,1]
05-22 17:50:43.504  1000  1061  1061 I sysui_histogram: [settings_wifi_speed_labels,0]
05-22 17:50:43.504  1000  1061  1061 I sysui_multi_action: [757,804,799,settings_wifi_speed_labels,801,0,802,1]
05-22 17:50:43.505  1000  1061  1061 I sysui_histogram: [settings_wifi_speed_labels,0]
05-22 17:50:43.505  1000  1061  1061 I sysui_multi_action: [757,804,799,settings_wifi_speed_labels,801,0,802,1]
05-22 17:50:43.506  1000  1061  1061 I sysui_histogram: [settings_wifi_speed_labels,0]
05-22 17:50:43.506  1000  1061  1061 I sysui_multi_action: [757,804,799,settings_wifi_speed_labels,801,0,802,1]
05-22 17:50:43.506  1000  1061  1061 I sysui_histogram: [settings_wifi_speed_labels,0]
05-22 17:50:43.506  1000  1061  1061 I sysui_multi_action: [757,804,799,settings_wifi_speed_labels,801,0,802,1]
05-22 17:50:43.507  1000  1061  1061 I sysui_histogram: [settings_wifi_speed_labels,0]
05-22 17:50:43.507  1000  1061  1061 I sysui_multi_action: [757,804,799,settings_wifi_speed_labels,801,0,802,1]
05-22 17:50:43.508  1000  1061  1061 I sysui_histogram: [settings_wifi_speed_labels,0]
05-22 17:50:43.508  1000  1061  1061 I sysui_multi_action: [757,804,799,settings_wifi_speed_labels,801,0,802,1]
05-22 17:50:43.508  1000  1061  1061 I sysui_histogram: [settings_wifi_speed_labels,0]
05-22 17:50:43.508  1000  1061  1061 I sysui_multi_action: [757,804,799,settings_wifi_speed_labels,801,0,802,1]
05-22 17:50:43.509  1000  1061  1061 I sysui_histogram: [settings_wifi_speed_labels,0]
05-22 17:50:43.509  1000  1061  1061 I sysui_multi_action: [757,804,799,settings_wifi_speed_labels,801,0,802,1]
05-22 17:50:43.510  1000  1061  1061 I sysui_histogram: [settings_wifi_speed_labels,0]
05-22 17:50:43.510  1000  1061  1061 I sysui_multi_action: [757,804,799,settings_wifi_speed_labels,801,0,802,1]
05-22 17:50:43.510  1000  1061  1061 I sysui_histogram: [settings_wifi_speed_labels,0]
05-22 17:50:43.510  1000  1061  1061 I sysui_multi_action: [757,804,799,settings_wifi_speed_labels,801,0,802,1]
05-22 17:50:43.511  1000  1061  1061 I sysui_histogram: [settings_wifi_speed_labels,0]
05-22 17:50:43.511  1000  1061  1061 I sysui_multi_action: [757,804,799,settings_wifi_speed_labels,801,0,802,1]
05-22 17:50:43.511  1000  1061  1061 I sysui_histogram: [settings_wifi_speed_labels,0]
05-22 17:50:43.511  1000  1061  1061 I sysui_multi_action: [757,804,799,settings_wifi_speed_labels,801,0,802,1]
05-22 17:50:43.512  1000  1061  1061 I sysui_histogram: [settings_wifi_speed_labels,0]
05-22 17:50:43.512  1000  1061  1061 I sysui_multi_action: [757,804,799,settings_wifi_speed_labels,801,0,802,1]
05-22 17:50:43.512  1000  1061  1061 I sysui_histogram: [settings_wifi_speed_labels,0]
05-22 17:50:43.513  1000  1061  1061 I sysui_multi_action: [757,804,799,settings_wifi_speed_labels,801,0,802,1]
05-22 17:50:43.513  1000  1061  1061 I sysui_histogram: [settings_wifi_speed_labels,0]
05-22 17:50:43.513  1000  1061  1061 I sysui_multi_action: [757,804,799,settings_wifi_speed_labels,801,0,802,1]
05-22 17:50:43.514  1000  1061  1061 I sysui_histogram: [settings_wifi_speed_labels,0]
05-22 17:50:43.514  1000  1061  1061 I sysui_multi_action: [757,804,799,settings_wifi_speed_labels,801,0,802,1]
05-22 17:50:43.514  1000  1061  1061 I sysui_histogram: [settings_wifi_speed_labels,0]
05-22 17:50:43.514  1000  1061  1061 I sysui_multi_action: [757,804,799,settings_wifi_speed_labels,801,0,802,1]
05-22 17:50:43.515  1000  1061  1061 I sysui_histogram: [settings_wifi_speed_labels,0]
05-22 17:50:43.515  1000  1061  1061 I sysui_multi_action: [757,804,799,settings_wifi_speed_labels,801,0,802,1]
05-22 17:50:43.515  1000  1061  1061 I sysui_histogram: [settings_wifi_speed_labels,0]
05-22 17:50:43.515  1000  1061  1061 I sysui_multi_action: [757,804,799,settings_wifi_speed_labels,801,0,802,1]
05-22 17:50:43.516  1000  1061  1061 I sysui_histogram: [settings_wifi_speed_labels,0]
05-22 17:50:43.516  1000  1061  1061 I sysui_multi_action: [757,804,799,settings_wifi_speed_labels,801,0,802,1]
05-22 17:50:46.766 10022   925  1008 I sysui_multi_action: [757,1093,758,4,793,6007,1094,605552641,1095,5]
05-22 17:50:53.517  1000  1061  1061 I sysui_histogram: [settings_wifi_speed_labels,0]
05-22 17:50:53.517  1000  1061  1061 I sysui_multi_action: [757,804,799,settings_wifi_speed_labels,801,0,802,1]
05-22 17:50:53.518  1000  1061  1061 I sysui_histogram: [settings_wifi_speed_labels,0]
05-22 17:50:53.518  1000  1061  1061 I sysui_multi_action: [757,804,799,settings_wifi_speed_labels,801,0,802,1]
05-22 17:50:53.518  1000  1061  1061 I sysui_histogram: [settings_wifi_speed_labels,0]
05-22 17:50:53.518  1000  1061  1061 I sysui_multi_action: [757,804,799,settings_wifi_speed_labels,801,0,802,1]
05-22 17:50:53.519  1000  1061  1061 I sysui_histogram: [settings_wifi_speed_labels,0]
05-22 17:50:53.519  1000  1061  1061 I sysui_multi_action: [757,804,799,settings_wifi_speed_labels,801,0,802,1]
05-22 17:50:53.519  1000  1061  1061 I sysui_histogram: [settings_wifi_speed_labels,0]
05-22 17:50:53.520  1000  1061  1061 I sysui_multi_action: [757,804,799,settings_wifi_speed_labels,801,0,802,1]
05-22 17:50:53.520  1000  1061  1061 I sysui_histogram: [settings_wifi_speed_labels,0]
05-22 17:50:53.520  1000  1061  1061 I sysui_multi_action: [757,804,799,settings_wifi_speed_labels,801,0,802,1]
05-22 17:50:53.520  1000  1061  1061 I sysui_histogram: [settings_wifi_speed_labels,0]
05-22 17:50:53.521  1000  1061  1061 I sysui_multi_action: [757,804,799,settings_wifi_speed_labels,801,0,802,1]
05-22 17:50:53.521  1000  1061  1061 I sysui_histogram: [settings_wifi_speed_labels,0]
05-22 17:50:53.521  1000  1061  1061 I sysui_multi_action: [757,804,799,settings_wifi_speed_labels,801,0,802,1]
05-22 17:50:53.521  1000  1061  1061 I sysui_histogram: [settings_wifi_speed_labels,0]
05-22 17:50:53.522  1000  1061  1061 I sysui_multi_action: [757,804,799,settings_wifi_speed_labels,801,0,802,1]
05-22 17:50:53.522  1000  1061  1061 I sysui_histogram: [settings_wifi_speed_labels,0]
05-22 17:50:53.522  1000  1061  1061 I sysui_multi_action: [757,804,799,settings_wifi_speed_labels,801,0,802,1]
05-22 17:50:53.523  1000  1061  1061 I sysui_histogram: [settings_wifi_speed_labels,0]
05-22 17:50:53.523  1000  1061  1061 I sysui_multi_action: [757,804,799,settings_wifi_speed_labels,801,0,802,1]
05-22 17:50:53.524  1000  1061  1061 I sysui_histogram: [settings_wifi_speed_labels,0]
05-22 17:50:53.524  1000  1061  1061 I sysui_multi_action: [757,804,799,settings_wifi_speed_labels,801,0,802,1]
05-22 17:50:53.524  1000  1061  1061 I sysui_histogram: [settings_wifi_speed_labels,0]
05-22 17:50:53.524  1000  1061  1061 I sysui_multi_action: [757,804,799,settings_wifi_speed_labels,801,0,802,1]
05-22 17:50:53.525  1000  1061  1061 I sysui_histogram: [settings_wifi_speed_labels,0]
05-22 17:50:53.525  1000  1061  1061 I sysui_multi_action: [757,804,799,settings_wifi_speed_labels,801,0,802,1]
05-22 17:50:53.526  1000  1061  1061 I sysui_histogram: [settings_wifi_speed_labels,0]
05-22 17:50:53.526  1000  1061  1061 I sysui_multi_action: [757,804,799,settings_wifi_speed_labels,801,0,802,1]
05-22 17:50:53.526  1000  1061  1061 I sysui_histogram: [settings_wifi_speed_labels,0]
05-22 17:50:53.526  1000  1061  1061 I sysui_multi_action: [757,804,799,settings_wifi_speed_labels,801,0,802,1]
05-22 17:50:53.527  1000  1061  1061 I sysui_histogram: [settings_wifi_speed_labels,0]
05-22 17:50:53.527  1000  1061  1061 I sysui_multi_action: [757,804,799,settings_wifi_speed_labels,801,0,802,1]
05-22 17:50:53.527  1000  1061  1061 I sysui_histogram: [settings_wifi_speed_labels,0]
05-22 17:50:53.528  1000  1061  1061 I sysui_multi_action: [757,804,799,settings_wifi_speed_labels,801,0,802,1]
05-22 17:50:53.528  1000  1061  1061 I sysui_histogram: [settings_wifi_speed_labels,0]
05-22 17:50:53.528  1000  1061  1061 I sysui_multi_action: [757,804,799,settings_wifi_speed_labels,801,0,802,1]
05-22 17:50:53.529  1000  1061  1061 I sysui_histogram: [settings_wifi_speed_labels,0]
05-22 17:50:53.529  1000  1061  1061 I sysui_multi_action: [757,804,799,settings_wifi_speed_labels,801,0,802,1]
05-22 17:50:53.529  1000  1061  1061 I sysui_histogram: [settings_wifi_speed_labels,0]
05-22 17:50:53.529  1000  1061  1061 I sysui_multi_action: [757,804,799,settings_wifi_speed_labels,801,0,802,1]
05-22 17:50:53.530  1000  1061  1061 I sysui_histogram: [settings_wifi_speed_labels,0]
05-22 17:50:53.530  1000  1061  1061 I sysui_multi_action: [757,804,799,settings_wifi_speed_labels,801,0,802,1]
05-22 17:50:53.531  1000  1061  1061 I sysui_histogram: [settings_wifi_speed_labels,0]
05-22 17:50:53.531  1000  1061  1061 I sysui_multi_action: [757,804,799,settings_wifi_speed_labels,801,0,802,1]
05-22 17:50:53.531  1000  1061  1061 I sysui_histogram: [settings_wifi_speed_labels,0]
05-22 17:50:53.531  1000  1061  1061 I sysui_multi_action: [757,804,799,settings_wifi_speed_labels,801,0,802,1]
05-22 17:50:53.532  1000  1061  1061 I sysui_histogram: [settings_wifi_speed_labels,0]
05-22 17:50:53.532  1000  1061  1061 I sysui_multi_action: [757,804,799,settings_wifi_speed_labels,801,0,802,1]
05-22 17:50:53.780 10022   925  1008 I sysui_multi_action: [757,1093,758,4,793,7014,1094,605552641,1095,5]
05-22 17:50:59.789 10022   925  1008 I sysui_multi_action: [757,1093,758,4,793,6009,1094,605552641,1095,5]
05-22 17:51:00.090  1000   622   635 I am_pss  : [1061,1000,com.android.settings,46618624,27947008,1741824]
05-22 17:51:00.798 10022   925  1008 I sysui_multi_action: [757,1093,758,4,793,1008,1094,605552641,1095,5]
05-22 17:51:03.537  1000  1061  1061 I sysui_histogram: [settings_wifi_speed_labels,0]
05-22 17:51:03.537  1000  1061  1061 I sysui_multi_action: [757,804,799,settings_wifi_speed_labels,801,0,802,1]
05-22 17:51:03.538  1000  1061  1061 I sysui_histogram: [settings_wifi_speed_labels,0]
05-22 17:51:03.538  1000  1061  1061 I sysui_multi_action: [757,804,799,settings_wifi_speed_labels,801,0,802,1]
05-22 17:51:03.538  1000  1061  1061 I sysui_histogram: [settings_wifi_speed_labels,0]
05-22 17:51:03.538  1000  1061  1061 I sysui_multi_action: [757,804,799,settings_wifi_speed_labels,801,0,802,1]
05-22 17:51:03.539  1000  1061  1061 I sysui_histogram: [settings_wifi_speed_labels,0]
05-22 17:51:03.539  1000  1061  1061 I sysui_multi_action: [757,804,799,settings_wifi_speed_labels,801,0,802,1]
05-22 17:51:03.539  1000  1061  1061 I sysui_histogram: [settings_wifi_speed_labels,0]
05-22 17:51:03.540  1000  1061  1061 I sysui_multi_action: [757,804,799,settings_wifi_speed_labels,801,0,802,1]
05-22 17:51:03.540  1000  1061  1061 I sysui_histogram: [settings_wifi_speed_labels,0]
05-22 17:51:03.540  1000  1061  1061 I sysui_multi_action: [757,804,799,settings_wifi_speed_labels,801,0,802,1]
05-22 17:51:03.541  1000  1061  1061 I sysui_histogram: [settings_wifi_speed_labels,0]
05-22 17:51:03.541  1000  1061  1061 I sysui_multi_action: [757,804,799,settings_wifi_speed_labels,801,0,802,1]
05-22 17:51:03.541  1000  1061  1061 I sysui_histogram: [settings_wifi_speed_labels,0]
05-22 17:51:03.541  1000  1061  1061 I sysui_multi_action: [757,804,799,settings_wifi_speed_labels,801,0,802,1]
05-22 17:51:03.542  1000  1061  1061 I sysui_histogram: [settings_wifi_speed_labels,0]
05-22 17:51:03.542  1000  1061  1061 I sysui_multi_action: [757,804,799,settings_wifi_speed_labels,801,0,802,1]
05-22 17:51:03.542  1000  1061  1061 I sysui_histogram: [settings_wifi_speed_labels,0]
05-22 17:51:03.543  1000  1061  1061 I sysui_multi_action: [757,804,799,settings_wifi_speed_labels,801,0,802,1]
05-22 17:51:03.543  1000  1061  1061 I sysui_histogram: [settings_wifi_speed_labels,0]
05-22 17:51:03.543  1000  1061  1061 I sysui_multi_action: [757,804,799,settings_wifi_speed_labels,801,0,802,1]
05-22 17:51:03.544  1000  1061  1061 I sysui_histogram: [settings_wifi_speed_labels,0]
05-22 17:51:03.544  1000  1061  1061 I sysui_multi_action: [757,804,799,settings_wifi_speed_labels,801,0,802,1]
05-22 17:51:03.544  1000  1061  1061 I sysui_histogram: [settings_wifi_speed_labels,0]
05-22 17:51:03.544  1000  1061  1061 I sysui_multi_action: [757,804,799,settings_wifi_speed_labels,801,0,802,1]
05-22 17:51:03.545  1000  1061  1061 I sysui_histogram: [settings_wifi_speed_labels,0]
05-22 17:51:03.545  1000  1061  1061 I sysui_multi_action: [757,804,799,settings_wifi_speed_labels,801,0,802,1]
05-22 17:51:03.545  1000  1061  1061 I sysui_histogram: [settings_wifi_speed_labels,0]
05-22 17:51:03.546  1000  1061  1061 I sysui_multi_action: [757,804,799,settings_wifi_speed_labels,801,0,802,1]
05-22 17:51:03.546  1000  1061  1061 I sysui_histogram: [settings_wifi_speed_labels,0]
05-22 17:51:03.546  1000  1061  1061 I sysui_multi_action: [757,804,799,settings_wifi_speed_labels,801,0,802,1]
05-22 17:51:03.547  1000  1061  1061 I sysui_histogram: [settings_wifi_speed_labels,0]
05-22 17:51:03.547  1000  1061  1061 I sysui_multi_action: [757,804,799,settings_wifi_speed_labels,801,0,802,1]
05-22 17:51:03.547  1000  1061  1061 I sysui_histogram: [settings_wifi_speed_labels,0]
05-22 17:51:03.547  1000  1061  1061 I sysui_multi_action: [757,804,799,settings_wifi_speed_labels,801,0,802,1]
05-22 17:51:03.548  1000  1061  1061 I sysui_histogram: [settings_wifi_speed_labels,0]
05-22 17:51:03.548  1000  1061  1061 I sysui_multi_action: [757,804,799,settings_wifi_speed_labels,801,0,802,1]
05-22 17:51:03.548  1000  1061  1061 I sysui_histogram: [settings_wifi_speed_labels,0]
05-22 17:51:03.549  1000  1061  1061 I sysui_multi_action: [757,804,799,settings_wifi_speed_labels,801,0,802,1]
05-22 17:51:03.549  1000  1061  1061 I sysui_histogram: [settings_wifi_speed_labels,0]
05-22 17:51:03.549  1000  1061  1061 I sysui_multi_action: [757,804,799,settings_wifi_speed_labels,801,0,802,1]
05-22 17:51:03.550  1000  1061  1061 I sysui_histogram: [settings_wifi_speed_labels,0]
05-22 17:51:03.550  1000  1061  1061 I sysui_multi_action: [757,804,799,settings_wifi_speed_labels,801,0,802,1]
05-22 17:51:03.551  1000  1061  1061 I sysui_histogram: [settings_wifi_speed_labels,0]
05-22 17:51:03.551  1000  1061  1061 I sysui_multi_action: [757,804,799,settings_wifi_speed_labels,801,0,802,1]
05-22 17:51:03.552  1000  1061  1061 I sysui_histogram: [settings_wifi_speed_labels,0]
05-22 17:51:03.552  1000  1061  1061 I sysui_multi_action: [757,804,799,settings_wifi_speed_labels,801,0,802,1]
05-22 17:51:03.553  1000  1061  1061 I sysui_histogram: [settings_wifi_speed_labels,0]
05-22 17:51:03.554  1000  1061  1061 I sysui_multi_action: [757,804,799,settings_wifi_speed_labels,801,0,802,1]
05-22 17:51:03.557  1000  1061  1061 I sysui_histogram: [settings_wifi_speed_labels,0]
05-22 17:51:03.557  1000  1061  1061 I sysui_multi_action: [757,804,799,settings_wifi_speed_labels,801,0,802,1]
05-22 17:51:03.559  1000  1061  1061 I sysui_histogram: [settings_wifi_speed_labels,0]
05-22 17:51:03.559  1000  1061  1061 I sysui_multi_action: [757,804,799,settings_wifi_speed_labels,801,0,802,1]
05-22 17:51:03.560  1000  1061  1061 I sysui_histogram: [settings_wifi_speed_labels,0]
05-22 17:51:03.560  1000  1061  1061 I sysui_multi_action: [757,804,799,settings_wifi_speed_labels,801,0,802,1]
05-22 17:51:03.562  1000  1061  1061 I sysui_histogram: [settings_wifi_speed_labels,0]
05-22 17:51:03.562  1000  1061  1061 I sysui_multi_action: [757,804,799,settings_wifi_speed_labels,801,0,802,1]
05-22 17:51:03.796 10022   925  1008 I sysui_multi_action: [757,1093,758,4,793,2995,1094,605552641,1095,5]
05-22 17:51:05.801 10022   925  1008 I sysui_multi_action: [757,1093,758,4,793,2009,1094,605552641,1095,5]
05-22 17:51:06.810 10022   925  1008 I sysui_multi_action: [757,1093,758,4,793,1009,1094,605552641,1095,5]
05-22 17:51:13.532  1000  1061  1061 I sysui_histogram: [settings_wifi_speed_labels,0]
05-22 17:51:13.533  1000  1061  1061 I sysui_multi_action: [757,804,799,settings_wifi_speed_labels,801,0,802,1]
05-22 17:51:13.534  1000  1061  1061 I sysui_histogram: [settings_wifi_speed_labels,0]
05-22 17:51:13.535  1000  1061  1061 I sysui_multi_action: [757,804,799,settings_wifi_speed_labels,801,0,802,1]
05-22 17:51:13.536  1000  1061  1061 I sysui_histogram: [settings_wifi_speed_labels,0]
05-22 17:51:13.536  1000  1061  1061 I sysui_multi_action: [757,804,799,settings_wifi_speed_labels,801,0,802,1]
05-22 17:51:13.537  1000  1061  1061 I sysui_histogram: [settings_wifi_speed_labels,0]
05-22 17:51:13.537  1000  1061  1061 I sysui_multi_action: [757,804,799,settings_wifi_speed_labels,801,0,802,1]
05-22 17:51:13.538  1000  1061  1061 I sysui_histogram: [settings_wifi_speed_labels,0]
05-22 17:51:13.538  1000  1061  1061 I sysui_multi_action: [757,804,799,settings_wifi_speed_labels,801,0,802,1]
05-22 17:51:13.538  1000  1061  1061 I sysui_histogram: [settings_wifi_speed_labels,0]
05-22 17:51:13.538  1000  1061  1061 I sysui_multi_action: [757,804,799,settings_wifi_speed_labels,801,0,802,1]
05-22 17:51:13.539  1000  1061  1061 I sysui_histogram: [settings_wifi_speed_labels,0]
05-22 17:51:13.539  1000  1061  1061 I sysui_multi_action: [757,804,799,settings_wifi_speed_labels,801,0,802,1]
05-22 17:51:13.540  1000  1061  1061 I sysui_histogram: [settings_wifi_speed_labels,0]
05-22 17:51:13.540  1000  1061  1061 I sysui_multi_action: [757,804,799,settings_wifi_speed_labels,801,0,802,1]
05-22 17:51:13.541  1000  1061  1061 I sysui_histogram: [settings_wifi_speed_labels,0]
05-22 17:51:13.541  1000  1061  1061 I sysui_multi_action: [757,804,799,settings_wifi_speed_labels,801,0,802,1]
05-22 17:51:13.541  1000  1061  1061 I sysui_histogram: [settings_wifi_speed_labels,0]
05-22 17:51:13.541  1000  1061  1061 I sysui_multi_action: [757,804,799,settings_wifi_speed_labels,801,0,802,1]
05-22 17:51:13.542  1000  1061  1061 I sysui_histogram: [settings_wifi_speed_labels,0]
05-22 17:51:13.542  1000  1061  1061 I sysui_multi_action: [757,804,799,settings_wifi_speed_labels,801,0,802,1]
05-22 17:51:13.543  1000  1061  1061 I sysui_histogram: [settings_wifi_speed_labels,0]
05-22 17:51:13.544  1000  1061  1061 I sysui_multi_action: [757,804,799,settings_wifi_speed_labels,801,0,802,1]
05-22 17:51:13.544  1000  1061  1061 I sysui_histogram: [settings_wifi_speed_labels,0]
05-22 17:51:13.544  1000  1061  1061 I sysui_multi_action: [757,804,799,settings_wifi_speed_labels,801,0,802,1]
05-22 17:51:13.545  1000  1061  1061 I sysui_histogram: [settings_wifi_speed_labels,0]
05-22 17:51:13.545  1000  1061  1061 I sysui_multi_action: [757,804,799,settings_wifi_speed_labels,801,0,802,1]
05-22 17:51:13.545  1000  1061  1061 I sysui_histogram: [settings_wifi_speed_labels,0]
05-22 17:51:13.545  1000  1061  1061 I sysui_multi_action: [757,804,799,settings_wifi_speed_labels,801,0,802,1]
05-22 17:51:13.546  1000  1061  1061 I sysui_histogram: [settings_wifi_speed_labels,0]
05-22 17:51:13.546  1000  1061  1061 I sysui_multi_action: [757,804,799,settings_wifi_speed_labels,801,0,802,1]
05-22 17:51:13.546  1000  1061  1061 I sysui_histogram: [settings_wifi_speed_labels,0]
05-22 17:51:13.546  1000  1061  1061 I sysui_multi_action: [757,804,799,settings_wifi_speed_labels,801,0,802,1]
05-22 17:51:13.547  1000  1061  1061 I sysui_histogram: [settings_wifi_speed_labels,0]
05-22 17:51:13.547  1000  1061  1061 I sysui_multi_action: [757,804,799,settings_wifi_speed_labels,801,0,802,1]
05-22 17:51:13.547  1000  1061  1061 I sysui_histogram: [settings_wifi_speed_labels,0]
05-22 17:51:13.548  1000  1061  1061 I sysui_multi_action: [757,804,799,settings_wifi_speed_labels,801,0,802,1]
05-22 17:51:13.549  1000  1061  1061 I sysui_histogram: [settings_wifi_speed_labels,0]
05-22 17:51:13.549  1000  1061  1061 I sysui_multi_action: [757,804,799,settings_wifi_speed_labels,801,0,802,1]
05-22 17:51:13.550  1000  1061  1061 I sysui_histogram: [settings_wifi_speed_labels,0]
05-22 17:51:13.550  1000  1061  1061 I sysui_multi_action: [757,804,799,settings_wifi_speed_labels,801,0,802,1]
05-22 17:51:13.550  1000  1061  1061 I sysui_histogram: [settings_wifi_speed_labels,0]
05-22 17:51:13.551  1000  1061  1061 I sysui_multi_action: [757,804,799,settings_wifi_speed_labels,801,0,802,1]
05-22 17:51:13.551  1000  1061  1061 I sysui_histogram: [settings_wifi_speed_labels,0]
05-22 17:51:13.551  1000  1061  1061 I sysui_multi_action: [757,804,799,settings_wifi_speed_labels,801,0,802,1]
05-22 17:51:13.553  1000  1061  1061 I sysui_histogram: [settings_wifi_speed_labels,0]
05-22 17:51:13.553  1000  1061  1061 I sysui_multi_action: [757,804,799,settings_wifi_speed_labels,801,0,802,1]
05-22 17:51:13.554  1000  1061  1061 I sysui_histogram: [settings_wifi_speed_labels,0]
05-22 17:51:13.554  1000  1061  1061 I sysui_multi_action: [757,804,799,settings_wifi_speed_labels,801,0,802,1]
05-22 17:51:13.555  1000  1061  1061 I sysui_histogram: [settings_wifi_speed_labels,0]
05-22 17:51:13.555  1000  1061  1061 I sysui_multi_action: [757,804,799,settings_wifi_speed_labels,801,0,802,1]
05-22 17:51:13.556  1000  1061  1061 I sysui_histogram: [settings_wifi_speed_labels,0]
05-22 17:51:13.556  1000  1061  1061 I sysui_multi_action: [757,804,799,settings_wifi_speed_labels,801,0,802,1]
05-22 17:51:13.812 10022   925  1008 I sysui_multi_action: [757,1093,758,4,793,7002,1094,605552641,1095,5]
05-22 17:51:16.816 10022   925  1008 I sysui_multi_action: [757,1093,758,4,793,3004,1094,605552641,1095,5]
05-22 17:51:17.823 10022   925  1008 I sysui_multi_action: [757,1093,758,4,793,1007,1094,605552641,1095,5]
05-22 17:51:18.830 10022   925  1008 I sysui_multi_action: [757,1093,758,4,793,1007,1094,605552641,1095,5]
05-22 17:51:19.509  1000   622   649 I am_uid_running: 10005
05-22 17:51:19.526  1000   622   649 I am_proc_start: [0,2198,10005,com.android.defcontainer,service,com.android.defcontainer/.DefaultContainerService]
05-22 17:51:19.545  1000   622   992 I am_proc_bound: [0,2198,com.android.defcontainer]
05-22 17:51:19.548  1000   622   992 I am_uid_active: 10005
05-22 17:51:19.549  1000   622   992 I am_create_service: [0,9976562,.DefaultContainerService,10005,2198]
05-22 17:51:19.832 10022   925  1008 I sysui_multi_action: [757,1093,758,4,793,1002,1094,605552641,1095,5]
05-22 17:51:20.482  1000   622   992 I wm_task_created: [10,1]
05-22 17:51:20.483  1000   622   992 I wm_task_moved: [10,1,1]
05-22 17:51:20.483  1000   622   992 I wm_task_moved: [10,1,1]
05-22 17:51:20.484  1000   622   992 I am_create_task: [0,10]
05-22 17:51:20.484  1000   622   992 I am_create_activity: [0,1273110,10,com.jx.childlike/.MainActivity,android.intent.action.MAIN,NULL,NULL,270532608]
05-22 17:51:20.486  1000   622   992 I wm_task_moved: [10,1,1]
05-22 17:51:20.487  1000   622   992 I am_pause_activity: [0,26134018,com.android.settings/.SubSettings]
05-22 17:51:20.488  1000  1061  1061 I sysui_view_visibility: [103,0]
05-22 17:51:20.488  1000  1061  1061 I sysui_multi_action: [757,103,758,2]
05-22 17:51:20.504  1000  1061  1061 I am_on_paused_called: [0,com.android.settings.SubSettings,handlePauseActivity]
05-22 17:51:20.505  1000   622  1141 I am_uid_running: 10074
05-22 17:51:20.529  1000   622  1141 I am_proc_start: [0,2227,10074,com.jx.childlike,activity,com.jx.childlike/.MainActivity]
05-22 17:51:20.582  1000   622  1235 I am_proc_bound: [0,2227,com.jx.childlike]
05-22 17:51:20.599  1000  1061  1061 I sysui_action: [135,false]
05-22 17:51:20.600  1000  1061  1061 I sysui_multi_action: [757,135,758,4,806,false]
05-22 17:51:20.604  1000   622  1235 I am_uid_active: 10074
05-22 17:51:20.604  1000   622  1235 I am_restart_activity: [0,1273110,10,com.jx.childlike/.MainActivity]
05-22 17:51:20.615  1000   622  1235 I am_set_resumed_activity: [0,com.jx.childlike/.MainActivity,minimalResumeActivityLocked]
05-22 17:51:20.870 10074  2227  2227 I auditd  : type=1400 audit(0.0:237): avc: denied { read } for comm="Thread-5" name="diskstats" dev="proc" ino=4026532046 scontext=u:r:untrusted_app:s0:c512,c768 tcontext=u:object_r:proc:s0 tclass=file permissive=0
05-22 17:51:20.910 10074  2256  2256 I auditd  : type=1400 audit(0.0:238): avc: denied { read } for comm="ls" name="thermal" dev="sysfs" ino=10982 scontext=u:r:untrusted_app:s0:c512,c768 tcontext=u:object_r:sysfs:s0 tclass=dir permissive=0
05-22 17:51:20.950 10074  2258  2258 I auditd  : type=1400 audit(0.0:239): avc: denied { read } for comm="ls" name="/" dev="rootfs" ino=1 scontext=u:r:untrusted_app:s0:c512,c768 tcontext=u:object_r:rootfs:s0 tclass=dir permissive=0
05-22 17:51:21.019  1000   622   632 I am_create_service: [0,242167414,.WatchInfoService,1000,1310]
05-22 17:51:21.032 10074  2227  2227 I am_on_resume_called: [0,com.jx.childlike.MainActivity,LAUNCH_ACTIVITY]
05-22 17:51:21.074  1000   622   632 I wm_task_moved: [10,1,1]
05-22 17:51:21.075  1000   622   632 I am_create_activity: [0,225433875,10,com.android.packageinstaller/.permission.ui.GrantPermissionsActivity,android.content.pm.action.REQUEST_PERMISSIONS,NULL,NULL,8388608]
05-22 17:51:21.077  1000   622   632 I am_pause_activity: [0,1273110,com.jx.childlike/.MainActivity]
05-22 17:51:21.123  1000   622   632 I sysui_count: [key_back_down,1]
05-22 17:51:21.124  1000   622   632 I sysui_multi_action: [757,803,799,key_back_down,802,1]
05-22 17:51:21.157 10074  2227  2227 I am_on_paused_called: [0,com.jx.childlike.MainActivity,handlePauseActivity]
05-22 17:51:21.162  1000   622   992 I am_uid_active: 10021
05-22 17:51:21.162  1000   622   992 I am_restart_activity: [0,225433875,10,com.android.packageinstaller/.permission.ui.GrantPermissionsActivity]
05-22 17:51:21.178  1000   622   992 I am_set_resumed_activity: [0,com.android.packageinstaller/.permission.ui.GrantPermissionsActivity,minimalResumeActivityLocked]
05-22 17:51:21.182  1000   622   636 I sysui_count: [window_time_0,569]
05-22 17:51:21.182  1000   622   636 I sysui_multi_action: [757,803,799,window_time_0,802,569]
05-22 17:51:21.197  1000   622   649 I unknown_sources_enabled: 1
05-22 17:51:21.278  1000   622   868 I netstats_mobile_sample: [0,0,0,0,0,0,0,0,0,0,0,0,1684749081291]
05-22 17:51:21.279  1000   622   868 I netstats_wifi_sample: [164970,2338,7176,79,98822,561,5902,73,98822,561,5902,73,1684749081291]
05-22 17:51:21.394  1000   622   622 I notification_cancel_all: [1000,622,com.example.demo1,0,0,0,5,NULL]
05-22 17:51:21.592 10021  1771  1771 I sysui_action: [730,com.jx.childlike]
05-22 17:51:21.595 10021  1771  1771 I sysui_multi_action: [757,730,758,4,806,com.jx.childlike]
05-22 17:51:21.595 10021  1771  1771 I sysui_action: [670,com.jx.childlike]
05-22 17:51:21.595 10021  1771  1771 I sysui_multi_action: [757,670,758,4,806,com.jx.childlike]
05-22 17:51:21.596  1000   622   644 I sysui_multi_action: [319,151,321,110,322,1082,325,889,757,761,758,7,759,1,806,com.android.packageinstaller,871,com.android.packageinstaller.permission.ui.GrantPermissionsActivity,904,com.jx.childlike,905,0,945,108]
05-22 17:51:21.601 10021  1771  1771 I am_on_resume_called: [0,com.android.packageinstaller.permission.ui.GrantPermissionsActivity,LAUNCH_ACTIVITY]
05-22 17:51:21.842 10022   925  1008 I sysui_multi_action: [757,1093,758,4,793,2010,1094,605028353,1095,4]
05-22 17:51:21.999  1000   622   644 I am_activity_launch_time: [0,225433875,com.android.packageinstaller/.permission.ui.GrantPermissionsActivity,833,1487]
05-22 17:51:22.069  1000  1061  1061 I sysui_histogram: [settings_wifi_speed_labels,0]
05-22 17:51:22.069  1000  1061  1061 I sysui_multi_action: [757,804,799,settings_wifi_speed_labels,801,0,802,1]
05-22 17:51:22.071  1000  1061  1061 I sysui_histogram: [settings_wifi_speed_labels,0]
05-22 17:51:22.071  1000  1061  1061 I sysui_multi_action: [757,804,799,settings_wifi_speed_labels,801,0,802,1]
05-22 17:51:22.072  1000  1061  1061 I sysui_histogram: [settings_wifi_speed_labels,0]
05-22 17:51:22.072  1000  1061  1061 I sysui_multi_action: [757,804,799,settings_wifi_speed_labels,801,0,802,1]
05-22 17:51:22.073  1000  1061  1061 I sysui_histogram: [settings_wifi_speed_labels,0]
05-22 17:51:22.073  1000  1061  1061 I sysui_multi_action: [757,804,799,settings_wifi_speed_labels,801,0,802,1]
05-22 17:51:22.074  1000  1061  1061 I sysui_histogram: [settings_wifi_speed_labels,0]
05-22 17:51:22.074  1000  1061  1061 I sysui_multi_action: [757,804,799,settings_wifi_speed_labels,801,0,802,1]
05-22 17:51:22.074  1000  1061  1061 I sysui_histogram: [settings_wifi_speed_labels,0]
05-22 17:51:22.075  1000  1061  1061 I sysui_multi_action: [757,804,799,settings_wifi_speed_labels,801,0,802,1]
05-22 17:51:22.075  1000  1061  1061 I sysui_histogram: [settings_wifi_speed_labels,0]
05-22 17:51:22.075  1000  1061  1061 I sysui_multi_action: [757,804,799,settings_wifi_speed_labels,801,0,802,1]
05-22 17:51:22.076  1000  1061  1061 I sysui_histogram: [settings_wifi_speed_labels,0]
05-22 17:51:22.076  1000  1061  1061 I sysui_multi_action: [757,804,799,settings_wifi_speed_labels,801,0,802,1]
05-22 17:51:22.077  1000  1061  1061 I sysui_histogram: [settings_wifi_speed_labels,0]
05-22 17:51:22.077  1000  1061  1061 I sysui_multi_action: [757,804,799,settings_wifi_speed_labels,801,0,802,1]
05-22 17:51:22.078  1000  1061  1061 I sysui_histogram: [settings_wifi_speed_labels,0]
05-22 17:51:22.078  1000  1061  1061 I sysui_multi_action: [757,804,799,settings_wifi_speed_labels,801,0,802,1]
05-22 17:51:22.078  1000  1061  1061 I sysui_histogram: [settings_wifi_speed_labels,0]
05-22 17:51:22.079  1000  1061  1061 I sysui_multi_action: [757,804,799,settings_wifi_speed_labels,801,0,802,1]
05-22 17:51:22.079  1000  1061  1061 I sysui_histogram: [settings_wifi_speed_labels,0]
05-22 17:51:22.080  1000  1061  1061 I sysui_multi_action: [757,804,799,settings_wifi_speed_labels,801,0,802,1]
05-22 17:51:22.080  1000  1061  1061 I sysui_histogram: [settings_wifi_speed_labels,0]
05-22 17:51:22.080  1000  1061  1061 I sysui_multi_action: [757,804,799,settings_wifi_speed_labels,801,0,802,1]
05-22 17:51:22.081  1000  1061  1061 I sysui_histogram: [settings_wifi_speed_labels,0]
05-22 17:51:22.081  1000  1061  1061 I sysui_multi_action: [757,804,799,settings_wifi_speed_labels,801,0,802,1]
05-22 17:51:22.082  1000  1061  1061 I sysui_histogram: [settings_wifi_speed_labels,0]
05-22 17:51:22.082  1000  1061  1061 I sysui_multi_action: [757,804,799,settings_wifi_speed_labels,801,0,802,1]
05-22 17:51:22.083  1000  1061  1061 I sysui_histogram: [settings_wifi_speed_labels,0]
05-22 17:51:22.083  1000  1061  1061 I sysui_multi_action: [757,804,799,settings_wifi_speed_labels,801,0,802,1]
05-22 17:51:22.090  1000   622  1141 I am_stop_activity: [0,26134018,com.android.settings/.SubSettings]
05-22 17:51:22.090  1000  1061  1061 I sysui_histogram: [settings_wifi_speed_labels,0]
05-22 17:51:22.091  1000  1061  1061 I sysui_multi_action: [757,804,799,settings_wifi_speed_labels,801,0,802,1]
05-22 17:51:22.091  1000  1061  1061 I sysui_histogram: [settings_wifi_speed_labels,0]
05-22 17:51:22.091  1000  1061  1061 I sysui_multi_action: [757,804,799,settings_wifi_speed_labels,801,0,802,1]
05-22 17:51:22.092  1000  1061  1061 I sysui_histogram: [settings_wifi_speed_labels,0]
05-22 17:51:22.092  1000  1061  1061 I sysui_multi_action: [757,804,799,settings_wifi_speed_labels,801,0,802,1]
05-22 17:51:22.093  1000  1061  1061 I sysui_histogram: [settings_wifi_speed_labels,0]
05-22 17:51:22.093  1000  1061  1061 I sysui_multi_action: [757,804,799,settings_wifi_speed_labels,801,0,802,1]
05-22 17:51:22.094  1000  1061  1061 I sysui_histogram: [settings_wifi_speed_labels,0]
05-22 17:51:22.094  1000  1061  1061 I sysui_multi_action: [757,804,799,settings_wifi_speed_labels,801,0,802,1]
05-22 17:51:22.095  1000  1061  1061 I sysui_histogram: [settings_wifi_speed_labels,0]
05-22 17:51:22.095  1000  1061  1061 I sysui_multi_action: [757,804,799,settings_wifi_speed_labels,801,0,802,1]
05-22 17:51:22.096  1000  1061  1061 I sysui_histogram: [settings_wifi_speed_labels,0]
05-22 17:51:22.096  1000  1061  1061 I sysui_multi_action: [757,804,799,settings_wifi_speed_labels,801,0,802,1]
05-22 17:51:22.097  1000  1061  1061 I sysui_histogram: [settings_wifi_speed_labels,0]
05-22 17:51:22.102  1000  1061  1061 I sysui_multi_action: [757,804,799,settings_wifi_speed_labels,801,0,802,1]
05-22 17:51:22.107  1000  1061  1061 I sysui_histogram: [settings_wifi_speed_labels,0]
05-22 17:51:22.107  1000  1061  1061 I sysui_multi_action: [757,804,799,settings_wifi_speed_labels,801,0,802,1]
05-22 17:51:22.107  1000  1061  1061 I sysui_histogram: [settings_wifi_speed_labels,0]
05-22 17:51:22.107  1000  1061  1061 I sysui_multi_action: [757,804,799,settings_wifi_speed_labels,801,0,802,1]
05-22 17:51:22.108  1000  1061  1061 I sysui_histogram: [settings_wifi_speed_labels,0]
05-22 17:51:22.108  1000  1061  1061 I sysui_multi_action: [757,804,799,settings_wifi_speed_labels,801,0,802,1]
05-22 17:51:22.110  1000  1061  1061 I sysui_histogram: [settings_wifi_speed_labels,0]
05-22 17:51:22.110  1000  1061  1061 I sysui_multi_action: [757,804,799,settings_wifi_speed_labels,801,0,802,1]
05-22 17:51:22.110  1000  1061  1061 I sysui_histogram: [settings_wifi_speed_labels,0]
05-22 17:51:22.110  1000  1061  1061 I sysui_multi_action: [757,804,799,settings_wifi_speed_labels,801,0,802,1]
05-22 17:51:22.111  1000  1061  1061 I sysui_histogram: [settings_wifi_speed_labels,0]
05-22 17:51:22.111  1000  1061  1061 I sysui_multi_action: [757,804,799,settings_wifi_speed_labels,801,0,802,1]
05-22 17:51:22.113  1000  1061  1061 I sysui_histogram: [settings_wifi_speed_labels,0]
05-22 17:51:22.113  1000  1061  1061 I sysui_multi_action: [757,804,799,settings_wifi_speed_labels,801,0,802,1]
05-22 17:51:22.122  1000   622   632 I wm_task_created: [11,1]
05-22 17:51:22.122  1000   622   632 I wm_task_moved: [11,1,2]
05-22 17:51:22.122  1000   622   632 I wm_task_moved: [11,1,2]
05-22 17:51:22.123  1000   622   632 I am_create_task: [0,11]
05-22 17:51:22.123  1000   622   632 I am_create_activity: [0,182454059,11,com.android.systemui/.NoNetAlertActivity,NULL,NULL,NULL,268435456]
05-22 17:51:22.123  1000   622   632 I wm_task_moved: [11,1,2]
05-22 17:51:22.125  1000   622   632 I am_pause_activity: [0,225433875,com.android.packageinstaller/.permission.ui.GrantPermissionsActivity]
05-22 17:51:22.174 10021  1771  1771 I am_on_paused_called: [0,com.android.packageinstaller.permission.ui.GrantPermissionsActivity,handlePauseActivity]
05-22 17:51:22.184 10022   925  1007 I sysui_action: [210,2]
05-22 17:51:22.184 10022   925  1007 I sysui_multi_action: [757,210,758,4,759,2]
05-22 17:51:22.307  1000   622  1141 I am_finish_activity: [0,26134018,9,com.android.settings/.SubSettings,app-request]
05-22 17:51:22.308  1000   622  1141 I am_destroy_activity: [0,26134018,9,com.android.settings/.SubSettings,finish-imm]
05-22 17:51:22.332  1000  1061  1061 I am_on_stop_called: [0,com.android.settings.SubSettings,handleStopActivity]
05-22 17:51:22.397  1000   622  1303 I am_restart_activity: [0,182454059,11,com.android.systemui/.NoNetAlertActivity]
05-22 17:51:22.399  1000   622  1303 I am_set_resumed_activity: [0,com.android.systemui/.NoNetAlertActivity,minimalResumeActivityLocked]
05-22 17:51:22.466  1000   622   636 I sysui_count: [window_time_0,2]
05-22 17:51:22.466  1000   622   636 I sysui_multi_action: [757,803,799,window_time_0,802,2]
05-22 17:51:22.467  1000   622   636 I sysui_count: [window_time_0,0]
05-22 17:51:22.468  1000   622   636 I sysui_multi_action: [757,803,799,window_time_0,802,0]
05-22 17:51:22.471 10022   925  1007 I sysui_action: [211,7]
05-22 17:51:22.471 10022   925  1007 I sysui_multi_action: [757,211,758,4,759,7]
05-22 17:51:22.530 10022   925   925 I am_on_resume_called: [0,com.android.systemui.NoNetAlertActivity,LAUNCH_ACTIVITY]
05-22 17:51:22.713 10022   925   925 I sysui_view_visibility: [207,100]
05-22 17:51:22.713 10022   925   925 I sysui_multi_action: [757,207,758,1]
05-22 17:51:22.713 10022   925   925 I sysui_histogram: [volume_from_keyguard,0]
05-22 17:51:22.713 10022   925   925 I sysui_multi_action: [757,804,799,volume_from_keyguard,801,0,802,1]
05-22 17:51:22.779  1000   622   644 I sysui_multi_action: [319,314,321,217,322,647,325,890,757,761,758,8,759,1,806,com.android.systemui,871,com.android.systemui.NoNetAlertActivity,904,android,905,0]
05-22 17:51:22.779  1000   622   644 I am_activity_launch_time: [0,182454059,com.android.systemui/.NoNetAlertActivity,620,620]
05-22 17:51:22.956  1000   622  1240 I am_stop_activity: [0,1273110,com.jx.childlike/.MainActivity]
05-22 17:51:22.959  1000   622  1240 I am_stop_activity: [0,225433875,com.android.packageinstaller/.permission.ui.GrantPermissionsActivity]
05-22 17:51:22.960 10074  2227  2227 I am_on_stop_called: [0,com.jx.childlike.MainActivity,handleStopActivity]
05-22 17:51:22.967 10022   925   925 I menu_opened: 0
05-22 17:51:22.970 10021  1771  1771 I am_on_stop_called: [0,com.android.packageinstaller.permission.ui.GrantPermissionsActivity,handleStopActivity]
05-22 17:51:22.989 10022   925   925 I sysui_action: [209,5]
05-22 17:51:22.990 10022   925   925 I sysui_multi_action: [757,209,758,4,759,5]
05-22 17:51:22.997  1000   622  1303 I volume_changed: [2,7,5,7,com.android.systemui]
05-22 17:51:23.087 10022   925   925 I menu_opened: 0
05-22 17:51:23.278 10022   925   925 I menu_opened: 0
05-22 17:51:23.347 10022   925   925 I sysui_view_visibility: [208,100]
05-22 17:51:23.347 10022   925   925 I sysui_multi_action: [757,208,758,1]
05-22 17:51:23.411 10022   925   925 I menu_opened: 0
05-22 17:51:23.632  1000   622  1240 I am_finish_activity: [0,182454059,11,com.android.systemui/.NoNetAlertActivity,app-request]
05-22 17:51:23.633  1000   622  1240 I am_pause_activity: [0,182454059,com.android.systemui/.NoNetAlertActivity]
05-22 17:51:23.638  1000   622   636 I sysui_count: [window_time_0,1]
05-22 17:51:23.638  1000   622   636 I sysui_multi_action: [757,803,799,window_time_0,802,1]
05-22 17:51:23.670 10022   925   925 I am_on_paused_called: [0,com.android.systemui.NoNetAlertActivity,handlePauseActivity]
05-22 17:51:23.673  1000   622   992 I am_set_resumed_activity: [0,com.android.packageinstaller/.permission.ui.GrantPermissionsActivity,resumeTopActivityInnerLocked]
05-22 17:51:23.725  1000   622   992 I am_resume_activity: [0,225433875,10,com.android.packageinstaller/.permission.ui.GrantPermissionsActivity]
05-22 17:51:23.737  1000   622   636 I sysui_count: [window_time_0,0]
05-22 17:51:23.737  1000   622   636 I sysui_multi_action: [757,803,799,window_time_0,802,0]
05-22 17:51:23.739 10021  1771  1771 I am_on_resume_called: [0,com.android.packageinstaller.permission.ui.GrantPermissionsActivity,RESUME_ACTIVITY]
05-22 17:51:23.797 10021  1771  1771 I menu_opened: 0
05-22 17:51:23.850  1000   622   636 I am_destroy_activity: [0,182454059,11,com.android.systemui/.NoNetAlertActivity,finish-imm]
05-22 17:51:23.905 10021  1771  1771 I sysui_action: [732,com.jx.childlike]
05-22 17:51:23.905 10021  1771  1771 I sysui_multi_action: [757,732,758,4,806,com.jx.childlike]
05-22 17:51:23.985 10021  1771  1771 I sysui_action: [672,com.jx.childlike]
05-22 17:51:23.985 10021  1771  1771 I sysui_multi_action: [757,672,758,4,806,com.jx.childlike]
05-22 17:51:23.986 10021  1771  1771 I snet_event_log: [individual_permissions_requested,10074,com.jx.childlike:android.permission.READ_EXTERNAL_STORAGE|false|1;android.permission.WRITE_EXTERNAL_STORAGE|false|1;android.permission.READ_PHONE_STATE|false|1]
05-22 17:51:24.000  1000   622  1141 I am_finish_activity: [0,225433875,10,com.android.packageinstaller/.permission.ui.GrantPermissionsActivity,app-request]
05-22 17:51:24.005  1000   622  1141 I am_pause_activity: [0,225433875,com.android.packageinstaller/.permission.ui.GrantPermissionsActivity]
05-22 17:51:24.028  1000   622   636 I sysui_count: [window_time_0,0]
05-22 17:51:24.028  1000   622   636 I sysui_multi_action: [757,803,799,window_time_0,802,0]
05-22 17:51:24.043 10021  1771  1771 I am_on_paused_called: [0,com.android.packageinstaller.permission.ui.GrantPermissionsActivity,handlePauseActivity]
05-22 17:51:24.063 10022   925   925 I sysui_action: [209,6]
05-22 17:51:24.063 10022   925   925 I sysui_multi_action: [757,209,758,4,759,6]
05-22 17:51:24.069  1000   622  1141 I am_set_resumed_activity: [0,com.jx.childlike/.MainActivity,resumeTopActivityInnerLocked]
05-22 17:51:24.073  1000   622  1141 I am_resume_activity: [0,1273110,10,com.jx.childlike/.MainActivity]
05-22 17:51:24.075 10022   925   925 I am_on_stop_called: [0,com.android.systemui.NoNetAlertActivity,destroy]
05-22 17:51:24.125  1000   622   636 I sysui_count: [window_time_0,0]
05-22 17:51:24.125  1000   622   636 I sysui_multi_action: [757,803,799,window_time_0,802,0]
05-22 17:51:24.204  1000   622   632 I wm_task_moved: [9,1,2]
05-22 17:51:24.237  1000   622   632 I am_pause_activity: [0,1273110,com.jx.childlike/.MainActivity]
05-22 17:51:24.238  1000   622   632 I am_task_to_front: [0,9]
05-22 17:51:24.244  1000   622  1237 I wm_task_removed: [11,removeAppToken: last token]
05-22 17:51:24.244  1000   622  1237 I wm_task_removed: [11,removeTask]
05-22 17:51:24.247  1000   622  1303 I volume_changed: [2,5,6,7,com.android.systemui]
05-22 17:51:24.289 10074  2227  2227 I am_on_resume_called: [0,com.jx.childlike.MainActivity,RESUME_ACTIVITY]
05-22 17:51:24.315 10074  2227  2227 I am_on_paused_called: [0,com.jx.childlike.MainActivity,handlePauseActivity]
05-22 17:51:24.319  1000   622   992 I am_set_resumed_activity: [0,com.android.settings/.Settings$NetworkDashboardActivity,resumeTopActivityInnerLocked]
05-22 17:51:24.375  1000   622   992 I am_resume_activity: [0,190494092,9,com.android.settings/.Settings$NetworkDashboardActivity]
05-22 17:51:24.390  1000   622   636 I am_destroy_activity: [0,225433875,10,com.android.packageinstaller/.permission.ui.GrantPermissionsActivity,finish-idle]
05-22 17:51:24.393  1000   622   636 I sysui_count: [window_time_0,0]
05-22 17:51:24.394  1000   622   636 I sysui_multi_action: [757,803,799,window_time_0,802,0]
05-22 17:51:24.397 10021  1771  1771 I am_on_stop_called: [0,com.android.packageinstaller.permission.ui.GrantPermissionsActivity,destroy]
05-22 17:51:24.407  1000   622   622 I notification_cancel_all: [1000,622,com.example.demo1,0,0,0,5,NULL]
05-22 17:51:24.419  1000  1061  1061 I sysui_multi_action: [757,746,758,1,833,0]
05-22 17:51:24.447  1000  1061  1061 I am_on_resume_called: [0,com.android.settings.Settings$NetworkDashboardActivity,RESUME_ACTIVITY]
05-22 17:51:24.540 10022   925   925 I sysui_view_visibility: [208,0]
05-22 17:51:24.541 10022   925   925 I sysui_multi_action: [757,208,758,2]
05-22 17:51:24.601  1000   622   644 I sysui_multi_action: [319,10,322,519,325,892,757,761,758,9,759,2,806,com.android.settings,871,com.android.settings.Settings$NetworkDashboardActivity,904,com.android.settings,905,0]
05-22 17:51:24.636  1000   622   636 I am_stop_activity: [0,1273110,com.jx.childlike/.MainActivity]
05-22 17:51:24.641 10074  2227  2227 I am_on_stop_called: [0,com.jx.childlike.MainActivity,handleStopActivity]
05-22 17:51:24.692 10022   925  1007 I sysui_action: [210,5]
05-22 17:51:24.692 10022   925  1007 I sysui_multi_action: [757,210,758,4,759,5]
05-22 17:51:24.693 10022   925   925 I sysui_action: [209,1]
05-22 17:51:24.693 10022   925   925 I sysui_multi_action: [757,209,758,4,759,1]
05-22 17:51:24.697  1000   622   632 I volume_changed: [5,7,4,7,com.android.systemui]
05-22 17:51:24.698 10022   925   925 I sysui_action: [209,4]
05-22 17:51:24.699 10022   925   925 I sysui_multi_action: [757,209,758,4,759,4]
05-22 17:51:24.703  1000   622  1141 I volume_changed: [5,4,2,7,com.android.systemui]
05-22 17:51:24.706  1000   622  1141 I volume_changed: [5,2,1,7,com.android.systemui]
05-22 17:51:24.708 10022   925  1007 I sysui_action: [210,4]
05-22 17:51:24.708 10022   925  1007 I sysui_multi_action: [757,210,758,4,759,4]
05-22 17:51:24.712  1000   622   632 I volume_changed: [4,7,5,7,com.android.systemui]
05-22 17:51:24.716  1000   622  2276 I volume_changed: [4,5,4,7,com.android.systemui]
05-22 17:51:24.724  1000   622   622 I volume_changed: [4,4,3,7,MediaSessionService]
05-22 17:51:24.801  1000   622  2276 I wm_task_moved: [9,1,1]
05-22 17:51:25.055  1000   622   637 I am_proc_start: [0,2363,10022,com.android.systemui:screenshot,service,com.android.systemui/.screenshot.TakeScreenshotService]
05-22 17:51:25.091  1000   622   632 I am_proc_bound: [0,2363,com.android.systemui:screenshot]
05-22 17:51:25.101  1000   622   632 I am_create_service: [0,67642804,.TakeScreenshotService,10022,2363]
05-22 17:51:25.260 10022  2363  2363 I auditd  : type=1400 audit(0.0:240): avc: denied { read } for comm="SoundPoolThread" name="u:object_r:media_prop:s0" dev="tmpfs" ino=5040 scontext=u:r:platform_app:s0:c512,c768 tcontext=u:object_r:media_prop:s0 tclass=file permissive=0
05-22 17:51:25.280  1040   345   345 I auditd  : type=1400 audit(0.0:241): avc: denied { read } for comm="mediaextractor" name="u:object_r:media_prop:s0" dev="tmpfs" ino=5040 scontext=u:r:mediaextractor:s0 tcontext=u:object_r:media_prop:s0 tclass=file permissive=0
05-22 17:51:25.320 10022  2363  2363 I auditd  : type=1400 audit(0.0:242): avc: denied { read } for comm="SoundPoolThread" name="u:object_r:media_prop:s0" dev="tmpfs" ino=5040 scontext=u:r:platform_app:s0:c512,c768 tcontext=u:object_r:media_prop:s0 tclass=file permissive=0
05-22 17:51:25.321  1000   622  1141 I wm_task_created: [12,1]
05-22 17:51:25.322  1000   622  1141 I wm_task_moved: [12,1,2]
05-22 17:51:25.323  1000   622  1141 I wm_task_moved: [12,1,2]
05-22 17:51:25.323  1000   622  1141 I am_create_task: [0,12]
05-22 17:51:25.323  1000   622  1141 I am_create_activity: [0,197272469,12,com.android.systemui/.NoNetAlertActivity,NULL,NULL,NULL,268435456]
05-22 17:51:25.324  1000   622  1141 I wm_task_moved: [12,1,2]
05-22 17:51:25.326  1000   622  1141 I am_pause_activity: [0,190494092,com.android.settings/.Settings$NetworkDashboardActivity]
05-22 17:51:25.345  1000   622   632 I wm_task_moved: [9,1,2]
05-22 17:51:25.347  1000   622   632 I am_task_to_front: [0,9]
05-22 17:51:25.347  1000   622   632 I am_create_activity: [0,237916315,9,com.android.settings/.SubSettings,android.intent.action.MAIN,NULL,NULL,0]
05-22 17:51:25.431  1000  1061  1061 I sysui_view_visibility: [746,0]
05-22 17:51:25.432  1000  1061  1061 I sysui_multi_action: [757,746,758,2]
05-22 17:51:25.450  1000  1061  1061 I am_on_paused_called: [0,com.android.settings.Settings$NetworkDashboardActivity,handlePauseActivity]
05-22 17:51:25.490 10022  2363  2363 I auditd  : type=1400 audit(0.0:243): avc: denied { read } for comm="SoundPoolThread" name="u:object_r:media_prop:s0" dev="tmpfs" ino=5040 scontext=u:r:platform_app:s0:c512,c768 tcontext=u:object_r:media_prop:s0 tclass=file permissive=0
05-22 17:51:25.537  1000   622  2276 I am_restart_activity: [0,237916315,9,com.android.settings/.SubSettings]
05-22 17:51:25.540  1000   622  2276 I am_set_resumed_activity: [0,com.android.settings/.SubSettings,minimalResumeActivityLocked]
05-22 17:51:25.556  1000   622   636 I sysui_count: [window_time_0,2]
05-22 17:51:25.556  1000   622   636 I sysui_multi_action: [757,803,799,window_time_0,802,2]
05-22 17:51:25.559  1000   622   622 I volume_changed: [4,3,4,7,MediaSessionService]
05-22 17:51:25.565 10022   925  1007 I sysui_action: [211,4]
05-22 17:51:25.565 10022   925  1007 I sysui_multi_action: [757,211,758,4,759,4]
05-22 17:51:25.644  1000  1061  2402 I sysui_count: [TetherSettings/soft_ap_sleep_policy|0,1]
05-22 17:51:25.645  1000  1061  2402 I sysui_multi_action: [757,803,799,TetherSettings/soft_ap_sleep_policy|0,802,1]
05-22 17:51:25.681  1000  1061  1061 I sysui_multi_action: [757,90,758,1,833,746]
05-22 17:51:25.685  1000  1061  1061 I am_on_resume_called: [0,com.android.settings.SubSettings,LAUNCH_ACTIVITY]
05-22 17:51:25.855  1000   622   644 I sysui_multi_action: [319,761,321,755,322,1047,325,893,757,761,758,9,759,1,806,com.android.settings,871,com.android.settings.SubSettings,904,com.android.settings,905,0]
05-22 17:51:25.855  1000   622   644 I am_activity_launch_time: [0,237916315,com.android.settings/.SubSettings,351,351]
05-22 17:51:25.863  1000   622   636 I am_stop_activity: [0,190494092,com.android.settings/.Settings$NetworkDashboardActivity]
05-22 17:51:25.867  1000   622  1141 I am_finish_activity: [0,190494092,9,com.android.settings/.Settings$NetworkDashboardActivity,app-request]
05-22 17:51:25.868  1000   622  1141 I am_destroy_activity: [0,190494092,9,com.android.settings/.Settings$NetworkDashboardActivity,finish-imm]
05-22 17:51:25.871  1000   622   636 I sysui_count: [window_time_0,0]
05-22 17:51:25.871  1000   622   636 I sysui_multi_action: [757,803,799,window_time_0,802,0]
