05-22 17:49:50.936 radio   891  1256 D RILJ    : [3777]< DATA_REGISTRATION_STATE {.regState = NOT_REG_MT_NOT_SEARCHING_OP_EM, .rat = 1, .reasonDataDenied = -1, .maxDataCalls = 3, .cellIdentity = {.cellInfoType = GSM, .cellIdentityGsm = [{.mcc = -1, .mnc = -1, .lac = 1473, .cid = 3901, .arfcn = -1, .bsic = -1}], .cellIdentityWcdma = [], .cellIdentityCdma = [], .cellIdentityLte = [], .cellIdentityTdscdma = []}} [SUB0]
05-22 17:49:50.937 radio   600   607 D RILC    : RequestComplete, RIL_SOCKET_1
05-22 17:49:50.937 radio   600   607 E RILC    : Calling responseFunction() for token 131
05-22 17:49:50.937 radio   600   607 D RILC    : getNetworkSelectionModeResponse: serial 131
05-22 17:49:50.937 radio   600   607 D REQ_THDS: put Channel1
05-22 17:49:50.937 radio   600   607 I REQ_THDS: -->networkDispatch [607] free one command
05-22 17:49:50.937 radio   891   891 D RILJ    : [3780]> OPERATOR [SUB0]
05-22 17:49:50.938 radio   600   600 D RILC    : getOperator: serial 132
05-22 17:49:50.938 radio   600   607 D RIL     : onRequest: OPERATOR radioState=3
05-22 17:49:50.938 radio   600   607 D REQ_THDS: get Channel1
05-22 17:49:50.938 radio   891  1256 D RILJ    : [3778]< VOICE_REGISTRATION_STATE {.regState = NOT_REG_MT_NOT_SEARCHING_OP_EM, .rat = 1, .cssSupported = false, .roamingIndicator = -1, .systemIsInPrl = 0, .defaultRoamingIndicator = 0, .reasonForDenial = 0, .cellIdentity = {.cellInfoType = GSM, .cellIdentityGsm = [{.mcc = -1, .mnc = -1, .lac = 9779, .cid = 3901, .arfcn = -1, .bsic = -1}], .cellIdentityWcdma = [], .cellIdentityCdma = [], .cellIdentityLte = [], .cellIdentityTdscdma = []}} [SUB0]
05-22 17:49:50.939 radio   600   607 D RIL     : get Operator Name = China Mobile
05-22 17:49:50.939 radio   600   607 D RILC    : RequestComplete, RIL_SOCKET_1
05-22 17:49:50.939 radio   600   607 E RILC    : Calling responseFunction() for token 132
05-22 17:49:50.939 radio   600   607 D RILC    : getOperatorResponse: serial 132
05-22 17:49:50.939 radio   600   607 D REQ_THDS: put Channel1
05-22 17:49:50.939 radio   600   607 I REQ_THDS: -->networkDispatch [607] free one command
05-22 17:49:50.941 radio   891   891 D RILJ    : [3781]> DATA_REGISTRATION_STATE [SUB0]
05-22 17:49:50.941 radio   600   600 D RILC    : getDataRegistrationState: serial 133
05-22 17:49:50.941 radio   600   607 D RIL     : onRequest: DATA_REGISTRATION_STATE radioState=3
05-22 17:49:50.941 radio   600   607 D REQ_THDS: get Channel1
05-22 17:49:50.942 radio   600   607 D RILC    : RequestComplete, RIL_SOCKET_1
05-22 17:49:50.942 radio   600   607 E RILC    : Calling responseFunction() for token 133
05-22 17:49:50.942 radio   600   607 D RILC    : getDataRegistrationStateResponse: serial 133
05-22 17:49:50.942 radio   600   607 D REQ_THDS: put Channel1
05-22 17:49:50.942 radio   600   607 I REQ_THDS: -->networkDispatch [607] free one command
05-22 17:49:50.943 radio   891  1256 D RILJ    : [3779]< QUERY_NETWORK_SELECTION_MODE {0} [SUB0]
05-22 17:49:50.944 radio   891  1256 D RILJ    : [3780]< OPERATOR {China Mobile, China Mobile, 46000} [SUB0]
05-22 17:49:50.944 radio   891  1256 D RILJ    : [3781]< DATA_REGISTRATION_STATE {.regState = NOT_REG_MT_NOT_SEARCHING_OP_EM, .rat = 1, .reasonDataDenied = -1, .maxDataCalls = 3, .cellIdentity = {.cellInfoType = GSM, .cellIdentityGsm = [{.mcc = -1, .mnc = -1, .lac = 1473, .cid = 3901, .arfcn = -1, .bsic = -1}], .cellIdentityWcdma = [], .cellIdentityCdma = [], .cellIdentityLte = [], .cellIdentityTdscdma = []}} [SUB0]
05-22 17:49:50.945 radio   891   891 D RILJ    : [3782]> VOICE_REGISTRATION_STATE [SUB0]
05-22 17:49:50.945 radio   600   600 D RILC    : getVoiceRegistrationState: serial 134
05-22 17:49:50.945 radio   600   607 D RIL     : onRequest: VOICE_REGISTRATION_STATE radioState=3
05-22 17:49:50.945 radio   600   607 D REQ_THDS: get Channel1
05-22 17:49:50.946 radio   600   607 D RILC    : RequestComplete, RIL_SOCKET_1
05-22 17:49:50.946 radio   600   607 E RILC    : Calling responseFunction() for token 134
05-22 17:49:50.946 radio   600   607 D RILC    : getVoiceRegistrationStateResponse: serial 134
05-22 17:49:50.946 radio   600   607 D REQ_THDS: put Channel1
05-22 17:49:50.946 radio   600   607 I REQ_THDS: -->networkDispatch [607] free one command
05-22 17:49:50.947 radio   891  1256 D RILJ    : [3782]< VOICE_REGISTRATION_STATE {.regState = NOT_REG_MT_NOT_SEARCHING_OP_EM, .rat = 1, .cssSupported = false, .roamingIndicator = -1, .systemIsInPrl = 0, .defaultRoamingIndicator = 0, .reasonForDenial = 0, .cellIdentity = {.cellInfoType = GSM, .cellIdentityGsm = [{.mcc = -1, .mnc = -1, .lac = 9779, .cid = 3901, .arfcn = -1, .bsic = -1}], .cellIdentityWcdma = [], .cellIdentityCdma = [], .cellIdentityLte = [], .cellIdentityTdscdma = []}} [SUB0]
05-22 17:49:50.947 radio   891   891 D RILJ    : [3783]> QUERY_NETWORK_SELECTION_MODE [SUB0]
05-22 17:49:50.947 radio   600   600 D RILC    : getNetworkSelectionMode: serial 135
05-22 17:49:50.947 radio   891   891 D SST     : EVENT_POLL_STATE_NETWORK_SELECTION_MODE
05-22 17:49:50.948 radio   600   607 D RIL     : onRequest: QUERY_NETWORK_SELECTION_MODE radioState=3
05-22 17:49:50.948 radio   891   891 D SST     : EVENT_POLL_STATE_NETWORK_SELECTION_MODE
05-22 17:49:50.948 radio   600   607 D REQ_THDS: get Channel1
05-22 17:49:50.948 radio   891   891 D SST     : handlPollStateResultMessage: GsmSST setDataRegState=1 regState=10 dataRadioTechnology=1
05-22 17:49:50.948 radio   891   891 D SST     : handlPollVoiceRegResultMessage: regState=10 radioTechnology=1
05-22 17:49:50.948 radio   600   607 D RILC    : RequestComplete, RIL_SOCKET_1
05-22 17:49:50.948 radio   600   607 E RILC    : Calling responseFunction() for token 135
05-22 17:49:50.948 radio   600   607 D RILC    : getNetworkSelectionModeResponse: serial 135
05-22 17:49:50.948 radio   600   607 D REQ_THDS: put Channel1
05-22 17:49:50.948 radio   600   607 I REQ_THDS: -->networkDispatch [607] free one command
05-22 17:49:50.949 radio   891  1256 D RILJ    : [3783]< QUERY_NETWORK_SELECTION_MODE {0} [SUB0]
05-22 17:49:50.949 radio   891   891 D SST     : EVENT_POLL_STATE_NETWORK_SELECTION_MODE
05-22 17:49:50.949 radio   891   891 D SST     : clear saved NetworkSelection when current mode is auto
05-22 17:49:50.950 radio   891   891 D SST     : isNonDomesticRoamingEnabled=false
05-22 17:49:50.951 radio   891   891 D SST     : Poll ServiceState done:  oldSS=[{mVoiceRegState=1(OUT_OF_SERVICE), mDataRegState=1(OUT_OF_SERVICE), mVoiceRoamingType=home, mDataRoamingType=home, mVoiceOperatorAlphaLong=China Mobile, mVoiceOperatorAlphaShort=China Mobile, mDataOperatorAlphaLong=China Mobile, mDataOperatorAlphaShort=China Mobile, isManualNetworkSelection=false(automatic), mRilVoiceRadioTechnology=1(GPRS), mRilDataRadioTechnology=1(GPRS), mCssIndicator=unsupported, mNetworkId=-1, mSystemId=-1, mCdmaRoamingIndicator=-1, mCdmaDefaultRoamingIndicator=-1, mIsEmergencyOnly=true, mIsDataRoamingFromRegistration=false, mIsUsingCarrierAggregation=false, mLteEarfcnRsrpBoost=0}] newSS=[{mVoiceRegState=1(OUT_OF_SERVICE), mDataRegState=1(OUT_OF_SERVICE), mVoiceRoamingType=home, mDataRoamingType=home, mVoiceOperatorAlphaLong=China Mobile, mVoiceOperatorAlphaShort=China Mobile, mDataOperatorAlphaLong=China Mobile, mDataOperatorAlphaShort=China Mobile, isManualNetworkSelection=false(automatic), mRilVoiceRadioTechnology=1(GPRS), mRilDataRadioTechnology=1(GPRS), mCssIndicator=unsupported, mNetworkId=-1, mSystemId=-1, mCdmaRoamingIndicator=-1, mCdmaDefaultRoamingIndicator=-1, mIsEmergencyOnly=true, mIsDataRoamingFromRegistration=false, mIsUsingCarrierAggregation=false, mLteEarfcnRsrpBoost=0}] oldMaxDataCalls=3 mNewMaxDataCalls=3 oldReasonDataDenied=-1 mNewReasonDataDenied=-1
05-22 17:49:50.951 radio   891   891 D SST     : pollStateDone: hasRegistered=false hasDeregistered=false hasDataAttached=false hasDataDetached=false hasDataRegStateChanged=false hasRilVoiceRadioTechnologyChanged= false hasRilDataRadioTechnologyChanged=false hasChanged=false hasVoiceRoamingOn=false hasVoiceRoamingOff=false hasDataRoamingOn=false hasDataRoamingOff=false hasLocationChanged=true has4gHandoff = false hasMultiApnSupport=false hasLostMultiApnSupport=false
05-22 17:49:50.951  1000   622  1240 D TelephonyRegistry: notifyCellLocationForSubscriber: subId=-2 cellLocation=Bundle[mParcelledData.dataSize=64]
05-22 17:49:50.978 radio   891  1504 D SubscriptionController: [getSlotIndex]- subId invalid
05-22 17:50:12.758 radio   891  1504 I chatty  : uid=1001(radio) Binder:891_7 identical 94 lines
05-22 17:50:12.986 radio   891  1504 D SubscriptionController: [getSlotIndex]- subId invalid
05-22 17:50:13.200 radio   891  1699 D SubscriptionController: [getSlotIndex]- subId invalid
05-22 17:50:13.435 radio   891  1504 D SubscriptionController: [getSlotIndex]- subId invalid
05-22 17:50:19.948 radio   891  1504 I chatty  : uid=1001(radio) Binder:891_7 identical 27 lines
05-22 17:50:20.193 radio   891  1504 D SubscriptionController: [getSlotIndex]- subId invalid
05-22 17:50:20.247 radio   600   619 D RILC    : networkStateChangedInd
05-22 17:50:20.247 radio   600   619 I RILC    : RIL_SOCKET_1 UNSOLICITED: UNSOL_RESPONSE_VOICE_NETWORK_STATE_CHANGED length:0
05-22 17:50:20.247 radio   600   619 D RILC    : networkStateChangedInd
05-22 17:50:20.247 radio   600   619 I RILC    : RIL_SOCKET_1 UNSOLICITED: UNSOL_RESPONSE_VOICE_NETWORK_STATE_CHANGED length:0
05-22 17:50:20.247 radio   600   619 D RIL     : s_PSRegState is OUT OF SERVICE.
05-22 17:50:20.247 radio   600   619 D RILC    : networkStateChangedInd
05-22 17:50:20.247 radio   600   619 I RILC    : RIL_SOCKET_1 UNSOLICITED: UNSOL_RESPONSE_VOICE_NETWORK_STATE_CHANGED length:0
05-22 17:50:20.248 radio   891  1256 D RILJ    : [UNSL]< UNSOL_RESPONSE_NETWORK_STATE_CHANGED [SUB0]
05-22 17:50:20.248 radio   891   891 D SST     : pollState: modemTriggered=true
05-22 17:50:20.248 radio   891  1256 D RILJ    : [UNSL]< UNSOL_RESPONSE_NETWORK_STATE_CHANGED [SUB0]
05-22 17:50:20.249 radio   891  1256 D RILJ    : [UNSL]< UNSOL_RESPONSE_NETWORK_STATE_CHANGED [SUB0]
05-22 17:50:20.250 radio   891   891 D RILJ    : [3784]> OPERATOR [SUB0]
05-22 17:50:20.250 radio   600   600 D RILC    : getOperator: serial 136
05-22 17:50:20.250 radio   600   607 D RIL     : onRequest: OPERATOR radioState=3
05-22 17:50:20.250 radio   600   607 D REQ_THDS: get Channel1
05-22 17:50:20.251 radio   891   891 D RILJ    : [3785]> DATA_REGISTRATION_STATE [SUB0]
05-22 17:50:20.251 radio   600   607 D RIL     : get Operator Name = China Mobile
05-22 17:50:20.251 radio   600   607 D RILC    : RequestComplete, RIL_SOCKET_1
05-22 17:50:20.251 radio   600   607 E RILC    : Calling responseFunction() for token 136
05-22 17:50:20.251 radio   600   607 D RILC    : getOperatorResponse: serial 136
05-22 17:50:20.251 radio   600   600 D RILC    : getDataRegistrationState: serial 137
05-22 17:50:20.251 radio   600   607 D REQ_THDS: put Channel1
05-22 17:50:20.251 radio   600   607 I REQ_THDS: -->networkDispatch [607] free one command
05-22 17:50:20.252 radio   600   607 D RIL     : onRequest: DATA_REGISTRATION_STATE radioState=3
05-22 17:50:20.252 radio   600   607 D REQ_THDS: get Channel1
05-22 17:50:20.252 radio   891  1256 D RILJ    : [3784]< OPERATOR {China Mobile, China Mobile, 46000} [SUB0]
05-22 17:50:20.252 radio   600   607 D RILC    : RequestComplete, RIL_SOCKET_1
05-22 17:50:20.252 radio   600   607 E RILC    : Calling responseFunction() for token 137
05-22 17:50:20.252 radio   600   607 D RILC    : getDataRegistrationStateResponse: serial 137
05-22 17:50:20.252 radio   891   891 D RILJ    : [3786]> VOICE_REGISTRATION_STATE [SUB0]
05-22 17:50:20.253 radio   600   607 D REQ_THDS: put Channel1
05-22 17:50:20.253 radio   600   600 D RILC    : getVoiceRegistrationState: serial 138
05-22 17:50:20.253 radio   600   607 I REQ_THDS: -->networkDispatch [607] free one command
05-22 17:50:20.253 radio   600   607 D RIL     : onRequest: VOICE_REGISTRATION_STATE radioState=3
05-22 17:50:20.253 radio   600   607 D REQ_THDS: get Channel1
05-22 17:50:20.253 radio   600   607 D RILC    : RequestComplete, RIL_SOCKET_1
05-22 17:50:20.253 radio   600   607 E RILC    : Calling responseFunction() for token 138
05-22 17:50:20.253 radio   600   607 D RILC    : getVoiceRegistrationStateResponse: serial 138
05-22 17:50:20.254 radio   891   891 D RILJ    : [3787]> QUERY_NETWORK_SELECTION_MODE [SUB0]
05-22 17:50:20.254 radio   600   607 D REQ_THDS: put Channel1
05-22 17:50:20.254 radio   891   891 D SST     : pollState: modemTriggered=true
05-22 17:50:20.254 radio   600   607 I REQ_THDS: -->networkDispatch [607] free one command
05-22 17:50:20.254 radio   600   600 D RILC    : getNetworkSelectionMode: serial 139
05-22 17:50:20.254 radio   600   607 D RIL     : onRequest: QUERY_NETWORK_SELECTION_MODE radioState=3
05-22 17:50:20.254 radio   600   607 D REQ_THDS: get Channel1
05-22 17:50:20.254 radio   891  1256 D RILJ    : [3785]< DATA_REGISTRATION_STATE {.regState = NOT_REG_MT_NOT_SEARCHING_OP_EM, .rat = 1, .reasonDataDenied = -1, .maxDataCalls = 3, .cellIdentity = {.cellInfoType = GSM, .cellIdentityGsm = [{.mcc = -1, .mnc = -1, .lac = 1473, .cid = 3732, .arfcn = -1, .bsic = -1}], .cellIdentityWcdma = [], .cellIdentityCdma = [], .cellIdentityLte = [], .cellIdentityTdscdma = []}} [SUB0]
05-22 17:50:20.255 radio   600   607 D RILC    : RequestComplete, RIL_SOCKET_1
05-22 17:50:20.255 radio   600   607 E RILC    : Calling responseFunction() for token 139
05-22 17:50:20.255 radio   600   607 D RILC    : getNetworkSelectionModeResponse: serial 139
05-22 17:50:20.255 radio   891   891 D RILJ    : [3788]> OPERATOR [SUB0]
05-22 17:50:20.255 radio   600   607 D REQ_THDS: put Channel1
05-22 17:50:20.255 radio   600   607 I REQ_THDS: -->networkDispatch [607] free one command
05-22 17:50:20.255 radio   600   600 D RILC    : getOperator: serial 140
05-22 17:50:20.255 radio   600   607 D RIL     : onRequest: OPERATOR radioState=3
05-22 17:50:20.256 radio   600   607 D REQ_THDS: get Channel1
05-22 17:50:20.256 radio   891  1256 D RILJ    : [3786]< VOICE_REGISTRATION_STATE {.regState = NOT_REG_MT_NOT_SEARCHING_OP_EM, .rat = 1, .cssSupported = false, .roamingIndicator = -1, .systemIsInPrl = 0, .defaultRoamingIndicator = 0, .reasonForDenial = 0, .cellIdentity = {.cellInfoType = GSM, .cellIdentityGsm = [{.mcc = -1, .mnc = -1, .lac = 9779, .cid = 3732, .arfcn = -1, .bsic = -1}], .cellIdentityWcdma = [], .cellIdentityCdma = [], .cellIdentityLte = [], .cellIdentityTdscdma = []}} [SUB0]
05-22 17:50:20.256 radio   600   607 D RIL     : get Operator Name = China Mobile
05-22 17:50:20.256 radio   600   607 D RILC    : RequestComplete, RIL_SOCKET_1
05-22 17:50:20.256 radio   891   891 D RILJ    : [3789]> DATA_REGISTRATION_STATE [SUB0]
05-22 17:50:20.256 radio   600   607 E RILC    : Calling responseFunction() for token 140
05-22 17:50:20.256 radio   600   607 D RILC    : getOperatorResponse: serial 140
05-22 17:50:20.256 radio   600   600 D RILC    : getDataRegistrationState: serial 141
05-22 17:50:20.257 radio   891  1256 D RILJ    : [3787]< QUERY_NETWORK_SELECTION_MODE {0} [SUB0]
05-22 17:50:20.257 radio   600   607 D REQ_THDS: put Channel1
05-22 17:50:20.257 radio   600   607 I REQ_THDS: -->networkDispatch [607] free one command
05-22 17:50:20.257 radio   600   607 D RIL     : onRequest: DATA_REGISTRATION_STATE radioState=3
05-22 17:50:20.257 radio   600   607 D REQ_THDS: get Channel1
05-22 17:50:20.257 radio   891   891 D RILJ    : [3790]> VOICE_REGISTRATION_STATE [SUB0]
05-22 17:50:20.257 radio   600   607 D RILC    : RequestComplete, RIL_SOCKET_1
05-22 17:50:20.257 radio   600   607 E RILC    : Calling responseFunction() for token 141
05-22 17:50:20.258 radio   600   607 D RILC    : getDataRegistrationStateResponse: serial 141
05-22 17:50:20.258 radio   600   600 D RILC    : getVoiceRegistrationState: serial 142
05-22 17:50:20.258 radio   891  1256 D RILJ    : [3788]< OPERATOR {China Mobile, China Mobile, 46000} [SUB0]
05-22 17:50:20.258 radio   600   607 D REQ_THDS: put Channel1
05-22 17:50:20.258 radio   600   607 I REQ_THDS: -->networkDispatch [607] free one command
05-22 17:50:20.258 radio   600   607 D RIL     : onRequest: VOICE_REGISTRATION_STATE radioState=3
05-22 17:50:20.258 radio   600   607 D REQ_THDS: get Channel1
05-22 17:50:20.259 radio   891   891 D RILJ    : [3791]> QUERY_NETWORK_SELECTION_MODE [SUB0]
05-22 17:50:20.259 radio   600   607 D RILC    : RequestComplete, RIL_SOCKET_1
05-22 17:50:20.259 radio   600   607 E RILC    : Calling responseFunction() for token 142
05-22 17:50:20.259 radio   600   600 D RILC    : getNetworkSelectionMode: serial 143
05-22 17:50:20.259 radio   891   891 D SST     : pollState: modemTriggered=true
05-22 17:50:20.259 radio   600   607 D RILC    : getVoiceRegistrationStateResponse: serial 142
05-22 17:50:20.259 radio   600   607 D REQ_THDS: put Channel1
05-22 17:50:20.259 radio   891  1256 D RILJ    : [3789]< DATA_REGISTRATION_STATE {.regState = NOT_REG_MT_NOT_SEARCHING_OP_EM, .rat = 1, .reasonDataDenied = -1, .maxDataCalls = 3, .cellIdentity = {.cellInfoType = GSM, .cellIdentityGsm = [{.mcc = -1, .mnc = -1, .lac = 1473, .cid = 3732, .arfcn = -1, .bsic = -1}], .cellIdentityWcdma = [], .cellIdentityCdma = [], .cellIdentityLte = [], .cellIdentityTdscdma = []}} [SUB0]
05-22 17:50:20.259 radio   600   607 I REQ_THDS: -->networkDispatch [607] free one command
05-22 17:50:20.259 radio   600   607 D RIL     : onRequest: QUERY_NETWORK_SELECTION_MODE radioState=3
05-22 17:50:20.259 radio   600   607 D REQ_THDS: get Channel1
05-22 17:50:20.260 radio   891   891 D RILJ    : [3792]> OPERATOR [SUB0]
05-22 17:50:20.260 radio   600   607 D RILC    : RequestComplete, RIL_SOCKET_1
05-22 17:50:20.260 radio   600   607 E RILC    : Calling responseFunction() for token 143
05-22 17:50:20.260 radio   600   600 D RILC    : getOperator: serial 144
05-22 17:50:20.260 radio   600   607 D RILC    : getNetworkSelectionModeResponse: serial 143
05-22 17:50:20.260 radio   600   607 D REQ_THDS: put Channel1
05-22 17:50:20.260 radio   600   607 I REQ_THDS: -->networkDispatch [607] free one command
05-22 17:50:20.260 radio   600   607 D RIL     : onRequest: OPERATOR radioState=3
05-22 17:50:20.260 radio   600   607 D REQ_THDS: get Channel1
05-22 17:50:20.260 radio   891  1256 D RILJ    : [3790]< VOICE_REGISTRATION_STATE {.regState = NOT_REG_MT_NOT_SEARCHING_OP_EM, .rat = 1, .cssSupported = false, .roamingIndicator = -1, .systemIsInPrl = 0, .defaultRoamingIndicator = 0, .reasonForDenial = 0, .cellIdentity = {.cellInfoType = GSM, .cellIdentityGsm = [{.mcc = -1, .mnc = -1, .lac = 9779, .cid = 3732, .arfcn = -1, .bsic = -1}], .cellIdentityWcdma = [], .cellIdentityCdma = [], .cellIdentityLte = [], .cellIdentityTdscdma = []}} [SUB0]
05-22 17:50:20.261 radio   891   891 D RILJ    : [3793]> DATA_REGISTRATION_STATE [SUB0]
05-22 17:50:20.261 radio   600   600 D RILC    : getDataRegistrationState: serial 145
05-22 17:50:20.261 radio   891  1256 D RILJ    : [3791]< QUERY_NETWORK_SELECTION_MODE {0} [SUB0]
05-22 17:50:20.261 radio   600   607 D RIL     : get Operator Name = China Mobile
05-22 17:50:20.261 radio   600   607 D RILC    : RequestComplete, RIL_SOCKET_1
05-22 17:50:20.261 radio   600   607 E RILC    : Calling responseFunction() for token 144
05-22 17:50:20.261 radio   600   607 D RILC    : getOperatorResponse: serial 144
05-22 17:50:20.261 radio   600   607 D REQ_THDS: put Channel1
05-22 17:50:20.261 radio   600   607 I REQ_THDS: -->networkDispatch [607] free one command
05-22 17:50:20.261 radio   600   607 D RIL     : onRequest: DATA_REGISTRATION_STATE radioState=3
05-22 17:50:20.261 radio   600   607 D REQ_THDS: get Channel1
05-22 17:50:20.262 radio   891   891 D RILJ    : [3794]> VOICE_REGISTRATION_STATE [SUB0]
05-22 17:50:20.262 radio   600   600 D RILC    : getVoiceRegistrationState: serial 146
05-22 17:50:20.262 radio   891  1256 D RILJ    : [3792]< OPERATOR {China Mobile, China Mobile, 46000} [SUB0]
05-22 17:50:20.262 radio   600   607 D RILC    : RequestComplete, RIL_SOCKET_1
05-22 17:50:20.262 radio   600   607 E RILC    : Calling responseFunction() for token 145
05-22 17:50:20.262 radio   600   607 D RILC    : getDataRegistrationStateResponse: serial 145
05-22 17:50:20.263 radio   600   607 D REQ_THDS: put Channel1
05-22 17:50:20.263 radio   600   607 I REQ_THDS: -->networkDispatch [607] free one command
05-22 17:50:20.263 radio   600   607 D RIL     : onRequest: VOICE_REGISTRATION_STATE radioState=3
05-22 17:50:20.263 radio   600   607 D REQ_THDS: get Channel1
05-22 17:50:20.263 radio   600   607 D RILC    : RequestComplete, RIL_SOCKET_1
05-22 17:50:20.263 radio   600   607 E RILC    : Calling responseFunction() for token 146
05-22 17:50:20.263 radio   600   607 D RILC    : getVoiceRegistrationStateResponse: serial 146
05-22 17:50:20.263 radio   891   891 D RILJ    : [3795]> QUERY_NETWORK_SELECTION_MODE [SUB0]
05-22 17:50:20.264 radio   600   607 D REQ_THDS: put Channel1
05-22 17:50:20.264 radio   600   607 I REQ_THDS: -->networkDispatch [607] free one command
05-22 17:50:20.264 radio   891  1256 D RILJ    : [3793]< DATA_REGISTRATION_STATE {.regState = NOT_REG_MT_NOT_SEARCHING_OP_EM, .rat = 1, .reasonDataDenied = -1, .maxDataCalls = 3, .cellIdentity = {.cellInfoType = GSM, .cellIdentityGsm = [{.mcc = -1, .mnc = -1, .lac = 1473, .cid = 3732, .arfcn = -1, .bsic = -1}], .cellIdentityWcdma = [], .cellIdentityCdma = [], .cellIdentityLte = [], .cellIdentityTdscdma = []}} [SUB0]
05-22 17:50:20.265 radio   600   600 D RILC    : getNetworkSelectionMode: serial 147
05-22 17:50:20.265 radio   891   891 D SST     : EVENT_POLL_STATE_NETWORK_SELECTION_MODE
05-22 17:50:20.265 radio   891  1256 D RILJ    : [3794]< VOICE_REGISTRATION_STATE {.regState = NOT_REG_MT_NOT_SEARCHING_OP_EM, .rat = 1, .cssSupported = false, .roamingIndicator = -1, .systemIsInPrl = 0, .defaultRoamingIndicator = 0, .reasonForDenial = 0, .cellIdentity = {.cellInfoType = GSM, .cellIdentityGsm = [{.mcc = -1, .mnc = -1, .lac = 9779, .cid = 3732, .arfcn = -1, .bsic = -1}], .cellIdentityWcdma = [], .cellIdentityCdma = [], .cellIdentityLte = [], .cellIdentityTdscdma = []}} [SUB0]
05-22 17:50:20.265 radio   600   607 D RIL     : onRequest: QUERY_NETWORK_SELECTION_MODE radioState=3
05-22 17:50:20.265 radio   600   607 D REQ_THDS: get Channel1
05-22 17:50:20.265 radio   891   891 D SST     : EVENT_POLL_STATE_NETWORK_SELECTION_MODE
05-22 17:50:20.265 radio   891   891 D SST     : handlPollStateResultMessage: GsmSST setDataRegState=1 regState=10 dataRadioTechnology=1
05-22 17:50:20.265 radio   891   891 D SST     : handlPollVoiceRegResultMessage: regState=10 radioTechnology=1
05-22 17:50:20.265 radio   600   607 D RILC    : RequestComplete, RIL_SOCKET_1
05-22 17:50:20.265 radio   600   607 E RILC    : Calling responseFunction() for token 147
05-22 17:50:20.265 radio   600   607 D RILC    : getNetworkSelectionModeResponse: serial 147
05-22 17:50:20.266 radio   600   607 D REQ_THDS: put Channel1
05-22 17:50:20.266 radio   600   607 I REQ_THDS: -->networkDispatch [607] free one command
05-22 17:50:20.266 radio   891  1256 D RILJ    : [3795]< QUERY_NETWORK_SELECTION_MODE {0} [SUB0]
05-22 17:50:20.266 radio   891   891 D SST     : EVENT_POLL_STATE_NETWORK_SELECTION_MODE
05-22 17:50:20.266 radio   891   891 D SST     : clear saved NetworkSelection when current mode is auto
05-22 17:50:20.268 radio   891   891 D SST     : isNonDomesticRoamingEnabled=false
05-22 17:50:20.268 radio   891   891 D SST     : Poll ServiceState done:  oldSS=[{mVoiceRegState=1(OUT_OF_SERVICE), mDataRegState=1(OUT_OF_SERVICE), mVoiceRoamingType=home, mDataRoamingType=home, mVoiceOperatorAlphaLong=China Mobile, mVoiceOperatorAlphaShort=China Mobile, mDataOperatorAlphaLong=China Mobile, mDataOperatorAlphaShort=China Mobile, isManualNetworkSelection=false(automatic), mRilVoiceRadioTechnology=1(GPRS), mRilDataRadioTechnology=1(GPRS), mCssIndicator=unsupported, mNetworkId=-1, mSystemId=-1, mCdmaRoamingIndicator=-1, mCdmaDefaultRoamingIndicator=-1, mIsEmergencyOnly=true, mIsDataRoamingFromRegistration=false, mIsUsingCarrierAggregation=false, mLteEarfcnRsrpBoost=0}] newSS=[{mVoiceRegState=1(OUT_OF_SERVICE), mDataRegState=1(OUT_OF_SERVICE), mVoiceRoamingType=home, mDataRoamingType=home, mVoiceOperatorAlphaLong=China Mobile, mVoiceOperatorAlphaShort=China Mobile, mDataOperatorAlphaLong=China Mobile, mDataOperatorAlphaShort=China Mobile, isManualNetworkSelection=false(automatic), mRilVoiceRadioTechnology=1(GPRS), mRilDataRadioTechnology=1(GPRS), mCssIndicator=unsupported, mNetworkId=-1, mSystemId=-1, mCdmaRoamingIndicator=-1, mCdmaDefaultRoamingIndicator=-1, mIsEmergencyOnly=true, mIsDataRoamingFromRegistration=false, mIsUsingCarrierAggregation=false, mLteEarfcnRsrpBoost=0}] oldMaxDataCalls=3 mNewMaxDataCalls=3 oldReasonDataDenied=-1 mNewReasonDataDenied=-1
05-22 17:50:20.268 radio   891   891 D SST     : pollStateDone: hasRegistered=false hasDeregistered=false hasDataAttached=false hasDataDetached=false hasDataRegStateChanged=false hasRilVoiceRadioTechnologyChanged= false hasRilDataRadioTechnologyChanged=false hasChanged=false hasVoiceRoamingOn=false hasVoiceRoamingOff=false hasDataRoamingOn=false hasDataRoamingOff=false hasLocationChanged=true has4gHandoff = false hasMultiApnSupport=false hasLostMultiApnSupport=false
05-22 17:50:20.269  1000   622  1240 D TelephonyRegistry: notifyCellLocationForSubscriber: subId=-2 cellLocation=Bundle[mParcelledData.dataSize=64]
05-22 17:50:20.436 radio   891  1504 D SubscriptionController: [getSlotIndex]- subId invalid
05-22 17:50:51.510 radio   891  1504 I chatty  : uid=1001(radio) Binder:891_7 identical 133 lines
05-22 17:50:51.753 radio   891  1504 D SubscriptionController: [getSlotIndex]- subId invalid
05-22 17:50:51.972 radio   600   619 D RILC    : networkStateChangedInd
05-22 17:50:51.973 radio   600   619 I RILC    : RIL_SOCKET_1 UNSOLICITED: UNSOL_RESPONSE_VOICE_NETWORK_STATE_CHANGED length:0
05-22 17:50:51.973 radio   600   619 D RILC    : networkStateChangedInd
05-22 17:50:51.973 radio   600   619 I RILC    : RIL_SOCKET_1 UNSOLICITED: UNSOL_RESPONSE_VOICE_NETWORK_STATE_CHANGED length:0
05-22 17:50:51.973 radio   600   619 D RIL     : s_PSRegState is OUT OF SERVICE.
05-22 17:50:51.973 radio   600   619 D RILC    : networkStateChangedInd
05-22 17:50:51.973 radio   891  1256 D RILJ    : [UNSL]< UNSOL_RESPONSE_NETWORK_STATE_CHANGED [SUB0]
05-22 17:50:51.973 radio   600   619 I RILC    : RIL_SOCKET_1 UNSOLICITED: UNSOL_RESPONSE_VOICE_NETWORK_STATE_CHANGED length:0
05-22 17:50:51.973 radio   891   891 D SST     : pollState: modemTriggered=true
05-22 17:50:51.973 radio   891  1256 D RILJ    : [UNSL]< UNSOL_RESPONSE_NETWORK_STATE_CHANGED [SUB0]
05-22 17:50:51.974 radio   891  1256 D RILJ    : [UNSL]< UNSOL_RESPONSE_NETWORK_STATE_CHANGED [SUB0]
05-22 17:50:51.975 radio   891   891 D RILJ    : [3796]> OPERATOR [SUB0]
05-22 17:50:51.975 radio   600   600 D RILC    : getOperator: serial 148
05-22 17:50:51.976 radio   600   607 D RIL     : onRequest: OPERATOR radioState=3
05-22 17:50:51.976 radio   600   607 D REQ_THDS: get Channel1
05-22 17:50:51.977 radio   600   607 D RIL     : get Operator Name = China Mobile
05-22 17:50:51.977 radio   600   607 D RILC    : RequestComplete, RIL_SOCKET_1
05-22 17:50:51.977 radio   600   607 E RILC    : Calling responseFunction() for token 148
05-22 17:50:51.977 radio   600   607 D RILC    : getOperatorResponse: serial 148
05-22 17:50:51.977 radio   891   891 D RILJ    : [3797]> DATA_REGISTRATION_STATE [SUB0]
05-22 17:50:51.977 radio   600   607 D REQ_THDS: put Channel1
05-22 17:50:51.977 radio   600   607 I REQ_THDS: -->networkDispatch [607] free one command
05-22 17:50:51.977 radio   600   600 D RILC    : getDataRegistrationState: serial 149
05-22 17:50:51.977 radio   600   607 D RIL     : onRequest: DATA_REGISTRATION_STATE radioState=3
05-22 17:50:51.977 radio   891  1256 D RILJ    : [3796]< OPERATOR {China Mobile, China Mobile, 46000} [SUB0]
05-22 17:50:51.977 radio   600   607 D REQ_THDS: get Channel1
05-22 17:50:51.978 radio   600   607 D RILC    : RequestComplete, RIL_SOCKET_1
05-22 17:50:51.978 radio   600   607 E RILC    : Calling responseFunction() for token 149
05-22 17:50:51.978 radio   600   607 D RILC    : getDataRegistrationStateResponse: serial 149
05-22 17:50:51.978 radio   891   891 D RILJ    : [3798]> VOICE_REGISTRATION_STATE [SUB0]
05-22 17:50:51.978 radio   600   607 D REQ_THDS: put Channel1
05-22 17:50:51.978 radio   600   607 I REQ_THDS: -->networkDispatch [607] free one command
05-22 17:50:51.979 radio   600   600 D RILC    : getVoiceRegistrationState: serial 150
05-22 17:50:51.979 radio   600   607 D RIL     : onRequest: VOICE_REGISTRATION_STATE radioState=3
05-22 17:50:51.979 radio   600   607 D REQ_THDS: get Channel1
05-22 17:50:51.979 radio   891  1256 D RILJ    : [3797]< DATA_REGISTRATION_STATE {.regState = NOT_REG_MT_NOT_SEARCHING_OP_EM, .rat = 1, .reasonDataDenied = -1, .maxDataCalls = 3, .cellIdentity = {.cellInfoType = GSM, .cellIdentityGsm = [{.mcc = -1, .mnc = -1, .lac = 1473, .cid = 3901, .arfcn = -1, .bsic = -1}], .cellIdentityWcdma = [], .cellIdentityCdma = [], .cellIdentityLte = [], .cellIdentityTdscdma = []}} [SUB0]
05-22 17:50:51.979 radio   600   607 D RILC    : RequestComplete, RIL_SOCKET_1
05-22 17:50:51.979 radio   600   607 E RILC    : Calling responseFunction() for token 150
05-22 17:50:51.979 radio   600   607 D RILC    : getVoiceRegistrationStateResponse: serial 150
05-22 17:50:51.980 radio   891   891 D RILJ    : [3799]> QUERY_NETWORK_SELECTION_MODE [SUB0]
05-22 17:50:51.980 radio   600   607 D REQ_THDS: put Channel1
05-22 17:50:51.980 radio   600   607 I REQ_THDS: -->networkDispatch [607] free one command
05-22 17:50:51.980 radio   891   891 D SST     : pollState: modemTriggered=true
05-22 17:50:51.980 radio   600   600 D RILC    : getNetworkSelectionMode: serial 151
05-22 17:50:51.980 radio   600   607 D RIL     : onRequest: QUERY_NETWORK_SELECTION_MODE radioState=3
05-22 17:50:51.980 radio   600   607 D REQ_THDS: get Channel1
05-22 17:50:51.980 radio   891  1256 D RILJ    : [3798]< VOICE_REGISTRATION_STATE {.regState = NOT_REG_MT_NOT_SEARCHING_OP_EM, .rat = 1, .cssSupported = false, .roamingIndicator = -1, .systemIsInPrl = 0, .defaultRoamingIndicator = 0, .reasonForDenial = 0, .cellIdentity = {.cellInfoType = GSM, .cellIdentityGsm = [{.mcc = -1, .mnc = -1, .lac = 9779, .cid = 3901, .arfcn = -1, .bsic = -1}], .cellIdentityWcdma = [], .cellIdentityCdma = [], .cellIdentityLte = [], .cellIdentityTdscdma = []}} [SUB0]
05-22 17:50:51.981 radio   600   607 D RILC    : RequestComplete, RIL_SOCKET_1
05-22 17:50:51.981 radio   600   607 E RILC    : Calling responseFunction() for token 151
05-22 17:50:51.981 radio   600   607 D RILC    : getNetworkSelectionModeResponse: serial 151
05-22 17:50:51.981 radio   600   607 D REQ_THDS: put Channel1
05-22 17:50:51.981 radio   600   607 I REQ_THDS: -->networkDispatch [607] free one command
05-22 17:50:51.981 radio   891   891 D RILJ    : [3800]> OPERATOR [SUB0]
05-22 17:50:51.982 radio   600   600 D RILC    : getOperator: serial 152
05-22 17:50:51.982 radio   891  1256 D RILJ    : [3799]< QUERY_NETWORK_SELECTION_MODE {0} [SUB0]
05-22 17:50:51.982 radio   600   607 D RIL     : onRequest: OPERATOR radioState=3
05-22 17:50:51.982 radio   600   607 D REQ_THDS: get Channel1
05-22 17:50:51.983 radio   600   607 D RIL     : get Operator Name = China Mobile
05-22 17:50:51.983 radio   600   607 D RILC    : RequestComplete, RIL_SOCKET_1
05-22 17:50:51.983 radio   600   607 E RILC    : Calling responseFunction() for token 152
05-22 17:50:51.983 radio   600   607 D RILC    : getOperatorResponse: serial 152
05-22 17:50:51.983 radio   600   607 D REQ_THDS: put Channel1
05-22 17:50:51.983 radio   600   607 I REQ_THDS: -->networkDispatch [607] free one command
05-22 17:50:51.984 radio   891   891 D RILJ    : [3801]> DATA_REGISTRATION_STATE [SUB0]
05-22 17:50:51.984 radio   600   600 D RILC    : getDataRegistrationState: serial 153
05-22 17:50:51.984 radio   891  1256 D RILJ    : [3800]< OPERATOR {China Mobile, China Mobile, 46000} [SUB0]
05-22 17:50:51.984 radio   600   607 D RIL     : onRequest: DATA_REGISTRATION_STATE radioState=3
05-22 17:50:51.984 radio   600   607 D REQ_THDS: get Channel1
05-22 17:50:51.985 radio   600   607 D RILC    : RequestComplete, RIL_SOCKET_1
05-22 17:50:51.985 radio   600   607 E RILC    : Calling responseFunction() for token 153
05-22 17:50:51.985 radio   600   607 D RILC    : getDataRegistrationStateResponse: serial 153
05-22 17:50:51.985 radio   891   891 D RILJ    : [3802]> VOICE_REGISTRATION_STATE [SUB0]
05-22 17:50:51.985 radio   600   600 D RILC    : getVoiceRegistrationState: serial 154
05-22 17:50:51.985 radio   600   607 D REQ_THDS: put Channel1
05-22 17:50:51.985 radio   600   607 I REQ_THDS: -->networkDispatch [607] free one command
05-22 17:50:51.985 radio   600   607 D RIL     : onRequest: VOICE_REGISTRATION_STATE radioState=3
05-22 17:50:51.985 radio   600   607 D REQ_THDS: get Channel1
05-22 17:50:51.986 radio   891  1256 D RILJ    : [3801]< DATA_REGISTRATION_STATE {.regState = NOT_REG_MT_NOT_SEARCHING_OP_EM, .rat = 1, .reasonDataDenied = -1, .maxDataCalls = 3, .cellIdentity = {.cellInfoType = GSM, .cellIdentityGsm = [{.mcc = -1, .mnc = -1, .lac = 1473, .cid = 3901, .arfcn = -1, .bsic = -1}], .cellIdentityWcdma = [], .cellIdentityCdma = [], .cellIdentityLte = [], .cellIdentityTdscdma = []}} [SUB0]
05-22 17:50:51.986 radio   891   891 D RILJ    : [3803]> QUERY_NETWORK_SELECTION_MODE [SUB0]
05-22 17:50:51.986 radio   891   891 D SST     : pollState: modemTriggered=true
05-22 17:50:51.986 radio   600   600 D RILC    : getNetworkSelectionMode: serial 155
05-22 17:50:51.986 radio   600   607 D RILC    : RequestComplete, RIL_SOCKET_1
05-22 17:50:51.986 radio   600   607 E RILC    : Calling responseFunction() for token 154
05-22 17:50:51.986 radio   600   607 D RILC    : getVoiceRegistrationStateResponse: serial 154
05-22 17:50:51.987 radio   600   607 D REQ_THDS: put Channel1
05-22 17:50:51.987 radio   600   607 I REQ_THDS: -->networkDispatch [607] free one command
05-22 17:50:51.987 radio   600   607 D RIL     : onRequest: QUERY_NETWORK_SELECTION_MODE radioState=3
05-22 17:50:51.987 radio   600   607 D REQ_THDS: get Channel1
05-22 17:50:51.987 radio   891   891 D RILJ    : [3804]> OPERATOR [SUB0]
05-22 17:50:51.987 radio   891  1256 D RILJ    : [3802]< VOICE_REGISTRATION_STATE {.regState = NOT_REG_MT_NOT_SEARCHING_OP_EM, .rat = 1, .cssSupported = false, .roamingIndicator = -1, .systemIsInPrl = 0, .defaultRoamingIndicator = 0, .reasonForDenial = 0, .cellIdentity = {.cellInfoType = GSM, .cellIdentityGsm = [{.mcc = -1, .mnc = -1, .lac = 9779, .cid = 3901, .arfcn = -1, .bsic = -1}], .cellIdentityWcdma = [], .cellIdentityCdma = [], .cellIdentityLte = [], .cellIdentityTdscdma = []}} [SUB0]
05-22 17:50:51.987 radio   600   600 D RILC    : getOperator: serial 156
05-22 17:50:51.988 radio   600   607 D RILC    : RequestComplete, RIL_SOCKET_1
05-22 17:50:51.988 radio   600   607 E RILC    : Calling responseFunction() for token 155
05-22 17:50:51.988 radio   600   607 D RILC    : getNetworkSelectionModeResponse: serial 155
05-22 17:50:51.988 radio   600   607 D REQ_THDS: put Channel1
05-22 17:50:51.988 radio   600   607 I REQ_THDS: -->networkDispatch [607] free one command
05-22 17:50:51.988 radio   600   607 D RIL     : onRequest: OPERATOR radioState=3
05-22 17:50:51.988 radio   600   607 D REQ_THDS: get Channel1
05-22 17:50:51.989 radio   600   607 D RIL     : get Operator Name = China Mobile
05-22 17:50:51.989 radio   891   891 D RILJ    : [3805]> DATA_REGISTRATION_STATE [SUB0]
05-22 17:50:51.989 radio   600   607 D RILC    : RequestComplete, RIL_SOCKET_1
05-22 17:50:51.989 radio   600   607 E RILC    : Calling responseFunction() for token 156
05-22 17:50:51.989 radio   600   607 D RILC    : getOperatorResponse: serial 156
05-22 17:50:51.989 radio   600   600 D RILC    : getDataRegistrationState: serial 157
05-22 17:50:51.989 radio   891  1256 D RILJ    : [3803]< QUERY_NETWORK_SELECTION_MODE {0} [SUB0]
05-22 17:50:51.989 radio   600   607 D REQ_THDS: put Channel1
05-22 17:50:51.989 radio   600   607 I REQ_THDS: -->networkDispatch [607] free one command
05-22 17:50:51.989 radio   600   607 D RIL     : onRequest: DATA_REGISTRATION_STATE radioState=3
05-22 17:50:51.989 radio   600   607 D REQ_THDS: get Channel1
05-22 17:50:51.990 radio   891   891 D RILJ    : [3806]> VOICE_REGISTRATION_STATE [SUB0]
05-22 17:50:51.990 radio   600   607 D RILC    : RequestComplete, RIL_SOCKET_1
05-22 17:50:51.990 radio   600   607 E RILC    : Calling responseFunction() for token 157
05-22 17:50:51.990 radio   600   600 D RILC    : getVoiceRegistrationState: serial 158
05-22 17:50:51.990 radio   891  1256 D RILJ    : [3804]< OPERATOR {China Mobile, China Mobile, 46000} [SUB0]
05-22 17:50:51.990 radio   600   607 D RILC    : getDataRegistrationStateResponse: serial 157
05-22 17:50:51.990 radio   600   607 D REQ_THDS: put Channel1
05-22 17:50:51.990 radio   600   607 I REQ_THDS: -->networkDispatch [607] free one command
05-22 17:50:51.990 radio   600   607 D RIL     : onRequest: VOICE_REGISTRATION_STATE radioState=3
05-22 17:50:51.990 radio   600   607 D REQ_THDS: get Channel1
05-22 17:50:51.991 radio   891   891 D RILJ    : [3807]> QUERY_NETWORK_SELECTION_MODE [SUB0]
05-22 17:50:51.991 radio   600   600 D RILC    : getNetworkSelectionMode: serial 159
05-22 17:50:51.991 radio   891   891 D SST     : EVENT_POLL_STATE_NETWORK_SELECTION_MODE
05-22 17:50:51.991 radio   891   891 D SST     : EVENT_POLL_STATE_NETWORK_SELECTION_MODE
05-22 17:50:51.991 radio   600   607 D RILC    : RequestComplete, RIL_SOCKET_1
05-22 17:50:51.991 radio   600   607 E RILC    : Calling responseFunction() for token 158
05-22 17:50:51.991 radio   600   607 D RILC    : getVoiceRegistrationStateResponse: serial 158
05-22 17:50:51.991 radio   891   891 D SST     : handlPollStateResultMessage: GsmSST setDataRegState=1 regState=10 dataRadioTechnology=1
05-22 17:50:51.991 radio   891  1256 D RILJ    : [3805]< DATA_REGISTRATION_STATE {.regState = NOT_REG_MT_NOT_SEARCHING_OP_EM, .rat = 1, .reasonDataDenied = -1, .maxDataCalls = 3, .cellIdentity = {.cellInfoType = GSM, .cellIdentityGsm = [{.mcc = -1, .mnc = -1, .lac = 1473, .cid = 3901, .arfcn = -1, .bsic = -1}], .cellIdentityWcdma = [], .cellIdentityCdma = [], .cellIdentityLte = [], .cellIdentityTdscdma = []}} [SUB0]
05-22 17:50:51.991 radio   600   607 D REQ_THDS: put Channel1
05-22 17:50:51.991 radio   600   607 I REQ_THDS: -->networkDispatch [607] free one command
05-22 17:50:51.991 radio   600   607 D RIL     : onRequest: QUERY_NETWORK_SELECTION_MODE radioState=3
05-22 17:50:51.991 radio   600   607 D REQ_THDS: get Channel1
05-22 17:50:51.992 radio   891   891 D SST     : handlPollVoiceRegResultMessage: regState=10 radioTechnology=1
05-22 17:50:51.992 radio   891  1256 D RILJ    : [3806]< VOICE_REGISTRATION_STATE {.regState = NOT_REG_MT_NOT_SEARCHING_OP_EM, .rat = 1, .cssSupported = false, .roamingIndicator = -1, .systemIsInPrl = 0, .defaultRoamingIndicator = 0, .reasonForDenial = 0, .cellIdentity = {.cellInfoType = GSM, .cellIdentityGsm = [{.mcc = -1, .mnc = -1, .lac = 9779, .cid = 3901, .arfcn = -1, .bsic = -1}], .cellIdentityWcdma = [], .cellIdentityCdma = [], .cellIdentityLte = [], .cellIdentityTdscdma = []}} [SUB0]
05-22 17:50:51.992 radio   600   607 D RILC    : RequestComplete, RIL_SOCKET_1
05-22 17:50:51.992 radio   600   607 E RILC    : Calling responseFunction() for token 159
05-22 17:50:51.992 radio   600   607 D RILC    : getNetworkSelectionModeResponse: serial 159
05-22 17:50:51.992 radio   600   607 D REQ_THDS: put Channel1
05-22 17:50:51.992 radio   600   607 I REQ_THDS: -->networkDispatch [607] free one command
05-22 17:50:51.992 radio   891   891 D SST     : EVENT_POLL_STATE_NETWORK_SELECTION_MODE
05-22 17:50:51.992 radio   891  1256 D RILJ    : [3807]< QUERY_NETWORK_SELECTION_MODE {0} [SUB0]
05-22 17:50:51.992 radio   891   891 D SST     : clear saved NetworkSelection when current mode is auto
05-22 17:50:51.994 radio   891   891 D SST     : isNonDomesticRoamingEnabled=false
05-22 17:50:51.994 radio   891   891 D SST     : Poll ServiceState done:  oldSS=[{mVoiceRegState=1(OUT_OF_SERVICE), mDataRegState=1(OUT_OF_SERVICE), mVoiceRoamingType=home, mDataRoamingType=home, mVoiceOperatorAlphaLong=China Mobile, mVoiceOperatorAlphaShort=China Mobile, mDataOperatorAlphaLong=China Mobile, mDataOperatorAlphaShort=China Mobile, isManualNetworkSelection=false(automatic), mRilVoiceRadioTechnology=1(GPRS), mRilDataRadioTechnology=1(GPRS), mCssIndicator=unsupported, mNetworkId=-1, mSystemId=-1, mCdmaRoamingIndicator=-1, mCdmaDefaultRoamingIndicator=-1, mIsEmergencyOnly=true, mIsDataRoamingFromRegistration=false, mIsUsingCarrierAggregation=false, mLteEarfcnRsrpBoost=0}] newSS=[{mVoiceRegState=1(OUT_OF_SERVICE), mDataRegState=1(OUT_OF_SERVICE), mVoiceRoamingType=home, mDataRoamingType=home, mVoiceOperatorAlphaLong=China Mobile, mVoiceOperatorAlphaShort=China Mobile, mDataOperatorAlphaLong=China Mobile, mDataOperatorAlphaShort=China Mobile, isManualNetworkSelection=false(automatic), mRilVoiceRadioTechnology=1(GPRS), mRilDataRadioTechnology=1(GPRS), mCssIndicator=unsupported, mNetworkId=-1, mSystemId=-1, mCdmaRoamingIndicator=-1, mCdmaDefaultRoamingIndicator=-1, mIsEmergencyOnly=true, mIsDataRoamingFromRegistration=false, mIsUsingCarrierAggregation=false, mLteEarfcnRsrpBoost=0}] oldMaxDataCalls=3 mNewMaxDataCalls=3 oldReasonDataDenied=-1 mNewReasonDataDenied=-1
05-22 17:50:51.995 radio   891   891 D SST     : pollStateDone: hasRegistered=false hasDeregistered=false hasDataAttached=false hasDataDetached=false hasDataRegStateChanged=false hasRilVoiceRadioTechnologyChanged= false hasRilDataRadioTechnologyChanged=false hasChanged=false hasVoiceRoamingOn=false hasVoiceRoamingOff=false hasDataRoamingOn=false hasDataRoamingOff=false hasLocationChanged=true has4gHandoff = false hasMultiApnSupport=false hasLostMultiApnSupport=false
05-22 17:50:51.996 radio   891  1504 D SubscriptionController: [getSlotIndex]- subId invalid
05-22 17:50:51.997  1000   622  1240 D TelephonyRegistry: notifyCellLocationForSubscriber: subId=-2 cellLocation=Bundle[mParcelledData.dataSize=64]
05-22 17:50:52.239 radio   891  1504 D SubscriptionController: [getSlotIndex]- subId invalid
05-22 17:51:03.574 radio   891  1504 I chatty  : uid=1001(radio) Binder:891_7 identical 47 lines
05-22 17:51:03.814 radio   891  1504 D SubscriptionController: [getSlotIndex]- subId invalid
05-22 17:51:04.055 radio   891  1699 D SubscriptionController: [getSlotIndex]- subId invalid
05-22 17:51:04.300 radio   891  1504 D SubscriptionController: [getSlotIndex]- subId invalid
05-22 17:51:20.497 radio   891  1504 I chatty  : uid=1001(radio) Binder:891_7 identical 69 lines
05-22 17:51:20.734 radio   891  1504 D SubscriptionController: [getSlotIndex]- subId invalid
05-22 17:51:20.813 radio   891  1504 D SubscriptionController: [getPhoneId] asked for default subId=-1
05-22 17:51:20.984 radio   891  1504 D SubscriptionController: [getSlotIndex]- subId invalid
05-22 17:51:21.228 radio   891  1699 D SubscriptionController: [getSlotIndex]- subId invalid
05-22 17:51:21.292 radio   891  1699 D SubscriptionController: [getSubId]- invalid slotIndex=-1
05-22 17:51:21.430 radio   891   905 D SubscriptionController: [getSlotIndex]- subId invalid
05-22 17:51:21.434 radio   891   891 E SmsApplication: com.sprd.preload does not have system signature
05-22 17:51:21.466 radio   891   891 D DCT     : [0]NETWORK_STATE_CHANGED_ACTION: mIsWifiConnected=false
05-22 17:51:21.478 radio   891   891 I chatty  : uid=1001(radio) com.android.phone identical 5 lines
05-22 17:51:21.478 radio   891   891 D DCT     : [0]NETWORK_STATE_CHANGED_ACTION: mIsWifiConnected=false
05-22 17:51:21.482 radio   891   891 D TelephonyNetworkFactory[0]: not acting - isApp=false, isAct=false NetworkRequest [ REQUEST id=1, [ Capabilities: INTERNET&NOT_RESTRICTED&TRUSTED&NOT_VPN] ]
05-22 17:51:21.483 radio   891   891 D TelephonyNetworkFactory[0]: not acting - isApp=false, isAct=false NetworkRequest [ TRACK_DEFAULT id=3, [ Capabilities: INTERNET&NOT_RESTRICTED&TRUSTED&NOT_VPN] ]
05-22 17:51:21.484 radio   891   891 D TelephonyNetworkFactory[0]: not acting - isApp=false, isAct=false NetworkRequest [ TRACK_DEFAULT id=6, [ Capabilities: INTERNET&NOT_RESTRICTED&TRUSTED&NOT_VPN] ]
05-22 17:51:21.616 radio   891   891 D DCT     : [0]NETWORK_STATE_CHANGED_ACTION: mIsWifiConnected=false
05-22 17:51:21.638 radio   891  1699 D SubscriptionController: [getSlotIndex]- subId invalid
05-22 17:51:21.667 radio   891   891 D DCT     : [0]NETWORK_STATE_CHANGED_ACTION: mIsWifiConnected=false
05-22 17:51:21.849 radio   891  1699 D SubscriptionController: [getSlotIndex]- subId invalid
05-22 17:51:23.794 radio   891  1699 I chatty  : uid=1001(radio) Binder:891_8 identical 9 lines
05-22 17:51:24.037 radio   891  1699 D SubscriptionController: [getSlotIndex]- subId invalid
05-22 17:51:24.138 radio   891  1699 D SubscriptionController: [getPhoneId] asked for default subId=-1
05-22 17:51:24.239 radio   891  1699 D SubscriptionController: [getSlotIndex]- subId invalid
05-22 17:51:24.406 radio   891  1699 D SubscriptionController: [getDefaultDataSubId] subId= -1
05-22 17:51:24.427 radio   891  1699 D SubscriptionController: [getActiveSubInfoList] Sub Controller not ready
05-22 17:51:24.431 radio   891  1699 D SubscriptionController: [getPhoneId] asked for default subId=-1
05-22 17:51:24.444 radio   891  1699 D SubscriptionController: [getSlotIndex]- subId invalid
05-22 17:51:24.507 radio   891  1699 D SubscriptionController: [getActiveSubInfoList] Sub Controller not ready
05-22 17:51:24.534 radio   891  1699 D SubscriptionController: [getDefaultDataSubId] subId= -1
05-22 17:51:24.647 radio   891  1699 D SubscriptionController: [getSlotIndex]- subId invalid
05-22 17:51:29.367 radio   891  1699 I chatty  : uid=1001(radio) Binder:891_8 identical 25 lines
05-22 17:51:29.573 radio   891  1699 D SubscriptionController: [getSlotIndex]- subId invalid
05-22 17:51:29.819 radio   891   905 D SubscriptionController: [getSlotIndex]- subId invalid
05-22 17:51:30.533 radio   891   905 I chatty  : uid=1001(radio) Binder:891_2 identical 3 lines
05-22 17:51:30.773 radio   891   905 D SubscriptionController: [getSlotIndex]- subId invalid
05-22 17:51:30.802 radio   891   905 D SubscriptionController: [getPhoneId] asked for default subId=-1
05-22 17:51:30.992 radio   891   905 D SubscriptionController: [getSlotIndex]- subId invalid
05-22 17:51:35.110 radio   891   905 I chatty  : uid=1001(radio) Binder:891_2 identical 20 lines
05-22 17:51:35.345 radio   891   905 D SubscriptionController: [getSlotIndex]- subId invalid
05-22 17:51:35.591 radio   891  1699 D SubscriptionController: [getSlotIndex]- subId invalid
05-22 17:51:37.523 radio   891  1699 I chatty  : uid=1001(radio) Binder:891_8 identical 8 lines
05-22 17:51:37.763 radio   891  1699 D SubscriptionController: [getSlotIndex]- subId invalid
05-22 17:51:37.856 radio   891  1699 D SubscriptionController: [getPhoneId] asked for default subId=-1
05-22 17:51:37.927 radio   891  1699 D SubscriptionController: [getSlotIndex]- subId invalid
05-22 17:51:39.702 radio   891  1699 I chatty  : uid=1001(radio) Binder:891_8 identical 9 lines
05-22 17:51:39.905 radio   891  1699 D SubscriptionController: [getSlotIndex]- subId invalid
05-22 17:51:40.032 radio   891   891 D DctEx   : [0]onReceive() action=android.intent.action.BATTERY_CHANGED
05-22 17:51:40.119 radio   891  1699 D SubscriptionController: [getSlotIndex]- subId invalid
05-22 17:51:40.323 radio   891  1699 D SubscriptionController: [getSlotIndex]- subId invalid
05-22 17:51:40.495 radio   891   891 E SmsApplication: com.sprd.preload does not have system signature
05-22 17:51:40.526 radio   891  1699 D SubscriptionController: [getSlotIndex]- subId invalid
05-22 17:51:44.475 radio   891  1699 I chatty  : uid=1001(radio) Binder:891_8 identical 19 lines
05-22 17:51:44.716 radio   891  1699 D SubscriptionController: [getSlotIndex]- subId invalid
05-22 17:51:44.954 radio   891  1445 D SubscriptionController: [getSlotIndex]- subId invalid
05-22 17:51:45.197 radio   891  1699 D SubscriptionController: [getSlotIndex]- subId invalid
05-22 17:51:45.914 radio   891  1699 I chatty  : uid=1001(radio) Binder:891_8 identical 3 lines
05-22 17:51:46.157 radio   891  1699 D SubscriptionController: [getSlotIndex]- subId invalid
05-22 17:51:46.283 radio   891  1699 D SubscriptionController: [getPhoneId] asked for default subId=-1
05-22 17:51:46.394 radio   891  1699 D SubscriptionController: [getSlotIndex]- subId invalid
05-22 17:51:52.688 radio   891  1699 I chatty  : uid=1001(radio) Binder:891_8 identical 26 lines
05-22 17:51:52.925 radio   891  1699 D SubscriptionController: [getSlotIndex]- subId invalid
05-22 17:51:53.065 radio   891   891 D DctEx   : [0]onReceive() action=android.intent.action.BATTERY_CHANGED
05-22 17:51:53.181 radio   891  1699 D SubscriptionController: [getSlotIndex]- subId invalid
05-22 17:51:53.430 radio   891  1699 D SubscriptionController: [getSlotIndex]- subId invalid
05-22 17:51:53.558 radio   891  1699 D SubscriptionController: [getSubId]- invalid slotIndex=-1
05-22 17:51:53.675 radio   891  1699 D SubscriptionController: [getSlotIndex]- subId invalid
05-22 17:51:54.906 radio   891  1699 I chatty  : uid=1001(radio) Binder:891_8 identical 5 lines
05-22 17:51:55.148 radio   891  1699 D SubscriptionController: [getSlotIndex]- subId invalid
05-22 17:51:55.282 radio   891  1699 D SubscriptionController: [getPhoneId] asked for default subId=-1
05-22 17:51:55.388 radio   891  1699 D SubscriptionController: [getSlotIndex]- subId invalid
05-22 17:51:55.627 radio   891  1699 I chatty  : uid=1001(radio) Binder:891_8 identical 1 line
05-22 17:51:55.883 radio   891  1699 D SubscriptionController: [getSlotIndex]- subId invalid
05-22 17:51:56.036 radio   891  1699 D SubscriptionController: [getSubId]- invalid slotIndex=-1
05-22 17:51:56.125 radio   891  1699 D SubscriptionController: [getSlotIndex]- subId invalid
