01-01 08:11:23.237 radio   891  1372 D SubscriptionController: [getSlotIndex]- subId invalid
01-01 08:11:36.140 radio   891  1372 I chatty  : uid=1001(radio) Binder:891_4 identical 63 lines
01-01 08:11:36.379 radio   891  1372 D SubscriptionController: [getSlotIndex]- subId invalid
01-01 08:11:36.450 radio   891   891 D DCT     : [0]NETWORK_STATE_CHANGED_ACTION: mIsWifiConnected=false
01-01 08:11:36.619 radio   891  1372 D SubscriptionController: [getSlotIndex]- subId invalid
01-01 08:11:37.342 radio   891  1372 I chatty  : uid=1001(radio) Binder:891_4 identical 3 lines
01-01 08:11:37.592 radio   891  1372 D SubscriptionController: [getSlotIndex]- subId invalid
01-01 08:11:37.606 radio   891   891 D DCT     : [0]NETWORK_STATE_CHANGED_ACTION: mIsWifiConnected=false
01-01 08:11:37.608 radio   891   891 I chatty  : uid=1001(radio) com.android.phone identical 1 line
01-01 08:11:37.694 radio   891   891 D DCT     : [0]NETWORK_STATE_CHANGED_ACTION: mIsWifiConnected=false
01-01 08:11:37.829 radio   891  1372 D SubscriptionController: [getSlotIndex]- subId invalid
01-01 08:11:38.070 radio   891  1372 D SubscriptionController: [getSlotIndex]- subId invalid
01-01 08:11:38.247 radio   891   891 D DCT     : [0]NETWORK_STATE_CHANGED_ACTION: mIsWifiConnected=false
01-01 08:11:38.309 radio   891  1372 D SubscriptionController: [getSlotIndex]- subId invalid
01-01 08:11:38.554 radio   891  1372 I chatty  : uid=1001(radio) Binder:891_4 identical 1 line
01-01 08:11:38.790 radio   891  1372 D SubscriptionController: [getSlotIndex]- subId invalid
01-01 08:11:38.918 radio   891   891 D DCT     : [0]NETWORK_STATE_CHANGED_ACTION: mIsWifiConnected=false
01-01 08:11:38.997 radio   891   891 I chatty  : uid=1001(radio) com.android.phone identical 3 lines
01-01 08:11:39.018 radio   891   891 D DCT     : [0]NETWORK_STATE_CHANGED_ACTION: mIsWifiConnected=false
01-01 08:11:39.029 radio   891  1372 D SubscriptionController: [getSlotIndex]- subId invalid
01-01 08:11:39.269 radio   891  1372 I chatty  : uid=1001(radio) Binder:891_4 identical 1 line
01-01 08:11:39.510 radio   891  1372 D SubscriptionController: [getSlotIndex]- subId invalid
01-01 08:11:39.674 radio   891   891 D DCT     : [0]NETWORK_STATE_CHANGED_ACTION: mIsWifiConnected=false
01-01 08:11:39.695 radio   891   891 D DCT     : [0]NETWORK_STATE_CHANGED_ACTION: mIsWifiConnected=true
01-01 08:11:39.737 radio   891   891 D DCT     : [0]NETWORK_STATE_CHANGED_ACTION: mIsWifiConnected=true
01-01 08:11:39.750 radio   891  1504 D SubscriptionController: [getSlotIndex]- subId invalid
05-22 17:41:56.944 radio   891  1372 D SubscriptionController: [getSlotIndex]- subId invalid
05-22 17:41:57.017 radio   891   891 D TelephonyNetworkFactory[0]: not releasing - isApp=false, isAct=false NetworkRequest [ REQUEST id=1, [ Capabilities: INTERNET&NOT_RESTRICTED&TRUSTED&NOT_VPN] ]
05-22 17:41:57.018 radio   891   891 D TelephonyNetworkFactory[0]: not releasing - isApp=false, isAct=false NetworkRequest [ TRACK_DEFAULT id=3, [ Capabilities: INTERNET&NOT_RESTRICTED&TRUSTED&NOT_VPN] ]
05-22 17:41:57.018 radio   891   891 D TelephonyNetworkFactory[0]: not releasing - isApp=false, isAct=false NetworkRequest [ TRACK_DEFAULT id=6, [ Capabilities: INTERNET&NOT_RESTRICTED&TRUSTED&NOT_VPN] ]
05-22 17:41:57.168 radio   891  1504 D SubscriptionController: [getSlotIndex]- subId invalid
05-22 17:41:58.770 radio   891  1504 I chatty  : uid=1001(radio) Binder:891_7 identical 7 lines
05-22 17:41:58.983 radio   891  1504 D SubscriptionController: [getSlotIndex]- subId invalid
05-22 17:41:59.197 radio   891  1699 D SubscriptionController: [getSlotIndex]- subId invalid
05-22 17:42:04.499 radio   891  1699 I chatty  : uid=1001(radio) Binder:891_8 identical 23 lines
05-22 17:42:04.736 radio   891  1699 D SubscriptionController: [getSlotIndex]- subId invalid
05-22 17:42:04.943 radio   891  1504 D SubscriptionController: [getSlotIndex]- subId invalid
05-22 17:42:36.166 radio   891  1504 I chatty  : uid=1001(radio) Binder:891_7 identical 135 lines
05-22 17:42:36.380 radio   891  1504 D SubscriptionController: [getSlotIndex]- subId invalid
05-22 17:42:36.447 radio   891   891 D DctEx   : [0]onReceive() action=android.intent.action.BATTERY_CHANGED
05-22 17:42:36.594 radio   891  1504 D SubscriptionController: [getSlotIndex]- subId invalid
05-22 17:43:51.856 radio   891  1504 I chatty  : uid=1001(radio) Binder:891_7 identical 322 lines
05-22 17:43:52.069 radio   891  1504 D SubscriptionController: [getSlotIndex]- subId invalid
05-22 17:43:52.312 radio   891  1699 D SubscriptionController: [getSlotIndex]- subId invalid
05-22 17:45:34.064 radio   891  1699 I chatty  : uid=1001(radio) Binder:891_8 identical 433 lines
05-22 17:45:34.304 radio   891  1699 D SubscriptionController: [getSlotIndex]- subId invalid
05-22 17:45:34.548 radio   891  1504 D SubscriptionController: [getSlotIndex]- subId invalid
05-22 17:45:34.784 radio   891  1699 D SubscriptionController: [getSlotIndex]- subId invalid
05-22 17:46:43.165 radio   891  1699 I chatty  : uid=1001(radio) Binder:891_8 identical 296 lines
05-22 17:46:43.388 radio   891  1699 D SubscriptionController: [getSlotIndex]- subId invalid
05-22 17:46:43.635 radio   891  1504 D SubscriptionController: [getSlotIndex]- subId invalid
05-22 17:46:43.845 radio   891  1699 D SubscriptionController: [getSlotIndex]- subId invalid
05-22 17:47:43.669 radio   891  1699 I chatty  : uid=1001(radio) Binder:891_8 identical 254 lines
05-22 17:47:43.904 radio   891  1699 D SubscriptionController: [getSlotIndex]- subId invalid
05-22 17:47:44.068 radio   891  1699 D SubscriptionController: [getDefaultDataSubId] subId= -1
05-22 17:47:44.082 radio   891  1699 I chatty  : uid=1001(radio) Binder:891_8 identical 3 lines
05-22 17:47:44.086 radio   891  1699 D SubscriptionController: [getDefaultDataSubId] subId= -1
05-22 17:47:44.088 radio   891  1699 D SubscriptionController: [getSlotIndex]- subId invalid
05-22 17:47:44.126 10022   925  1008 D ImsManager: isWfcEnabledByUser() : enabled = 0
05-22 17:47:44.137 radio   891  1699 D SubscriptionController: [getDefaultDataSubId] subId= -1
05-22 17:47:44.140 radio   891  1699 D SubscriptionController: [getDefaultDataSubId] subId= -1
05-22 17:47:44.148 radio   891  1699 D SubscriptionController: [getSlotIndex]- subId invalid
05-22 17:47:44.151 radio   891  1699 D SubscriptionController: [getSlotIndex]- subId invalid
05-22 17:47:44.158 10022   925  1008 D ImsManager: isWfcEnabledByUser() : enabled = 0
05-22 17:47:44.394 radio   891  1504 D SubscriptionController: [getSlotIndex]- subId invalid
05-22 17:47:44.634 radio   891  1504 I chatty  : uid=1001(radio) Binder:891_7 identical 1 line
05-22 17:47:44.875 radio   891  1504 D SubscriptionController: [getSlotIndex]- subId invalid
05-22 17:47:44.994 radio   891  1504 D SubscriptionController: [getDefaultDataSubId] subId= -1
05-22 17:47:45.008 radio   891  1504 I chatty  : uid=1001(radio) Binder:891_7 identical 2 lines
05-22 17:47:45.010 radio   891  1504 D SubscriptionController: [getDefaultDataSubId] subId= -1
05-22 17:47:45.011 radio   891  1504 D SubscriptionController: [getSlotIndex]- subId invalid
05-22 17:47:45.017 radio   891  1504 D SubscriptionController: [getDefaultDataSubId] subId= -1
05-22 17:47:45.022 radio   891  1504 I chatty  : uid=1001(radio) Binder:891_7 identical 1 line
05-22 17:47:45.025 radio   891  1504 D SubscriptionController: [getDefaultDataSubId] subId= -1
05-22 17:47:45.026 radio   891  1504 D SubscriptionController: [getSlotIndex]- subId invalid
05-22 17:47:45.041 10022   925  1008 D ImsManager: isWfcEnabledByUser() : enabled = 0
05-22 17:47:45.047 10022   925  1008 D ImsManager: isWfcEnabledByUser() : enabled = 0
05-22 17:47:45.116 radio   891  1504 D SubscriptionController: [getSlotIndex]- subId invalid
05-22 17:47:45.367 radio   891  1699 D SubscriptionController: [getSlotIndex]- subId invalid
05-22 17:48:15.264 radio   891  1699 I chatty  : uid=1001(radio) Binder:891_8 identical 125 lines
05-22 17:48:15.508 radio   891  1699 D SubscriptionController: [getSlotIndex]- subId invalid
05-22 17:48:15.583 radio   600   619 D RILC    : networkStateChangedInd
05-22 17:48:15.583 radio   600   619 I RILC    : RIL_SOCKET_1 UNSOLICITED: UNSOL_RESPONSE_VOICE_NETWORK_STATE_CHANGED length:0
05-22 17:48:15.583 radio   600   619 D RILC    : networkStateChangedInd
05-22 17:48:15.583 radio   600   619 I RILC    : RIL_SOCKET_1 UNSOLICITED: UNSOL_RESPONSE_VOICE_NETWORK_STATE_CHANGED length:0
05-22 17:48:15.584 radio   600   619 D RIL     : s_PSRegState is OUT OF SERVICE.
05-22 17:48:15.584 radio   600   619 D RILC    : networkStateChangedInd
05-22 17:48:15.584 radio   891  1256 D RILJ    : [UNSL]< UNSOL_RESPONSE_NETWORK_STATE_CHANGED [SUB0]
05-22 17:48:15.584 radio   600   619 I RILC    : RIL_SOCKET_1 UNSOLICITED: UNSOL_RESPONSE_VOICE_NETWORK_STATE_CHANGED length:0
05-22 17:48:15.584 radio   891   891 D SST     : pollState: modemTriggered=true
05-22 17:48:15.584 radio   891  1256 D RILJ    : [UNSL]< UNSOL_RESPONSE_NETWORK_STATE_CHANGED [SUB0]
05-22 17:48:15.584 radio   891  1256 D RILJ    : [UNSL]< UNSOL_RESPONSE_NETWORK_STATE_CHANGED [SUB0]
05-22 17:48:15.586 radio   891   891 D RILJ    : [3748]> OPERATOR [SUB0]
05-22 17:48:15.586 radio   600   600 D RILC    : getOperator: serial 100
05-22 17:48:15.586 radio   600   607 D RIL     : onRequest: OPERATOR radioState=3
05-22 17:48:15.586 radio   600   607 D REQ_THDS: get Channel1
05-22 17:48:15.587 radio   600   607 D RIL     : get Operator Name = China Mobile
05-22 17:48:15.587 radio   600   607 D RILC    : RequestComplete, RIL_SOCKET_1
05-22 17:48:15.587 radio   600   607 E RILC    : Calling responseFunction() for token 100
05-22 17:48:15.587 radio   600   607 D RILC    : getOperatorResponse: serial 100
05-22 17:48:15.587 radio   891   891 D RILJ    : [3749]> DATA_REGISTRATION_STATE [SUB0]
05-22 17:48:15.588 radio   600   607 D REQ_THDS: put Channel1
05-22 17:48:15.588 radio   600   600 D RILC    : getDataRegistrationState: serial 101
05-22 17:48:15.588 radio   600   607 I REQ_THDS: -->networkDispatch [607] free one command
05-22 17:48:15.588 radio   600   607 D RIL     : onRequest: DATA_REGISTRATION_STATE radioState=3
05-22 17:48:15.588 radio   600   607 D REQ_THDS: get Channel1
05-22 17:48:15.588 radio   891  1256 D RILJ    : [3748]< OPERATOR {China Mobile, China Mobile, 46000} [SUB0]
05-22 17:48:15.588 radio   600   607 D RILC    : RequestComplete, RIL_SOCKET_1
05-22 17:48:15.589 radio   600   607 E RILC    : Calling responseFunction() for token 101
05-22 17:48:15.589 radio   600   607 D RILC    : getDataRegistrationStateResponse: serial 101
05-22 17:48:15.589 radio   600   607 D REQ_THDS: put Channel1
05-22 17:48:15.589 radio   600   607 I REQ_THDS: -->networkDispatch [607] free one command
05-22 17:48:15.589 radio   891   891 D RILJ    : [3750]> VOICE_REGISTRATION_STATE [SUB0]
05-22 17:48:15.589 radio   600   600 D RILC    : getVoiceRegistrationState: serial 102
05-22 17:48:15.590 radio   600   607 D RIL     : onRequest: VOICE_REGISTRATION_STATE radioState=3
05-22 17:48:15.590 radio   600   607 D REQ_THDS: get Channel1
05-22 17:48:15.590 radio   891  1256 D RILJ    : [3749]< DATA_REGISTRATION_STATE {.regState = NOT_REG_MT_NOT_SEARCHING_OP_EM, .rat = 1, .reasonDataDenied = -1, .maxDataCalls = 3, .cellIdentity = {.cellInfoType = GSM, .cellIdentityGsm = [{.mcc = -1, .mnc = -1, .lac = 1473, .cid = 3901, .arfcn = -1, .bsic = -1}], .cellIdentityWcdma = [], .cellIdentityCdma = [], .cellIdentityLte = [], .cellIdentityTdscdma = []}} [SUB0]
05-22 17:48:15.590 radio   600   607 D RILC    : RequestComplete, RIL_SOCKET_1
05-22 17:48:15.591 radio   600   607 E RILC    : Calling responseFunction() for token 102
05-22 17:48:15.591 radio   600   607 D RILC    : getVoiceRegistrationStateResponse: serial 102
05-22 17:48:15.591 radio   891   891 D RILJ    : [3751]> QUERY_NETWORK_SELECTION_MODE [SUB0]
05-22 17:48:15.591 radio   600   607 D REQ_THDS: put Channel1
05-22 17:48:15.591 radio   600   607 I REQ_THDS: -->networkDispatch [607] free one command
05-22 17:48:15.591 radio   600   600 D RILC    : getNetworkSelectionMode: serial 103
05-22 17:48:15.591 radio   891   891 D SST     : pollState: modemTriggered=true
05-22 17:48:15.591 radio   600   607 D RIL     : onRequest: QUERY_NETWORK_SELECTION_MODE radioState=3
05-22 17:48:15.591 radio   600   607 D REQ_THDS: get Channel1
05-22 17:48:15.592 radio   891  1256 D RILJ    : [3750]< VOICE_REGISTRATION_STATE {.regState = NOT_REG_MT_NOT_SEARCHING_OP_EM, .rat = 1, .cssSupported = false, .roamingIndicator = -1, .systemIsInPrl = 0, .defaultRoamingIndicator = 0, .reasonForDenial = 0, .cellIdentity = {.cellInfoType = GSM, .cellIdentityGsm = [{.mcc = -1, .mnc = -1, .lac = 9779, .cid = 3901, .arfcn = -1, .bsic = -1}], .cellIdentityWcdma = [], .cellIdentityCdma = [], .cellIdentityLte = [], .cellIdentityTdscdma = []}} [SUB0]
05-22 17:48:15.592 radio   600   607 D RILC    : RequestComplete, RIL_SOCKET_1
05-22 17:48:15.592 radio   600   607 E RILC    : Calling responseFunction() for token 103
05-22 17:48:15.592 radio   600   607 D RILC    : getNetworkSelectionModeResponse: serial 103
05-22 17:48:15.593 radio   600   607 D REQ_THDS: put Channel1
05-22 17:48:15.593 radio   600   607 I REQ_THDS: -->networkDispatch [607] free one command
05-22 17:48:15.593 radio   891   891 D RILJ    : [3752]> OPERATOR [SUB0]
05-22 17:48:15.593 radio   600   600 D RILC    : getOperator: serial 104
05-22 17:48:15.593 radio   891  1256 D RILJ    : [3751]< QUERY_NETWORK_SELECTION_MODE {0} [SUB0]
05-22 17:48:15.594 radio   600   607 D RIL     : onRequest: OPERATOR radioState=3
05-22 17:48:15.594 radio   600   607 D REQ_THDS: get Channel1
05-22 17:48:15.594 radio   600   607 D RIL     : get Operator Name = China Mobile
05-22 17:48:15.594 radio   600   607 D RILC    : RequestComplete, RIL_SOCKET_1
05-22 17:48:15.594 radio   600   607 E RILC    : Calling responseFunction() for token 104
05-22 17:48:15.594 radio   600   607 D RILC    : getOperatorResponse: serial 104
05-22 17:48:15.594 radio   891   891 D RILJ    : [3753]> DATA_REGISTRATION_STATE [SUB0]
05-22 17:48:15.595 radio   600   607 D REQ_THDS: put Channel1
05-22 17:48:15.595 radio   600   600 D RILC    : getDataRegistrationState: serial 105
05-22 17:48:15.595 radio   600   607 I REQ_THDS: -->networkDispatch [607] free one command
05-22 17:48:15.595 radio   600   607 D RIL     : onRequest: DATA_REGISTRATION_STATE radioState=3
05-22 17:48:15.595 radio   600   607 D REQ_THDS: get Channel1
05-22 17:48:15.595 radio   891  1256 D RILJ    : [3752]< OPERATOR {China Mobile, China Mobile, 46000} [SUB0]
05-22 17:48:15.595 radio   600   607 D RILC    : RequestComplete, RIL_SOCKET_1
05-22 17:48:15.595 radio   600   607 E RILC    : Calling responseFunction() for token 105
05-22 17:48:15.595 radio   600   607 D RILC    : getDataRegistrationStateResponse: serial 105
05-22 17:48:15.596 radio   600   607 D REQ_THDS: put Channel1
05-22 17:48:15.596 radio   600   607 I REQ_THDS: -->networkDispatch [607] free one command
05-22 17:48:15.596 radio   891   891 D RILJ    : [3754]> VOICE_REGISTRATION_STATE [SUB0]
05-22 17:48:15.596 radio   600   600 D RILC    : getVoiceRegistrationState: serial 106
05-22 17:48:15.596 radio   600   607 D RIL     : onRequest: VOICE_REGISTRATION_STATE radioState=3
05-22 17:48:15.596 radio   600   607 D REQ_THDS: get Channel1
05-22 17:48:15.597 radio   891  1256 D RILJ    : [3753]< DATA_REGISTRATION_STATE {.regState = NOT_REG_MT_NOT_SEARCHING_OP_EM, .rat = 1, .reasonDataDenied = -1, .maxDataCalls = 3, .cellIdentity = {.cellInfoType = GSM, .cellIdentityGsm = [{.mcc = -1, .mnc = -1, .lac = 1473, .cid = 3901, .arfcn = -1, .bsic = -1}], .cellIdentityWcdma = [], .cellIdentityCdma = [], .cellIdentityLte = [], .cellIdentityTdscdma = []}} [SUB0]
05-22 17:48:15.597 radio   600   607 D RILC    : RequestComplete, RIL_SOCKET_1
05-22 17:48:15.597 radio   600   607 E RILC    : Calling responseFunction() for token 106
05-22 17:48:15.597 radio   600   607 D RILC    : getVoiceRegistrationStateResponse: serial 106
05-22 17:48:15.597 radio   891   891 D RILJ    : [3755]> QUERY_NETWORK_SELECTION_MODE [SUB0]
05-22 17:48:15.597 radio   600   607 D REQ_THDS: put Channel1
05-22 17:48:15.598 radio   600   607 I REQ_THDS: -->networkDispatch [607] free one command
05-22 17:48:15.598 radio   600   600 D RILC    : getNetworkSelectionMode: serial 107
05-22 17:48:15.598 radio   600   607 D RIL     : onRequest: QUERY_NETWORK_SELECTION_MODE radioState=3
05-22 17:48:15.598 radio   600   607 D REQ_THDS: get Channel1
05-22 17:48:15.598 radio   891   891 D SST     : pollState: modemTriggered=true
05-22 17:48:15.598 radio   891  1256 D RILJ    : [3754]< VOICE_REGISTRATION_STATE {.regState = NOT_REG_MT_NOT_SEARCHING_OP_EM, .rat = 1, .cssSupported = false, .roamingIndicator = -1, .systemIsInPrl = 0, .defaultRoamingIndicator = 0, .reasonForDenial = 0, .cellIdentity = {.cellInfoType = GSM, .cellIdentityGsm = [{.mcc = -1, .mnc = -1, .lac = 9779, .cid = 3901, .arfcn = -1, .bsic = -1}], .cellIdentityWcdma = [], .cellIdentityCdma = [], .cellIdentityLte = [], .cellIdentityTdscdma = []}} [SUB0]
05-22 17:48:15.598 radio   600   607 D RILC    : RequestComplete, RIL_SOCKET_1
05-22 17:48:15.598 radio   600   607 E RILC    : Calling responseFunction() for token 107
05-22 17:48:15.598 radio   600   607 D RILC    : getNetworkSelectionModeResponse: serial 107
05-22 17:48:15.599 radio   600   607 D REQ_THDS: put Channel1
05-22 17:48:15.599 radio   600   607 I REQ_THDS: -->networkDispatch [607] free one command
05-22 17:48:15.599 radio   891   891 D RILJ    : [3756]> OPERATOR [SUB0]
05-22 17:48:15.599 radio   600   600 D RILC    : getOperator: serial 108
05-22 17:48:15.600 radio   600   607 D RIL     : onRequest: OPERATOR radioState=3
05-22 17:48:15.600 radio   600   607 D REQ_THDS: get Channel1
05-22 17:48:15.600 radio   891  1256 D RILJ    : [3755]< QUERY_NETWORK_SELECTION_MODE {0} [SUB0]
05-22 17:48:15.600 radio   600   607 D RIL     : get Operator Name = China Mobile
05-22 17:48:15.600 radio   600   607 D RILC    : RequestComplete, RIL_SOCKET_1
05-22 17:48:15.600 radio   600   607 E RILC    : Calling responseFunction() for token 108
05-22 17:48:15.601 radio   600   607 D RILC    : getOperatorResponse: serial 108
05-22 17:48:15.601 radio   600   607 D REQ_THDS: put Channel1
05-22 17:48:15.601 radio   600   607 I REQ_THDS: -->networkDispatch [607] free one command
05-22 17:48:15.601 radio   891   891 D RILJ    : [3757]> DATA_REGISTRATION_STATE [SUB0]
05-22 17:48:15.601 radio   600   600 D RILC    : getDataRegistrationState: serial 109
05-22 17:48:15.601 radio   600   607 D RIL     : onRequest: DATA_REGISTRATION_STATE radioState=3
05-22 17:48:15.601 radio   600   607 D REQ_THDS: get Channel1
05-22 17:48:15.601 radio   891  1256 D RILJ    : [3756]< OPERATOR {China Mobile, China Mobile, 46000} [SUB0]
05-22 17:48:15.602 radio   600   607 D RILC    : RequestComplete, RIL_SOCKET_1
05-22 17:48:15.602 radio   600   607 E RILC    : Calling responseFunction() for token 109
05-22 17:48:15.602 radio   600   607 D RILC    : getDataRegistrationStateResponse: serial 109
05-22 17:48:15.602 radio   600   607 D REQ_THDS: put Channel1
05-22 17:48:15.602 radio   600   607 I REQ_THDS: -->networkDispatch [607] free one command
05-22 17:48:15.603 radio   891   891 D RILJ    : [3758]> VOICE_REGISTRATION_STATE [SUB0]
05-22 17:48:15.603 radio   600   600 D RILC    : getVoiceRegistrationState: serial 110
05-22 17:48:15.603 radio   600   607 D RIL     : onRequest: VOICE_REGISTRATION_STATE radioState=3
05-22 17:48:15.603 radio   600   607 D REQ_THDS: get Channel1
05-22 17:48:15.603 radio   891  1256 D RILJ    : [3757]< DATA_REGISTRATION_STATE {.regState = NOT_REG_MT_NOT_SEARCHING_OP_EM, .rat = 1, .reasonDataDenied = -1, .maxDataCalls = 3, .cellIdentity = {.cellInfoType = GSM, .cellIdentityGsm = [{.mcc = -1, .mnc = -1, .lac = 1473, .cid = 3901, .arfcn = -1, .bsic = -1}], .cellIdentityWcdma = [], .cellIdentityCdma = [], .cellIdentityLte = [], .cellIdentityTdscdma = []}} [SUB0]
05-22 17:48:15.603 radio   600   607 D RILC    : RequestComplete, RIL_SOCKET_1
05-22 17:48:15.604 radio   600   607 E RILC    : Calling responseFunction() for token 110
05-22 17:48:15.604 radio   600   607 D RILC    : getVoiceRegistrationStateResponse: serial 110
05-22 17:48:15.604 radio   600   607 D REQ_THDS: put Channel1
05-22 17:48:15.604 radio   600   607 I REQ_THDS: -->networkDispatch [607] free one command
05-22 17:48:15.604 radio   891   891 D RILJ    : [3759]> QUERY_NETWORK_SELECTION_MODE [SUB0]
05-22 17:48:15.604 radio   600   600 D RILC    : getNetworkSelectionMode: serial 111
05-22 17:48:15.604 radio   600   607 D RIL     : onRequest: QUERY_NETWORK_SELECTION_MODE radioState=3
05-22 17:48:15.604 radio   600   607 D REQ_THDS: get Channel1
05-22 17:48:15.605 radio   891   891 D SST     : EVENT_POLL_STATE_NETWORK_SELECTION_MODE
05-22 17:48:15.605 radio   891   891 D SST     : EVENT_POLL_STATE_NETWORK_SELECTION_MODE
05-22 17:48:15.605 radio   891  1256 D RILJ    : [3758]< VOICE_REGISTRATION_STATE {.regState = NOT_REG_MT_NOT_SEARCHING_OP_EM, .rat = 1, .cssSupported = false, .roamingIndicator = -1, .systemIsInPrl = 0, .defaultRoamingIndicator = 0, .reasonForDenial = 0, .cellIdentity = {.cellInfoType = GSM, .cellIdentityGsm = [{.mcc = -1, .mnc = -1, .lac = 9779, .cid = 3901, .arfcn = -1, .bsic = -1}], .cellIdentityWcdma = [], .cellIdentityCdma = [], .cellIdentityLte = [], .cellIdentityTdscdma = []}} [SUB0]
05-22 17:48:15.605 radio   891   891 D SST     : handlPollStateResultMessage: GsmSST setDataRegState=1 regState=10 dataRadioTechnology=1
05-22 17:48:15.605 radio   600   607 D RILC    : RequestComplete, RIL_SOCKET_1
05-22 17:48:15.605 radio   600   607 E RILC    : Calling responseFunction() for token 111
05-22 17:48:15.605 radio   600   607 D RILC    : getNetworkSelectionModeResponse: serial 111
05-22 17:48:15.605 radio   600   607 D REQ_THDS: put Channel1
05-22 17:48:15.605 radio   600   607 I REQ_THDS: -->networkDispatch [607] free one command
05-22 17:48:15.606 radio   891  1256 D RILJ    : [3759]< QUERY_NETWORK_SELECTION_MODE {0} [SUB0]
05-22 17:48:15.606 radio   891   891 D SST     : handlPollVoiceRegResultMessage: regState=10 radioTechnology=1
05-22 17:48:15.606 radio   891   891 D SST     : EVENT_POLL_STATE_NETWORK_SELECTION_MODE
05-22 17:48:15.606 radio   891   891 D SST     : clear saved NetworkSelection when current mode is auto
05-22 17:48:15.607 radio   891   891 D SST     : isNonDomesticRoamingEnabled=false
05-22 17:48:15.607 radio   891   891 D SST     : Poll ServiceState done:  oldSS=[{mVoiceRegState=1(OUT_OF_SERVICE), mDataRegState=1(OUT_OF_SERVICE), mVoiceRoamingType=home, mDataRoamingType=home, mVoiceOperatorAlphaLong=China Mobile, mVoiceOperatorAlphaShort=China Mobile, mDataOperatorAlphaLong=China Mobile, mDataOperatorAlphaShort=China Mobile, isManualNetworkSelection=false(automatic), mRilVoiceRadioTechnology=1(GPRS), mRilDataRadioTechnology=1(GPRS), mCssIndicator=unsupported, mNetworkId=-1, mSystemId=-1, mCdmaRoamingIndicator=-1, mCdmaDefaultRoamingIndicator=-1, mIsEmergencyOnly=true, mIsDataRoamingFromRegistration=false, mIsUsingCarrierAggregation=false, mLteEarfcnRsrpBoost=0}] newSS=[{mVoiceRegState=1(OUT_OF_SERVICE), mDataRegState=1(OUT_OF_SERVICE), mVoiceRoamingType=home, mDataRoamingType=home, mVoiceOperatorAlphaLong=China Mobile, mVoiceOperatorAlphaShort=China Mobile, mDataOperatorAlphaLong=China Mobile, mDataOperatorAlphaShort=China Mobile, isManualNetworkSelection=false(automatic), mRilVoiceRadioTechnology=1(GPRS), mRilDataRadioTechnology=1(GPRS), mCssIndicator=unsupported, mNetworkId=-1, mSystemId=-1, mCdmaRoamingIndicator=-1, mCdmaDefaultRoamingIndicator=-1, mIsEmergencyOnly=true, mIsDataRoamingFromRegistration=false, mIsUsingCarrierAggregation=false, mLteEarfcnRsrpBoost=0}] oldMaxDataCalls=3 mNewMaxDataCalls=3 oldReasonDataDenied=-1 mNewReasonDataDenied=-1
05-22 17:48:15.608 radio   891   891 D SST     : pollStateDone: hasRegistered=false hasDeregistered=false hasDataAttached=false hasDataDetached=false hasDataRegStateChanged=false hasRilVoiceRadioTechnologyChanged= false hasRilDataRadioTechnologyChanged=false hasChanged=false hasVoiceRoamingOn=false hasVoiceRoamingOff=false hasDataRoamingOn=false hasDataRoamingOff=false hasLocationChanged=true has4gHandoff = false hasMultiApnSupport=false hasLostMultiApnSupport=false
05-22 17:48:15.608  1000   622  1240 D TelephonyRegistry: notifyCellLocationForSubscriber: subId=-2 cellLocation=Bundle[mParcelledData.dataSize=64]
05-22 17:48:15.722 radio   891  1699 D SubscriptionController: [getSlotIndex]- subId invalid
05-22 17:48:25.075 radio   891  1699 I chatty  : uid=1001(radio) Binder:891_8 identical 39 lines
05-22 17:48:25.303 radio   891  1699 D SubscriptionController: [getSlotIndex]- subId invalid
05-22 17:48:25.547 radio   891  1504 D SubscriptionController: [getSlotIndex]- subId invalid
05-22 17:48:49.117 radio   891  1504 I chatty  : uid=1001(radio) Binder:891_7 identical 102 lines
05-22 17:48:49.330 radio   891  1504 D SubscriptionController: [getSlotIndex]- subId invalid
05-22 17:48:49.543 radio   600   619 D RILC    : networkStateChangedInd
05-22 17:48:49.543 radio   600   619 I RILC    : RIL_SOCKET_1 UNSOLICITED: UNSOL_RESPONSE_VOICE_NETWORK_STATE_CHANGED length:0
05-22 17:48:49.543 radio   600   619 D RILC    : networkStateChangedInd
05-22 17:48:49.543 radio   600   619 I RILC    : RIL_SOCKET_1 UNSOLICITED: UNSOL_RESPONSE_VOICE_NETWORK_STATE_CHANGED length:0
05-22 17:48:49.543 radio   600   619 D RIL     : s_PSRegState is OUT OF SERVICE.
05-22 17:48:49.543 radio   600   619 D RILC    : networkStateChangedInd
05-22 17:48:49.543 radio   891  1256 D RILJ    : [UNSL]< UNSOL_RESPONSE_NETWORK_STATE_CHANGED [SUB0]
05-22 17:48:49.543 radio   600   619 I RILC    : RIL_SOCKET_1 UNSOLICITED: UNSOL_RESPONSE_VOICE_NETWORK_STATE_CHANGED length:0
05-22 17:48:49.544 radio   891   891 D SST     : pollState: modemTriggered=true
05-22 17:48:49.544 radio   891  1256 D RILJ    : [UNSL]< UNSOL_RESPONSE_NETWORK_STATE_CHANGED [SUB0]
05-22 17:48:49.544 radio   891  1256 D RILJ    : [UNSL]< UNSOL_RESPONSE_NETWORK_STATE_CHANGED [SUB0]
05-22 17:48:49.544 radio   891  1504 D SubscriptionController: [getSlotIndex]- subId invalid
05-22 17:48:49.545 radio   891   891 D RILJ    : [3760]> OPERATOR [SUB0]
05-22 17:48:49.546 radio   600   600 D RILC    : getOperator: serial 112
05-22 17:48:49.546 radio   600   607 D RIL     : onRequest: OPERATOR radioState=3
05-22 17:48:49.546 radio   600   607 D REQ_THDS: get Channel1
05-22 17:48:49.547 radio   891   891 D RILJ    : [3761]> DATA_REGISTRATION_STATE [SUB0]
05-22 17:48:49.547 radio   600   607 D RIL     : get Operator Name = China Mobile
05-22 17:48:49.547 radio   600   607 D RILC    : RequestComplete, RIL_SOCKET_1
05-22 17:48:49.547 radio   600   607 E RILC    : Calling responseFunction() for token 112
05-22 17:48:49.547 radio   600   607 D RILC    : getOperatorResponse: serial 112
05-22 17:48:49.547 radio   600   600 D RILC    : getDataRegistrationState: serial 113
05-22 17:48:49.547 radio   600   607 D REQ_THDS: put Channel1
05-22 17:48:49.547 radio   600   607 I REQ_THDS: -->networkDispatch [607] free one command
05-22 17:48:49.547 radio   600   607 D RIL     : onRequest: DATA_REGISTRATION_STATE radioState=3
05-22 17:48:49.547 radio   600   607 D REQ_THDS: get Channel1
05-22 17:48:49.548 radio   891  1256 D RILJ    : [3760]< OPERATOR {China Mobile, China Mobile, 46000} [SUB0]
05-22 17:48:49.548 radio   600   607 D RILC    : RequestComplete, RIL_SOCKET_1
05-22 17:48:49.548 radio   600   607 E RILC    : Calling responseFunction() for token 113
05-22 17:48:49.548 radio   600   607 D RILC    : getDataRegistrationStateResponse: serial 113
05-22 17:48:49.548 radio   891   891 D RILJ    : [3762]> VOICE_REGISTRATION_STATE [SUB0]
05-22 17:48:49.548 radio   600   607 D REQ_THDS: put Channel1
05-22 17:48:49.548 radio   600   600 D RILC    : getVoiceRegistrationState: serial 114
05-22 17:48:49.548 radio   600   607 I REQ_THDS: -->networkDispatch [607] free one command
05-22 17:48:49.548 radio   600   607 D RIL     : onRequest: VOICE_REGISTRATION_STATE radioState=3
05-22 17:48:49.548 radio   600   607 D REQ_THDS: get Channel1
05-22 17:48:49.549 radio   600   607 D RILC    : RequestComplete, RIL_SOCKET_1
05-22 17:48:49.549 radio   600   607 E RILC    : Calling responseFunction() for token 114
05-22 17:48:49.549 radio   600   607 D RILC    : getVoiceRegistrationStateResponse: serial 114
05-22 17:48:49.549 radio   600   607 D REQ_THDS: put Channel1
05-22 17:48:49.549 radio   891   891 D RILJ    : [3763]> QUERY_NETWORK_SELECTION_MODE [SUB0]
05-22 17:48:49.549 radio   600   607 I REQ_THDS: -->networkDispatch [607] free one command
05-22 17:48:49.550 radio   600   600 D RILC    : getNetworkSelectionMode: serial 115
05-22 17:48:49.550 radio   891   891 D SST     : pollState: modemTriggered=true
05-22 17:48:49.550 radio   600   607 D RIL     : onRequest: QUERY_NETWORK_SELECTION_MODE radioState=3
05-22 17:48:49.550 radio   600   607 D REQ_THDS: get Channel1
05-22 17:48:49.550 radio   600   607 D RILC    : RequestComplete, RIL_SOCKET_1
05-22 17:48:49.550 radio   600   607 E RILC    : Calling responseFunction() for token 115
05-22 17:48:49.550 radio   600   607 D RILC    : getNetworkSelectionModeResponse: serial 115
05-22 17:48:49.551 radio   600   607 D REQ_THDS: put Channel1
05-22 17:48:49.551 radio   600   607 I REQ_THDS: -->networkDispatch [607] free one command
05-22 17:48:49.551 radio   891   891 D RILJ    : [3764]> OPERATOR [SUB0]
05-22 17:48:49.551 radio   891  1256 D RILJ    : [3761]< DATA_REGISTRATION_STATE {.regState = NOT_REG_MT_NOT_SEARCHING_OP_EM, .rat = 1, .reasonDataDenied = -1, .maxDataCalls = 3, .cellIdentity = {.cellInfoType = GSM, .cellIdentityGsm = [{.mcc = -1, .mnc = -1, .lac = 1473, .cid = 3731, .arfcn = -1, .bsic = -1}], .cellIdentityWcdma = [], .cellIdentityCdma = [], .cellIdentityLte = [], .cellIdentityTdscdma = []}} [SUB0]
05-22 17:48:49.552 radio   600   600 D RILC    : getOperator: serial 116
05-22 17:48:49.552 radio   600   607 D RIL     : onRequest: OPERATOR radioState=3
05-22 17:48:49.552 radio   600   607 D REQ_THDS: get Channel1
05-22 17:48:49.552 radio   891   891 D RILJ    : [3765]> DATA_REGISTRATION_STATE [SUB0]
05-22 17:48:49.552 radio   600   600 D RILC    : getDataRegistrationState: serial 117
05-22 17:48:49.553 radio   600   607 D RIL     : get Operator Name = China Mobile
05-22 17:48:49.553 radio   600   607 D RILC    : RequestComplete, RIL_SOCKET_1
05-22 17:48:49.553 radio   600   607 E RILC    : Calling responseFunction() for token 116
05-22 17:48:49.553 radio   600   607 D RILC    : getOperatorResponse: serial 116
05-22 17:48:49.553 radio   891   891 D RILJ    : [3766]> VOICE_REGISTRATION_STATE [SUB0]
05-22 17:48:49.553 radio   891  1256 D RILJ    : [3762]< VOICE_REGISTRATION_STATE {.regState = NOT_REG_MT_NOT_SEARCHING_OP_EM, .rat = 1, .cssSupported = false, .roamingIndicator = -1, .systemIsInPrl = 0, .defaultRoamingIndicator = 0, .reasonForDenial = 0, .cellIdentity = {.cellInfoType = GSM, .cellIdentityGsm = [{.mcc = -1, .mnc = -1, .lac = 9779, .cid = 3731, .arfcn = -1, .bsic = -1}], .cellIdentityWcdma = [], .cellIdentityCdma = [], .cellIdentityLte = [], .cellIdentityTdscdma = []}} [SUB0]
05-22 17:48:49.553 radio   600   607 D REQ_THDS: put Channel1
05-22 17:48:49.553 radio   600   607 I REQ_THDS: -->networkDispatch [607] free one command
05-22 17:48:49.553 radio   600   607 D RIL     : onRequest: DATA_REGISTRATION_STATE radioState=3
05-22 17:48:49.553 radio   600   600 D RILC    : getVoiceRegistrationState: serial 118
05-22 17:48:49.553 radio   600   607 D REQ_THDS: get Channel1
05-22 17:48:49.554 radio   600   607 D RILC    : RequestComplete, RIL_SOCKET_1
05-22 17:48:49.554 radio   600   607 E RILC    : Calling responseFunction() for token 117
05-22 17:48:49.554 radio   600   607 D RILC    : getDataRegistrationStateResponse: serial 117
05-22 17:48:49.554 radio   891   891 D RILJ    : [3767]> QUERY_NETWORK_SELECTION_MODE [SUB0]
05-22 17:48:49.554 radio   600   607 D REQ_THDS: put Channel1
05-22 17:48:49.554 radio   891   891 D SST     : pollState: modemTriggered=true
05-22 17:48:49.554 radio   600   600 D RILC    : getNetworkSelectionMode: serial 119
05-22 17:48:49.554 radio   600   607 I REQ_THDS: -->networkDispatch [607] free one command
05-22 17:48:49.554 radio   600   607 D RIL     : onRequest: VOICE_REGISTRATION_STATE radioState=3
05-22 17:48:49.554 radio   600   607 D REQ_THDS: get Channel1
05-22 17:48:49.555 radio   891  1256 D RILJ    : [3763]< QUERY_NETWORK_SELECTION_MODE {0} [SUB0]
05-22 17:48:49.555 radio   600   607 D RILC    : RequestComplete, RIL_SOCKET_1
05-22 17:48:49.555 radio   600   607 E RILC    : Calling responseFunction() for token 118
05-22 17:48:49.555 radio   600   607 D RILC    : getVoiceRegistrationStateResponse: serial 118
05-22 17:48:49.555 radio   891   891 D RILJ    : [3768]> OPERATOR [SUB0]
05-22 17:48:49.555 radio   600   607 D REQ_THDS: put Channel1
05-22 17:48:49.555 radio   600   607 I REQ_THDS: -->networkDispatch [607] free one command
05-22 17:48:49.555 radio   600   607 D RIL     : onRequest: QUERY_NETWORK_SELECTION_MODE radioState=3
05-22 17:48:49.555 radio   600   607 D REQ_THDS: get Channel1
05-22 17:48:49.556 radio   600   600 D RILC    : getOperator: serial 120
05-22 17:48:49.556 radio   600   607 D RILC    : RequestComplete, RIL_SOCKET_1
05-22 17:48:49.556 radio   891  1256 D RILJ    : [3764]< OPERATOR {China Mobile, China Mobile, 46000} [SUB0]
05-22 17:48:49.556 radio   600   607 E RILC    : Calling responseFunction() for token 119
05-22 17:48:49.556 radio   600   607 D RILC    : getNetworkSelectionModeResponse: serial 119
05-22 17:48:49.556 radio   600   607 D REQ_THDS: put Channel1
05-22 17:48:49.556 radio   891   891 D RILJ    : [3769]> DATA_REGISTRATION_STATE [SUB0]
05-22 17:48:49.557 radio   600   600 D RILC    : getDataRegistrationState: serial 121
05-22 17:48:49.557 radio   600   607 I REQ_THDS: -->networkDispatch [607] free one command
05-22 17:48:49.557 radio   600   607 D RIL     : onRequest: OPERATOR radioState=3
05-22 17:48:49.557 radio   600   607 D REQ_THDS: get Channel1
05-22 17:48:49.557 radio   891   891 D RILJ    : [3770]> VOICE_REGISTRATION_STATE [SUB0]
05-22 17:48:49.557 radio   891  1256 D RILJ    : [3765]< DATA_REGISTRATION_STATE {.regState = NOT_REG_MT_NOT_SEARCHING_OP_EM, .rat = 1, .reasonDataDenied = -1, .maxDataCalls = 3, .cellIdentity = {.cellInfoType = GSM, .cellIdentityGsm = [{.mcc = -1, .mnc = -1, .lac = 1473, .cid = 3731, .arfcn = -1, .bsic = -1}], .cellIdentityWcdma = [], .cellIdentityCdma = [], .cellIdentityLte = [], .cellIdentityTdscdma = []}} [SUB0]
05-22 17:48:49.558 radio   600   600 D RILC    : getVoiceRegistrationState: serial 122
05-22 17:48:49.558 radio   600   607 D RIL     : get Operator Name = China Mobile
05-22 17:48:49.558 radio   600   607 D RILC    : RequestComplete, RIL_SOCKET_1
05-22 17:48:49.558 radio   600   607 E RILC    : Calling responseFunction() for token 120
05-22 17:48:49.558 radio   600   607 D RILC    : getOperatorResponse: serial 120
05-22 17:48:49.558 radio   600   607 D REQ_THDS: put Channel1
05-22 17:48:49.558 radio   600   607 I REQ_THDS: -->networkDispatch [607] free one command
05-22 17:48:49.558 radio   600   607 D RIL     : onRequest: DATA_REGISTRATION_STATE radioState=3
05-22 17:48:49.558 radio   600   607 D REQ_THDS: get Channel1
05-22 17:48:49.558 radio   891   891 D RILJ    : [3771]> QUERY_NETWORK_SELECTION_MODE [SUB0]
05-22 17:48:49.559 radio   891   891 D SST     : EVENT_POLL_STATE_NETWORK_SELECTION_MODE
05-22 17:48:49.559 radio   600   600 D RILC    : getNetworkSelectionMode: serial 123
05-22 17:48:49.559 radio   600   607 D RILC    : RequestComplete, RIL_SOCKET_1
05-22 17:48:49.559 radio   600   607 E RILC    : Calling responseFunction() for token 121
05-22 17:48:49.559 radio   600   607 D RILC    : getDataRegistrationStateResponse: serial 121
05-22 17:48:49.559 radio   891  1256 D RILJ    : [3766]< VOICE_REGISTRATION_STATE {.regState = NOT_REG_MT_NOT_SEARCHING_OP_EM, .rat = 1, .cssSupported = false, .roamingIndicator = -1, .systemIsInPrl = 0, .defaultRoamingIndicator = 0, .reasonForDenial = 0, .cellIdentity = {.cellInfoType = GSM, .cellIdentityGsm = [{.mcc = -1, .mnc = -1, .lac = 9779, .cid = 3731, .arfcn = -1, .bsic = -1}], .cellIdentityWcdma = [], .cellIdentityCdma = [], .cellIdentityLte = [], .cellIdentityTdscdma = []}} [SUB0]
05-22 17:48:49.559 radio   600   607 D REQ_THDS: put Channel1
05-22 17:48:49.559 radio   600   607 I REQ_THDS: -->networkDispatch [607] free one command
05-22 17:48:49.559 radio   600   607 D RIL     : onRequest: VOICE_REGISTRATION_STATE radioState=3
05-22 17:48:49.559 radio   600   607 D REQ_THDS: get Channel1
05-22 17:48:49.559 radio   891   891 D SST     : EVENT_POLL_STATE_NETWORK_SELECTION_MODE
05-22 17:48:49.559 radio   891  1256 D RILJ    : [3767]< QUERY_NETWORK_SELECTION_MODE {0} [SUB0]
05-22 17:48:49.560 radio   600   607 D RILC    : RequestComplete, RIL_SOCKET_1
05-22 17:48:49.560 radio   600   607 E RILC    : Calling responseFunction() for token 122
05-22 17:48:49.560 radio   600   607 D RILC    : getVoiceRegistrationStateResponse: serial 122
05-22 17:48:49.560 radio   891  1256 D RILJ    : [3768]< OPERATOR {China Mobile, China Mobile, 46000} [SUB0]
05-22 17:48:49.560 radio   600   607 D REQ_THDS: put Channel1
05-22 17:48:49.560 radio   600   607 I REQ_THDS: -->networkDispatch [607] free one command
05-22 17:48:49.560 radio   600   607 D RIL     : onRequest: QUERY_NETWORK_SELECTION_MODE radioState=3
05-22 17:48:49.560 radio   600   607 D REQ_THDS: get Channel1
05-22 17:48:49.561 radio   600   607 D RILC    : RequestComplete, RIL_SOCKET_1
05-22 17:48:49.561 radio   600   607 E RILC    : Calling responseFunction() for token 123
05-22 17:48:49.561 radio   600   607 D RILC    : getNetworkSelectionModeResponse: serial 123
05-22 17:48:49.561 radio   600   607 D REQ_THDS: put Channel1
05-22 17:48:49.561 radio   891  1256 D RILJ    : [3769]< DATA_REGISTRATION_STATE {.regState = NOT_REG_MT_NOT_SEARCHING_OP_EM, .rat = 1, .reasonDataDenied = -1, .maxDataCalls = 3, .cellIdentity = {.cellInfoType = GSM, .cellIdentityGsm = [{.mcc = -1, .mnc = -1, .lac = 1473, .cid = 3731, .arfcn = -1, .bsic = -1}], .cellIdentityWcdma = [], .cellIdentityCdma = [], .cellIdentityLte = [], .cellIdentityTdscdma = []}} [SUB0]
05-22 17:48:49.561 radio   600   607 I REQ_THDS: -->networkDispatch [607] free one command
05-22 17:48:49.561 radio   891   891 D SST     : handlPollStateResultMessage: GsmSST setDataRegState=1 regState=10 dataRadioTechnology=1
05-22 17:48:49.562 radio   891  1256 D RILJ    : [3770]< VOICE_REGISTRATION_STATE {.regState = NOT_REG_MT_NOT_SEARCHING_OP_EM, .rat = 1, .cssSupported = false, .roamingIndicator = -1, .systemIsInPrl = 0, .defaultRoamingIndicator = 0, .reasonForDenial = 0, .cellIdentity = {.cellInfoType = GSM, .cellIdentityGsm = [{.mcc = -1, .mnc = -1, .lac = 9779, .cid = 3731, .arfcn = -1, .bsic = -1}], .cellIdentityWcdma = [], .cellIdentityCdma = [], .cellIdentityLte = [], .cellIdentityTdscdma = []}} [SUB0]
05-22 17:48:49.562 radio   891   891 D SST     : handlPollVoiceRegResultMessage: regState=10 radioTechnology=1
05-22 17:48:49.563 radio   891  1256 D RILJ    : [3771]< QUERY_NETWORK_SELECTION_MODE {0} [SUB0]
05-22 17:48:49.563 radio   891   891 D SST     : EVENT_POLL_STATE_NETWORK_SELECTION_MODE
05-22 17:48:49.563 radio   891   891 D SST     : clear saved NetworkSelection when current mode is auto
05-22 17:48:49.565 radio   891   891 D SST     : isNonDomesticRoamingEnabled=false
05-22 17:48:49.565 radio   891   891 D SST     : Poll ServiceState done:  oldSS=[{mVoiceRegState=1(OUT_OF_SERVICE), mDataRegState=1(OUT_OF_SERVICE), mVoiceRoamingType=home, mDataRoamingType=home, mVoiceOperatorAlphaLong=China Mobile, mVoiceOperatorAlphaShort=China Mobile, mDataOperatorAlphaLong=China Mobile, mDataOperatorAlphaShort=China Mobile, isManualNetworkSelection=false(automatic), mRilVoiceRadioTechnology=1(GPRS), mRilDataRadioTechnology=1(GPRS), mCssIndicator=unsupported, mNetworkId=-1, mSystemId=-1, mCdmaRoamingIndicator=-1, mCdmaDefaultRoamingIndicator=-1, mIsEmergencyOnly=true, mIsDataRoamingFromRegistration=false, mIsUsingCarrierAggregation=false, mLteEarfcnRsrpBoost=0}] newSS=[{mVoiceRegState=1(OUT_OF_SERVICE), mDataRegState=1(OUT_OF_SERVICE), mVoiceRoamingType=home, mDataRoamingType=home, mVoiceOperatorAlphaLong=China Mobile, mVoiceOperatorAlphaShort=China Mobile, mDataOperatorAlphaLong=China Mobile, mDataOperatorAlphaShort=China Mobile, isManualNetworkSelection=false(automatic), mRilVoiceRadioTechnology=1(GPRS), mRilDataRadioTechnology=1(GPRS), mCssIndicator=unsupported, mNetworkId=-1, mSystemId=-1, mCdmaRoamingIndicator=-1, mCdmaDefaultRoamingIndicator=-1, mIsEmergencyOnly=true, mIsDataRoamingFromRegistration=false, mIsUsingCarrierAggregation=false, mLteEarfcnRsrpBoost=0}] oldMaxDataCalls=3 mNewMaxDataCalls=3 oldReasonDataDenied=-1 mNewReasonDataDenied=-1
05-22 17:48:49.566 radio   891   891 D SST     : pollStateDone: hasRegistered=false hasDeregistered=false hasDataAttached=false hasDataDetached=false hasDataRegStateChanged=false hasRilVoiceRadioTechnologyChanged= false hasRilDataRadioTechnologyChanged=false hasChanged=false hasVoiceRoamingOn=false hasVoiceRoamingOff=false hasDataRoamingOn=false hasDataRoamingOff=false hasLocationChanged=true has4gHandoff = false hasMultiApnSupport=false hasLostMultiApnSupport=false
05-22 17:48:49.566  1000   622  1240 D TelephonyRegistry: notifyCellLocationForSubscriber: subId=-2 cellLocation=Bundle[mParcelledData.dataSize=64]
05-22 17:48:49.757 radio   891  1504 D SubscriptionController: [getSlotIndex]- subId invalid
05-22 17:49:50.550 radio   891  1504 I chatty  : uid=1001(radio) Binder:891_7 identical 259 lines
05-22 17:49:50.764 radio   891  1504 D SubscriptionController: [getSlotIndex]- subId invalid
05-22 17:49:50.923 radio   600   619 D RILC    : networkStateChangedInd
05-22 17:49:50.923 radio   600   619 I RILC    : RIL_SOCKET_1 UNSOLICITED: UNSOL_RESPONSE_VOICE_NETWORK_STATE_CHANGED length:0
05-22 17:49:50.923 radio   600   619 D RILC    : networkStateChangedInd
05-22 17:49:50.923 radio   600   619 I RILC    : RIL_SOCKET_1 UNSOLICITED: UNSOL_RESPONSE_VOICE_NETWORK_STATE_CHANGED length:0
05-22 17:49:50.923 radio   600   619 D RIL     : s_PSRegState is OUT OF SERVICE.
05-22 17:49:50.923 radio   600   619 D RILC    : networkStateChangedInd
05-22 17:49:50.923 radio   600   619 I RILC    : RIL_SOCKET_1 UNSOLICITED: UNSOL_RESPONSE_VOICE_NETWORK_STATE_CHANGED length:0
05-22 17:49:50.924 radio   891  1256 D RILJ    : [UNSL]< UNSOL_RESPONSE_NETWORK_STATE_CHANGED [SUB0]
05-22 17:49:50.924 radio   891   891 D SST     : pollState: modemTriggered=true
05-22 17:49:50.924 radio   891  1256 D RILJ    : [UNSL]< UNSOL_RESPONSE_NETWORK_STATE_CHANGED [SUB0]
05-22 17:49:50.924 radio   891  1256 D RILJ    : [UNSL]< UNSOL_RESPONSE_NETWORK_STATE_CHANGED [SUB0]
05-22 17:49:50.926 radio   891   891 D RILJ    : [3772]> OPERATOR [SUB0]
05-22 17:49:50.926 radio   600   600 D RILC    : getOperator: serial 124
05-22 17:49:50.926 radio   600   607 D RIL     : onRequest: OPERATOR radioState=3
05-22 17:49:50.926 radio   600   607 D REQ_THDS: get Channel1
05-22 17:49:50.927 radio   891   891 D RILJ    : [3773]> DATA_REGISTRATION_STATE [SUB0]
05-22 17:49:50.927 radio   600   607 D RIL     : get Operator Name = China Mobile
05-22 17:49:50.927 radio   600   607 D RILC    : RequestComplete, RIL_SOCKET_1
05-22 17:49:50.927 radio   600   607 E RILC    : Calling responseFunction() for token 124
05-22 17:49:50.927 radio   600   607 D RILC    : getOperatorResponse: serial 124
05-22 17:49:50.928 radio   600   607 D REQ_THDS: put Channel1
05-22 17:49:50.928 radio   600   607 I REQ_THDS: -->networkDispatch [607] free one command
05-22 17:49:50.928 radio   600   600 D RILC    : getDataRegistrationState: serial 125
05-22 17:49:50.928 radio   600   607 D RIL     : onRequest: DATA_REGISTRATION_STATE radioState=3
05-22 17:49:50.928 radio   600   607 D REQ_THDS: get Channel1
05-22 17:49:50.928 radio   891   891 D RILJ    : [3774]> VOICE_REGISTRATION_STATE [SUB0]
05-22 17:49:50.929 radio   600   600 D RILC    : getVoiceRegistrationState: serial 126
05-22 17:49:50.929 radio   600   607 D RILC    : RequestComplete, RIL_SOCKET_1
05-22 17:49:50.929 radio   600   607 E RILC    : Calling responseFunction() for token 125
05-22 17:49:50.929 radio   600   607 D RILC    : getDataRegistrationStateResponse: serial 125
05-22 17:49:50.929 radio   600   607 D REQ_THDS: put Channel1
05-22 17:49:50.929 radio   600   607 I REQ_THDS: -->networkDispatch [607] free one command
05-22 17:49:50.929 radio   600   607 D RIL     : onRequest: VOICE_REGISTRATION_STATE radioState=3
05-22 17:49:50.929 radio   600   607 D REQ_THDS: get Channel1
05-22 17:49:50.929 radio   891   891 D RILJ    : [3775]> QUERY_NETWORK_SELECTION_MODE [SUB0]
05-22 17:49:50.929 radio   891  1256 D RILJ    : [3772]< OPERATOR {China Mobile, China Mobile, 46000} [SUB0]
05-22 17:49:50.930 radio   891   891 D SST     : pollState: modemTriggered=true
05-22 17:49:50.930 radio   600   600 D RILC    : getNetworkSelectionMode: serial 127
05-22 17:49:50.930 radio   600   607 D RILC    : RequestComplete, RIL_SOCKET_1
05-22 17:49:50.930 radio   600   607 E RILC    : Calling responseFunction() for token 126
05-22 17:49:50.930 radio   600   607 D RILC    : getVoiceRegistrationStateResponse: serial 126
05-22 17:49:50.930 radio   600   607 D REQ_THDS: put Channel1
05-22 17:49:50.930 radio   600   607 I REQ_THDS: -->networkDispatch [607] free one command
05-22 17:49:50.930 radio   600   607 D RIL     : onRequest: QUERY_NETWORK_SELECTION_MODE radioState=3
05-22 17:49:50.930 radio   600   607 D REQ_THDS: get Channel1
05-22 17:49:50.931 radio   891  1256 D RILJ    : [3773]< DATA_REGISTRATION_STATE {.regState = NOT_REG_MT_NOT_SEARCHING_OP_EM, .rat = 1, .reasonDataDenied = -1, .maxDataCalls = 3, .cellIdentity = {.cellInfoType = GSM, .cellIdentityGsm = [{.mcc = -1, .mnc = -1, .lac = 1473, .cid = 3901, .arfcn = -1, .bsic = -1}], .cellIdentityWcdma = [], .cellIdentityCdma = [], .cellIdentityLte = [], .cellIdentityTdscdma = []}} [SUB0]
05-22 17:49:50.931 radio   891   891 D RILJ    : [3776]> OPERATOR [SUB0]
05-22 17:49:50.931 radio   600   600 D RILC    : getOperator: serial 128
05-22 17:49:50.931 radio   600   607 D RILC    : RequestComplete, RIL_SOCKET_1
05-22 17:49:50.931 radio   600   607 E RILC    : Calling responseFunction() for token 127
05-22 17:49:50.931 radio   600   607 D RILC    : getNetworkSelectionModeResponse: serial 127
05-22 17:49:50.931 radio   600   607 D REQ_THDS: put Channel1
05-22 17:49:50.932 radio   600   607 I REQ_THDS: -->networkDispatch [607] free one command
05-22 17:49:50.932 radio   600   607 D RIL     : onRequest: OPERATOR radioState=3
05-22 17:49:50.932 radio   600   607 D REQ_THDS: get Channel1
05-22 17:49:50.932 radio   891   891 D RILJ    : [3777]> DATA_REGISTRATION_STATE [SUB0]
05-22 17:49:50.932 radio   891  1256 D RILJ    : [3774]< VOICE_REGISTRATION_STATE {.regState = NOT_REG_MT_NOT_SEARCHING_OP_EM, .rat = 1, .cssSupported = false, .roamingIndicator = -1, .systemIsInPrl = 0, .defaultRoamingIndicator = 0, .reasonForDenial = 0, .cellIdentity = {.cellInfoType = GSM, .cellIdentityGsm = [{.mcc = -1, .mnc = -1, .lac = 9779, .cid = 3901, .arfcn = -1, .bsic = -1}], .cellIdentityWcdma = [], .cellIdentityCdma = [], .cellIdentityLte = [], .cellIdentityTdscdma = []}} [SUB0]
05-22 17:49:50.932 radio   600   600 D RILC    : getDataRegistrationState: serial 129
05-22 17:49:50.932 radio   600   607 D RIL     : get Operator Name = China Mobile
05-22 17:49:50.933 radio   600   607 D RILC    : RequestComplete, RIL_SOCKET_1
05-22 17:49:50.933 radio   600   607 E RILC    : Calling responseFunction() for token 128
05-22 17:49:50.933 radio   600   607 D RILC    : getOperatorResponse: serial 128
05-22 17:49:50.933 radio   600   607 D REQ_THDS: put Channel1
05-22 17:49:50.933 radio   891  1256 D RILJ    : [3775]< QUERY_NETWORK_SELECTION_MODE {0} [SUB0]
05-22 17:49:50.933 radio   600   607 I REQ_THDS: -->networkDispatch [607] free one command
05-22 17:49:50.933 radio   600   607 D RIL     : onRequest: DATA_REGISTRATION_STATE radioState=3
05-22 17:49:50.933 radio   600   607 D REQ_THDS: get Channel1
05-22 17:49:50.934 radio   891   891 D RILJ    : [3778]> VOICE_REGISTRATION_STATE [SUB0]
05-22 17:49:50.934 radio   600   600 D RILC    : getVoiceRegistrationState: serial 130
05-22 17:49:50.934 radio   600   607 D RILC    : RequestComplete, RIL_SOCKET_1
05-22 17:49:50.934 radio   600   607 E RILC    : Calling responseFunction() for token 129
05-22 17:49:50.934 radio   600   607 D RILC    : getDataRegistrationStateResponse: serial 129
05-22 17:49:50.934 radio   891  1256 D RILJ    : [3776]< OPERATOR {China Mobile, China Mobile, 46000} [SUB0]
05-22 17:49:50.934 radio   600   607 D REQ_THDS: put Channel1
05-22 17:49:50.934 radio   600   607 I REQ_THDS: -->networkDispatch [607] free one command
05-22 17:49:50.934 radio   600   607 D RIL     : onRequest: VOICE_REGISTRATION_STATE radioState=3
05-22 17:49:50.935 radio   600   607 D REQ_THDS: get Channel1
05-22 17:49:50.935 radio   891   891 D RILJ    : [3779]> QUERY_NETWORK_SELECTION_MODE [SUB0]
05-22 17:49:50.935 radio   600   600 D RILC    : getNetworkSelectionMode: serial 131
05-22 17:49:50.935 radio   891   891 D SST     : pollState: modemTriggered=true
05-22 17:49:50.935 radio   600   607 D RILC    : RequestComplete, RIL_SOCKET_1
05-22 17:49:50.935 radio   600   607 E RILC    : Calling responseFunction() for token 130
05-22 17:49:50.935 radio   600   607 D RILC    : getVoiceRegistrationStateResponse: serial 130
05-22 17:49:50.936 radio   600   607 D REQ_THDS: put Channel1
05-22 17:49:50.936 radio   600   607 I REQ_THDS: -->networkDispatch [607] free one command
05-22 17:49:50.936 radio   600   607 D RIL     : onRequest: QUERY_NETWORK_SELECTION_MODE radioState=3
05-22 17:49:50.936 radio   600   607 D REQ_THDS: get Channel1
