01-01 08:06:25.088  1041   254   529 D ATCI    : > AT Command 'AT+VGR=6'. phoneId = 0. simCount = 1
01-01 08:06:25.623  root   250   250 D TelephonyManager: No /proc/cmdline exception=java.io.FileNotFoundException: /proc/cmdline (Permission denied)
01-01 08:06:25.623  root   250   250 D TelephonyManager: /proc/cmdline=
01-01 08:06:26.151 radio   600   600 I chatty  : uid=1001(radio) /vendor/bin/hw/sprdrild expire 33 lines
01-01 08:06:26.162 radio   600   614 I chatty  : uid=1001(radio) /vendor/bin/hw/sprdrild expire 2 lines
01-01 08:06:26.163 radio   600   615 I chatty  : uid=1001(radio) /vendor/bin/hw/sprdrild expire 3 lines
01-01 08:06:26.164 radio   600   616 I chatty  : uid=1001(radio) /vendor/bin/hw/sprdrild expire 3 lines
01-01 08:06:26.164 radio   600   604 I chatty  : uid=1001(radio) /vendor/bin/hw/sprdrild expire 20 lines
01-01 08:06:26.246 radio   600   619 I chatty  : uid=1001(radio) /vendor/bin/hw/sprdrild expire 7 lines
01-01 08:06:26.247 radio   600   620 I chatty  : uid=1001(radio) /vendor/bin/hw/sprdrild expire 7 lines
01-01 08:07:24.801  1000   622   622 D TelephonyRegistry: listen oscl: hasNotifySubscriptionInfoChangedOccurred==false no callback
01-01 08:07:25.224  1000   622   917 D TelephonyRegistry: listen oscl: hasNotifySubscriptionInfoChangedOccurred==false no callback
01-01 08:07:25.662  1000   622   635 D TelephonyRegistry: listen oscl: hasNotifySubscriptionInfoChangedOccurred==false no callback
01-01 08:07:25.693  1000   622   622 D TelephonyRegistry: systemRunning register for intents
01-01 08:07:26.268  1000   622   633 D TelephonyRegistry: listen oscl: hasNotifySubscriptionInfoChangedOccurred==false no callback
01-01 08:07:26.914  1000   622   622 W CarrierConfigManager: Error getting config for subId -1 ICarrierConfigLoader is null
01-01 08:07:26.927  1000   622   622 D TelephonyRegistry: notifyCellLocationForSubscriber: subId=0 cellLocation=Bundle[{cid=-1, lac=-1, psc=-1}]
01-01 08:07:27.088 10022   925  1008 W CarrierConfigManager: Error getting config for subId -1 ICarrierConfigLoader is null
01-01 08:07:27.088 10022   925  1008 D ImsManager: isWfcEnabledByUser() : enabled = 0
01-01 08:07:27.110 10022   925  1008 W CarrierConfigManager: Error getting config for subId -1 ICarrierConfigLoader is null
01-01 08:07:27.110 10022   925  1008 D ImsManager: isWfcEnabledByUser() : enabled = 0
01-01 08:07:27.950 10022   925  1008 W CarrierConfigManager: Error getting config for subId -1 ICarrierConfigLoader is null
01-01 08:07:27.950 10022   925  1008 D ImsManager: isWfcEnabledByUser() : enabled = 0
01-01 08:07:27.981 10022   925  1008 W CarrierConfigManager: Error getting config for subId -1 ICarrierConfigLoader is null
01-01 08:07:27.981 10022   925  1008 D ImsManager: isWfcEnabledByUser() : enabled = 0
01-01 08:07:27.991 10022   925  1008 W CarrierConfigManager: Error getting config for subId -1 ICarrierConfigLoader is null
01-01 08:07:27.991 10022   925  1008 D ImsManager: isWfcEnabledByUser() : enabled = 0
01-01 08:07:28.037 10022   925  1008 W CarrierConfigManager: Error getting config for subId -1 ICarrierConfigLoader is null
01-01 08:07:28.037 10022   925  1008 D ImsManager: isWfcEnabledByUser() : enabled = 0
01-01 08:07:29.121 radio   891   891 I chatty  : uid=1001(radio) com.android.phone expire 9 lines
01-01 08:07:29.465 radio   600   600 I chatty  : uid=1001(radio) /vendor/bin/hw/sprdrild expire 12 lines
01-01 08:07:29.475 radio   891  1256 I chatty  : uid=1001(radio) HwBinder:891_1 expire 13 lines
01-01 08:07:29.486 radio   600   606 I chatty  : uid=1001(radio) /vendor/bin/hw/sprdrild expire 9 lines
01-01 08:07:29.486 radio   600   600 I chatty  : uid=1001(radio) /vendor/bin/hw/sprdrild expire 5 lines
01-01 08:07:29.491 radio   600  1265 I chatty  : uid=1001(radio) /vendor/bin/hw/sprdrild expire 22 lines
01-01 08:07:29.505 radio   891   891 I chatty  : uid=1001(radio) com.android.phone expire 35 lines
01-01 08:07:29.640 radio   891  1282 I chatty  : uid=1001(radio) RunningState:Ba expire 1 line
01-01 08:07:29.691 radio   891  1302 I chatty  : uid=1001(radio) GsmInboundSmsHa expire 6 lines
01-01 08:07:29.708 radio   891  1307 I chatty  : uid=1001(radio) CdmaInboundSmsH expire 6 lines
01-01 08:07:29.798 radio   891  1334 I chatty  : uid=1001(radio) com.android.phone expire 2 lines
01-01 08:07:29.842  1000   622  1240 D TelephonyRegistry: listen oscl: hasNotifySubscriptionInfoChangedOccurred==false no callback
01-01 08:07:29.872 radio   891   891 I chatty  : uid=1001(radio) com.android.phone expire 67 lines
01-01 08:07:29.874 radio   600   600 I chatty  : uid=1001(radio) /vendor/bin/hw/sprdrild expire 7 lines
01-01 08:07:29.874 radio   600  1269 I chatty  : uid=1001(radio) /vendor/bin/hw/sprdrild expire 6 lines
01-01 08:07:29.876 radio   891  1256 I chatty  : uid=1001(radio) HwBinder:891_1 expire 4 lines
01-01 08:07:29.890  1000   622  1141 D TelephonyRegistry: listen oscl: hasNotifySubscriptionInfoChangedOccurred==false no callback
01-01 08:07:29.896 radio   891  1340 I chatty  : uid=1001(radio) DcHandlerThread expire 1 line
01-01 08:07:29.977  1000   622   632 D TelephonyRegistry: listen oscl: hasNotifySubscriptionInfoChangedOccurred==false no callback
01-01 08:07:30.000  1000   622  1038 E SmsApplication: com.android.messaging lost OP_WRITE_SMS:  (fixing)
01-01 08:07:30.009  1000   622   622 W SmsApplication: com.android.phone does not have OP_WRITE_SMS:  (fixing)
01-01 08:07:30.010  1000   622   622 W SmsApplication: com.android.bluetooth does not have OP_WRITE_SMS:  (fixing)
01-01 08:07:30.011  1000   622  1038 W SmsApplication: com.android.mms.service does not have OP_WRITE_SMS:  (fixing)
01-01 08:07:30.011  1000   622  1038 W SmsApplication: com.android.providers.telephony does not have OP_WRITE_SMS:  (fixing)
01-01 08:07:30.012  1000   622  1038 W SmsApplication: plugin.sprd.antitheft does not have OP_WRITE_SMS:  (fixing)
01-01 08:07:30.013  1000   622  1038 W SmsApplication: com.android.mmsfolderview does not have OP_WRITE_SMS:  (fixing)
01-01 08:07:30.013  1000   622  1038 E SmsApplication: com.sprd.preload does not have system signature
01-01 08:07:30.015  1000   622   622 E SmsApplication: com.sprd.preload does not have system signature
01-01 08:07:30.056 radio   891   905 I chatty  : uid=1001(radio) Binder:891_2 expire 2 lines
01-01 08:07:30.242  1000   622  1141 D TelephonyRegistry: listen oscl: hasNotifySubscriptionInfoChangedOccurred==false no callback
01-01 08:07:30.250  1000   622   955 D TelephonyRegistry: listen oscl: hasNotifySubscriptionInfoChangedOccurred==false no callback
01-01 08:07:30.312  1000   622  1141 D TelephonyRegistry: listen oscl: hasNotifySubscriptionInfoChangedOccurred==false no callback
01-01 08:07:30.314 radio   891  1372 I chatty  : uid=1001(radio) Binder:891_4 expire 2 lines
01-01 08:07:30.319  1000   622   955 D TelephonyRegistry: listen oscl: hasNotifySubscriptionInfoChangedOccurred==false no callback
01-01 08:07:30.391  1000   622  1141 D TelephonyRegistry: listen oscl: hasNotifySubscriptionInfoChangedOccurred==false no callback
01-01 08:07:30.492  1000   622   633 D TelephonyRegistry: listen oscl: hasNotifySubscriptionInfoChangedOccurred==false no callback
01-01 08:07:30.521 radio   600  1273 I chatty  : uid=1001(radio) /vendor/bin/hw/sprdrild expire 19 lines
01-01 08:07:30.523 radio   891  1256 I chatty  : uid=1001(radio) HwBinder:891_1 expire 10 lines
01-01 08:07:30.537 radio   891  1372 I chatty  : uid=1001(radio) Binder:891_4 expire 1 line
01-01 08:07:30.747 radio   891   891 I chatty  : uid=1001(radio) com.android.phone expire 24 lines
01-01 08:07:30.747 radio   600   600 I chatty  : uid=1001(radio) /vendor/bin/hw/sprdrild expire 7 lines
01-01 08:07:30.748 radio   600  1265 I chatty  : uid=1001(radio) /vendor/bin/hw/sprdrild expire 14 lines
01-01 08:07:30.754  1000   622   632 D TelephonyRegistry: listen oscl: hasNotifySubscriptionInfoChangedOccurred==false no callback
01-01 08:07:30.820 radio   600  1269 I chatty  : uid=1001(radio) /vendor/bin/hw/sprdrild expire 18 lines
01-01 08:07:30.839  1000   622  1039 D RadioInteractor: [RadioInteractor] RadioInteractorFactory:  null  RadioInteractorFactory class 76690874
01-01 08:07:30.840 radio   891   905 I chatty  : uid=1001(radio) Binder:891_2 expire 1 line
01-01 08:07:30.846 radio   600   606 I chatty  : uid=1001(radio) /vendor/bin/hw/sprdrild expire 10 lines
01-01 08:07:30.849 radio   891   891 I chatty  : uid=1001(radio) com.android.phone expire 90 lines
01-01 08:07:30.869  1000   622   632 D TelephonyRegistry: notifySubscriptionInfoChanged: first invocation mRecords.size=27
01-01 08:07:30.872 radio   891   905 I chatty  : uid=1001(radio) Binder:891_2 expire 3 lines
01-01 08:07:30.872 radio   891   918 I chatty  : uid=1001(radio) Binder:891_3 expire 3 lines
01-01 08:07:30.900 radio   891   902 I chatty  : uid=1001(radio) Binder:891_1 expire 2 lines
01-01 08:07:30.919 radio   600   600 I chatty  : uid=1001(radio) /vendor/bin/hw/sprdrild expire 1 line
01-01 08:07:30.964 radio   891   891 I chatty  : uid=1001(radio) com.android.phone expire 59 lines
01-01 08:07:30.969 radio   600   606 I chatty  : uid=1001(radio) /vendor/bin/hw/sprdrild expire 23 lines
01-01 08:07:30.969 radio   891  1256 I chatty  : uid=1001(radio) HwBinder:891_1 expire 9 lines
01-01 08:07:30.970 radio   600   619 I chatty  : uid=1001(radio) /vendor/bin/hw/sprdrild expire 7 lines
01-01 08:07:31.032 radio   891   891 I chatty  : uid=1001(radio) com.android.phone expire 64 lines
01-01 08:07:31.060 radio   600   600 I chatty  : uid=1001(radio) /vendor/bin/hw/sprdrild expire 8 lines
01-01 08:07:31.064 radio   600  1269 I chatty  : uid=1001(radio) /vendor/bin/hw/sprdrild expire 9 lines
01-01 08:07:31.066 radio   891  1256 I chatty  : uid=1001(radio) HwBinder:891_1 expire 5 lines
01-01 08:07:31.178 radio   600  1265 I chatty  : uid=1001(radio) /vendor/bin/hw/sprdrild expire 18 lines
01-01 08:07:31.182 radio   600   600 I chatty  : uid=1001(radio) /vendor/bin/hw/sprdrild expire 6 lines
01-01 08:07:31.182 radio   891  1256 I chatty  : uid=1001(radio) HwBinder:891_1 expire 9 lines
01-01 08:07:31.182 radio   891   891 I chatty  : uid=1001(radio) com.android.phone expire 34 lines
01-01 08:07:31.211 radio   600  1273 I chatty  : uid=1001(radio) /vendor/bin/hw/sprdrild expire 16 lines
01-01 08:07:31.249 radio   600  1269 I chatty  : uid=1001(radio) /vendor/bin/hw/sprdrild expire 7 lines
01-01 08:07:31.380 radio   891   905 I chatty  : uid=1001(radio) Binder:891_2 expire 2 lines
01-01 08:07:31.478 radio   891   891 I chatty  : uid=1001(radio) com.android.phone expire 59 lines
01-01 08:07:31.480 radio   891  1282 I chatty  : uid=1001(radio) RunningState:Ba expire 2 lines
01-01 08:07:31.499 radio   600   600 I chatty  : uid=1001(radio) /vendor/bin/hw/sprdrild expire 9 lines
01-01 08:07:31.499 radio   600  1269 I chatty  : uid=1001(radio) /vendor/bin/hw/sprdrild expire 9 lines
01-01 08:07:31.500 radio   891  1256 I chatty  : uid=1001(radio) HwBinder:891_1 expire 5 lines
01-01 08:07:31.599 radio   600   607 I chatty  : uid=1001(radio) /vendor/bin/hw/sprdrild expire 3 lines
01-01 08:07:31.612 radio   600   606 I chatty  : uid=1001(radio) /vendor/bin/hw/sprdrild expire 7 lines
01-01 08:07:31.613 radio   600  1265 I chatty  : uid=1001(radio) /vendor/bin/hw/sprdrild expire 8 lines
01-01 08:07:31.614 radio   600  1273 I chatty  : uid=1001(radio) /vendor/bin/hw/sprdrild expire 8 lines
01-01 08:07:31.615 radio   600  1269 I chatty  : uid=1001(radio) /vendor/bin/hw/sprdrild expire 16 lines
01-01 08:07:31.616 radio   891   891 I chatty  : uid=1001(radio) com.android.phone expire 29 lines
01-01 08:07:31.616 radio   600   600 I chatty  : uid=1001(radio) /vendor/bin/hw/sprdrild expire 18 lines
01-01 08:07:31.616 radio   600  1265 I chatty  : uid=1001(radio) /vendor/bin/hw/sprdrild expire 9 lines
01-01 08:07:31.653 radio   600   607 I chatty  : uid=1001(radio) /vendor/bin/hw/sprdrild expire 56 lines
01-01 08:07:31.656 radio   891   891 I chatty  : uid=1001(radio) com.android.phone expire 16 lines
01-01 08:07:31.656 radio   891  1256 I chatty  : uid=1001(radio) HwBinder:891_1 expire 24 lines
01-01 08:07:31.697 radio   600   607 I chatty  : uid=1001(radio) /vendor/bin/hw/sprdrild expire 41 lines
01-01 08:07:31.700 radio   891   891 I chatty  : uid=1001(radio) com.android.phone expire 21 lines
01-01 08:07:31.710 radio   891   902 I chatty  : uid=1001(radio) Binder:891_1 expire 1 line
01-01 08:07:31.714 radio   891   918 I chatty  : uid=1001(radio) Binder:891_3 expire 1 line
01-01 08:07:31.784 radio   891  1282 I chatty  : uid=1001(radio) RunningState:Ba expire 2 lines
01-01 08:07:31.801 radio   891  1256 I chatty  : uid=1001(radio) HwBinder:891_1 expire 11 lines
01-01 08:07:31.802 radio   600   607 I chatty  : uid=1001(radio) /vendor/bin/hw/sprdrild expire 21 lines
01-01 08:07:31.807 radio   891   905 I chatty  : uid=1001(radio) Binder:891_2 expire 1 line
01-01 08:07:31.813 radio   891   891 I chatty  : uid=1001(radio) com.android.phone expire 36 lines
01-01 08:07:31.838 radio   891  1346 I chatty  : uid=1001(radio) android.bg expire 12 lines
01-01 08:07:31.855 radio   600   607 I chatty  : uid=1001(radio) /vendor/bin/hw/sprdrild expire 24 lines
01-01 08:07:31.855 radio   891  1256 I chatty  : uid=1001(radio) HwBinder:891_1 expire 6 lines
01-01 08:07:31.858 radio   891   891 I chatty  : uid=1001(radio) com.android.phone expire 25 lines
01-01 08:07:31.883 radio   891  1445 I chatty  : uid=1001(radio) Binder:891_5 expire 1 line
01-01 08:07:31.884 radio   891  1372 I chatty  : uid=1001(radio) Binder:891_4 expire 1 line
01-01 08:07:31.884 radio   600   600 I chatty  : uid=1001(radio) /vendor/bin/hw/sprdrild expire 1 line
01-01 08:07:31.885 radio   600   606 I chatty  : uid=1001(radio) /vendor/bin/hw/sprdrild expire 5 lines
01-01 08:07:31.885 radio   600   606 E RILC    : Calling responseFunction() for token 47
01-01 08:07:31.885 radio   600   606 D RILC    : setPreferredNetworkTypeResponse: serial 47
01-01 08:07:31.885 radio   600   606 D REQ_THDS: put Channel1
01-01 08:07:31.885 radio   600   606 I REQ_THDS: -->normalDispatch [606] free one command
01-01 08:07:31.896 radio   891  1500 D SubscriptionController: [getActiveSubInfoList] Sub Controller not ready
01-01 08:07:31.896 radio   891  1256 D RILJ    : [3695]< REQUEST_SET_PREFERRED_NETWORK_TYPE  [SUB0]
01-01 08:07:31.901 radio   891  1445 D SubscriptionController: [getDefaultDataSubId] subId= -1
01-01 08:07:31.901 radio   891  1372 D SubscriptionController: [getActiveSubInfoList] Sub Controller not ready
01-01 08:07:31.904 radio   891   891 D SubscriptionController: [getActiveSubInfoList] Sub Controller not ready
01-01 08:07:31.915 radio   891  1445 D SubscriptionController: [getActiveSubInfoList] Sub Controller not ready
01-01 08:07:31.918 radio   891  1510 D RadioInteractor: [RadioInteractor] RadioInteractorFactory:  com.android.sprd.telephony.RadioInteractorFactory@3d50987  RadioInteractorFactory class 241792448
01-01 08:07:31.918 radio   891  1346 D SubscriptionInfoUpdater: updateSubscriptionInfoByIccId:- SubscriptionInfo update complete
01-01 08:07:31.919 radio   891  1510 D RadioInteractor: [RadioInteractor] [3650]> UPDATE_REAL_ECCLIST ecclist = 112,911,000,08,110,118,119,999
01-01 08:07:31.919 radio   600   600 D RILC    : updateEcclist: serial 2
01-01 08:07:31.919 radio   600  1265 D RIL     : onRequest: UPDATE_ECCLIST radioState=3
01-01 08:07:31.919 radio   600  1265 D REQ_THDS: get Channel1
01-01 08:07:31.919 radio   600  1265 D RILC    : RequestComplete, RIL_SOCKET_1
01-01 08:07:31.919 radio   600  1265 E RILC    : Calling responseFunction() for token 2
01-01 08:07:31.919 radio   600  1265 D RILC    : updateEcclistResponse: serial 2
01-01 08:07:31.919 radio   600  1265 D REQ_THDS: put Channel1
01-01 08:07:31.919 radio   600  1265 I REQ_THDS: -->CommandThread [1265] free one command
01-01 08:07:31.920 radio   891  1256 D RadioInteractor: [3650]< UPDATE_REAL_ECCLIST  [SUB0]
01-01 08:07:31.920 radio   891  1400 D RadioInteractor: [RadioInteractorHandler]  handleMessage msg.what:22
01-01 08:07:31.920 radio   891  1400 D RadioInteractor: [RadioInteractorHandler] handleMessage EVENT_REQUEST_UPDTAE_REAL_ECCLIST
01-01 08:07:31.920 radio   891  1400 D RadioInteractor: [RadioInteractorHandler] update real ecclist :success
01-01 08:07:31.922 radio   891   891 D SubscriptionController: [getActiveSubInfoList] Sub Controller not ready
01-01 08:07:31.922 radio   891   891 D SubscriptionController: [getActiveSubscriptionInfoForSimSlotIndex]+ subList=null
01-01 08:07:31.922 radio   891   891 D PrimaryCardController: [handleBothSimStateChanged] lastIccId = null newIccId = null
01-01 08:07:31.922 radio   891   891 D PrimaryCardController: [handleBothSimStateChanged] isDualSimChanged = false
01-01 08:07:31.924 radio   891   891 D SubscriptionController: [getActiveSubInfoList] Sub Controller not ready
01-01 08:07:31.925 radio   891   891 D ExtendedIccRecords: [SIMRecordsEx0] reset records
01-01 08:07:31.925 radio   891  1510 D RadioInteractor: [RadioInteractor] RadioInteractorFactory:  com.android.sprd.telephony.RadioInteractorFactory@3d50987  RadioInteractorFactory class 241792448
01-01 08:07:31.925 radio   891   891 D SubscriptionController: [getSlotIndex]- subId invalid
01-01 08:07:31.927 radio   891   891 D ImsManager: isVolteEnabledByPlatformForSlot() : bool.config_device_volte_available = true
01-01 08:07:31.928 radio   891   891 D ImsManager: isVolteEnabledByPlatformForSlot() : KEY_CARRIER_VOLTE_AVAILABLE_BOOL = false
01-01 08:07:31.929 radio   891   891 D ImsManager: isVolteEnabledByPlatformForSlot() : isGbaValidForSlot() = true
01-01 08:07:31.930 radio   891   891 D ImsManager: isVolteEnabledByPlatformForSlot() : persist.sys.volte.enable = true
01-01 08:07:31.932 radio   891   891 D ImsManager: ImsManager isEnhanced4gLteModeSettingEnabledByUserForSlot mPhoneId = 0
01-01 08:07:31.933 radio   891   891 D ImsManager: updateVolteFeatureValue: available = true, enabled = true, nonTTY = true
01-01 08:07:31.934 radio   891   891 D ImsConfig: ImsConfig creates
01-01 08:07:31.934 radio   891   891 D ImsConfig: setFeatureValue: feature = 0, network =13, value =1, listener =com.android.internal.telephony.imsphone.ImsPhoneCallTracker$5@1be382d
01-01 08:07:31.935 radio   891   891 D SubscriptionController: [getDefaultDataSubId] subId= -1
01-01 08:07:31.935 radio   891   891 D ImsManager: updateImsServiceConfig() : primaryCardPhoneId = -1 | phoneId = 0
01-01 08:07:31.938 radio   891   891 D ImsManager: ImsManager isEnhanced4gLteModeSettingEnabledByUserForSlot mPhoneId = 0
01-01 08:07:31.939 radio   891  1510 D RadioInteractor: [RadioInteractor] [3651]> SET_SMS_BEARER type = 1
01-01 08:07:31.939 radio   600   600 D RILC    : setSmsBearer: serial 3
01-01 08:07:31.939 radio   600  1273 D RIL     : onRequest: EXT_SET_SMS_BEARER radioState=3
01-01 08:07:31.939 radio   600  1273 D REQ_THDS: get Channel1
01-01 08:07:31.940 radio   600  1273 D RILC    : RequestComplete, RIL_SOCKET_1
01-01 08:07:31.940 radio   600  1273 E RILC    : Calling responseFunction() for token 3
01-01 08:07:31.940 radio   600  1273 D RILC    : setSmsBearerResponse: serial 3
01-01 08:07:31.940 radio   600  1273 D REQ_THDS: put Channel1
01-01 08:07:31.940 radio   600  1273 I REQ_THDS: -->CommandThread [1273] free one command
01-01 08:07:31.940 radio   891  1400 D RadioInteractor: [RadioInteractorHandler]  handleMessage msg.what:33
01-01 08:07:31.940 radio   891  1256 D RadioInteractor: [3651]< SET_SMS_BEARER  [SUB0]
01-01 08:07:31.940 radio   891  1400 D RadioInteractor: [RadioInteractorHandler] handleMessage EVENT_SET_SMS_BEARER_DONE
01-01 08:07:31.940 radio   891  1400 D RadioInteractor: [RadioInteractorHandler] set sms bearer:success
01-01 08:07:31.942 radio   891   891 D ImsManager: updateVideoCallFeatureValue: available = false, enabled = true, nonTTY = true, data enabled = true
01-01 08:07:31.942 radio   891   891 D ImsConfig: setFeatureValue: feature = 1, network =13, value =0, listener =com.android.internal.telephony.imsphone.ImsPhoneCallTracker$5@1be382d
01-01 08:07:31.943 radio   891   891 D ImsManager: registrationFeatureCapabilityChanged :: serviceClass=1
01-01 08:07:31.943 radio   891   891 D ImsPhoneCallTracker: [ImsPhoneCallTracker] onFeatureCapabilityChanged
01-01 08:07:31.944 radio   891   891 D ImsManager: registrationDisconnected :: imsReasonInfoImsReasonInfo :: {0, 0, null}
01-01 08:07:31.944 radio   891   891 D ImsPhoneCallTracker: [ImsPhoneCallTracker] onImsDisconnected imsReasonInfo=ImsReasonInfo :: {0, 0, null}
01-01 08:07:31.944 radio   891   891 D ImsPhoneCallTracker: [ImsPhoneCallTracker] Resetting Capabilities...
01-01 08:07:31.944 radio   891   891 D ImsPhone: updateDataServiceState: defSs = {mVoiceRegState=3(POWER_OFF), mDataRegState=3(POWER_OFF), mVoiceRoamingType=home, mDataRoamingType=home, mVoiceOperatorAlphaLong=null, mVoiceOperatorAlphaShort=null, mDataOperatorAlphaLong=null, mDataOperatorAlphaShort=null, isManualNetworkSelection=false(automatic), mRilVoiceRadioTechnology=0(Unknown), mRilDataRadioTechnology=0(Unknown), mCssIndicator=unsupported, mNetworkId=-1, mSystemId=-1, mCdmaRoamingIndicator=-1, mCdmaDefaultRoamingIndicator=-1, mIsEmergencyOnly=false, mIsDataRoamingFromRegistration=false, mIsUsingCarrierAggregation=false, mLteEarfcnRsrpBoost=0} imsSs = {mVoiceRegState=1(OUT_OF_SERVICE), mDataRegState=3(POWER_OFF), mVoiceRoamingType=home, mDataRoamingType=home, mVoiceOperatorAlphaLong=null, mVoiceOperatorAlphaShort=null, mDataOperatorAlphaLong=null, mDataOperatorAlphaShort=null, isManualNetworkSelection=false(automatic), mRilVoiceRadioTechnology=0(Unknown), mRilDataRadioTechnology=0(Unknown), mCssIndicator=unsupported, mNetworkId=-1, mSystemId=-1, mCdmaRoamingIndicator=-1, mCdmaDefaultRoamingIndicator=-1, mIsEmergencyOnly=false, mIsDataRoamingFromRegistration=false, mIsUsingCarrierAggregation=false, mLteEarfcnRsrpBoost=0}
01-01 08:07:31.948 radio   891   891 D TelephonyManager: setTelephonyProperty: success phoneId=0 property=gsm.sys.vowifi.state value: 0 propVal=0
01-01 08:07:31.949 radio   891   891 D ImsManager: updateImsServiceConfig() : isImsUsed = true
01-01 08:07:31.949 radio   891   891 D ImsManager: updateImsServiceConfig: turnOnIms : setEnhanced4gLteModeSettingForSlot
01-01 08:07:31.954 radio   891   891 D ImsManager: setEnhanced4gLteModeSettingForSlot isNotDualLteModem
01-01 08:07:31.954 radio   891   891 D ImsManager: setEnhanced4gLteModeSettingForSlot mPhoneId = 0 | value = 1
01-01 08:07:31.958 radio   891  1445 D ImsManager: ImsManager isEnhanced4gLteModeSettingEnabledByUserForSlot mPhoneId = 0
01-01 08:07:31.964 radio   891   891 D ImsManager: setLteFeatureValues: true
01-01 08:07:31.964 radio   891   891 D ImsConfig: setFeatureValue: feature = 0, network =13, value =1, listener =com.android.internal.telephony.imsphone.ImsPhoneCallTracker$5@1be382d
01-01 08:07:31.964 radio   891  1445 D SubscriptionController: [getDefaultDataSubId] subId= -1
01-01 08:07:31.964 radio   891   891 D ImsManager: isVolteEnabledByPlatformForSlot() : bool.config_device_volte_available = true
01-01 08:07:31.966 radio   891   891 D ImsManager: isVolteEnabledByPlatformForSlot() : KEY_CARRIER_VOLTE_AVAILABLE_BOOL = false
01-01 08:07:31.967 radio   891  1500 D SubscriptionController: [getDefaultDataSubId] subId= -1
01-01 08:07:31.968 radio   891   891 D ImsManager: isVolteEnabledByPlatformForSlot() : isGbaValidForSlot() = true
01-01 08:07:31.968 radio   891   891 D ImsManager: isVolteEnabledByPlatformForSlot() : persist.sys.volte.enable = true
01-01 08:07:31.972 radio   891   891 D ImsConfig: setFeatureValue: feature = 1, network =13, value =1, listener =com.android.internal.telephony.imsphone.ImsPhoneCallTracker$5@1be382d
01-01 08:07:31.972 radio   891   891 D ImsManager: registrationFeatureCapabilityChanged :: serviceClass=1
01-01 08:07:31.972 radio   891   891 D ImsPhoneCallTracker: [ImsPhoneCallTracker] onFeatureCapabilityChanged
01-01 08:07:31.972 radio   891   891 D ImsManager: registrationDisconnected :: imsReasonInfoImsReasonInfo :: {0, 0, null}
01-01 08:07:31.972 radio   891   891 D ImsPhoneCallTracker: [ImsPhoneCallTracker] onImsDisconnected imsReasonInfo=ImsReasonInfo :: {0, 0, null}
01-01 08:07:31.973 radio   891   891 D ImsPhoneCallTracker: [ImsPhoneCallTracker] Resetting Capabilities...
01-01 08:07:31.973 radio   891   891 D ImsPhone: updateDataServiceState: defSs = {mVoiceRegState=3(POWER_OFF), mDataRegState=3(POWER_OFF), mVoiceRoamingType=home, mDataRoamingType=home, mVoiceOperatorAlphaLong=null, mVoiceOperatorAlphaShort=null, mDataOperatorAlphaLong=null, mDataOperatorAlphaShort=null, isManualNetworkSelection=false(automatic), mRilVoiceRadioTechnology=0(Unknown), mRilDataRadioTechnology=0(Unknown), mCssIndicator=unsupported, mNetworkId=-1, mSystemId=-1, mCdmaRoamingIndicator=-1, mCdmaDefaultRoamingIndicator=-1, mIsEmergencyOnly=false, mIsDataRoamingFromRegistration=false, mIsUsingCarrierAggregation=false, mLteEarfcnRsrpBoost=0} imsSs = {mVoiceRegState=1(OUT_OF_SERVICE), mDataRegState=3(POWER_OFF), mVoiceRoamingType=home, mDataRoamingType=home, mVoiceOperatorAlphaLong=null, mVoiceOperatorAlphaShort=null, mDataOperatorAlphaLong=null, mDataOperatorAlphaShort=null, isManualNetworkSelection=false(automatic), mRilVoiceRadioTechnology=0(Unknown), mRilDataRadioTechnology=0(Unknown), mCssIndicator=unsupported, mNetworkId=-1, mSystemId=-1, mCdmaRoamingIndicator=-1, mCdmaDefaultRoamingIndicator=-1, mIsEmergencyOnly=false, mIsDataRoamingFromRegistration=false, mIsUsingCarrierAggregation=false, mLteEarfcnRsrpBoost=0}
01-01 08:07:31.973 radio   891   891 D TelephonyManager: setTelephonyProperty: success phoneId=0 property=gsm.sys.vowifi.state value: 0 propVal=0
01-01 08:07:31.974 radio   891   891 D ImsManager: setAdvanced4GMode: turnOnIms
01-01 08:07:31.976 radio   891   891 D ImsRILJ : [3650]> RIL_REQUEST_SET_IMS_VOICE_CALL_AVAILABILITY [SUB0]
01-01 08:07:31.977 radio   600   600 D RILC    : setIMSVoiceCallAvailability: serial 2
01-01 08:07:31.977 radio   600   606 D RIL     : onRequest: SET_IMS_VOICE_CALL_AVAILABILITY radioState=3
01-01 08:07:31.977 radio   600   606 D REQ_THDS: get Channel1
01-01 08:07:31.977 radio   600   606 D RILC    : RequestComplete, RIL_SOCKET_1
01-01 08:07:31.977 radio   600   606 E RILC    : Calling responseFunction() for token 2
01-01 08:07:31.977 radio   600   606 D RILC    : setIMSVoiceCallAvailabilityResponse: serial 2
01-01 08:07:31.977 radio   600   606 D REQ_THDS: put Channel1
01-01 08:07:31.977 radio   600   606 I REQ_THDS: -->normalDispatch [606] free one command
01-01 08:07:31.978 radio   891  1256 D ImsRILJ : [3650]< RIL_REQUEST_SET_IMS_VOICE_CALL_AVAILABILITY  [SUB0]
01-01 08:07:31.979 radio   891   891 D GsmCdmaPhone: [GsmCdmaPhone] broadcastEmergencyCallStateChanges = false
01-01 08:07:31.979 radio   891   891 E GsmCdmaPhone: [GsmCdmaPhone] Invalid cdma_roaming_mode settings: -1
01-01 08:07:31.979 radio   891   891 D EriManager: loadEriFileFromXml: check for alternate file
01-01 08:07:31.980 radio   891   891 D EriManager: loadEriFileFromXml: no alternate file
01-01 08:07:31.996 radio   891   891 D EriManager: eriFile = eri.xml
01-01 08:07:32.031 radio   891   891 D EriManager: loadEriFileFromXml: eri parsing successful, file loaded. ver = 1357, # of entries = 176
01-01 08:07:32.031 radio   891   891 D GsmCdmaPhone: [GsmCdmaPhone] ERI read, notify registrants
01-01 08:07:32.031 radio   891   891 D SST     : EVENT_POLL_STATE_NETWORK_SELECTION_MODE
01-01 08:07:32.033 radio   891   891 D SST     : handlPollStateResultMessage: GsmSST setDataRegState=1 regState=10 dataRadioTechnology=1
01-01 08:07:32.034 radio   891   891 D SST     : handlPollVoiceRegResultMessage: regState=10 radioTechnology=1
01-01 08:07:32.034 radio   891   891 D SST     : EVENT_POLL_STATE_NETWORK_SELECTION_MODE
01-01 08:07:32.034 radio   891   891 D SST     : clear saved NetworkSelection when current mode is auto
01-01 08:07:32.035 radio   891   891 D SST     : isNonDomesticRoamingEnabled=false
01-01 08:07:32.035 radio   891   891 D SST     : Poll ServiceState done:  oldSS=[{mVoiceRegState=3(POWER_OFF), mDataRegState=3(POWER_OFF), mVoiceRoamingType=home, mDataRoamingType=home, mVoiceOperatorAlphaLong=null, mVoiceOperatorAlphaShort=null, mDataOperatorAlphaLong=null, mDataOperatorAlphaShort=null, isManualNetworkSelection=false(automatic), mRilVoiceRadioTechnology=0(Unknown), mRilDataRadioTechnology=0(Unknown), mCssIndicator=unsupported, mNetworkId=-1, mSystemId=-1, mCdmaRoamingIndicator=-1, mCdmaDefaultRoamingIndicator=-1, mIsEmergencyOnly=false, mIsDataRoamingFromRegistration=false, mIsUsingCarrierAggregation=false, mLteEarfcnRsrpBoost=0}] newSS=[{mVoiceRegState=1(OUT_OF_SERVICE), mDataRegState=1(OUT_OF_SERVICE), mVoiceRoamingType=home, mDataRoamingType=home, mVoiceOperatorAlphaLong=, mVoiceOperatorAlphaShort=, mDataOperatorAlphaLong=, mDataOperatorAlphaShort=, isManualNetworkSelection=false(automatic), mRilVoiceRadioTechnology=1(GPRS), mRilDataRadioTechnology=1(GPRS), mCssIndicator=unsupported, mNetworkId=-1, mSystemId=-1, mCdmaRoamingIndicator=-1, mCdmaDefaultRoamingIndicator=-1, mIsEmergencyOnly=true, mIsDataRoamingFromRegistration=false, mIsUsingCarrierAggregation=false, mLteEarfcnRsrpBoost=0}] oldMaxDataCalls=1 mNewMaxDataCalls=3 oldReasonDataDenied=-1 mNewReasonDataDenied=-1
01-01 08:07:32.035 radio   891   891 D SST     : pollStateDone: hasRegistered=false hasDeregistered=false hasDataAttached=false hasDataDetached=false hasDataRegStateChanged=true hasRilVoiceRadioTechnologyChanged= true hasRilDataRadioTechnologyChanged=true hasChanged=true hasVoiceRoamingOn=false hasVoiceRoamingOff=false hasDataRoamingOn=false hasDataRoamingOff=false hasLocationChanged=true has4gHandoff = false hasMultiApnSupport=false hasLostMultiApnSupport=false
01-01 08:07:32.035 radio   891   891 D SST     : RAT switched Unknown -> GPRS at cell 0
01-01 08:07:32.035 radio   891   891 D SST     : updatePhoneObject: Ignore update
01-01 08:07:32.036 radio   891   891 D TelephonyManager: setTelephonyProperty: success phoneId=0 property=gsm.network.type value: GPRS propVal=GPRS
01-01 08:07:32.037 radio   891   891 D SST     : updateSpnDisplay: radio is on but out of service, set plmn='???¨¨????¡§?????¡ì????????????¨¨??'
01-01 08:07:32.039 radio   891   891 D SST     : updateSpnDisplay: changed sending intent rule=0 showPlmn='true' plmn='???¨¨????¡§?????¡ì????????????¨¨??' showSpn='false' spn='' dataSpn='' subId='-2'
01-01 08:07:32.042 radio   891   891 D SubscriptionController: [setPlmnSpn] No valid subscription to store info
01-01 08:07:32.043 radio   891   891 D SubscriptionController: notifySubscriptionInfoChanged:
01-01 08:07:32.045 radio   891  1372 D SubscriptionController: [getActiveSubInfoList] Sub Controller not ready
01-01 08:07:32.045 radio   891  1445 D SubscriptionController: [getActiveSubInfoList] Sub Controller not ready
01-01 08:07:32.046 radio   891   891 D TelephonyManager: setTelephonyProperty: success phoneId=0 property=gsm.operator.alpha value:  propVal=
01-01 08:07:32.047 radio   891   891 D TelephonyManager: setTelephonyProperty: success phoneId=0 property=gsm.operator.numeric value: 000000 propVal=000000
01-01 08:07:32.047 radio   891  1372 D SubscriptionController: [getActiveSubInfoList] Sub Controller not ready
01-01 08:07:32.048 radio   891   891 D SST     : update mccmnc=000000 fromServiceState=true
01-01 08:07:32.053 radio   891  1504 D SubscriptionController: [getDefaultDataSubId] subId= -1
01-01 08:07:32.053 radio   891  1445 D SubscriptionController: [getActiveSubInfoList] Sub Controller not ready
01-01 08:07:32.058 radio   891   891 D SubscriptionController: [getDefaultDataSubId] subId= -1
01-01 08:07:32.060 radio   891  1445 D SubscriptionController: [getActiveSubInfoList] Sub Controller not ready
01-01 08:07:32.075 radio   891   891 D SST     : operatorNumeric 000000 is invalid
01-01 08:07:32.076 radio   891   891 D TelephonyManager: setTelephonyProperty: success phoneId=0 property=gsm.operator.iso-country value:  propVal=
01-01 08:07:32.076 radio   891   891 D TelephonyManager: setTelephonyProperty: success phoneId=0 property=gsm.operator.isroaming value: false propVal=false
01-01 08:07:32.077 radio   891   891 D SST     : Broadcasting ServiceState : {mVoiceRegState=1(OUT_OF_SERVICE), mDataRegState=1(OUT_OF_SERVICE), mVoiceRoamingType=home, mDataRoamingType=home, mVoiceOperatorAlphaLong=, mVoiceOperatorAlphaShort=, mDataOperatorAlphaLong=, mDataOperatorAlphaShort=, isManualNetworkSelection=false(automatic), mRilVoiceRadioTechnology=1(GPRS), mRilDataRadioTechnology=1(GPRS), mCssIndicator=unsupported, mNetworkId=-1, mSystemId=-1, mCdmaRoamingIndicator=-1, mCdmaDefaultRoamingIndicator=-1, mIsEmergencyOnly=true, mIsDataRoamingFromRegistration=false, mIsUsingCarrierAggregation=false, mLteEarfcnRsrpBoost=0}
01-01 08:07:32.077 radio   891   891 D DefaultPhoneNotifier: nofityServiceState: mRegistry=com.android.internal.telephony.ITelephonyRegistry$Stub$Proxy@8f8a8ea ss={mVoiceRegState=1(OUT_OF_SERVICE), mDataRegState=1(OUT_OF_SERVICE), mVoiceRoamingType=home, mDataRoamingType=home, mVoiceOperatorAlphaLong=, mVoiceOperatorAlphaShort=, mDataOperatorAlphaLong=, mDataOperatorAlphaShort=, isManualNetworkSelection=false(automatic), mRilVoiceRadioTechnology=1(GPRS), mRilDataRadioTechnology=1(GPRS), mCssIndicator=unsupported, mNetworkId=-1, mSystemId=-1, mCdmaRoamingIndicator=-1, mCdmaDefaultRoamingIndicator=-1, mIsEmergencyOnly=true, mIsDataRoamingFromRegistration=false, mIsUsingCarrierAggregation=false, mLteEarfcnRsrpBoost=0} sender=Handler (com.android.internal.telephony.GsmCdmaPhoneEx) {ac349e1} phondId=0 subId=-2
01-01 08:07:32.079 radio   891   891 D SubscriptionController: [getSlotIndex]- subId invalid
01-01 08:07:32.090 radio   891   891 D SST     : notifyDataRegStateRilRadioTechnologyChanged: drs=1 rat=1
01-01 08:07:32.090 radio   891   891 D TelephonyManager: setTelephonyProperty: success phoneId=0 property=gsm.network.type value: GPRS propVal=GPRS
01-01 08:07:32.090 radio   891   891 D DCT     : [0]get all active apn types
01-01 08:07:32.091  1000   622   633 D TelephonyRegistry: notifyCellLocationForSubscriber: subId=-2 cellLocation=Bundle[mParcelledData.dataSize=64]
01-01 08:07:32.091 radio   891   891 D ImsManager: registrationFeatureCapabilityChanged :: serviceClass=1
01-01 08:07:32.092 radio   891   891 D ImsPhoneCallTracker: [ImsPhoneCallTracker] onFeatureCapabilityChanged
01-01 08:07:32.092 radio   891   891 D ImsManager: registrationDisconnected :: imsReasonInfoImsReasonInfo :: {0, 0, null}
01-01 08:07:32.092 radio   891   891 D ImsPhoneCallTracker: [ImsPhoneCallTracker] onImsDisconnected imsReasonInfo=ImsReasonInfo :: {0, 0, null}
01-01 08:07:32.092 radio   891   891 D ImsPhoneCallTracker: [ImsPhoneCallTracker] Resetting Capabilities...
01-01 08:07:32.092 radio   891   891 D ImsPhone: updateDataServiceState: defSs = {mVoiceRegState=1(OUT_OF_SERVICE), mDataRegState=1(OUT_OF_SERVICE), mVoiceRoamingType=home, mDataRoamingType=home, mVoiceOperatorAlphaLong=, mVoiceOperatorAlphaShort=, mDataOperatorAlphaLong=, mDataOperatorAlphaShort=, isManualNetworkSelection=false(automatic), mRilVoiceRadioTechnology=1(GPRS), mRilDataRadioTechnology=1(GPRS), mCssIndicator=unsupported, mNetworkId=-1, mSystemId=-1, mCdmaRoamingIndicator=-1, mCdmaDefaultRoamingIndicator=-1, mIsEmergencyOnly=true, mIsDataRoamingFromRegistration=false, mIsUsingCarrierAggregation=false, mLteEarfcnRsrpBoost=0} imsSs = {mVoiceRegState=1(OUT_OF_SERVICE), mDataRegState=1(OUT_OF_SERVICE), mVoiceRoamingType=home, mDataRoamingType=home, mVoiceOperatorAlphaLong=null, mVoiceOperatorAlphaShort=null, mDataOperatorAlphaLong=null, mDataOperatorAlphaShort=null, isManualNetworkSelection=false(automatic), mRilVoiceRadioTechnology=0(Unknown), mRilDataRadioTechnology=1(GPRS), mCssIndicator=unsupported, mNetworkId=-1, mSystemId=-1, mCdmaRoamingIndicator=-1, mCdmaDefaultRoamingIndicator=-1, mIsEmergencyOnly=false, mIsDataRoamingFromRegistration=false, mIsUsingCarrierAggregation=false, mLteEarfcnRsrpBoost=0}
01-01 08:07:32.092 radio   891   891 D TelephonyManager: setTelephonyProperty: success phoneId=0 property=gsm.sys.vowifi.state value: 0 propVal=0
01-01 08:07:32.093 radio   891   891 D DctEx   : [0]SubscriptionListener.onSubscriptionInfoChanged, subId=-2
01-01 08:07:32.094 radio   891   891 D DCT     : [0]SubscriptionListener.onSubscriptionInfoChanged
01-01 08:07:32.094 radio   891   891 D DCT     : [0]subId = -2 mIsLoaded:false
01-01 08:07:32.094 radio   891   891 D SST     : SubscriptionListener.onSubscriptionInfoChanged
01-01 08:07:32.095 radio   891   891 D SubscriptionController: [getActiveSubInfoList] Sub Controller not ready
01-01 08:07:32.101 radio   891   891 I chatty  : uid=1001(radio) com.android.phone identical 2 lines
01-01 08:07:32.103 radio   891   891 D SubscriptionController: [getActiveSubInfoList] Sub Controller not ready
01-01 08:07:32.103 radio   891   891 D SubscriptionController: [getActiveSubInfoForSubscriber]- subId=-2 subList=null subInfo=null
01-01 08:07:32.104 radio   891   891 D SubscriptionController: [getActiveSubInfoList] Sub Controller not ready
01-01 08:07:32.104 radio   891   891 D SubscriptionController: [getActiveSubInfoForSubscriber]- subId=-2 subList=null subInfo=null
01-01 08:07:32.141 radio   891   891 D SubscriptionController: [getActiveSubInfoList] Sub Controller not ready
01-01 08:07:32.141 radio   891   891 D SubscriptionController: [getDefaultDataSubId] subId= -1
01-01 08:07:32.142 radio   891   891 D SST     : SubscriptionListener.onSubscriptionInfoChanged
01-01 08:07:32.142 radio   891   891 D DctEx   : [0]SubscriptionListener.onSubscriptionInfoChanged, subId=-2
01-01 08:07:32.142 radio   891   891 D DCT     : [0]SubscriptionListener.onSubscriptionInfoChanged
01-01 08:07:32.142 radio   891   891 D DCT     : [0]subId = -2 mIsLoaded:false
01-01 08:07:32.142 radio   891   891 D SubscriptionController: [getDefaultDataSubId] subId= -1
01-01 08:07:32.143 radio   891   891 D SubscriptionController: [getActiveSubInfoList] Sub Controller not ready
01-01 08:07:32.158 radio   891   891 I chatty  : uid=1001(radio) com.android.phone identical 2 lines
01-01 08:07:32.160 radio   891   891 D SubscriptionController: [getActiveSubInfoList] Sub Controller not ready
01-01 08:07:32.160 radio   891   891 D SubscriptionController: [getActiveSubInfoForSubscriber]- subId=-2 subList=null subInfo=null
01-01 08:07:32.161 radio   891   891 D SubscriptionController: [getActiveSubInfoList] Sub Controller not ready
01-01 08:07:32.161 radio   891   891 D SubscriptionController: [getActiveSubInfoForSubscriber]- subId=-2 subList=null subInfo=null
01-01 08:07:32.189 radio   891   891 D SubscriptionController: [getActiveSubInfoList] Sub Controller not ready
01-01 08:07:32.189 radio   891   891 D ImsPhone: handleMessage what=53
01-01 08:07:32.216 radio   891   891 D SubscriptionController: [getDefaultDataSubId] subId= -1
01-01 08:07:32.216 radio   891   891 D DCT     : [0]cleanUpConnectionsOnUpdatedApns: tearDown=false
01-01 08:07:32.216 radio   891   891 D DCT     : [0]buildWaitingApns: E requestedApnType=xcap
01-01 08:07:32.216 radio   891   891 D DCT     : [0]getPreferredApn: mAllApnSettings is null
01-01 08:07:32.217 radio   891   891 D DCT     : [0]buildWaitingApns: usePreferred=true canSetPreferApn=false mPreferredApn=null operator= radioTech=1 IccRecords r=null
01-01 08:07:32.217 radio   891   891 E DCT     : [0]mAllApnSettings is null!
01-01 08:07:32.217 radio   891   891 D DCT     : [0]buildWaitingApns: 0 APNs in the list: []
01-01 08:07:32.217 radio   891   891 D DCT     : [0]buildWaitingApns: E requestedApnType=default
01-01 08:07:32.217 radio   891   891 D DCT     : [0]getPreferredApn: mAllApnSettings is null
01-01 08:07:32.217 radio   891   891 D DCT     : [0]buildWaitingApns: usePreferred=true canSetPreferApn=false mPreferredApn=null operator= radioTech=1 IccRecords r=null
01-01 08:07:32.217 radio   891   891 E DCT     : [0]mAllApnSettings is null!
01-01 08:07:32.217 radio   891   891 D DCT     : [0]buildWaitingApns: 0 APNs in the list: []
01-01 08:07:32.217 radio   891   891 D DCT     : [0]buildWaitingApns: E requestedApnType=mms
01-01 08:07:32.217 radio   891   891 D DCT     : [0]getPreferredApn: mAllApnSettings is null
01-01 08:07:32.217 radio   891   891 D DCT     : [0]buildWaitingApns: usePreferred=true canSetPreferApn=false mPreferredApn=null operator= radioTech=1 IccRecords r=null
01-01 08:07:32.217 radio   891   891 E DCT     : [0]mAllApnSettings is null!
01-01 08:07:32.217 radio   891   891 D DCT     : [0]buildWaitingApns: 0 APNs in the list: []
01-01 08:07:32.217 radio   891   891 D DCT     : [0]buildWaitingApns: E requestedApnType=cbs
01-01 08:07:32.217 radio   891   891 D DCT     : [0]getPreferredApn: mAllApnSettings is null
01-01 08:07:32.217 radio   891   891 D DCT     : [0]buildWaitingApns: usePreferred=true canSetPreferApn=false mPreferredApn=null operator= radioTech=1 IccRecords r=null
01-01 08:07:32.217 radio   891   891 E DCT     : [0]mAllApnSettings is null!
01-01 08:07:32.217 radio   891   891 D DCT     : [0]buildWaitingApns: 0 APNs in the list: []
01-01 08:07:32.217 radio   891   891 D DCT     : [0]buildWaitingApns: E requestedApnType=fota
01-01 08:07:32.217 radio   891   891 D DCT     : [0]getPreferredApn: mAllApnSettings is null
01-01 08:07:32.217 radio   891   891 D DCT     : [0]buildWaitingApns: usePreferred=true canSetPreferApn=false mPreferredApn=null operator= radioTech=1 IccRecords r=null
01-01 08:07:32.217 radio   891   891 E DCT     : [0]mAllApnSettings is null!
01-01 08:07:32.217 radio   891   891 D DCT     : [0]buildWaitingApns: 0 APNs in the list: []
01-01 08:07:32.217 radio   891   891 D DCT     : [0]buildWaitingApns: E requestedApnType=supl
01-01 08:07:32.217 radio   891   891 D DCT     : [0]getPreferredApn: mAllApnSettings is null
01-01 08:07:32.217 radio   891   891 D DCT     : [0]buildWaitingApns: usePreferred=true canSetPreferApn=false mPreferredApn=null operator= radioTech=1 IccRecords r=null
01-01 08:07:32.217 radio   891   891 E DCT     : [0]mAllApnSettings is null!
01-01 08:07:32.217 radio   891   891 D DCT     : [0]buildWaitingApns: 0 APNs in the list: []
01-01 08:07:32.217 radio   891   891 D DCT     : [0]buildWaitingApns: E requestedApnType=ia
01-01 08:07:32.217 radio   891   891 D DCT     : [0]getPreferredApn: mAllApnSettings is null
01-01 08:07:32.217 radio   891   891 D DCT     : [0]buildWaitingApns: usePreferred=true canSetPreferApn=false mPreferredApn=null operator= radioTech=1 IccRecords r=null
01-01 08:07:32.217 radio   891   891 E DCT     : [0]mAllApnSettings is null!
01-01 08:07:32.217 radio   891   891 D DCT     : [0]buildWaitingApns: 0 APNs in the list: []
01-01 08:07:32.217 radio   891   891 D DCT     : [0]buildWaitingApns: E requestedApnType=emergency
01-01 08:07:32.217 radio   891   891 D DCT     : [0]getPreferredApn: mAllApnSettings is null
01-01 08:07:32.217 radio   891   891 D DCT     : [0]buildWaitingApns: usePreferred=true canSetPreferApn=false mPreferredApn=null operator= radioTech=1 IccRecords r=null
01-01 08:07:32.217 radio   891   891 E DCT     : [0]mAllApnSettings is null!
01-01 08:07:32.217 radio   891   891 D DCT     : [0]buildWaitingApns: 0 APNs in the list: []
01-01 08:07:32.218 radio   891   891 D DCT     : [0]buildWaitingApns: E requestedApnType=dun
01-01 08:07:32.218 radio   891   891 D DCT     : [0]getPreferredApn: mAllApnSettings is null
01-01 08:07:32.218 radio   891   891 D DCT     : [0]buildWaitingApns: usePreferred=true canSetPreferApn=false mPreferredApn=null operator= radioTech=1 IccRecords r=null
01-01 08:07:32.218 radio   891   891 E DCT     : [0]mAllApnSettings is null!
01-01 08:07:32.218 radio   891   891 D DCT     : [0]buildWaitingApns: 0 APNs in the list: []
01-01 08:07:32.218 radio   891   891 D DCT     : [0]buildWaitingApns: E requestedApnType=hipri
01-01 08:07:32.218 radio   891   891 D DCT     : [0]getPreferredApn: mAllApnSettings is null
01-01 08:07:32.218 radio   891   891 D DCT     : [0]buildWaitingApns: usePreferred=true canSetPreferApn=false mPreferredApn=null operator= radioTech=1 IccRecords r=null
01-01 08:07:32.218 radio   891   891 E DCT     : [0]mAllApnSettings is null!
01-01 08:07:32.218 radio   891   891 D DCT     : [0]buildWaitingApns: 0 APNs in the list: []
01-01 08:07:32.218 radio   891   891 D DCT     : [0]buildWaitingApns: E requestedApnType=ims
01-01 08:07:32.218 radio   891   891 D DCT     : [0]getPreferredApn: mAllApnSettings is null
01-01 08:07:32.218 radio   891   891 D DCT     : [0]buildWaitingApns: usePreferred=true canSetPreferApn=false mPreferredApn=null operator= radioTech=1 IccRecords r=null
01-01 08:07:32.218 radio   891   891 E DCT     : [0]mAllApnSettings is null!
01-01 08:07:32.218 radio   891   891 D DCT     : [0]buildWaitingApns: 0 APNs in the list: []
01-01 08:07:32.218 radio   891   891 D DCT     : [0]stopNetStatPoll
01-01 08:07:32.219 radio   891   891 D DCT     : [0]mDisconnectPendingCount = 0
01-01 08:07:32.219 radio   891   891 D DCT     : [0]setupDataOnConnectableApns: nwTypeChanged hipri:[state=IDLE,enabled=false] supl:[state=IDLE,enabled=false] xcap:[state=IDLE,enabled=false] ims:[state=IDLE,enabled=false] dun:[state=IDLE,enabled=false] mms:[state=IDLE,enabled=false] fota:[state=IDLE,enabled=false] default:[state=IDLE,enabled=false] cbs:[state=IDLE,enabled=false] ia:[state=IDLE,enabled=false] emergency:[state=IDLE,enabled=false] 
01-01 08:07:32.219 radio   891   891 D ImsPhone: handleMessage what=52
01-01 08:07:32.219 radio   891   891 D ImsPhone: EVENT_DEFAULT_PHONE_DATA_STATE_CHANGED
01-01 08:07:32.219 radio   891   891 D ImsPhone: updateDataServiceState: defSs = {mVoiceRegState=1(OUT_OF_SERVICE), mDataRegState=1(OUT_OF_SERVICE), mVoiceRoamingType=home, mDataRoamingType=home, mVoiceOperatorAlphaLong=, mVoiceOperatorAlphaShort=, mDataOperatorAlphaLong=, mDataOperatorAlphaShort=, isManualNetworkSelection=false(automatic), mRilVoiceRadioTechnology=1(GPRS), mRilDataRadioTechnology=1(GPRS), mCssIndicator=unsupported, mNetworkId=-1, mSystemId=-1, mCdmaRoamingIndicator=-1, mCdmaDefaultRoamingIndicator=-1, mIsEmergencyOnly=true, mIsDataRoamingFromRegistration=false, mIsUsingCarrierAggregation=false, mLteEarfcnRsrpBoost=0} imsSs = {mVoiceRegState=1(OUT_OF_SERVICE), mDataRegState=1(OUT_OF_SERVICE), mVoiceRoamingType=home, mDataRoamingType=home, mVoiceOperatorAlphaLong=null, mVoiceOperatorAlphaShort=null, mDataOperatorAlphaLong=null, mDataOperatorAlphaShort=null, isManualNetworkSelection=false(automatic), mRilVoiceRadioTechnology=0(Unknown), mRilDataRadioTechnology=1(GPRS), mCssIndicator=unsupported, mNetworkId=-1, mSystemId=-1, mCdmaRoamingIndicator=-1, mCdmaDefaultRoamingIndicator=-1, mIsEmergencyOnly=false, mIsDataRoamingFromRegistration=false, mIsUsingCarrierAggregation=false, mLteEarfcnRsrpBoost=0}
01-01 08:07:32.219 radio   891   891 D ImsPhoneCallTracker: [ImsPhoneCallTracker] handleMessage what=26
01-01 08:07:32.219 radio   891   891 D ImsPhoneCallTracker: [ImsPhoneCallTracker] handleFeatureCapabilityChanged: VoLTE:false ViLTE:false VoWiFi:false ViWiFi:false UTLTE:false UTWiFi:false  isVideoEnabledStateChanged=false
01-01 08:07:32.220 radio   891   891 D ImsPhoneCallTracker: [ImsPhoneCallTracker] isUsim = false
01-01 08:07:32.221 radio   891   891 D ImsPhoneCallTracker: [ImsPhoneCallTracker] Rat from configure file is 0
01-01 08:07:32.221 radio   891   891 D ImsPhoneCallTracker: [ImsPhoneCallTracker] handleFeatureCapabilityChanged: isVolteEnabled=false, isVideoCallEnabled=false, isVowifiEnabled=false, isUtEnabled=false
01-01 08:07:32.226 radio   891   891 D SubscriptionController: [getActiveSubInfoList] Sub Controller not ready
01-01 08:07:32.227 radio   891   891 D SubscriptionController: [getActiveSubInfoForSubscriber]- subId=-2 subList=null subInfo=null
01-01 08:07:32.268 radio   891   891 D SST     : EVENT_IMS_CAPABILITY_CHANGED
01-01 08:07:32.268 radio   891   891 D SST     : updateSpnDisplay: radio is on but out of service, set plmn='???¨¨????¡§?????¡ì????????????¨¨??'
01-01 08:07:32.278 radio   891  1372 D SubscriptionController: [getActiveSubInfoList] Sub Controller not ready
01-01 08:07:32.285 radio   891   891 D GsmCdmaPhone: mBroadcastReceiver: action android.telephony.action.CARRIER_CONFIG_CHANGED
01-01 08:07:32.288 radio   891   891 D CarrierSignalAgent: [0]CarrierSignalAgent receiver action: android.telephony.action.CARRIER_CONFIG_CHANGED
01-01 08:07:32.298 radio   891   891 D CarrierSignalAgent: [0]Loading carrier config: carrier_app_wake_signal_config
01-01 08:07:32.298 radio   891   891 D CarrierSignalAgent: [0]Loading carrier config: carrier_app_no_wake_signal_config
01-01 08:07:32.303 radio   891   891 I CSST    : reading time to delay notification emergency: -1
01-01 08:07:32.303 radio   891   891 I CSST    : reading time to delay notification emergency: -1
01-01 08:07:32.303 radio   891   891 I CSST    : PrefNetworkNotification: sendMessage() w/values: ,false,-1,false,true
01-01 08:07:32.304 radio   891   891 I CSST    : canceling notifications: 1000
01-01 08:07:32.304 radio   891   891 D Phone   : isWifiCallingEnabled =false
01-01 08:07:32.304 radio   891   891 D CSST    : isPhoneRegisteredForWifiCalling: false
01-01 08:07:32.304 radio   891   891 D Phone   : isWifiCallingEnabled =false
01-01 08:07:32.304 radio   891   891 I CSST    : EmergencyNetworkNotification: sendMessage() w/values: ,false,-1,false,true
01-01 08:07:32.305 radio   891   891 I CSST    : canceling notifications: 1001
01-01 08:07:32.306 radio   891   891 D ImsPhoneCallTracker: [ImsPhoneCallTracker] No carrier ImsReasonInfo mappings defined.
01-01 08:07:32.306 radio   891   891 D ImsPhoneCallTracker: [ImsPhoneCallTracker] onReceive : Updating mAllowEmergencyVideoCalls = false
01-01 08:07:32.313 radio   891   891 D SubscriptionController: [getSlotIndex]- subId invalid
01-01 08:07:32.314 radio   891   891 D ImsManager: isVolteEnabledByPlatformForSlot() : bool.config_device_volte_available = true
