01-01 08:07:32.317 radio   891  1546 D RadioInteractor: [RadioInteractor] RadioInteractorFactory:  com.android.sprd.telephony.RadioInteractorFactory@3d50987  RadioInteractorFactory class 241792448
01-01 08:07:32.317 radio   891   891 D ImsManager: isVolteEnabledByPlatformForSlot() : KEY_CARRIER_VOLTE_AVAILABLE_BOOL = false
01-01 08:07:32.318 radio   891  1546 D RadioInteractor: [RadioInteractor] [3652]> UPDATE_REAL_ECCLIST ecclist = 112,911,000,08,110,118,119,999
01-01 08:07:32.319 radio   600   600 D RILC    : updateEcclist: serial 4
01-01 08:07:32.319 radio   600  1269 D RIL     : onRequest: UPDATE_ECCLIST radioState=3
01-01 08:07:32.319 radio   600  1269 D REQ_THDS: get Channel1
01-01 08:07:32.319 radio   600  1269 D RILC    : RequestComplete, RIL_SOCKET_1
01-01 08:07:32.319 radio   600  1269 E RILC    : Calling responseFunction() for token 4
01-01 08:07:32.319 radio   600  1269 D RILC    : updateEcclistResponse: serial 4
01-01 08:07:32.319 radio   600  1269 D REQ_THDS: put Channel1
01-01 08:07:32.319 radio   600  1269 I REQ_THDS: -->CommandThread [1269] free one command
01-01 08:07:32.319 radio   891  1256 D RadioInteractor: [3652]< UPDATE_REAL_ECCLIST  [SUB0]
01-01 08:07:32.319 radio   891  1400 D RadioInteractor: [RadioInteractorHandler]  handleMessage msg.what:22
01-01 08:07:32.319 radio   891  1400 D RadioInteractor: [RadioInteractorHandler] handleMessage EVENT_REQUEST_UPDTAE_REAL_ECCLIST
01-01 08:07:32.319 radio   891  1400 D RadioInteractor: [RadioInteractorHandler] update real ecclist :success
01-01 08:07:32.320 radio   891   891 D ImsManager: isVolteEnabledByPlatformForSlot() : isGbaValidForSlot() = true
01-01 08:07:32.320 radio   891   891 D ImsManager: isVolteEnabledByPlatformForSlot() : persist.sys.volte.enable = true
01-01 08:07:32.324 radio   891  1546 D RadioInteractor: [RadioInteractor] RadioInteractorFactory:  com.android.sprd.telephony.RadioInteractorFactory@3d50987  RadioInteractorFactory class 241792448
01-01 08:07:32.325 radio   891  1546 D RadioInteractor: [RadioInteractor] [3653]> SET_NETWORK_RAT_PREFERRED type = 0
01-01 08:07:32.325 radio   600   600 D RILC    : setSpecialRatcap: serial 5
01-01 08:07:32.325 radio   891  1546 D RadioInteractor: [RadioInteractor] RadioInteractorFactory:  com.android.sprd.telephony.RadioInteractorFactory@3d50987  RadioInteractorFactory class 241792448
01-01 08:07:32.325 radio   600  1265 D RIL     : onRequest: SET_SPECIAL_RATCAP radioState=3
01-01 08:07:32.325 radio   600  1265 D REQ_THDS: get Channel1
01-01 08:07:32.325 radio   600  1265 D RILC    : RequestComplete, RIL_SOCKET_1
01-01 08:07:32.325 radio   600  1265 E RILC    : Calling responseFunction() for token 5
01-01 08:07:32.325 radio   600  1265 D RILC    : setSpecialRatcapResponse: serial 5
01-01 08:07:32.326 radio   600  1265 D REQ_THDS: put Channel1
01-01 08:07:32.326 radio   600  1265 I REQ_THDS: -->CommandThread [1265] free one command
01-01 08:07:32.326 radio   891  1546 D RadioInteractor: [RadioInteractor] [3654]> SET_SMS_BEARER type = 1
01-01 08:07:32.326 radio   891  1400 D RadioInteractor: [RadioInteractorHandler]  handleMessage msg.what:26
01-01 08:07:32.326 radio   891  1256 D RadioInteractor: [3653]< SET_NETWORK_RAT_PREFERRED  [SUB0]
01-01 08:07:32.326 radio   891  1400 D RadioInteractor: [RadioInteractorHandler] handleMessage EVENT_REQUEST_SET_SPECIAL_RATCAP
01-01 08:07:32.326 radio   891  1400 D RadioInteractor: [RadioInteractorHandler] set preferred network RAT:success
01-01 08:07:32.326 radio   600   600 D RILC    : setSmsBearer: serial 6
01-01 08:07:32.326 radio   600  1273 D RIL     : onRequest: EXT_SET_SMS_BEARER radioState=3
01-01 08:07:32.326 radio   600  1273 D REQ_THDS: get Channel1
01-01 08:07:32.326 radio   891   891 D ImsManager: ImsManager isEnhanced4gLteModeSettingEnabledByUserForSlot mPhoneId = 0
01-01 08:07:32.327 radio   600  1273 D RILC    : RequestComplete, RIL_SOCKET_1
01-01 08:07:32.327 radio   600  1273 E RILC    : Calling responseFunction() for token 6
01-01 08:07:32.327 radio   600  1273 D RILC    : setSmsBearerResponse: serial 6
01-01 08:07:32.327 radio   600  1273 D REQ_THDS: put Channel1
01-01 08:07:32.327 radio   600  1273 I REQ_THDS: -->CommandThread [1273] free one command
01-01 08:07:32.327 radio   891  1400 D RadioInteractor: [RadioInteractorHandler]  handleMessage msg.what:33
01-01 08:07:32.327 radio   891  1256 D RadioInteractor: [3654]< SET_SMS_BEARER  [SUB0]
01-01 08:07:32.327 radio   891  1400 D RadioInteractor: [RadioInteractorHandler] handleMessage EVENT_SET_SMS_BEARER_DONE
01-01 08:07:32.327 radio   891  1400 D RadioInteractor: [RadioInteractorHandler] set sms bearer:success
01-01 08:07:32.331 radio   891   891 D ImsManager: updateVolteFeatureValue: available = true, enabled = true, nonTTY = true
01-01 08:07:32.331 radio   891   891 D ImsConfig: setFeatureValue: feature = 0, network =13, value =1, listener =com.android.internal.telephony.imsphone.ImsPhoneCallTracker$5@1be382d
01-01 08:07:32.331 radio   891   891 D SubscriptionController: [getDefaultDataSubId] subId= -1
01-01 08:07:32.332 radio   891   891 D ImsManager: updateImsServiceConfig() : primaryCardPhoneId = -1 | phoneId = 0
01-01 08:07:32.335 radio   891   891 D ImsManager: ImsManager isEnhanced4gLteModeSettingEnabledByUserForSlot mPhoneId = 0
01-01 08:07:32.339 radio   891   891 D ImsManager: updateVideoCallFeatureValue: available = false, enabled = true, nonTTY = true, data enabled = true
01-01 08:07:32.339 radio   891   891 D ImsConfig: setFeatureValue: feature = 1, network =13, value =0, listener =com.android.internal.telephony.imsphone.ImsPhoneCallTracker$5@1be382d
01-01 08:07:32.340 radio   891   891 D ImsManager: registrationFeatureCapabilityChanged :: serviceClass=1
01-01 08:07:32.340 radio   891   891 D ImsPhoneCallTracker: [ImsPhoneCallTracker] onFeatureCapabilityChanged
01-01 08:07:32.340 radio   891   891 D ImsManager: registrationDisconnected :: imsReasonInfoImsReasonInfo :: {0, 0, null}
01-01 08:07:32.340 radio   891   891 D ImsPhoneCallTracker: [ImsPhoneCallTracker] onImsDisconnected imsReasonInfo=ImsReasonInfo :: {0, 0, null}
01-01 08:07:32.340 radio   891   891 D ImsPhoneCallTracker: [ImsPhoneCallTracker] Resetting Capabilities...
01-01 08:07:32.341 radio   891   891 D ImsPhone: updateDataServiceState: defSs = {mVoiceRegState=1(OUT_OF_SERVICE), mDataRegState=1(OUT_OF_SERVICE), mVoiceRoamingType=home, mDataRoamingType=home, mVoiceOperatorAlphaLong=, mVoiceOperatorAlphaShort=, mDataOperatorAlphaLong=, mDataOperatorAlphaShort=, isManualNetworkSelection=false(automatic), mRilVoiceRadioTechnology=1(GPRS), mRilDataRadioTechnology=1(GPRS), mCssIndicator=unsupported, mNetworkId=-1, mSystemId=-1, mCdmaRoamingIndicator=-1, mCdmaDefaultRoamingIndicator=-1, mIsEmergencyOnly=true, mIsDataRoamingFromRegistration=false, mIsUsingCarrierAggregation=false, mLteEarfcnRsrpBoost=0} imsSs = {mVoiceRegState=1(OUT_OF_SERVICE), mDataRegState=1(OUT_OF_SERVICE), mVoiceRoamingType=home, mDataRoamingType=home, mVoiceOperatorAlphaLong=null, mVoiceOperatorAlphaShort=null, mDataOperatorAlphaLong=null, mDataOperatorAlphaShort=null, isManualNetworkSelection=false(automatic), mRilVoiceRadioTechnology=0(Unknown), mRilDataRadioTechnology=1(GPRS), mCssIndicator=unsupported, mNetworkId=-1, mSystemId=-1, mCdmaRoamingIndicator=-1, mCdmaDefaultRoamingIndicator=-1, mIsEmergencyOnly=false, mIsDataRoamingFromRegistration=false, mIsUsingCarrierAggregation=false, mLteEarfcnRsrpBoost=0}
01-01 08:07:32.341 radio   891   891 D TelephonyManager: setTelephonyProperty: success phoneId=0 property=gsm.sys.vowifi.state value: 0 propVal=0
01-01 08:07:32.342 radio   891   891 D ImsManager: updateImsServiceConfig() : isImsUsed = true
01-01 08:07:32.342 radio   891   891 D ImsManager: updateImsServiceConfig: turnOnIms : setEnhanced4gLteModeSettingForSlot
01-01 08:07:32.358 radio   891   891 D ImsManager: setEnhanced4gLteModeSettingForSlot isNotDualLteModem
01-01 08:07:32.358 radio   891   891 D ImsManager: setEnhanced4gLteModeSettingForSlot mPhoneId = 0 | value = 1
01-01 08:07:32.360 radio   891   891 D ImsManager: setLteFeatureValues: true
01-01 08:07:32.360 radio   891   891 D ImsConfig: setFeatureValue: feature = 0, network =13, value =1, listener =com.android.internal.telephony.imsphone.ImsPhoneCallTracker$5@1be382d
01-01 08:07:32.360 radio   891   891 D ImsManager: isVolteEnabledByPlatformForSlot() : bool.config_device_volte_available = true
01-01 08:07:32.361 radio   891   891 D ImsManager: isVolteEnabledByPlatformForSlot() : KEY_CARRIER_VOLTE_AVAILABLE_BOOL = false
01-01 08:07:32.362 radio   891   891 D ImsManager: isVolteEnabledByPlatformForSlot() : isGbaValidForSlot() = true
01-01 08:07:32.362 radio   891   891 D ImsManager: isVolteEnabledByPlatformForSlot() : persist.sys.volte.enable = true
01-01 08:07:32.364 radio   891   891 D ImsConfig: setFeatureValue: feature = 1, network =13, value =1, listener =com.android.internal.telephony.imsphone.ImsPhoneCallTracker$5@1be382d
01-01 08:07:32.365 radio   891   891 D ImsManager: registrationFeatureCapabilityChanged :: serviceClass=1
01-01 08:07:32.365 radio   891   891 D ImsPhoneCallTracker: [ImsPhoneCallTracker] onFeatureCapabilityChanged
01-01 08:07:32.365 radio   891   891 D ImsManager: registrationDisconnected :: imsReasonInfoImsReasonInfo :: {0, 0, null}
01-01 08:07:32.365 radio   891   891 D ImsPhoneCallTracker: [ImsPhoneCallTracker] onImsDisconnected imsReasonInfo=ImsReasonInfo :: {0, 0, null}
01-01 08:07:32.365 radio   891   891 D ImsPhoneCallTracker: [ImsPhoneCallTracker] Resetting Capabilities...
01-01 08:07:32.365 radio   891   891 D ImsPhone: updateDataServiceState: defSs = {mVoiceRegState=1(OUT_OF_SERVICE), mDataRegState=1(OUT_OF_SERVICE), mVoiceRoamingType=home, mDataRoamingType=home, mVoiceOperatorAlphaLong=, mVoiceOperatorAlphaShort=, mDataOperatorAlphaLong=, mDataOperatorAlphaShort=, isManualNetworkSelection=false(automatic), mRilVoiceRadioTechnology=1(GPRS), mRilDataRadioTechnology=1(GPRS), mCssIndicator=unsupported, mNetworkId=-1, mSystemId=-1, mCdmaRoamingIndicator=-1, mCdmaDefaultRoamingIndicator=-1, mIsEmergencyOnly=true, mIsDataRoamingFromRegistration=false, mIsUsingCarrierAggregation=false, mLteEarfcnRsrpBoost=0} imsSs = {mVoiceRegState=1(OUT_OF_SERVICE), mDataRegState=1(OUT_OF_SERVICE), mVoiceRoamingType=home, mDataRoamingType=home, mVoiceOperatorAlphaLong=null, mVoiceOperatorAlphaShort=null, mDataOperatorAlphaLong=null, mDataOperatorAlphaShort=null, isManualNetworkSelection=false(automatic), mRilVoiceRadioTechnology=0(Unknown), mRilDataRadioTechnology=1(GPRS), mCssIndicator=unsupported, mNetworkId=-1, mSystemId=-1, mCdmaRoamingIndicator=-1, mCdmaDefaultRoamingIndicator=-1, mIsEmergencyOnly=false, mIsDataRoamingFromRegistration=false, mIsUsingCarrierAggregation=false, mLteEarfcnRsrpBoost=0}
01-01 08:07:32.365 radio   891   891 D TelephonyManager: setTelephonyProperty: success phoneId=0 property=gsm.sys.vowifi.state value: 0 propVal=0
01-01 08:07:32.366 radio   891   891 D ImsManager: setAdvanced4GMode: turnOnIms
01-01 08:07:32.368 radio   891   891 D ImsRILJ : [3651]> RIL_REQUEST_SET_IMS_VOICE_CALL_AVAILABILITY [SUB0]
01-01 08:07:32.368 radio   600   600 D RILC    : setIMSVoiceCallAvailability: serial 3
01-01 08:07:32.369 radio   600   606 D RIL     : onRequest: SET_IMS_VOICE_CALL_AVAILABILITY radioState=3
01-01 08:07:32.369 radio   600   606 D REQ_THDS: get Channel1
01-01 08:07:32.369 radio   600   606 D RILC    : RequestComplete, RIL_SOCKET_1
01-01 08:07:32.369 radio   600   606 E RILC    : Calling responseFunction() for token 3
01-01 08:07:32.369 radio   600   606 D RILC    : setIMSVoiceCallAvailabilityResponse: serial 3
01-01 08:07:32.369 radio   600   606 D REQ_THDS: put Channel1
01-01 08:07:32.369 radio   600   606 I REQ_THDS: -->normalDispatch [606] free one command
01-01 08:07:32.370 radio   891  1256 D ImsRILJ : [3651]< RIL_REQUEST_SET_IMS_VOICE_CALL_AVAILABILITY  [SUB0]
01-01 08:07:32.372 radio   891   891 D GsmCdmaPhone: [GsmCdmaPhone] broadcastEmergencyCallStateChanges = false
01-01 08:07:32.372 radio   891   891 E GsmCdmaPhone: [GsmCdmaPhone] Invalid cdma_roaming_mode settings: -1
01-01 08:07:32.372 radio   891   891 D EriManager: loadEriFileFromXml: check for alternate file
01-01 08:07:32.372 radio   891   891 D EriManager: loadEriFileFromXml: no alternate file
01-01 08:07:32.373 radio   891   891 D EriManager: eriFile = eri.xml
01-01 08:07:32.376 radio   891  1500 D SubscriptionController: [getSlotIndex]- subId invalid
01-01 08:07:32.378 radio   891   891 D EriManager: loadEriFileFromXml: eri parsing successful, file loaded. ver = 1357, # of entries = 176
01-01 08:07:32.378 radio   891   891 D GsmCdmaPhone: [GsmCdmaPhone] ERI read, notify registrants
01-01 08:07:32.390 radio   891   891 D ImsManager: registrationFeatureCapabilityChanged :: serviceClass=1
01-01 08:07:32.390 radio   891   891 D ImsPhoneCallTracker: [ImsPhoneCallTracker] onFeatureCapabilityChanged
01-01 08:07:32.390 radio   891   891 D ImsManager: registrationDisconnected :: imsReasonInfoImsReasonInfo :: {0, 0, null}
01-01 08:07:32.390 radio   891   891 D ImsPhoneCallTracker: [ImsPhoneCallTracker] onImsDisconnected imsReasonInfo=ImsReasonInfo :: {0, 0, null}
01-01 08:07:32.390 radio   891   891 D ImsPhoneCallTracker: [ImsPhoneCallTracker] Resetting Capabilities...
01-01 08:07:32.390 radio   891   891 D ImsPhone: updateDataServiceState: defSs = {mVoiceRegState=1(OUT_OF_SERVICE), mDataRegState=1(OUT_OF_SERVICE), mVoiceRoamingType=home, mDataRoamingType=home, mVoiceOperatorAlphaLong=, mVoiceOperatorAlphaShort=, mDataOperatorAlphaLong=, mDataOperatorAlphaShort=, isManualNetworkSelection=false(automatic), mRilVoiceRadioTechnology=1(GPRS), mRilDataRadioTechnology=1(GPRS), mCssIndicator=unsupported, mNetworkId=-1, mSystemId=-1, mCdmaRoamingIndicator=-1, mCdmaDefaultRoamingIndicator=-1, mIsEmergencyOnly=true, mIsDataRoamingFromRegistration=false, mIsUsingCarrierAggregation=false, mLteEarfcnRsrpBoost=0} imsSs = {mVoiceRegState=1(OUT_OF_SERVICE), mDataRegState=1(OUT_OF_SERVICE), mVoiceRoamingType=home, mDataRoamingType=home, mVoiceOperatorAlphaLong=null, mVoiceOperatorAlphaShort=null, mDataOperatorAlphaLong=null, mDataOperatorAlphaShort=null, isManualNetworkSelection=false(automatic), mRilVoiceRadioTechnology=0(Unknown), mRilDataRadioTechnology=1(GPRS), mCssIndicator=unsupported, mNetworkId=-1, mSystemId=-1, mCdmaRoamingIndicator=-1, mCdmaDefaultRoamingIndicator=-1, mIsEmergencyOnly=false, mIsDataRoamingFromRegistration=false, mIsUsingCarrierAggregation=false, mLteEarfcnRsrpBoost=0}
01-01 08:07:32.390 radio   891   891 D TelephonyManager: setTelephonyProperty: success phoneId=0 property=gsm.sys.vowifi.state value: 0 propVal=0
01-01 08:07:32.391 radio   891   891 D ImsPhoneCallTracker: [ImsPhoneCallTracker] handleMessage what=26
01-01 08:07:32.391 radio   891   891 D ImsPhoneCallTracker: [ImsPhoneCallTracker] handleFeatureCapabilityChanged: VoLTE:false ViLTE:false VoWiFi:false ViWiFi:false UTLTE:false UTWiFi:false  isVideoEnabledStateChanged=false
01-01 08:07:32.392 radio   891   891 D ImsPhoneCallTracker: [ImsPhoneCallTracker] isUsim = false
01-01 08:07:32.393 radio   891   891 D ImsPhoneCallTracker: [ImsPhoneCallTracker] Rat from configure file is 0
01-01 08:07:32.393 radio   891   891 D ImsPhoneCallTracker: [ImsPhoneCallTracker] handleFeatureCapabilityChanged: isVolteEnabled=false, isVideoCallEnabled=false, isVowifiEnabled=false, isUtEnabled=false
01-01 08:07:32.393 radio   891   891 D SST     : EVENT_IMS_CAPABILITY_CHANGED
01-01 08:07:32.393 radio   891   891 D SST     : updateSpnDisplay: radio is on but out of service, set plmn='???¨¨????¡§?????¡ì????????????¨¨??'
01-01 08:07:32.437 radio   891  1500 D SubscriptionController: [getSlotIndex]- subId invalid
01-01 08:07:32.447 radio   891   891 D RadioInteractor: [RadioInteractor] [3655]> SET_VIDEO_RESOLUTION resolution = 2
01-01 08:07:32.448 radio   600   600 D RILC    : setVideoResolution: serial 7
01-01 08:07:32.449 radio   600  1269 D RIL     : onRequest: SET_VIDEO_RESOLUTION radioState=3
01-01 08:07:32.449 radio   600  1269 D REQ_THDS: get Channel1
01-01 08:07:32.449 radio   600  1269 D RILC    : RequestComplete, RIL_SOCKET_1
01-01 08:07:32.450 radio   600  1269 E RILC    : Calling responseFunction() for token 7
01-01 08:07:32.450 radio   600  1269 D RILC    : setVideoResolutionResponse: serial 7
01-01 08:07:32.450 radio   600  1269 D REQ_THDS: put Channel1
01-01 08:07:32.450 radio   600  1269 I REQ_THDS: -->CommandThread [1269] free one command
01-01 08:07:32.451 radio   891  1256 D RadioInteractor: [3655]< SET_VIDEO_RESOLUTION  [SUB0]
01-01 08:07:32.673 radio   891  1301 D GsmCellBroadcastHandler: mWakeLock released
01-01 08:07:32.703 radio   891  1306 D CellBroadcastHandler: mWakeLock released
01-01 08:07:32.713 radio   891  1308 D CdmaServiceCategoryProgramHandler: mWakeLock released
01-01 08:07:33.608 radio   891  1500 D SubscriptionController: [getActiveSubInfoList] Sub Controller not ready
01-01 08:07:33.666 radio   891  1500 D SubscriptionController: [getActiveSubInfoList] Sub Controller not ready
01-01 08:07:33.667 radio   891  1500 D SubscriptionController: [getActiveSubscriptionInfoForSimSlotIndex]+ subList=null
01-01 08:07:33.713 radio   891   891 D RadioInteractor: [BootupReceiver] android.intent.action.SIM_STATE_CHANGED
01-01 08:07:33.714 radio   891   891 E RadioInteractor: [RadioInteractorFactory] init() called multiple times!  sInstance = com.android.sprd.telephony.RadioInteractorFactory@3d50987
01-01 08:07:33.778 radio   891  1605 D ImsManager: isWfcEnabledByUser() : enabled = 0
01-01 08:07:33.781 radio   891   891 D SubscriptionController: [getDefaultDataSubId] subId= -1
01-01 08:07:36.244 radio   891   891 E SmsApplication: com.sprd.preload does not have system signature
01-01 08:07:36.278 radio   891   891 I chatty  : uid=1001(radio) com.android.phone identical 1 line
01-01 08:07:36.331 radio   891   891 E SmsApplication: com.sprd.preload does not have system signature
01-01 08:07:49.028 radio   891  1504 D SubscriptionController: [getActiveSubInfoList] Sub Controller not ready
01-01 08:07:49.030 radio   891  1504 D SubscriptionController: [getPhoneId] asked for default subId=-1
01-01 08:07:49.046 radio   891  1504 D SubscriptionController: [getActiveSubInfoList] Sub Controller not ready
01-01 08:07:49.065 radio   891  1504 I chatty  : uid=1001(radio) Binder:891_7 identical 1 line
01-01 08:07:49.067 radio   891  1504 D SubscriptionController: [getActiveSubInfoList] Sub Controller not ready
01-01 08:07:49.083 radio   891  1500 D SubscriptionController: [getActiveSubInfoList] Sub Controller not ready
01-01 08:07:49.110 radio   891  1672 D SubscriptionController: [getActiveSubInfoList] Sub Controller not ready
01-01 08:07:49.114 radio   891  1504 D SubscriptionController: [getActiveSubInfoList] Sub Controller not ready
01-01 08:07:49.120 radio   891  1504 D SubscriptionController: [getActiveSubInfoList] Sub Controller not ready
01-01 08:07:49.120 radio   891  1674 D SubscriptionController: [getActiveSubInfoList] Sub Controller not ready
01-01 08:07:49.121 radio   891  1673 D SubscriptionController: [getActiveSubInfoList] Sub Controller not ready
01-01 08:07:49.126 radio   891  1504 D SubscriptionController: [getActiveSubInfoList] Sub Controller not ready
01-01 08:07:49.129 radio   891  1504 D SubscriptionController: [getActiveSubInfoList] Sub Controller not ready
01-01 08:07:49.159 radio   891  1500 D SubscriptionController: [getPhoneId] asked for default subId=-1
01-01 08:07:49.674 radio   891  1500 D SubscriptionController: [getSubId]- invalid slotIndex=-1
01-01 08:07:49.755  1000   622  1038 E SmsApplication: com.sprd.preload does not have system signature
01-01 08:07:49.772 radio   891  1372 D SubscriptionController: [getActiveSubInfoList] Sub Controller not ready
01-01 08:07:49.780 radio   891   891 D GsmCdmaPhone: mBroadcastReceiver: action android.telephony.action.CARRIER_CONFIG_CHANGED
01-01 08:07:49.784 radio   891   891 D CarrierSignalAgent: [0]CarrierSignalAgent receiver action: android.telephony.action.CARRIER_CONFIG_CHANGED
01-01 08:07:49.786 radio   891  1504 D SubscriptionController: [getActiveSubInfoList] Sub Controller not ready
01-01 08:07:49.786 radio   891   891 D CarrierSignalAgent: [0]Loading carrier config: carrier_app_wake_signal_config
01-01 08:07:49.786 radio   891   891 D CarrierSignalAgent: [0]Loading carrier config: carrier_app_no_wake_signal_config
01-01 08:07:49.790 radio   891   891 I CSST    : reading time to delay notification emergency: -1
01-01 08:07:49.790 radio   891   891 I CSST    : reading time to delay notification emergency: -1
01-01 08:07:49.790 radio   891   891 I CSST    : PrefNetworkNotification: sendMessage() w/values: ,false,-1,false,true
01-01 08:07:49.791 radio   891   891 I CSST    : canceling notifications: 1000
01-01 08:07:49.791 radio   891   891 D Phone   : isWifiCallingEnabled =false
01-01 08:07:49.791 radio   891   891 D CSST    : isPhoneRegisteredForWifiCalling: false
01-01 08:07:49.791 radio   891   891 D Phone   : isWifiCallingEnabled =false
01-01 08:07:49.791 radio   891   891 I CSST    : EmergencyNetworkNotification: sendMessage() w/values: ,false,-1,false,true
01-01 08:07:49.792 radio   891   891 I CSST    : canceling notifications: 1001
01-01 08:07:49.793 radio   891  1504 D SubscriptionController: [getActiveSubInfoList] Sub Controller not ready
01-01 08:07:49.793 radio   891   891 D ImsPhoneCallTracker: [ImsPhoneCallTracker] No carrier ImsReasonInfo mappings defined.
01-01 08:07:49.793 radio   891   891 D ImsPhoneCallTracker: [ImsPhoneCallTracker] onReceive : Updating mAllowEmergencyVideoCalls = false
01-01 08:07:49.802 radio   891  1708 D RadioInteractor: [RadioInteractor] RadioInteractorFactory:  com.android.sprd.telephony.RadioInteractorFactory@3d50987  RadioInteractorFactory class 241792448
01-01 08:07:49.804 radio   891  1708 D RadioInteractor: [RadioInteractor] [3656]> UPDATE_REAL_ECCLIST ecclist = 112,911,000,08,110,118,119,999
01-01 08:07:49.805 radio   600   600 D RILC    : updateEcclist: serial 8
01-01 08:07:49.806 radio   600  1265 D RIL     : onRequest: UPDATE_ECCLIST radioState=3
01-01 08:07:49.806 radio   600  1265 D REQ_THDS: get Channel1
01-01 08:07:49.806 radio   600  1265 D RILC    : RequestComplete, RIL_SOCKET_1
01-01 08:07:49.806 radio   600  1265 E RILC    : Calling responseFunction() for token 8
01-01 08:07:49.806 radio   600  1265 D RILC    : updateEcclistResponse: serial 8
01-01 08:07:49.806 radio   600  1265 D REQ_THDS: put Channel1
01-01 08:07:49.806 radio   600  1265 I REQ_THDS: -->CommandThread [1265] free one command
01-01 08:07:49.806 radio   891  1256 D RadioInteractor: [3656]< UPDATE_REAL_ECCLIST  [SUB0]
01-01 08:07:49.806 radio   891  1400 D RadioInteractor: [RadioInteractorHandler]  handleMessage msg.what:22
01-01 08:07:49.806 radio   891  1400 D RadioInteractor: [RadioInteractorHandler] handleMessage EVENT_REQUEST_UPDTAE_REAL_ECCLIST
01-01 08:07:49.806 radio   891  1400 D RadioInteractor: [RadioInteractorHandler] update real ecclist :success
01-01 08:07:49.809 radio   891   891 D SubscriptionController: [getSlotIndex]- subId invalid
01-01 08:07:49.811 radio   891  1708 D RadioInteractor: [RadioInteractor] RadioInteractorFactory:  com.android.sprd.telephony.RadioInteractorFactory@3d50987  RadioInteractorFactory class 241792448
01-01 08:07:49.811 radio   891  1710 D SubscriptionController: [getActiveSubInfoList] Sub Controller not ready
01-01 08:07:49.811 radio   891  1504 D SubscriptionController: [getActiveSubInfoList] Sub Controller not ready
01-01 08:07:49.812 radio   891  1708 D RadioInteractor: [RadioInteractor] [3657]> SET_SMS_BEARER type = 1
01-01 08:07:49.812 radio   891   891 D ImsManager: isVolteEnabledByPlatformForSlot() : bool.config_device_volte_available = true
01-01 08:07:49.812 radio   600   600 D RILC    : setSmsBearer: serial 9
01-01 08:07:49.813 radio   600  1273 D RIL     : onRequest: EXT_SET_SMS_BEARER radioState=3
01-01 08:07:49.813 radio   600  1273 D REQ_THDS: get Channel1
01-01 08:07:49.814 radio   600  1273 D RILC    : RequestComplete, RIL_SOCKET_1
01-01 08:07:49.814 radio   600  1273 E RILC    : Calling responseFunction() for token 9
01-01 08:07:49.814 radio   600  1273 D RILC    : setSmsBearerResponse: serial 9
01-01 08:07:49.814 radio   600  1273 D REQ_THDS: put Channel1
01-01 08:07:49.815 radio   600  1273 I REQ_THDS: -->CommandThread [1273] free one command
01-01 08:07:49.815 radio   891  1400 D RadioInteractor: [RadioInteractorHandler]  handleMessage msg.what:33
01-01 08:07:49.815 radio   891  1256 D RadioInteractor: [3657]< SET_SMS_BEARER  [SUB0]
01-01 08:07:49.815 radio   891  1400 D RadioInteractor: [RadioInteractorHandler] handleMessage EVENT_SET_SMS_BEARER_DONE
01-01 08:07:49.815 radio   891  1400 D RadioInteractor: [RadioInteractorHandler] set sms bearer:success
01-01 08:07:49.816 radio   891   891 D ImsManager: isVolteEnabledByPlatformForSlot() : KEY_CARRIER_VOLTE_AVAILABLE_BOOL = false
01-01 08:07:49.821 radio   891   905 D SubscriptionController: [getActiveSubInfoList] Sub Controller not ready
01-01 08:07:49.823 radio   891   891 D ImsManager: isVolteEnabledByPlatformForSlot() : isGbaValidForSlot() = true
01-01 08:07:49.823 radio   891   891 D ImsManager: isVolteEnabledByPlatformForSlot() : persist.sys.volte.enable = true
01-01 08:07:49.831 radio   891   891 D ImsManager: ImsManager isEnhanced4gLteModeSettingEnabledByUserForSlot mPhoneId = 0
01-01 08:07:49.834 radio   891   891 D ImsManager: updateVolteFeatureValue: available = true, enabled = true, nonTTY = true
01-01 08:07:49.835 radio   891   891 D ImsConfig: setFeatureValue: feature = 0, network =13, value =1, listener =com.android.internal.telephony.imsphone.ImsPhoneCallTracker$5@1be382d
01-01 08:07:49.835 radio   891   905 D SubscriptionController: [getActiveSubInfoList] Sub Controller not ready
01-01 08:07:49.836 radio   891   891 D SubscriptionController: [getDefaultDataSubId] subId= -1
01-01 08:07:49.836 radio   891   891 D ImsManager: updateImsServiceConfig() : primaryCardPhoneId = -1 | phoneId = 0
01-01 08:07:49.839 radio   891   891 D ImsManager: ImsManager isEnhanced4gLteModeSettingEnabledByUserForSlot mPhoneId = 0
01-01 08:07:49.842 radio   891   891 D ImsManager: updateVideoCallFeatureValue: available = false, enabled = true, nonTTY = true, data enabled = true
01-01 08:07:49.842 radio   891   891 D ImsConfig: setFeatureValue: feature = 1, network =13, value =0, listener =com.android.internal.telephony.imsphone.ImsPhoneCallTracker$5@1be382d
01-01 08:07:49.842 radio   891   891 D ImsManager: registrationFeatureCapabilityChanged :: serviceClass=1
01-01 08:07:49.842 radio   891   891 D ImsPhoneCallTracker: [ImsPhoneCallTracker] onFeatureCapabilityChanged
01-01 08:07:49.843 radio   891   891 D ImsManager: registrationDisconnected :: imsReasonInfoImsReasonInfo :: {0, 0, null}
01-01 08:07:49.843 radio   891   891 D ImsPhoneCallTracker: [ImsPhoneCallTracker] onImsDisconnected imsReasonInfo=ImsReasonInfo :: {0, 0, null}
01-01 08:07:49.843 radio   891   891 D ImsPhoneCallTracker: [ImsPhoneCallTracker] Resetting Capabilities...
01-01 08:07:49.843 radio   891   891 D ImsPhone: updateDataServiceState: defSs = {mVoiceRegState=1(OUT_OF_SERVICE), mDataRegState=1(OUT_OF_SERVICE), mVoiceRoamingType=home, mDataRoamingType=home, mVoiceOperatorAlphaLong=, mVoiceOperatorAlphaShort=, mDataOperatorAlphaLong=, mDataOperatorAlphaShort=, isManualNetworkSelection=false(automatic), mRilVoiceRadioTechnology=1(GPRS), mRilDataRadioTechnology=1(GPRS), mCssIndicator=unsupported, mNetworkId=-1, mSystemId=-1, mCdmaRoamingIndicator=-1, mCdmaDefaultRoamingIndicator=-1, mIsEmergencyOnly=true, mIsDataRoamingFromRegistration=false, mIsUsingCarrierAggregation=false, mLteEarfcnRsrpBoost=0} imsSs = {mVoiceRegState=1(OUT_OF_SERVICE), mDataRegState=1(OUT_OF_SERVICE), mVoiceRoamingType=home, mDataRoamingType=home, mVoiceOperatorAlphaLong=null, mVoiceOperatorAlphaShort=null, mDataOperatorAlphaLong=null, mDataOperatorAlphaShort=null, isManualNetworkSelection=false(automatic), mRilVoiceRadioTechnology=0(Unknown), mRilDataRadioTechnology=1(GPRS), mCssIndicator=unsupported, mNetworkId=-1, mSystemId=-1, mCdmaRoamingIndicator=-1, mCdmaDefaultRoamingIndicator=-1, mIsEmergencyOnly=false, mIsDataRoamingFromRegistration=false, mIsUsingCarrierAggregation=false, mLteEarfcnRsrpBoost=0}
01-01 08:07:49.844 radio   891   891 D TelephonyManager: setTelephonyProperty: success phoneId=0 property=gsm.sys.vowifi.state value: 0 propVal=0
01-01 08:07:49.847 radio   891   891 D ImsManager: updateImsServiceConfig() : isImsUsed = true
01-01 08:07:49.847 radio   891   891 D ImsManager: updateImsServiceConfig: turnOnIms : setEnhanced4gLteModeSettingForSlot
01-01 08:07:49.855 radio   891   891 D ImsManager: setEnhanced4gLteModeSettingForSlot isNotDualLteModem
01-01 08:07:49.855 radio   891   891 D ImsManager: setEnhanced4gLteModeSettingForSlot mPhoneId = 0 | value = 1
01-01 08:07:49.858 radio   891   891 D ImsManager: setLteFeatureValues: true
01-01 08:07:49.858 radio   891   891 D ImsConfig: setFeatureValue: feature = 0, network =13, value =1, listener =com.android.internal.telephony.imsphone.ImsPhoneCallTracker$5@1be382d
01-01 08:07:49.858 radio   891   891 D ImsManager: isVolteEnabledByPlatformForSlot() : bool.config_device_volte_available = true
01-01 08:07:49.860 radio   891   891 D ImsManager: isVolteEnabledByPlatformForSlot() : KEY_CARRIER_VOLTE_AVAILABLE_BOOL = false
01-01 08:07:49.862 radio   891   891 D ImsManager: isVolteEnabledByPlatformForSlot() : isGbaValidForSlot() = true
01-01 08:07:49.862 radio   891   891 D ImsManager: isVolteEnabledByPlatformForSlot() : persist.sys.volte.enable = true
01-01 08:07:49.865 radio   891   891 D ImsConfig: setFeatureValue: feature = 1, network =13, value =1, listener =com.android.internal.telephony.imsphone.ImsPhoneCallTracker$5@1be382d
01-01 08:07:49.866 radio   891   891 D ImsManager: registrationFeatureCapabilityChanged :: serviceClass=1
01-01 08:07:49.866 radio   891   891 D ImsPhoneCallTracker: [ImsPhoneCallTracker] onFeatureCapabilityChanged
01-01 08:07:49.866 radio   891   891 D ImsManager: registrationDisconnected :: imsReasonInfoImsReasonInfo :: {0, 0, null}
01-01 08:07:49.866 radio   891   891 D ImsPhoneCallTracker: [ImsPhoneCallTracker] onImsDisconnected imsReasonInfo=ImsReasonInfo :: {0, 0, null}
01-01 08:07:49.866 radio   891   891 D ImsPhoneCallTracker: [ImsPhoneCallTracker] Resetting Capabilities...
01-01 08:07:49.866 radio   891   891 D ImsPhone: updateDataServiceState: defSs = {mVoiceRegState=1(OUT_OF_SERVICE), mDataRegState=1(OUT_OF_SERVICE), mVoiceRoamingType=home, mDataRoamingType=home, mVoiceOperatorAlphaLong=, mVoiceOperatorAlphaShort=, mDataOperatorAlphaLong=, mDataOperatorAlphaShort=, isManualNetworkSelection=false(automatic), mRilVoiceRadioTechnology=1(GPRS), mRilDataRadioTechnology=1(GPRS), mCssIndicator=unsupported, mNetworkId=-1, mSystemId=-1, mCdmaRoamingIndicator=-1, mCdmaDefaultRoamingIndicator=-1, mIsEmergencyOnly=true, mIsDataRoamingFromRegistration=false, mIsUsingCarrierAggregation=false, mLteEarfcnRsrpBoost=0} imsSs = {mVoiceRegState=1(OUT_OF_SERVICE), mDataRegState=1(OUT_OF_SERVICE), mVoiceRoamingType=home, mDataRoamingType=home, mVoiceOperatorAlphaLong=null, mVoiceOperatorAlphaShort=null, mDataOperatorAlphaLong=null, mDataOperatorAlphaShort=null, isManualNetworkSelection=false(automatic), mRilVoiceRadioTechnology=0(Unknown), mRilDataRadioTechnology=1(GPRS), mCssIndicator=unsupported, mNetworkId=-1, mSystemId=-1, mCdmaRoamingIndicator=-1, mCdmaDefaultRoamingIndicator=-1, mIsEmergencyOnly=false, mIsDataRoamingFromRegistration=false, mIsUsingCarrierAggregation=false, mLteEarfcnRsrpBoost=0}
01-01 08:07:49.867 radio   891   891 D TelephonyManager: setTelephonyProperty: success phoneId=0 property=gsm.sys.vowifi.state value: 0 propVal=0
01-01 08:07:49.868 radio   891   891 D ImsManager: setAdvanced4GMode: turnOnIms
01-01 08:07:49.870 radio   891   891 D ImsRILJ : [3652]> RIL_REQUEST_SET_IMS_VOICE_CALL_AVAILABILITY [SUB0]
01-01 08:07:49.870 radio   600   600 D RILC    : setIMSVoiceCallAvailability: serial 4
01-01 08:07:49.871 radio   600   606 D RIL     : onRequest: SET_IMS_VOICE_CALL_AVAILABILITY radioState=3
01-01 08:07:49.871 radio   600   606 D REQ_THDS: get Channel1
01-01 08:07:49.871 radio   600   606 D RILC    : RequestComplete, RIL_SOCKET_1
01-01 08:07:49.871 radio   600   606 E RILC    : Calling responseFunction() for token 4
01-01 08:07:49.871 radio   600   606 D RILC    : setIMSVoiceCallAvailabilityResponse: serial 4
01-01 08:07:49.871 radio   600   606 D REQ_THDS: put Channel1
01-01 08:07:49.871 radio   600   606 I REQ_THDS: -->normalDispatch [606] free one command
01-01 08:07:49.872 radio   891   891 D GsmCdmaPhone: [GsmCdmaPhone] broadcastEmergencyCallStateChanges = false
01-01 08:07:49.872 radio   891   891 E GsmCdmaPhone: [GsmCdmaPhone] Invalid cdma_roaming_mode settings: -1
01-01 08:07:49.872 radio   891  1256 D ImsRILJ : [3652]< RIL_REQUEST_SET_IMS_VOICE_CALL_AVAILABILITY  [SUB0]
01-01 08:07:49.872 radio   891   891 D EriManager: loadEriFileFromXml: check for alternate file
01-01 08:07:49.872 radio   891   891 D EriManager: loadEriFileFromXml: no alternate file
01-01 08:07:49.875 radio   891   891 D EriManager: eriFile = eri.xml
01-01 08:07:49.884 radio   891   891 D EriManager: loadEriFileFromXml: eri parsing successful, file loaded. ver = 1357, # of entries = 176
01-01 08:07:49.884 radio   891   891 D GsmCdmaPhone: [GsmCdmaPhone] ERI read, notify registrants
01-01 08:07:49.884 radio   891   891 D GsmCdmaPhone: mBroadcastReceiver: action android.telephony.action.CARRIER_CONFIG_CHANGED
01-01 08:07:49.890 radio   891   891 D CarrierSignalAgent: [0]CarrierSignalAgent receiver action: android.telephony.action.CARRIER_CONFIG_CHANGED
01-01 08:07:49.892 radio   891   891 D CarrierSignalAgent: [0]Loading carrier config: carrier_app_wake_signal_config
01-01 08:07:49.892 radio   891   891 D CarrierSignalAgent: [0]Loading carrier config: carrier_app_no_wake_signal_config
01-01 08:07:49.897 radio   891   891 I CSST    : reading time to delay notification emergency: -1
01-01 08:07:49.897 radio   891   891 I CSST    : reading time to delay notification emergency: -1
01-01 08:07:49.897 radio   891   891 I CSST    : PrefNetworkNotification: sendMessage() w/values: ,false,-1,false,true
01-01 08:07:49.897 radio   891   891 I CSST    : canceling notifications: 1000
01-01 08:07:49.897 radio   891   891 D Phone   : isWifiCallingEnabled =false
01-01 08:07:49.897 radio   891   891 D CSST    : isPhoneRegisteredForWifiCalling: false
01-01 08:07:49.897 radio   891   891 D Phone   : isWifiCallingEnabled =false
01-01 08:07:49.897 radio   891   891 I CSST    : EmergencyNetworkNotification: sendMessage() w/values: ,false,-1,false,true
01-01 08:07:49.898 radio   891   891 I CSST    : canceling notifications: 1001
01-01 08:07:49.899 radio   891   891 D ImsPhoneCallTracker: [ImsPhoneCallTracker] No carrier ImsReasonInfo mappings defined.
01-01 08:07:49.899 radio   891   891 D ImsPhoneCallTracker: [ImsPhoneCallTracker] onReceive : Updating mAllowEmergencyVideoCalls = false
01-01 08:07:49.901 radio   891   891 D ImsPhoneCallTracker: [ImsPhoneCallTracker] handleMessage what=26
01-01 08:07:49.901 radio   891   891 D ImsPhoneCallTracker: [ImsPhoneCallTracker] handleFeatureCapabilityChanged: VoLTE:false ViLTE:false VoWiFi:false ViWiFi:false UTLTE:false UTWiFi:false  isVideoEnabledStateChanged=false
01-01 08:07:49.904 radio   891   891 D ImsPhoneCallTracker: [ImsPhoneCallTracker] isUsim = false
01-01 08:07:49.904 radio   891  1715 D RadioInteractor: [RadioInteractor] RadioInteractorFactory:  com.android.sprd.telephony.RadioInteractorFactory@3d50987  RadioInteractorFactory class 241792448
01-01 08:07:49.905 radio   891  1716 D SubscriptionController: [getActiveSubInfoList] Sub Controller not ready
01-01 08:07:49.906 radio   891   891 D ImsPhoneCallTracker: [ImsPhoneCallTracker] Rat from configure file is 0
01-01 08:07:49.906 radio   891  1715 D RadioInteractor: [RadioInteractor] [3658]> UPDATE_REAL_ECCLIST ecclist = 112,911,000,08,110,118,119,999
01-01 08:07:49.906 radio   891   891 D ImsPhoneCallTracker: [ImsPhoneCallTracker] handleFeatureCapabilityChanged: isVolteEnabled=false, isVideoCallEnabled=false, isVowifiEnabled=false, isUtEnabled=false
01-01 08:07:49.906 radio   600   600 D RILC    : updateEcclist: serial 10
01-01 08:07:49.906 radio   600  1269 D RIL     : onRequest: UPDATE_ECCLIST radioState=3
01-01 08:07:49.906 radio   600  1269 D REQ_THDS: get Channel1
01-01 08:07:49.906 radio   600  1269 D RILC    : RequestComplete, RIL_SOCKET_1
01-01 08:07:49.906 radio   600  1269 E RILC    : Calling responseFunction() for token 10
01-01 08:07:49.906 radio   600  1269 D RILC    : updateEcclistResponse: serial 10
01-01 08:07:49.906 radio   600  1269 D REQ_THDS: put Channel1
01-01 08:07:49.906 radio   600  1269 I REQ_THDS: -->CommandThread [1269] free one command
01-01 08:07:49.907 radio   891  1400 D RadioInteractor: [RadioInteractorHandler]  handleMessage msg.what:22
01-01 08:07:49.907 radio   891  1256 D RadioInteractor: [3658]< UPDATE_REAL_ECCLIST  [SUB0]
01-01 08:07:49.907 radio   891  1400 D RadioInteractor: [RadioInteractorHandler] handleMessage EVENT_REQUEST_UPDTAE_REAL_ECCLIST
01-01 08:07:49.907 radio   891  1400 D RadioInteractor: [RadioInteractorHandler] update real ecclist :success
01-01 08:07:49.908 radio   891   891 D SubscriptionController: [getSlotIndex]- subId invalid
01-01 08:07:49.916 radio   891  1715 D RadioInteractor: [RadioInteractor] RadioInteractorFactory:  com.android.sprd.telephony.RadioInteractorFactory@3d50987  RadioInteractorFactory class 241792448
01-01 08:07:49.916 radio   891  1715 D RadioInteractor: [RadioInteractor] [3659]> SET_SMS_BEARER type = 1
01-01 08:07:49.917 radio   600   600 D RILC    : setSmsBearer: serial 11
01-01 08:07:49.918 radio   891   891 D ImsManager: isVolteEnabledByPlatformForSlot() : bool.config_device_volte_available = true
01-01 08:07:49.918 radio   600  1265 D RIL     : onRequest: EXT_SET_SMS_BEARER radioState=3
01-01 08:07:49.918 radio   600  1265 D REQ_THDS: get Channel1
01-01 08:07:49.918 radio   600  1265 D RILC    : RequestComplete, RIL_SOCKET_1
01-01 08:07:49.918 radio   600  1265 E RILC    : Calling responseFunction() for token 11
01-01 08:07:49.918 radio   600  1265 D RILC    : setSmsBearerResponse: serial 11
01-01 08:07:49.918 radio   600  1265 D REQ_THDS: put Channel1
01-01 08:07:49.918 radio   600  1265 I REQ_THDS: -->CommandThread [1265] free one command
01-01 08:07:49.919 radio   891  1400 D RadioInteractor: [RadioInteractorHandler]  handleMessage msg.what:33
01-01 08:07:49.919 radio   891  1256 D RadioInteractor: [3659]< SET_SMS_BEARER  [SUB0]
01-01 08:07:49.919 radio   891  1400 D RadioInteractor: [RadioInteractorHandler] handleMessage EVENT_SET_SMS_BEARER_DONE
01-01 08:07:49.919 radio   891  1400 D RadioInteractor: [RadioInteractorHandler] set sms bearer:success
01-01 08:07:49.919 radio   891   891 D ImsManager: isVolteEnabledByPlatformForSlot() : KEY_CARRIER_VOLTE_AVAILABLE_BOOL = false
01-01 08:07:49.921 radio   891   891 D ImsManager: isVolteEnabledByPlatformForSlot() : isGbaValidForSlot() = true
01-01 08:07:49.921 radio   891   891 D ImsManager: isVolteEnabledByPlatformForSlot() : persist.sys.volte.enable = true
01-01 08:07:49.924 radio   891   891 D ImsManager: ImsManager isEnhanced4gLteModeSettingEnabledByUserForSlot mPhoneId = 0
01-01 08:07:49.925 radio   891   891 D ImsManager: updateVolteFeatureValue: available = true, enabled = true, nonTTY = true
01-01 08:07:49.925 radio   891   891 D ImsConfig: setFeatureValue: feature = 0, network =13, value =1, listener =com.android.internal.telephony.imsphone.ImsPhoneCallTracker$5@1be382d
01-01 08:07:49.926 radio   891   891 D SubscriptionController: [getDefaultDataSubId] subId= -1
01-01 08:07:49.926 radio   891   891 D ImsManager: updateImsServiceConfig() : primaryCardPhoneId = -1 | phoneId = 0
01-01 08:07:49.928 radio   891   891 D ImsManager: ImsManager isEnhanced4gLteModeSettingEnabledByUserForSlot mPhoneId = 0
01-01 08:07:49.930 radio   891   891 D ImsManager: updateVideoCallFeatureValue: available = false, enabled = true, nonTTY = true, data enabled = true
01-01 08:07:49.930 radio   891   891 D ImsConfig: setFeatureValue: feature = 1, network =13, value =0, listener =com.android.internal.telephony.imsphone.ImsPhoneCallTracker$5@1be382d
01-01 08:07:49.931 radio   891   891 D ImsManager: registrationFeatureCapabilityChanged :: serviceClass=1
01-01 08:07:49.931 radio   891   891 D ImsPhoneCallTracker: [ImsPhoneCallTracker] onFeatureCapabilityChanged
01-01 08:07:49.931 radio   891   891 D ImsManager: registrationDisconnected :: imsReasonInfoImsReasonInfo :: {0, 0, null}
01-01 08:07:49.931 radio   891   891 D ImsPhoneCallTracker: [ImsPhoneCallTracker] onImsDisconnected imsReasonInfo=ImsReasonInfo :: {0, 0, null}
01-01 08:07:49.931 radio   891   891 D ImsPhoneCallTracker: [ImsPhoneCallTracker] Resetting Capabilities...
01-01 08:07:49.931 radio   891   891 D ImsPhone: updateDataServiceState: defSs = {mVoiceRegState=1(OUT_OF_SERVICE), mDataRegState=1(OUT_OF_SERVICE), mVoiceRoamingType=home, mDataRoamingType=home, mVoiceOperatorAlphaLong=, mVoiceOperatorAlphaShort=, mDataOperatorAlphaLong=, mDataOperatorAlphaShort=, isManualNetworkSelection=false(automatic), mRilVoiceRadioTechnology=1(GPRS), mRilDataRadioTechnology=1(GPRS), mCssIndicator=unsupported, mNetworkId=-1, mSystemId=-1, mCdmaRoamingIndicator=-1, mCdmaDefaultRoamingIndicator=-1, mIsEmergencyOnly=true, mIsDataRoamingFromRegistration=false, mIsUsingCarrierAggregation=false, mLteEarfcnRsrpBoost=0} imsSs = {mVoiceRegState=1(OUT_OF_SERVICE), mDataRegState=1(OUT_OF_SERVICE), mVoiceRoamingType=home, mDataRoamingType=home, mVoiceOperatorAlphaLong=null, mVoiceOperatorAlphaShort=null, mDataOperatorAlphaLong=null, mDataOperatorAlphaShort=null, isManualNetworkSelection=false(automatic), mRilVoiceRadioTechnology=0(Unknown), mRilDataRadioTechnology=1(GPRS), mCssIndicator=unsupported, mNetworkId=-1, mSystemId=-1, mCdmaRoamingIndicator=-1, mCdmaDefaultRoamingIndicator=-1, mIsEmergencyOnly=false, mIsDataRoamingFromRegistration=false, mIsUsingCarrierAggregation=false, mLteEarfcnRsrpBoost=0}
01-01 08:07:49.931 radio   891   891 D TelephonyManager: setTelephonyProperty: success phoneId=0 property=gsm.sys.vowifi.state value: 0 propVal=0
01-01 08:07:49.932 radio   891   891 D ImsManager: updateImsServiceConfig() : isImsUsed = true
01-01 08:07:49.932 radio   891   891 D ImsManager: updateImsServiceConfig: turnOnIms : setEnhanced4gLteModeSettingForSlot
01-01 08:07:49.933 radio   891   891 D ImsManager: setEnhanced4gLteModeSettingForSlot isNotDualLteModem
01-01 08:07:49.933 radio   891   891 D ImsManager: setEnhanced4gLteModeSettingForSlot mPhoneId = 0 | value = 1
01-01 08:07:49.934 radio   891   891 D ImsManager: setLteFeatureValues: true
01-01 08:07:49.934 radio   891   891 D ImsConfig: setFeatureValue: feature = 0, network =13, value =1, listener =com.android.internal.telephony.imsphone.ImsPhoneCallTracker$5@1be382d
01-01 08:07:49.935 radio   891   891 D ImsManager: isVolteEnabledByPlatformForSlot() : bool.config_device_volte_available = true
01-01 08:07:49.940 radio   891   891 D ImsManager: isVolteEnabledByPlatformForSlot() : KEY_CARRIER_VOLTE_AVAILABLE_BOOL = false
01-01 08:07:49.941 radio   891   891 D ImsManager: isVolteEnabledByPlatformForSlot() : isGbaValidForSlot() = true
01-01 08:07:49.942 radio   891   891 D ImsManager: isVolteEnabledByPlatformForSlot() : persist.sys.volte.enable = true
01-01 08:07:49.946 radio   891   891 D ImsConfig: setFeatureValue: feature = 1, network =13, value =1, listener =com.android.internal.telephony.imsphone.ImsPhoneCallTracker$5@1be382d
01-01 08:07:49.946 radio   891   891 D ImsManager: registrationFeatureCapabilityChanged :: serviceClass=1
01-01 08:07:49.947 radio   891   891 D ImsPhoneCallTracker: [ImsPhoneCallTracker] onFeatureCapabilityChanged
01-01 08:07:49.947 radio   891   891 D ImsManager: registrationDisconnected :: imsReasonInfoImsReasonInfo :: {0, 0, null}
01-01 08:07:49.947 radio   891   891 D ImsPhoneCallTracker: [ImsPhoneCallTracker] onImsDisconnected imsReasonInfo=ImsReasonInfo :: {0, 0, null}
01-01 08:07:49.947 radio   891   891 D ImsPhoneCallTracker: [ImsPhoneCallTracker] Resetting Capabilities...
01-01 08:07:49.947 radio   891   891 D ImsPhone: updateDataServiceState: defSs = {mVoiceRegState=1(OUT_OF_SERVICE), mDataRegState=1(OUT_OF_SERVICE), mVoiceRoamingType=home, mDataRoamingType=home, mVoiceOperatorAlphaLong=, mVoiceOperatorAlphaShort=, mDataOperatorAlphaLong=, mDataOperatorAlphaShort=, isManualNetworkSelection=false(automatic), mRilVoiceRadioTechnology=1(GPRS), mRilDataRadioTechnology=1(GPRS), mCssIndicator=unsupported, mNetworkId=-1, mSystemId=-1, mCdmaRoamingIndicator=-1, mCdmaDefaultRoamingIndicator=-1, mIsEmergencyOnly=true, mIsDataRoamingFromRegistration=false, mIsUsingCarrierAggregation=false, mLteEarfcnRsrpBoost=0} imsSs = {mVoiceRegState=1(OUT_OF_SERVICE), mDataRegState=1(OUT_OF_SERVICE), mVoiceRoamingType=home, mDataRoamingType=home, mVoiceOperatorAlphaLong=null, mVoiceOperatorAlphaShort=null, mDataOperatorAlphaLong=null, mDataOperatorAlphaShort=null, isManualNetworkSelection=false(automatic), mRilVoiceRadioTechnology=0(Unknown), mRilDataRadioTechnology=1(GPRS), mCssIndicator=unsupported, mNetworkId=-1, mSystemId=-1, mCdmaRoamingIndicator=-1, mCdmaDefaultRoamingIndicator=-1, mIsEmergencyOnly=false, mIsDataRoamingFromRegistration=false, mIsUsingCarrierAggregation=false, mLteEarfcnRsrpBoost=0}
01-01 08:07:49.947 radio   891   891 D TelephonyManager: setTelephonyProperty: success phoneId=0 property=gsm.sys.vowifi.state value: 0 propVal=0
01-01 08:07:49.948 radio   891   891 D ImsManager: setAdvanced4GMode: turnOnIms
01-01 08:07:49.949 radio   891   891 D ImsRILJ : [3653]> RIL_REQUEST_SET_IMS_VOICE_CALL_AVAILABILITY [SUB0]
01-01 08:07:49.949 radio   600   600 D RILC    : setIMSVoiceCallAvailability: serial 5
01-01 08:07:49.949 radio   600   606 D RIL     : onRequest: SET_IMS_VOICE_CALL_AVAILABILITY radioState=3
01-01 08:07:49.949 radio   600   606 D REQ_THDS: get Channel1
01-01 08:07:49.950 radio   600   606 D RILC    : RequestComplete, RIL_SOCKET_1
01-01 08:07:49.950 radio   600   606 E RILC    : Calling responseFunction() for token 5
01-01 08:07:49.950 radio   600   606 D RILC    : setIMSVoiceCallAvailabilityResponse: serial 5
01-01 08:07:49.950 radio   600   606 D REQ_THDS: put Channel1
01-01 08:07:49.950 radio   600   606 I REQ_THDS: -->normalDispatch [606] free one command
01-01 08:07:49.950 radio   891   891 D GsmCdmaPhone: [GsmCdmaPhone] broadcastEmergencyCallStateChanges = false
01-01 08:07:49.950 radio   891   891 E GsmCdmaPhone: [GsmCdmaPhone] Invalid cdma_roaming_mode settings: -1
01-01 08:07:49.950 radio   891   891 D EriManager: loadEriFileFromXml: check for alternate file
01-01 08:07:49.950 radio   891  1256 D ImsRILJ : [3653]< RIL_REQUEST_SET_IMS_VOICE_CALL_AVAILABILITY  [SUB0]
01-01 08:07:49.950 radio   891   891 D EriManager: loadEriFileFromXml: no alternate file
01-01 08:07:49.951 radio   891   891 D EriManager: eriFile = eri.xml
01-01 08:07:49.956 radio   891   891 D EriManager: loadEriFileFromXml: eri parsing successful, file loaded. ver = 1357, # of entries = 176
01-01 08:07:49.956 radio   891   891 D GsmCdmaPhone: [GsmCdmaPhone] ERI read, notify registrants
01-01 08:07:49.956 radio   891   891 D SST     : EVENT_IMS_CAPABILITY_CHANGED
01-01 08:07:49.956 radio   891   891 D SST     : updateSpnDisplay: radio is on but out of service, set plmn='???¨¨????¡§?????¡ì????????????¨¨??'
01-01 08:07:49.957 radio   891   891 D ImsPhoneCallTracker: [ImsPhoneCallTracker] handleMessage what=26
01-01 08:07:49.957 radio   891   891 D ImsPhoneCallTracker: [ImsPhoneCallTracker] handleFeatureCapabilityChanged: VoLTE:false ViLTE:false VoWiFi:false ViWiFi:false UTLTE:false UTWiFi:false  isVideoEnabledStateChanged=false
01-01 08:07:49.958 radio   891   891 D ImsPhoneCallTracker: [ImsPhoneCallTracker] isUsim = false
01-01 08:07:49.960 radio   891   891 D ImsPhoneCallTracker: [ImsPhoneCallTracker] Rat from configure file is 0
01-01 08:07:49.960 radio   891   891 D ImsPhoneCallTracker: [ImsPhoneCallTracker] handleFeatureCapabilityChanged: isVolteEnabled=false, isVideoCallEnabled=false, isVowifiEnabled=false, isUtEnabled=false
01-01 08:07:49.960 radio   891   891 D SST     : EVENT_IMS_CAPABILITY_CHANGED
01-01 08:07:49.960 radio   891   891 D SST     : updateSpnDisplay: radio is on but out of service, set plmn='???¨¨????¡§?????¡ì????????????¨¨??'
01-01 08:07:59.079 radio   891   891 E SmsApplication: com.sprd.preload does not have system signature
01-01 08:07:59.110 radio   891   891 E SmsApplication: com.sprd.preload does not have system signature
01-01 08:08:00.502 radio   891  1500 D SubscriptionController: [getSlotIndex]- subId invalid
01-01 08:08:04.933 radio   891  1500 I chatty  : uid=1001(radio) Binder:891_6 identical 23 lines
01-01 08:08:05.136 radio   891  1500 D SubscriptionController: [getSlotIndex]- subId invalid
01-01 08:08:05.207 radio   891  1500 D SubscriptionController: [getPhoneId] asked for default subId=-1
01-01 08:08:05.338 radio   891  1500 D SubscriptionController: [getSlotIndex]- subId invalid
01-01 08:08:05.743 radio   891  1500 I chatty  : uid=1001(radio) Binder:891_6 identical 2 lines
01-01 08:08:05.946 radio   891  1500 D SubscriptionController: [getSlotIndex]- subId invalid
01-01 08:08:06.152 radio   891  1372 D SubscriptionController: [getSlotIndex]- subId invalid
01-01 08:08:09.155 radio   891  1372 I chatty  : uid=1001(radio) Binder:891_4 identical 13 lines
01-01 08:08:09.395 radio   891  1372 D SubscriptionController: [getSlotIndex]- subId invalid
01-01 08:08:09.418  1000  1813  1813 D ATCI    : sendATCmd > AT Command 'AT+SPLOGLEVEL=1,0,"FFFFFFFFFFFFFFFFFFFFFFFFFFFFFFFF","FFFFFFFFFFFFFFFFFFFFFFFFFFFFFFFFFFFFFFFFFFFFFFFFFFFFFFFFFFFFFFFF"'. phoneId = 0. simCount = 1
