05-18 12:38:41.787  1041  2982  6475 W StreamHAL: Error from HAL stream in function get_presentation_position: Operation not permitted
05-18 12:38:41.798  1041  2982  6475 W StreamHAL: Error from HAL stream in function get_presentation_position: Operation not permitted
05-18 12:38:41.809  1041  2982  6475 W StreamHAL: Error from HAL stream in function get_presentation_position: Operation not permitted
05-18 12:38:41.812  1000  3369  3392 I chatty  : uid=1000(system) android.display expire 4 lines
05-18 12:38:41.814 10080  8961  8982 I gralloc : gralloc_unregister_buffer hnd=0xdd4df840, share_fd=58, share_attr_fd=59, magic=51647890, format=1, internal_format=1, byte_stride=1280, flags=4, usage=0xb00, size=494080, width=320, height=386, internalWidth=320, internalHeight=386, stride=320, base=0xcdb8e000, writeOwner=0, attr_base=0xffffffff, yuv_info=1, fd=-1, buf_idx=0, offset=0, min_pgsz=4096, phyaddr=0
05-18 12:38:41.815 10080  8961  8982 I gralloc : gralloc_unregister_buffer hnd=0xdd4df300, share_fd=54, share_attr_fd=60, magic=51647890, format=1, internal_format=1, byte_stride=1280, flags=4, usage=0xb00, size=494080, width=320, height=386, internalWidth=320, internalHeight=386, stride=320, base=0xcdb15000, writeOwner=0, attr_base=0xffffffff, yuv_info=1, fd=-1, buf_idx=0, offset=0, min_pgsz=4096, phyaddr=0
05-18 12:38:41.815 10080  8961  8982 I gralloc : gralloc_unregister_buffer hnd=0xdd4df6c0, share_fd=55, share_attr_fd=57, magic=51647890, format=1, internal_format=1, byte_stride=1280, flags=4, usage=0xb00, size=494080, width=320, height=386, internalWidth=320, internalHeight=386, stride=320, base=0xcdc07000, writeOwner=0, attr_base=0xffffffff, yuv_info=1, fd=-1, buf_idx=0, offset=0, min_pgsz=4096, phyaddr=0
05-18 12:38:41.815 10080  8961  8982 W libEGL  : EGLNativeWindowType 0xcdc93808 disconnect failed
05-18 12:38:41.820  1041  2982  6475 W StreamHAL: Error from HAL stream in function get_presentation_position: Operation not permitted
05-18 12:38:41.830  1041  2982  6475 W StreamHAL: Error from HAL stream in function get_presentation_position: Operation not permitted
05-18 12:38:41.837  1058  3084  3084 I /system/bin/tombstoned: received crash request for pid 4573
05-18 12:38:41.837  1058  3084  3084 I /system/bin/tombstoned: found intercept fd 512 for pid 4573 and type kDebuggerdJavaBacktrace
05-18 12:38:41.838  root 10516 10516 I /system/bin/dumpstate: libdebuggerd_client: done dumping process 4573
05-18 12:38:41.839  root 10516 10516 I /system/bin/dumpstate: libdebuggerd_client: started dumping process 4603
05-18 12:38:41.840  1058  3084  3084 I /system/bin/tombstoned: registered intercept for pid 4603 and type kDebuggerdJavaBacktrace
05-18 12:38:41.840 10075  4603  4610 I zygote64: Thread[3,tid=4610,WaitingInMainSignalCatcherLoop,Thread*=0x70098bf400,peer=0x12c80218,"Signal Catcher"]: reacting to signal 3
05-18 12:38:41.840  1000  4573  4581 I zygote64: Wrote stack traces to '[tombstoned]'
05-18 12:38:41.840 10075  4603  4610 I zygote64: 
05-18 12:38:41.841  1041  2982  6475 W StreamHAL: Error from HAL stream in function get_presentation_position: Operation not permitted
05-18 12:38:41.852  1041  2982  6475 W StreamHAL: Error from HAL stream in function get_presentation_position: Operation not permitted
05-18 12:38:41.863  1041  2982  6475 W StreamHAL: Error from HAL stream in function get_presentation_position: Operation not permitted
05-18 12:38:41.869 shell 10082 10082 I Monkey  : :Sending Trackball (ACTION_MOVE): 0:(-4.0,-3.0)
05-18 12:38:41.875  1041  2982  6475 W StreamHAL: Error from HAL stream in function get_presentation_position: Operation not permitted
05-18 12:38:41.880 shell 10352 10352 I Monkey  : :Sending Trackball (ACTION_MOVE): 0:(3.0,2.0)
05-18 12:38:41.886  1041  2982  6475 W StreamHAL: Error from HAL stream in function get_presentation_position: Operation not permitted
05-18 12:38:41.897  1041  2982  6475 W StreamHAL: Error from HAL stream in function get_presentation_position: Operation not permitted
05-18 12:38:41.908  1041  2982  6475 W StreamHAL: Error from HAL stream in function get_presentation_position: Operation not permitted
05-18 12:38:41.919  1041  2982  6475 W StreamHAL: Error from HAL stream in function get_presentation_position: Operation not permitted
05-18 12:38:41.929  1041  2982  6475 W StreamHAL: Error from HAL stream in function get_presentation_position: Operation not permitted
05-18 12:38:41.940  1041  2982  6475 W StreamHAL: Error from HAL stream in function get_presentation_position: Operation not permitted
05-18 12:38:41.948  1058  3084  3084 I /system/bin/tombstoned: received crash request for pid 4603
05-18 12:38:41.948  1058  3084  3084 I /system/bin/tombstoned: found intercept fd 512 for pid 4603 and type kDebuggerdJavaBacktrace
05-18 12:38:41.949 10075  4603  4610 I zygote64: Wrote stack traces to '[tombstoned]'
05-18 12:38:41.949  root 10516 10516 I /system/bin/dumpstate: libdebuggerd_client: done dumping process 4603
05-18 12:38:41.949  root 10516 10516 I /system/bin/dumpstate: libdebuggerd_client: started dumping process 4649
05-18 12:38:41.950  1058  3084  3084 I /system/bin/tombstoned: registered intercept for pid 4649 and type kDebuggerdJavaBacktrace
05-18 12:38:41.950  1000  4649  4670 I zygote64: Thread[3,tid=4670,WaitingInMainSignalCatcherLoop,Thread*=0x70098bf400,peer=0x12d00278,"Signal Catcher"]: reacting to signal 3
05-18 12:38:41.950  1000  4649  4670 I zygote64: 
05-18 12:38:41.951  1041  2982  6475 W StreamHAL: Error from HAL stream in function get_presentation_position: Operation not permitted
05-18 12:38:41.962  1041  2982  6475 W StreamHAL: Error from HAL stream in function get_presentation_position: Operation not permitted
05-18 12:38:41.972  1041  2982  6475 W StreamHAL: Error from HAL stream in function get_presentation_position: Operation not permitted
05-18 12:38:41.977 shell 10352 10352 I Monkey  : :Sending Touch (ACTION_DOWN): 0:(164.0,231.0)
05-18 12:38:41.983  1041  2982  6475 W StreamHAL: Error from HAL stream in function get_presentation_position: Operation not permitted
05-18 12:38:41.994  1041  2982  6475 W StreamHAL: Error from HAL stream in function get_presentation_position: Operation not permitted
05-18 12:38:41.994 shell  8720  8720 I Monkey  : :Sending Trackball (ACTION_MOVE): 0:(0.0,-5.0)
05-18 12:38:41.996 shell 10352 10352 I Monkey  : :Sending Touch (ACTION_UP): 0:(162.59198,212.43158)
05-18 12:38:42.005  1041  2982  6475 W StreamHAL: Error from HAL stream in function get_presentation_position: Operation not permitted
05-18 12:38:42.014 shell 10352 10352 I Monkey  : :Sending Flip keyboardOpen=true
05-18 12:38:42.015 shell 10352 10352 I Monkey  : Got IOException performing flipjava.io.IOException: write failed: EINVAL (Invalid argument)
05-18 12:38:42.015 shell 10352 10352 I Monkey  :     // Injection Failed
05-18 12:38:42.015  1041  2982  6475 W StreamHAL: Error from HAL stream in function get_presentation_position: Operation not permitted
05-18 12:38:42.018 shell 10352 10352 I Monkey  : :Sending Touch (ACTION_DOWN): 0:(78.0,6.0)
05-18 12:38:42.026  1041  2982  6475 W StreamHAL: Error from HAL stream in function get_presentation_position: Operation not permitted
05-18 12:38:42.032  1058  3084  3084 I /system/bin/tombstoned: received crash request for pid 4649
05-18 12:38:42.032  1058  3084  3084 I /system/bin/tombstoned: found intercept fd 512 for pid 4649 and type kDebuggerdJavaBacktrace
05-18 12:38:42.032  1000  4649  4670 I zygote64: Wrote stack traces to '[tombstoned]'
05-18 12:38:42.033  root 10516 10516 I /system/bin/dumpstate: libdebuggerd_client: done dumping process 4649
05-18 12:38:42.033  root 10516 10516 I /system/bin/dumpstate: libdebuggerd_client: started dumping process 4689
05-18 12:38:42.034  1058  3084  3084 I /system/bin/tombstoned: registered intercept for pid 4689 and type kDebuggerdJavaBacktrace
05-18 12:38:42.034 10069  4689  4700 I zygote64: Thread[3,tid=4700,WaitingInMainSignalCatcherLoop,Thread*=0x70098bf400,peer=0x12c80218,"Signal Catcher"]: reacting to signal 3
05-18 12:38:42.034 shell 10352 10352 I Monkey  : :Sending Touch (ACTION_UP): 0:(79.63925,0.0)
05-18 12:38:42.034 10069  4689  4700 I zygote64: 
05-18 12:38:42.037  1041  2982  6475 W StreamHAL: Error from HAL stream in function get_presentation_position: Operation not permitted
05-18 12:38:42.045 shell 10082 10082 I Monkey  : :Sending Touch (ACTION_DOWN): 0:(201.0,179.0)
05-18 12:38:42.048  1041  2982  6475 W StreamHAL: Error from HAL stream in function get_presentation_position: Operation not permitted
05-18 12:38:42.059  1041  2982  6475 W StreamHAL: Error from HAL stream in function get_presentation_position: Operation not permitted
05-18 12:38:42.068 shell 10082 10082 I Monkey  : :Sending Touch (ACTION_UP): 0:(203.83304,194.75163)
05-18 12:38:42.069  1041  2982  6475 W StreamHAL: Error from HAL stream in function get_presentation_position: Operation not permitted
05-18 12:38:42.079 shell 10082 10082 I Monkey  : :Sending Touch (ACTION_DOWN): 0:(10.0,134.0)
05-18 12:38:42.080  1041  2982  6475 W StreamHAL: Error from HAL stream in function get_presentation_position: Operation not permitted
05-18 12:38:42.091  1041  2982  6475 W StreamHAL: Error from HAL stream in function get_presentation_position: Operation not permitted
05-18 12:38:42.102  1041  2982  6475 W StreamHAL: Error from HAL stream in function get_presentation_position: Operation not permitted
05-18 12:38:42.113  1041  2982  6475 W StreamHAL: Error from HAL stream in function get_presentation_position: Operation not permitted
05-18 12:38:42.113 10020  4188  7434 D KeyguardViewMediator: setKeyguardEnabled(true)
05-18 12:38:42.123  1058  3084  3084 I /system/bin/tombstoned: received crash request for pid 4689
05-18 12:38:42.123  1058  3084  3084 I /system/bin/tombstoned: found intercept fd 512 for pid 4689 and type kDebuggerdJavaBacktrace
05-18 12:38:42.123  1041  2982  6475 W StreamHAL: Error from HAL stream in function get_presentation_position: Operation not permitted
05-18 12:38:42.124 10069  4689  4700 I zygote64: Wrote stack traces to '[tombstoned]'
05-18 12:38:42.124  root 10516 10516 I /system/bin/dumpstate: libdebuggerd_client: done dumping process 4689
05-18 12:38:42.124  root 10516 10516 I /system/bin/dumpstate: libdebuggerd_client: started dumping process 4847
05-18 12:38:42.125  1058  3084  3084 I /system/bin/tombstoned: registered intercept for pid 4847 and type kDebuggerdJavaBacktrace
05-18 12:38:42.125 u0_a8  4847  4853 I zygote64: Thread[3,tid=4853,WaitingInMainSignalCatcherLoop,Thread*=0x70098bf400,peer=0x12c80218,"Signal Catcher"]: reacting to signal 3
05-18 12:38:42.125 u0_a8  4847  4853 I zygote64: 
05-18 12:38:42.128 shell  8720  8720 I Monkey  : :Sending Flip keyboardOpen=false
05-18 12:38:42.129 shell 10082 10082 I Monkey  : :Sending Touch (ACTION_UP): 0:(6.4613304,130.99742)
05-18 12:38:42.130 shell  8720  8720 I Monkey  : Got IOException performing flipjava.io.IOException: write failed: EINVAL (Invalid argument)
05-18 12:38:42.134  1041  2982  6475 W StreamHAL: Error from HAL stream in function get_presentation_position: Operation not permitted
05-18 12:38:42.136 shell  8720  8720 I Monkey  :     // Injection Failed
05-18 12:38:42.139  1000  3369  9723 I chatty  : uid=1000(system) Binder:3369_1C expire 14 lines
05-18 12:38:42.145  1041  2982  6475 W StreamHAL: Error from HAL stream in function get_presentation_position: Operation not permitted
05-18 12:38:42.156  1041  2982  6475 W StreamHAL: Error from HAL stream in function get_presentation_position: Operation not permitted
05-18 12:38:42.167 shell  8720  8720 I Monkey  : :Sending Trackball (ACTION_MOVE): 0:(-5.0,-5.0)
05-18 12:38:42.167  1041  2982  6475 W StreamHAL: Error from HAL stream in function get_presentation_position: Operation not permitted
05-18 12:38:42.176 shell 10082 10082 I Monkey  : :Sending Touch (ACTION_DOWN): 0:(129.0,203.0)
05-18 12:38:42.177  1041  2982  6475 W StreamHAL: Error from HAL stream in function get_presentation_position: Operation not permitted
05-18 12:38:42.188  1041  2982  6475 W StreamHAL: Error from HAL stream in function get_presentation_position: Operation not permitted
05-18 12:38:42.194 shell 10082 10082 I Monkey  : :Sending Touch (ACTION_UP): 0:(129.3123,206.21445)
05-18 12:38:42.199  1041  2982  6475 W StreamHAL: Error from HAL stream in function get_presentation_position: Operation not permitted
05-18 12:38:42.204 shell 10082 10082 I Monkey  : :Sending Touch (ACTION_DOWN): 0:(170.0,128.0)
05-18 12:38:42.210  1041  2982  6475 W StreamHAL: Error from HAL stream in function get_presentation_position: Operation not permitted
05-18 12:38:42.219 shell 10082 10082 I Monkey  : :Sending Touch (ACTION_UP): 0:(175.05498,126.26421)
05-18 12:38:42.220  1041  2982  6475 W StreamHAL: Error from HAL stream in function get_presentation_position: Operation not permitted
05-18 12:38:42.231  1041  2982  6475 W StreamHAL: Error from HAL stream in function get_presentation_position: Operation not permitted
05-18 12:38:42.241  1000  3369  6840 I chatty  : uid=1000(system) Binder:3369_10 expire 1 line
05-18 12:38:42.242  1041  2982  6475 W StreamHAL: Error from HAL stream in function get_presentation_position: Operation not permitted
05-18 12:38:42.243 shell 10352 10352 I Monkey  : :Switch: #Intent;action=android.intent.action.MAIN;category=android.intent.category.LAUNCHER;launchFlags=0x10200000;component=com.ss.android.ugc.aweme/.splash.SplashActivity;end
05-18 12:38:42.247  1000  4340  4340 W ViewRootImpl[Settings$AvailableVirtualKeyboardActivity]: Cancelling event due to no window focus: KeyEvent { action=ACTION_UP, keyCode=KEYCODE_DPAD_RIGHT, scanCode=0, metaState=0, flags=0x28, repeatCount=0, eventTime=358627, downTime=358627, deviceId=-1, source=0x101 }
05-18 12:38:42.248  1000  4340  4340 W ViewRootImpl[Settings$AvailableVirtualKeyboardActivity]: Cancelling event due to no window focus: KeyEvent { action=ACTION_UP, keyCode=KEYCODE_DPAD_RIGHT, scanCode=0, metaState=0, flags=0x28, repeatCount=0, eventTime=358627, downTime=358627, deviceId=-1, source=0x101 }
05-18 12:38:42.248  1000  4340  4340 W ViewRootImpl[Settings$AvailableVirtualKeyboardActivity]: Dropping event due to no window focus: MotionEvent { action=ACTION_MOVE, actionButton=0, id[0]=0, x[0]=1.0, y[0]=2.0, toolType[0]=TOOL_TYPE_UNKNOWN, buttonState=0, metaState=0, flags=0x0, edgeFlags=0x0, pointerCount=1, historySize=0, eventTime=358628, downTime=-1, deviceId=0, source=0x10004 }
05-18 12:38:42.253  1041  2982  6475 W StreamHAL: Error from HAL stream in function get_presentation_position: Operation not permitted
05-18 12:38:42.264  1041  2982  6475 W StreamHAL: Error from HAL stream in function get_presentation_position: Operation not permitted
05-18 12:38:42.274  1041  2982  6475 W StreamHAL: Error from HAL stream in function get_presentation_position: Operation not permitted
05-18 12:38:42.282  1058  3084  3084 I /system/bin/tombstoned: received crash request for pid 4847
05-18 12:38:42.282  1058  3084  3084 I /system/bin/tombstoned: found intercept fd 512 for pid 4847 and type kDebuggerdJavaBacktrace
05-18 12:38:42.283 u0_a8  4847  4853 I zygote64: Wrote stack traces to '[tombstoned]'
05-18 12:38:42.283  root 10516 10516 I /system/bin/dumpstate: libdebuggerd_client: done dumping process 4847
05-18 12:38:42.283  root 10516 10516 I /system/bin/dumpstate: libdebuggerd_client: started dumping process 4883
05-18 12:38:42.284  1058  3084  3084 I /system/bin/tombstoned: registered intercept for pid 4883 and type kDebuggerdJavaBacktrace
05-18 12:38:42.284  1000  4883  4890 I zygote64: Thread[3,tid=4890,WaitingInMainSignalCatcherLoop,Thread*=0x70098bf400,peer=0x12c80218,"Signal Catcher"]: reacting to signal 3
05-18 12:38:42.284  1000  4883  4890 I zygote64: 
05-18 12:38:42.285  1041  2982  6475 W StreamHAL: Error from HAL stream in function get_presentation_position: Operation not permitted
05-18 12:38:42.296  1041  2982  6475 W StreamHAL: Error from HAL stream in function get_presentation_position: Operation not permitted
05-18 12:38:42.307  1041  2982  6475 W StreamHAL: Error from HAL stream in function get_presentation_position: Operation not permitted
05-18 12:38:42.307  1000  2995  2995 D sensor  : poll__batch handle=5 sampling_period_ns=200ms, max_report_latency_ns=0ms
05-18 12:38:42.317  1041  2982  6475 W StreamHAL: Error from HAL stream in function get_presentation_position: Operation not permitted
05-18 12:38:42.328  1041  2982  6475 W StreamHAL: Error from HAL stream in function get_presentation_position: Operation not permitted
05-18 12:38:42.335  1000  3369  6840 I chatty  : uid=1000(system) Binder:3369_10 expire 3 lines
05-18 12:38:42.341  1041  2982  6475 W StreamHAL: Error from HAL stream in function get_presentation_position: Operation not permitted
05-18 12:38:42.352  1041  2982  6475 W StreamHAL: Error from HAL stream in function get_presentation_position: Operation not permitted
05-18 12:38:42.363  1041  2982  6475 W StreamHAL: Error from HAL stream in function get_presentation_position: Operation not permitted
05-18 12:38:42.363 shell  8720  8720 I Monkey  :     //[calendar_time:2023-05-18 12:38:42.362  system_uptime:358775]
05-18 12:38:42.363 shell  8720  8720 I Monkey  :     // Sending event #1600
05-18 12:38:42.373  1041  2982  6475 W StreamHAL: Error from HAL stream in function get_presentation_position: Operation not permitted
05-18 12:38:42.375  1000  4883  4968 I CPVoiceAgent: select: retrun 0
05-18 12:38:42.384  1058  3084  3084 I /system/bin/tombstoned: received crash request for pid 4883
05-18 12:38:42.384  1058  3084  3084 I /system/bin/tombstoned: found intercept fd 512 for pid 4883 and type kDebuggerdJavaBacktrace
05-18 12:38:42.384  1000  4883  4890 I zygote64: Wrote stack traces to '[tombstoned]'
05-18 12:38:42.384  root 10516 10516 I /system/bin/dumpstate: libdebuggerd_client: done dumping process 4883
05-18 12:38:42.385  root 10516 10516 I /system/bin/dumpstate: libdebuggerd_client: started dumping process 4923
05-18 12:38:42.385  1058  3084  3084 I /system/bin/tombstoned: registered intercept for pid 4923 and type kDebuggerdJavaBacktrace
05-18 12:38:42.385 10088  4923  4930 I zygote  : Thread[3,tid=4930,WaitingInMainSignalCatcherLoop,Thread*=0xe8104c00,peer=0x12c40800,"Signal Catcher"]: reacting to signal 3
05-18 12:38:42.386 10088  4923  4930 I zygote  : 
05-18 12:38:42.387  1041  2982  6475 W StreamHAL: Error from HAL stream in function get_presentation_position: Operation not permitted
05-18 12:38:42.397  1041  2982  6475 W StreamHAL: Error from HAL stream in function get_presentation_position: Operation not permitted
05-18 12:38:42.408  1041  2982  6475 W StreamHAL: Error from HAL stream in function get_presentation_position: Operation not permitted
05-18 12:38:42.419  1041  2982  6475 W StreamHAL: Error from HAL stream in function get_presentation_position: Operation not permitted
05-18 12:38:42.430  1041  2982  6475 W StreamHAL: Error from HAL stream in function get_presentation_position: Operation not permitted
05-18 12:38:42.441  1041  2982  6475 W StreamHAL: Error from HAL stream in function get_presentation_position: Operation not permitted
05-18 12:38:42.454  1041  2982  6475 W StreamHAL: Error from HAL stream in function get_presentation_position: Operation not permitted
05-18 12:38:42.465  1041  2982  6475 W StreamHAL: Error from HAL stream in function get_presentation_position: Operation not permitted
05-18 12:38:42.476  1041  2982  6475 W StreamHAL: Error from HAL stream in function get_presentation_position: Operation not permitted
05-18 12:38:42.497  1041  2982  6475 W StreamHAL: Error from HAL stream in function get_presentation_position: Operation not permitted
05-18 12:38:42.508  1041  2982  6475 W StreamHAL: Error from HAL stream in function get_presentation_position: Operation not permitted
05-18 12:38:42.518 10020  4188  4988 I gralloc : gralloc_register_buffer hnd=0x70098c4b00, share_fd=103, share_attr_fd=105, magic=51647890, format=1, internal_format=1, byte_stride=1280, flags=4, usage=0x333, size=494080, width=320, height=386, internalWidth=320, internalHeight=386, stride=320, base=0x6fef682000, writeOwner=0, attr_base=0xffffffffffffffff, yuv_info=1, fd=-1, buf_idx=0, offset=0, min_pgsz=4096, phyaddr=0
05-18 12:38:42.519  1041  2982  6475 W StreamHAL: Error from HAL stream in function get_presentation_position: Operation not permitted
05-18 12:38:42.530  1041  2982  6475 W StreamHAL: Error from HAL stream in function get_presentation_position: Operation not permitted
05-18 12:38:42.538  1000  8668  8668 W ContextImpl: Calling a method in the system process without a qualified user: android.app.ContextImpl.sendBroadcast:966 android.content.ContextWrapper.sendBroadcast:451 com.zmapp.aee.AEEService$1.onDataActivity:68 android.telephony.PhoneStateListener$1.handleMessage:331 android.os.Handler.dispatchMessage:106 
05-18 12:38:42.540  1041  2982  6475 W StreamHAL: Error from HAL stream in function get_presentation_position: Operation not permitted
05-18 12:38:42.551  1041  2982  6475 W StreamHAL: Error from HAL stream in function get_presentation_position: Operation not permitted
05-18 12:38:42.573  1041  2982  6475 W StreamHAL: Error from HAL stream in function get_presentation_position: Operation not permitted
05-18 12:38:42.583 10084 11128 11128 I MultiDex: VM with version 2.1.0 has multidex support
05-18 12:38:42.584  1041  2982  6475 W StreamHAL: Error from HAL stream in function get_presentation_position: Operation not permitted
05-18 12:38:42.594  1041  2982  6475 W StreamHAL: Error from HAL stream in function get_presentation_position: Operation not permitted
05-18 12:38:42.605  1041  2982  6475 W StreamHAL: Error from HAL stream in function get_presentation_position: Operation not permitted
05-18 12:38:42.681  1041  2982  6475 W StreamHAL: Error from HAL stream in function get_presentation_position: Operation not permitted
05-18 12:38:42.685  1058  3084  3084 I /system/bin/tombstoned: received crash request for pid 4923
05-18 12:38:42.685  1058  3084  3084 I /system/bin/tombstoned: found intercept fd 512 for pid 4923 and type kDebuggerdJavaBacktrace
05-18 12:38:42.685 10088  4923  4930 I zygote  : Wrote stack traces to '[tombstoned]'
05-18 12:38:42.686  root 10516 10516 I /system/bin/dumpstate: libdebuggerd_client: done dumping process 4923
05-18 12:38:42.686  root 10516 10516 I /system/bin/dumpstate: libdebuggerd_client: started dumping process 5135
05-18 12:38:42.687  1058  3084  3084 I /system/bin/tombstoned: registered intercept for pid 5135 and type kDebuggerdJavaBacktrace
05-18 12:38:42.687 10088  5135  5144 I zygote  : Thread[3,tid=5144,WaitingInMainSignalCatcherLoop,Thread*=0xe8104c00,peer=0x12c80218,"Signal Catcher"]: reacting to signal 3
05-18 12:38:42.687 10088  5135  5144 I zygote  : 
05-18 12:38:42.691  1041  2982  6475 W StreamHAL: Error from HAL stream in function get_presentation_position: Operation not permitted
05-18 12:38:42.746  1041  2982  6475 W StreamHAL: Error from HAL stream in function get_presentation_position: Operation not permitted
05-18 12:38:42.777  1058  3084  3084 I /system/bin/tombstoned: received crash request for pid 5135
05-18 12:38:42.777  1058  3084  3084 I /system/bin/tombstoned: found intercept fd 512 for pid 5135 and type kDebuggerdJavaBacktrace
05-18 12:38:42.778 10088  5135  5144 I zygote  : Wrote stack traces to '[tombstoned]'
05-18 12:38:42.778  root 10516 10516 I /system/bin/dumpstate: libdebuggerd_client: done dumping process 5135
05-18 12:38:42.778  root 10516 10516 I /system/bin/dumpstate: libdebuggerd_client: started dumping process 5597
05-18 12:38:42.779  1058  3084  3084 I /system/bin/tombstoned: registered intercept for pid 5597 and type kDebuggerdJavaBacktrace
05-18 12:38:42.779  1000  5597  5604 I zygote64: Thread[3,tid=5604,WaitingInMainSignalCatcherLoop,Thread*=0x70098bf400,peer=0x12c80218,"Signal Catcher"]: reacting to signal 3
05-18 12:38:42.779  1000  5597  5604 I zygote64: 
05-18 12:38:42.833  1058  3084  3084 I /system/bin/tombstoned: received crash request for pid 5597
05-18 12:38:42.833  1058  3084  3084 I /system/bin/tombstoned: found intercept fd 512 for pid 5597 and type kDebuggerdJavaBacktrace
05-18 12:38:42.833  1000  5597  5604 I zygote64: Wrote stack traces to '[tombstoned]'
05-18 12:38:42.833  root 10516 10516 I /system/bin/dumpstate: libdebuggerd_client: done dumping process 5597
05-18 12:38:42.834  root 10516 10516 I /system/bin/dumpstate: libdebuggerd_client: started dumping process 7184
05-18 12:38:42.834  1058  3084  3084 I /system/bin/tombstoned: registered intercept for pid 7184 and type kDebuggerdJavaBacktrace
05-18 12:38:42.835 10010  7184  7190 I zygote64: Thread[3,tid=7190,WaitingInMainSignalCatcherLoop,Thread*=0x70098bf400,peer=0x12cc0218,"Signal Catcher"]: reacting to signal 3
05-18 12:38:42.835 10010  7184  7190 I zygote64: 
05-18 12:38:42.925  1058  3084  3084 I /system/bin/tombstoned: received crash request for pid 7184
05-18 12:38:42.925  1058  3084  3084 I /system/bin/tombstoned: found intercept fd 512 for pid 7184 and type kDebuggerdJavaBacktrace
05-18 12:38:42.925 10010  7184  7190 I zygote64: Wrote stack traces to '[tombstoned]'
05-18 12:38:42.926  root 10516 10516 I /system/bin/dumpstate: libdebuggerd_client: done dumping process 7184
05-18 12:38:42.926  root 10516 10516 I /system/bin/dumpstate: libdebuggerd_client: started dumping process 7600
05-18 12:38:42.927  1058  3084  3084 I /system/bin/tombstoned: registered intercept for pid 7600 and type kDebuggerdJavaBacktrace
05-18 12:38:42.927  1000  7600  7606 I zygote64: Thread[3,tid=7606,WaitingInMainSignalCatcherLoop,Thread*=0x70098bf400,peer=0x12c80218,"Signal Catcher"]: reacting to signal 3
05-18 12:38:42.927  1000  7600  7606 I zygote64: 
05-18 12:38:42.999  1058  3084  3084 I /system/bin/tombstoned: received crash request for pid 7600
05-18 12:38:42.999  1058  3084  3084 I /system/bin/tombstoned: found intercept fd 512 for pid 7600 and type kDebuggerdJavaBacktrace
05-18 12:38:42.999  1000  7600  7606 I zygote64: Wrote stack traces to '[tombstoned]'
05-18 12:38:42.999  root 10516 10516 I /system/bin/dumpstate: libdebuggerd_client: done dumping process 7600
05-18 12:38:43.000  root 10516 10516 I /system/bin/dumpstate: libdebuggerd_client: started dumping process 8052
05-18 12:38:43.000  1058  3084  3084 I /system/bin/tombstoned: registered intercept for pid 8052 and type kDebuggerdJavaBacktrace
05-18 12:38:43.000 10070  8052  8060 I zygote64: Thread[3,tid=8060,WaitingInMainSignalCatcherLoop,Thread*=0x70098bf400,peer=0x12cc0218,"Signal Catcher"]: reacting to signal 3
05-18 12:38:43.000 10070  8052  8060 I zygote64: 
05-18 12:38:43.034  1000  3369  3537 I chatty  : uid=1000(system) AlarmManager expire 1 line
05-18 12:38:43.081  1058  3084  3084 I /system/bin/tombstoned: received crash request for pid 8052
05-18 12:38:43.082  1058  3084  3084 I /system/bin/tombstoned: found intercept fd 512 for pid 8052 and type kDebuggerdJavaBacktrace
05-18 12:38:43.082 10070  8052  8060 I zygote64: Wrote stack traces to '[tombstoned]'
05-18 12:38:43.082  root 10516 10516 I /system/bin/dumpstate: libdebuggerd_client: done dumping process 8052
05-18 12:38:43.083  root 10516 10516 I /system/bin/dumpstate: libdebuggerd_client: started dumping process 8117
05-18 12:38:43.083  1058  3084  3084 I /system/bin/tombstoned: registered intercept for pid 8117 and type kDebuggerdJavaBacktrace
05-18 12:38:43.083  1000  8117  8123 I zygote64: Thread[3,tid=8123,WaitingInMainSignalCatcherLoop,Thread*=0x70098bf400,peer=0x12c80218,"Signal Catcher"]: reacting to signal 3
05-18 12:38:43.083  1000  8117  8123 I zygote64: 
05-18 12:38:43.133 10084 11128 11128 I WebViewFactory: Loading com.android.webview version Developer Build (code 1)
05-18 12:38:43.138 10084 11128 11128 I zygote  : The ClassLoaderContext is a special shared library.
05-18 12:38:43.198  1058  3084  3084 I /system/bin/tombstoned: received crash request for pid 8117
05-18 12:38:43.198  1058  3084  3084 I /system/bin/tombstoned: found intercept fd 512 for pid 8117 and type kDebuggerdJavaBacktrace
05-18 12:38:43.198  1000  8117  8123 I zygote64: Wrote stack traces to '[tombstoned]'
05-18 12:38:43.199  root 10516 10516 I /system/bin/dumpstate: libdebuggerd_client: done dumping process 8117
05-18 12:38:43.199  root 10516 10516 I /system/bin/dumpstate: libdebuggerd_client: started dumping process 8191
05-18 12:38:43.199  1058  3084  3084 I /system/bin/tombstoned: registered intercept for pid 8191 and type kDebuggerdJavaBacktrace
05-18 12:38:43.200 u0_a2  8191  8197 I zygote64: Thread[3,tid=8197,WaitingInMainSignalCatcherLoop,Thread*=0x70098bf400,peer=0x12c80218,"Signal Catcher"]: reacting to signal 3
05-18 12:38:43.200 u0_a2  8191  8197 I zygote64: 
05-18 12:38:43.203 10084 11128 11128 I WebViewFactory: SystemProperties GMSVERSION = 
05-18 12:38:43.203 10084 11128 11128 I WebViewFactory: Get WebViewChromiumFactoryProvider
05-18 12:38:43.222 10084 11128 11128 I cr_LibraryLoader: Time to load native libraries: 4 ms (timestamps 9631-9635)
05-18 12:38:43.246 10084 11128 11128 I chromium: [INFO:library_loader_hooks.cc(140)] Chromium logging enabled: level = 0, default verbosity = 0
05-18 12:38:43.246 10084 11128 11128 I cr_LibraryLoader: Expected native library version number "59.0.3048.0", actual native library version number "59.0.3048.0"
05-18 12:38:43.310  1058  3084  3084 I /system/bin/tombstoned: received crash request for pid 8191
05-18 12:38:43.310  1058  3084  3084 I /system/bin/tombstoned: found intercept fd 512 for pid 8191 and type kDebuggerdJavaBacktrace
05-18 12:38:43.311  root 10516 10516 I /system/bin/dumpstate: libdebuggerd_client: done dumping process 8191
05-18 12:38:43.312  root 10516 10516 I /system/bin/dumpstate: libdebuggerd_client: started dumping process 8561
05-18 12:38:43.313 u0_a4  8561  8567 I zygote64: Thread[3,tid=8567,WaitingInMainSignalCatcherLoop,Thread*=0x70098bf400,peer=0x12c80218,"Signal Catcher"]: reacting to signal 3
05-18 12:38:43.313 u0_a4  8561  8567 I zygote64: 
05-18 12:38:43.316  1058  3084  3084 I /system/bin/tombstoned: registered intercept for pid 8561 and type kDebuggerdJavaBacktrace
05-18 12:38:43.318 u0_a2  8191  8197 I zygote64: Wrote stack traces to '[tombstoned]'
05-18 12:38:43.352 10084 11128 11174 D NetworkSecurityConfig: Using Network Security Config from resource c debugBuild: false
05-18 12:38:43.387  1058  3084  3084 I /system/bin/tombstoned: received crash request for pid 8561
05-18 12:38:43.387  1058  3084  3084 I /system/bin/tombstoned: found intercept fd 512 for pid 8561 and type kDebuggerdJavaBacktrace
05-18 12:38:43.388 u0_a4  8561  8567 I zygote64: Wrote stack traces to '[tombstoned]'
05-18 12:38:43.388  root 10516 10516 I /system/bin/dumpstate: libdebuggerd_client: done dumping process 8561
05-18 12:38:43.388  root 10516 10516 I /system/bin/dumpstate: libdebuggerd_client: started dumping process 8641
05-18 12:38:43.389  1058  3084  3084 I /system/bin/tombstoned: registered intercept for pid 8641 and type kDebuggerdJavaBacktrace
05-18 12:38:43.389  1000  8641  8649 I zygote64: Thread[3,tid=8649,WaitingInMainSignalCatcherLoop,Thread*=0x70098bf400,peer=0x12d40218,"Signal Catcher"]: reacting to signal 3
05-18 12:38:43.389  1000  8641  8649 I zygote64: 
05-18 12:38:43.472  1058  3084  3084 I /system/bin/tombstoned: received crash request for pid 8641
05-18 12:38:43.472  1058  3084  3084 I /system/bin/tombstoned: found intercept fd 512 for pid 8641 and type kDebuggerdJavaBacktrace
05-18 12:38:43.473  root 10516 10516 I /system/bin/dumpstate: libdebuggerd_client: done dumping process 8641
05-18 12:38:43.473  root 10516 10516 I /system/bin/dumpstate: libdebuggerd_client: started dumping process 8668
05-18 12:38:43.474  1058  3084  3084 I /system/bin/tombstoned: registered intercept for pid 8668 and type kDebuggerdJavaBacktrace
05-18 12:38:43.474  1000  8668  8674 I chatty  : uid=1000(system) Signal Catcher expire 5 lines
05-18 12:38:43.487  1000  8641  8649 I zygote64: Wrote stack traces to '[tombstoned]'
05-18 12:38:43.706 10084 11128 11138 I zygote  : Background concurrent copying GC freed 37912(3MB) AllocSpace objects, 56(1732KB) LOS objects, 49% free, 4MB/9MB, paused 562us total 212.120ms
05-18 12:38:43.830 10084 11128 11192 W System.err: java.lang.SecurityException: getDeviceId: Neither user 10084 nor current process has android.permission.READ_PHONE_STATE.
05-18 12:38:43.839 10084 11128 11192 W System.err: 	at android.os.Parcel.readException(Parcel.java:2013)
05-18 12:38:43.839 10084 11128 11192 W System.err: 	at android.os.Parcel.readException(Parcel.java:1959)
05-18 12:38:43.842 10084 11128 11192 W System.err: 	at com.android.internal.telephony.ITelephony$Stub$Proxy.getDeviceId(ITelephony.java:4938)
05-18 12:38:43.842 10084 11128 11192 W System.err: 	at android.telephony.TelephonyManager.getDeviceId(TelephonyManager.java:1007)
05-18 12:38:43.842 10084 11128 11192 W System.err: 	at com.ss.android.c.c.c.c(HardwareUtils.java:16973832)
05-18 12:38:43.842 10084 11128 11192 W System.err: 	at com.ss.android.c.b.b.a.f(DeviceParamsProvider.java:196622)
05-18 12:38:43.842 10084 11128 11192 W System.err: 	at com.ss.android.c.a.c.k(RegistrationHeaderHelper.java:34145801)
05-18 12:38:43.844 10084 11128 11192 W System.err: 	at com.ss.android.c.a.<init>(DeviceRegisterManager.java:262177)
05-18 12:38:43.844 10084 11128 11192 W System.err: 	at com.ss.android.c.a.e(DeviceRegisterManager.java:17039398)
05-18 12:38:43.844 10084 11128 11192 W System.err: 	at com.ss.android.common.applog.c.aE(AppLog.java:524338)
05-18 12:38:43.844 10084 11128 11192 W System.err: 	at com.ss.android.common.applog.c$c.run(AppLog.java:589886)
05-18 12:38:43.876  1000  4883  4968 I CPVoiceAgent: select: retrun 0
05-18 12:38:43.894 10084 11128 11128 W CheckTime: App running slow: Executing handleBindApplication : callApplicationOnCreate took 1220ms
05-18 12:38:43.938 10084 11128 11133 I zygote  : Do partial code cache collection, code=15KB, data=31KB
05-18 12:38:43.939 10084 11128 11133 I zygote  : After code cache collection, code=14KB, data=30KB
05-18 12:38:43.939 10084 11128 11133 I zygote  : Increasing code cache capacity to 128KB
05-18 12:38:44.008 10084 11128 11128 E AudioManagerEx: new AudioManagerEx
05-18 12:38:44.081  1000  3369  4121 I chatty  : uid=1000(system) NetworkPolicy expire 3 lines
05-18 12:38:44.152  1000  3369  6596 I chatty  : uid=1000(system) Binder:3369_F expire 4 lines
05-18 12:38:44.401 10084 11128 11138 I zygote  : Background concurrent copying GC freed 92259(4MB) AllocSpace objects, 36(844KB) LOS objects, 49% free, 7MB/15MB, paused 200us total 377.599ms
05-18 12:38:44.610  1000  2994  2994 D memtrack_sprd: sprd_get_memory, pid:11128, type:1, allocated_records:0, num records:2
05-18 12:38:44.610  1000  2994  2994 D memtrack_sprd: sprd_get_memory, pid:11128, type:1, allocated_records:2, num records:2
05-18 12:38:44.610  1000  2994  2994 D memtrack_sprd: sprd_get_memory, pid:11128, type:2, allocated_records:0, num records:2
05-18 12:38:44.610  1000  2994  2994 D memtrack_sprd: sprd_get_memory, pid:11128, type:2, allocated_records:2, num records:2
05-18 12:38:44.611 10084 11128 11128 W monitorlib: type=1400 audit(0.0:1209): avc: denied { getattr } for path="/proc/stat" dev="proc" ino=4026531983 scontext=u:r:untrusted_app_25:s0:c512,c768 tcontext=u:object_r:proc_stat:s0 tclass=file permissive=0
05-18 12:38:44.628 10084 11128 11133 I zygote  : Do partial code cache collection, code=55KB, data=62KB
05-18 12:38:44.630 10084 11128 11133 I zygote  : After code cache collection, code=55KB, data=62KB
05-18 12:38:44.630 10084 11128 11133 I zygote  : Increasing code cache capacity to 256KB
05-18 12:38:44.725 10084 11128 11128 E AudioManagerEx: new AudioManagerEx
05-18 12:38:44.865 10084 11128 11281 W System.err: com.bytedance.frameworks.baselib.network.http.a.b: 
05-18 12:38:44.865 10084 11128 11281 W System.err: 	at com.bytedance.frameworks.baselib.network.http.c.a.e.h(SsOkHttp3Client.java:101056683)
05-18 12:38:44.865 10084 11128 11281 W System.err: 	at com.bytedance.frameworks.baselib.network.http.c.a.e$a.g(SsOkHttp3Client.java:459007)
05-18 12:38:44.865 10084 11128 11281 W System.err: 	at com.bytedance.e.d.c(CallServerInterceptor.java:17104967)
05-18 12:38:44.865 10084 11128 11281 W System.err: 	at com.bytedance.e.c.b.b(RealInterceptorChain.java:17170537)
05-18 12:38:44.865 10084 11128 11281 W System.err: 	at com.bytedance.frameworks.baselib.network.http.e.b.c(RequestVertifyInterceptor.java:16973838)
05-18 12:38:44.865 10084 11128 11281 W System.err: 	at com.bytedance.e.c.b.b(RealInterceptorChain.java:17170537)
05-18 12:38:44.865 10084 11128 11281 W System.err: 	at com.ss.android.ugc.aweme.l.b.m.c(RetryInterceptorCronet.java:17104923)
05-18 12:38:44.865 10084 11128 11281 W System.err: 	at com.bytedance.e.c.b.b(RealInterceptorChain.java:17170537)
05-18 12:38:44.865 10084 11128 11281 W System.err: 	at com.ss.android.ugc.aweme.l.b.l.c(OKParamsInterceptor.java:17236331)
05-18 12:38:44.865 10084 11128 11281 W System.err: 	at com.bytedance.e.c.b.b(RealInterceptorChain.java:17170537)
05-18 12:38:44.865 10084 11128 11281 W System.err: 	at com.ss.android.ugc.aweme.l.b.f.c(DevicesNullInterceptorCornet.java:17104972)
05-18 12:38:44.866 10084 11128 11281 W System.err: 	at com.bytedance.e.c.b.b(RealInterceptorChain.java:17170537)
05-18 12:38:44.866 10084 11128 11281 W System.err: 	at com.bytedance.frameworks.baselib.network.http.e.a.c(BaseSsInterceptor.java:16908296)
05-18 12:38:44.866 10084 11128 11281 W System.err: 	at com.bytedance.e.c.b.b(RealInterceptorChain.java:17170537)
05-18 12:38:44.866 10084 11128 11281 W System.err: 	at com.bytedance.e.s.n(SsHttpCall.java:196635)
05-18 12:38:44.866 10084 11128 11281 W System.err: 	at com.bytedance.e.s.a(SsHttpCall.java:262190)
05-18 12:38:44.866 10084 11128 11281 W System.err: 	at com.bytedance.e.j$a.a(ExecutorCallAdapterFactory.java:65538)
05-18 12:38:44.866 10084 11128 11281 W System.err: 	at com.bytedance.ies.net.cronet.d.r(IESCronetClient.java:117899367)
05-18 12:38:44.866 10084 11128 11281 W System.err: 	at com.bytedance.ies.net.cronet.d.l(IESCronetClient.java:100925481)
05-18 12:38:44.866 10084 11128 11281 W System.err: 	at com.ss.android.ugc.aweme.l.c.l(AwemeHttpClientAdapter.java:100991044)
05-18 12:38:44.866 10084 11128 11281 W System.err: 	at com.ss.android.common.util.NetworkUtils.executePostRetry(NetworkUtils.java:84279393)
05-18 12:38:44.866 10084 11128 11281 W System.err: 	at com.ss.android.common.util.NetworkUtils.executePost(NetworkUtils.java:84344886)
05-18 12:38:44.866 10084 11128 11281 W System.err: 	at com.ss.android.common.util.NetworkUtils.executePost$___twin___(NetworkUtils.java:50593826)
05-18 12:38:44.866 10084 11128 11281 W System.err: 	at com.ss.android.common.util.f.a(Unknown Source:34)
05-18 12:38:44.866 10084 11128 11281 W System.err: 	at com.ss.android.common.util.NetworkUtils.executePost(Unknown Source:0)
05-18 12:38:44.866 10084 11128 11281 W System.err: 	at com.ss.android.ugc.aweme.app.a.a.k(Api.java:67371051)
05-18 12:38:44.866 10084 11128 11281 W System.err: 	at com.ss.android.ugc.aweme.app.a.a.j(Api.java:67371061)
05-18 12:38:44.866 10084 11128 11281 W System.err: 	at com.ss.android.ugc.aweme.app.astispam.a$2.call(AntispamApi.java:327750)
05-18 12:38:44.866 10084 11128 11281 W System.err: 	at com.ss.android.ugc.aweme.base.h$1.run(TaskManager.java:262185)
05-18 12:38:44.866 10084 11128 11281 W System.err: 	at java.util.concurrent.ThreadPoolExecutor.runWorker(ThreadPoolExecutor.java:1162)
05-18 12:38:44.866 10084 11128 11281 W System.err: 	at java.util.concurrent.ThreadPoolExecutor$Worker.run(ThreadPoolExecutor.java:636)
05-18 12:38:44.866 10084 11128 11281 W System.err: 	at java.lang.Thread.run(Thread.java:764)
05-18 12:38:44.902 10084 11128 11196 W System.err: com.ss.android.ugc.aweme.base.api.a.b.a: error_code = 4
05-18 12:38:44.903 10084 11128 11196 W System.err: 	at com.ss.android.ugc.aweme.app.a.a.f(Api.java:67502225)
05-18 12:38:44.903 10084 11128 11196 W System.err: 	at com.ss.android.ugc.aweme.app.a.a.l(Api.java:84213822)
05-18 12:38:44.903 10084 11128 11196 W System.err: 	at com.ss.android.ugc.aweme.app.a.a.i(Api.java:84213820)
05-18 12:38:44.903 10084 11128 11196 W System.err: 	at com.ss.android.ugc.aweme.app.a.a.h(Api.java:67371041)
05-18 12:38:44.903 10084 11128 11196 W System.err: 	at com.ss.android.ugc.aweme.app.a.a.g(Api.java:50593822)
05-18 12:38:44.903 10084 11128 11196 W System.err: 	at com.ss.android.ugc.aweme.theme.c$1.run(ThemePresenter.java:458802)
05-18 12:38:44.903 10084 11128 11196 W System.err: 	at java.util.concurrent.ThreadPoolExecutor.runWorker(ThreadPoolExecutor.java:1162)
05-18 12:38:44.903 10084 11128 11196 W System.err: 	at java.util.concurrent.ThreadPoolExecutor$Worker.run(ThreadPoolExecutor.java:636)
05-18 12:38:44.903 10084 11128 11196 W System.err: 	at java.lang.Thread.run(Thread.java:764)
05-18 12:38:44.929  1000  2995  2995 D sensor  : poll__flush handle=5
05-18 12:38:44.930  1000  2995  3529 E sensor  : reading flush event from pipe
05-18 12:38:44.971 10084 11128 11128 W monitorlib: type=1400 audit(0.0:1210): avc: denied { getattr } for path="/proc/stat" dev="proc" ino=4026531983 scontext=u:r:untrusted_app_25:s0:c512,c768 tcontext=u:object_r:proc_stat:s0 tclass=file permissive=0
05-18 12:38:45.043 10084 11128 11128 W AudioManager: Use of stream types is deprecated for operations other than volume control
05-18 12:38:45.044 10084 11128 11128 W AudioManager: See the documentation of requestAudioFocus() for what to use instead with android.media.AudioAttributes to qualify your playback use case
05-18 12:38:45.067 10084 11128 11281 W System.err: com.bytedance.frameworks.baselib.network.http.a.b: 
05-18 12:38:45.067 10084 11128 11281 W System.err: 	at com.bytedance.frameworks.baselib.network.http.c.a.e.h(SsOkHttp3Client.java:101056683)
05-18 12:38:45.068 10084 11128 11281 W System.err: 	at com.bytedance.frameworks.baselib.network.http.c.a.e$a.g(SsOkHttp3Client.java:459007)
05-18 12:38:45.068 10084 11128 11281 W System.err: 	at com.bytedance.e.d.c(CallServerInterceptor.java:17104967)
05-18 12:38:45.068 10084 11128 11281 W System.err: 	at com.bytedance.e.c.b.b(RealInterceptorChain.java:17170537)
05-18 12:38:45.068 10084 11128 11281 W System.err: 	at com.bytedance.frameworks.baselib.network.http.e.b.c(RequestVertifyInterceptor.java:16973838)
05-18 12:38:45.068 10084 11128 11281 W System.err: 	at com.bytedance.e.c.b.b(RealInterceptorChain.java:17170537)
05-18 12:38:45.069 10084 11128 11281 W System.err: 	at com.ss.android.ugc.aweme.l.b.m.c(RetryInterceptorCronet.java:17104923)
05-18 12:38:45.069 10084 11128 11281 W System.err: 	at com.bytedance.e.c.b.b(RealInterceptorChain.java:17170537)
05-18 12:38:45.069 10084 11128 11281 W System.err: 	at com.ss.android.ugc.aweme.l.b.l.c(OKParamsInterceptor.java:17236331)
05-18 12:38:45.069 10084 11128 11281 W System.err: 	at com.bytedance.e.c.b.b(RealInterceptorChain.java:17170537)
05-18 12:38:45.069 10084 11128 11281 W System.err: 	at com.ss.android.ugc.aweme.l.b.f.c(DevicesNullInterceptorCornet.java:17104972)
05-18 12:38:45.072 10084 11128 11281 W System.err: 	at com.bytedance.e.c.b.b(RealInterceptorChain.java:17170537)
05-18 12:38:45.072 10084 11128 11281 W System.err: 	at com.bytedance.frameworks.baselib.network.http.e.a.c(BaseSsInterceptor.java:16908296)
05-18 12:38:45.072 10084 11128 11281 W System.err: 	at com.bytedance.e.c.b.b(RealInterceptorChain.java:17170537)
05-18 12:38:45.072 10084 11128 11281 W System.err: 	at com.bytedance.e.s.n(SsHttpCall.java:196635)
05-18 12:38:45.072 10084 11128 11281 W System.err: 	at com.bytedance.e.s.a(SsHttpCall.java:262190)
05-18 12:38:45.072 10084 11128 11281 W System.err: 	at com.bytedance.e.j$a.a(ExecutorCallAdapterFactory.java:65538)
05-18 12:38:45.074 10084 11128 11281 W System.err: 	at com.bytedance.ies.net.cronet.d.r(IESCronetClient.java:117899367)
05-18 12:38:45.074 10084 11128 11281 W System.err: 	at com.bytedance.ies.net.cronet.d.l(IESCronetClient.java:100925481)
05-18 12:38:45.074 10084 11128 11281 W System.err: 	at com.ss.android.ugc.aweme.l.c.l(AwemeHttpClientAdapter.java:100991044)
05-18 12:38:45.074 10084 11128 11281 W System.err: 	at com.ss.android.common.util.NetworkUtils.executePostRetry(NetworkUtils.java:84279393)
05-18 12:38:45.075 10084 11128 11281 W System.err: 	at com.ss.android.common.util.NetworkUtils.executePost(NetworkUtils.java:84344919)
05-18 12:38:45.075 10084 11128 11281 W System.err: 	at com.ss.android.common.util.NetworkUtils.executePost$___twin___(NetworkUtils.java:50593826)
05-18 12:38:45.075 10084 11128 11281 W System.err: 	at com.ss.android.common.util.f.a(Unknown Source:34)
05-18 12:38:45.075 10084 11128 11281 W System.err: 	at com.ss.android.common.util.NetworkUtils.executePost(Unknown Source:0)
05-18 12:38:45.075 10084 11128 11281 W System.err: 	at com.ss.android.ugc.aweme.app.a.a.k(Api.java:67371051)
05-18 12:38:45.076 10084 11128 11281 W System.err: 	at com.ss.android.ugc.aweme.app.a.a.j(Api.java:67371061)
05-18 12:38:45.076 10084 11128 11281 W System.err: 	at com.ss.android.ugc.aweme.app.astispam.a$2.call(AntispamApi.java:327750)
05-18 12:38:45.076 10084 11128 11281 W System.err: 	at com.ss.android.ugc.aweme.base.h$1.run(TaskManager.java:262185)
05-18 12:38:45.076 10084 11128 11281 W System.err: 	at java.util.concurrent.ThreadPoolExecutor.runWorker(ThreadPoolExecutor.java:1162)
05-18 12:38:45.076 10084 11128 11281 W System.err: 	at java.util.concurrent.ThreadPoolExecutor$Worker.run(ThreadPoolExecutor.java:636)
05-18 12:38:45.077 10084 11128 11281 W System.err: 	at java.lang.Thread.run(Thread.java:764)
05-18 12:38:45.082 10084 11128 11138 I zygote  : Background concurrent copying GC freed 131831(6MB) AllocSpace objects, 17(2MB) LOS objects, 49% free, 14MB/29MB, paused 232us total 317.273ms
05-18 12:38:45.088 10084 11128 11128 D OpenGLRenderer: textureCacheSize 58720256
05-18 12:38:45.128 10084 11128 11314 D OpenGLRenderer: HWUI GL Pipeline
05-18 12:38:45.150 10084 11128 11128 I zygote  : Deoptimizing boolean com.google.gson.internal.Excluder.excludeClass(java.lang.Class, boolean) due to JIT inline cache
05-18 12:38:45.151 10084 11128 11128 I zygote  : Deoptimizing boolean com.google.gson.internal.Excluder.excludeField(java.lang.reflect.Field, boolean) due to JIT inline cache
05-18 12:38:45.200 radio  4156  5203 E DatabaseUtils: Writing exception to parcel
05-18 12:38:45.200 radio  4156  5203 E DatabaseUtils: java.lang.SecurityException: No permission to write APN settings
05-18 12:38:45.200 radio  4156  5203 E DatabaseUtils: 	at com.android.providers.telephony.TelephonyProvider.checkPermission(TelephonyProvider.java:2703)
05-18 12:38:45.200 radio  4156  5203 E DatabaseUtils: 	at com.android.providers.telephony.TelephonyProvider.query(TelephonyProvider.java:2125)
05-18 12:38:45.200 radio  4156  5203 E DatabaseUtils: 	at android.content.ContentProvider.query(ContentProvider.java:1059)
05-18 12:38:45.200 radio  4156  5203 E DatabaseUtils: 	at android.content.ContentProvider.query(ContentProvider.java:1151)
05-18 12:38:45.200 radio  4156  5203 E DatabaseUtils: 	at android.content.ContentProvider$Transport.query(ContentProvider.java:242)
05-18 12:38:45.200 radio  4156  5203 E DatabaseUtils: 	at android.content.ContentProviderNative.onTransact(ContentProviderNative.java:124)
05-18 12:38:45.200 radio  4156  5203 E DatabaseUtils: 	at android.os.Binder.execTransact(Binder.java:723)
05-18 12:38:45.378  1000  4883  4968 I CPVoiceAgent: select: retrun 0
05-18 12:38:45.527 10084 11128 11133 I zygote  : Do full code cache collection, code=125KB, data=122KB
05-18 12:38:45.535 10084 11128 11133 I zygote  : After code cache c