05-18 12:38:37.678  1041  2982  2982 I libc    : Set DISDUMPABLE SUCCESS
05-18 12:38:37.678  1041  2982  2982 I libc    : Requested dump for tid 2982 (audio@2.0-servi)
05-18 12:38:37.700 10089 10701 10753 I System.out: loadlibrary : tav start
05-18 12:38:37.714 10090 10940 10945 I zygote64: Do partial code cache collection, code=0B, data=40B
05-18 12:38:37.721  1041 10961 10961 W crash_dump32: type=1400 audit(0.0:1151): avc: denied { read } for name="corefile" dev="mmcblk0p38" ino=100 scontext=u:r:crash_dump:s0 tcontext=u:object_r:coredump_file:s0 tclass=dir permissive=0
05-18 12:38:37.747 10090 10940 10945 I zygote64: After code cache collection, code=0B, data=40B
05-18 12:38:37.747 10090 10940 10945 I zygote64: Increasing code cache capacity to 128KB
05-18 12:38:37.752 10090 10940 10940 I MMKV    : <MMKV.cpp:206::initializeMMKV> root dir: /data/user/0/com.tencent.android.qqdownloader/files/mmkv
05-18 12:38:37.753 10090 10940 10940 I MMKV    : <MMKV.cpp:335::loadFromFile> loading [InterProcessKV] with 726 size in total, file size is 4096, InterProcess 1
05-18 12:38:37.753 10090 10940 10940 I MMKV    : <MMKV.cpp:359::loadFromFile> loading [InterProcessKV] with crc 1454930154 sequence 2 version 1
05-18 12:38:37.753 10090 10940 10940 I MMKV    : <MMKV.cpp:380::loadFromFile> loaded [InterProcessKV] with 9 values
05-18 12:38:37.773 10090 10940 10945 I zygote64: Do partial code cache collection, code=0B, data=184B
05-18 12:38:37.791 10090 10940 10945 I zygote64: After code cache collection, code=0B, data=184B
05-18 12:38:37.791 10090 10940 10945 I zygote64: Increasing code cache capacity to 256KB
05-18 12:38:37.841  1041 10962 10962 I crash_dump32: obtaining output fd from tombstoned, type: kDebuggerdNativeBacktrace
05-18 12:38:37.849  1058  3084  3084 I /system/bin/tombstoned: received crash request for pid 2982
05-18 12:38:37.849  1058  3084  3084 I /system/bin/tombstoned: found intercept fd 512 for pid 2982 and type kDebuggerdNativeBacktrace
05-18 12:38:37.865  1041 10962 10962 I crash_dump32: performing dump of process 2982 (target tid = 2982)
05-18 12:38:37.870  1000  4883  4968 I CPVoiceAgent: select: retrun 0
05-18 12:38:37.900 10090 10940 10940 I RealSplashActivity: ,SplashActivity onCreate
05-18 12:38:37.913 10090 10940 10940 I RealSplashActivity: ,Privacy mode not ready, start request privacy agree.
05-18 12:38:37.961 10090 10940 10940 D OpenGLRenderer: textureCacheSize 58720256
05-18 12:38:37.966 10090 10940 10988 D OpenGLRenderer: HWUI GL Pipeline
05-18 12:38:37.986  1000  3369  9947 I chatty  : uid=1000(system) Binder:3369_1E expire 6 lines
05-18 12:38:37.988 shell 10352 10352 I Monkey  :     // Injection Failed
05-18 12:38:37.991  1002  2983  2983 W bluetooth@1.0-s: type=1400 audit(0.0:1152): avc: denied { read } for name="corefile" dev="mmcblk0p38" ino=100 scontext=u:r:hal_bluetooth_default:s0 tcontext=u:object_r:coredump_file:s0 tclass=dir permissive=0
05-18 12:38:37.991 shell 10082 10082 I Monkey  :     //[calendar_time:2023-05-18 12:38:37.988  system_uptime:354404]
05-18 12:38:37.991 shell 10082 10082 I Monkey  :     // Sending event #400
05-18 12:38:37.998  1000  2995  2995 D sensor  : poll__flush handle=5
05-18 12:38:37.998  1000  2995  3529 E sensor  : reading flush event from pipe
05-18 12:38:37.998 10090 10940 10940 I RealSplashActivity: ,SplashActivity onResume
05-18 12:38:37.999 10090 10940 10940 I RealSplashActivity: ,Privacy mode is not ready or Need to show big protocol change dialog, do not handle onResume
05-18 12:38:38.005  root 10516 10516 I /system/bin/dumpstate: libdebuggerd_client: done dumping process 2982
05-18 12:38:38.005  root 10516 10516 I /system/bin/dumpstate: libdebuggerd_client: started dumping process 2983
05-18 12:38:38.006  1058  3084  3084 I /system/bin/tombstoned: registered intercept for pid 2983 and type kDebuggerdNativeBacktrace
05-18 12:38:38.006  1002  2983  2983 W libc    : check core file limit, limited=1
05-18 12:38:38.006  1002  2983  2983 I libc    : Set DISDUMPABLE SUCCESS
05-18 12:38:38.006  1002  2983  2983 I libc    : Requested dump for tid 2983 (bluetooth@1.0-s)
05-18 12:38:38.007 10090 10940 10940 W ViewRootImpl[SplashActivity]: Cancelling event due to no window focus: KeyEvent { action=ACTION_UP, keyCode=KEYCODE_BACK, scanCode=0, metaState=0, flags=0x28, repeatCount=0, eventTime=353714, downTime=353714, deviceId=-1, source=0x101 }
05-18 12:38:38.007 10090 10940 10940 E AudioManagerEx: new AudioManagerEx
05-18 12:38:38.007 10090 10940 10940 I chatty  : uid=10090(com.tencent.android.qqdownloader) identical 4 lines
05-18 12:38:38.008 10090 10940 10940 W ViewRootImpl[SplashActivity]: Cancelling event due to no window focus: KeyEvent { action=ACTION_UP, keyCode=KEYCODE_BACK, scanCode=0, metaState=0, flags=0x28, repeatCount=0, eventTime=353714, downTime=353714, deviceId=-1, source=0x101 }
05-18 12:38:38.011 10090 10940 10940 W ViewRootImpl[SplashActivity]: Dropping event due to no window focus: MotionEvent { action=ACTION_MOVE, actionButton=0, id[0]=0, x[0]=1.0, y[0]=3.0, toolType[0]=TOOL_TYPE_UNKNOWN, buttonState=0, metaState=0, flags=0x0, edgeFlags=0x0, pointerCount=1, historySize=0, eventTime=353762, downTime=-1, deviceId=0, source=0x10004 }
05-18 12:38:38.016  1000  3369  6927 I chatty  : uid=1000(system) Binder:3369_12 expire 15 lines
05-18 12:38:38.016 shell 10352 10352 I Monkey  :     // Injection Failed
05-18 12:38:38.016  1000  3369  3383 I chatty  : uid=1000(system) ActivityManager expire 20 lines
05-18 12:38:38.021 shell 10352 10352 I Monkey  :     // Injection Failed
05-18 12:38:38.021 shell 10352 10352 I Monkey  : :Sending Touch (ACTION_UP): 0:(112.5556,254.7957)
05-18 12:38:38.054 10090 10972 10972 I MMKV    : <native-bridge.cpp:101::JNI_OnLoad> current API level = 27
05-18 12:38:38.055 10090 10972 10972 I MMKV    : <MMKV.cpp:192::initialize> page size:4096
05-18 12:38:38.056 10090 10972 10972 I MMKV    : <MMKV.cpp:206::initializeMMKV> root dir: /data/user/0/com.tencent.android.qqdownloader/files
05-18 12:38:38.056 10090 10972 10972 I MMKV    : <MMKV.cpp:335::loadFromFile> loading [CrabShellKV] with 0 size in total, file size is 4096, InterProcess 1
05-18 12:38:38.056 10090 10972 10972 I MMKV    : <MMKV.cpp:380::loadFromFile> loaded [CrabShellKV] with 0 values
05-18 12:38:38.071  1002 10990 10990 W crash_dump64: type=1400 audit(0.0:1153): avc: denied { read } for name="corefile" dev="mmcblk0p38" ino=100 scontext=u:r:crash_dump:s0 tcontext=u:object_r:coredump_file:s0 tclass=dir permissive=0
05-18 12:38:38.077 10090 10972 10972 I tag_LaunchSpeed: ,[main],[LaunchTagger][1]tag:Main_Application_onAttach
05-18 12:38:38.098  1000  2990  3165 I chatty  : uid=1000(system) HwBinder:2990_2 expire 193 lines
05-18 12:38:38.102 10090 10940 10988 I zygote64: android::hardware::configstore::V1_0::ISurfaceFlingerConfigs::hasWideColorDisplay retrieved: 0
05-18 12:38:38.102 10090 10940 10988 I OpenGLRenderer: Initialized EGL, version 1.4
05-18 12:38:38.102 10090 10940 10988 D OpenGLRenderer: Swap behavior 2
05-18 12:38:38.113 10090 10940 10988 D mali_winsys: EGLint new_window_surface(egl_winsys_display *, void *, EGLSurface, EGLConfig, egl_winsys_surface **, egl_color_buffer_format *, EGLBoolean) returns 0x3000, win:0x6fefc84010
05-18 12:38:38.113 10090 10940 10988 I OpenGLRenderer: queryNativeWindowStatus 0x6fefc84010 query=0 dataspace=0
05-18 12:38:38.127  1002 10993 10993 I crash_dump64: obtaining output fd from tombstoned, type: kDebuggerdNativeBacktrace
05-18 12:38:38.127  1058  3084  3084 I /system/bin/tombstoned: received crash request for pid 2983
05-18 12:38:38.127  1058  3084  3084 I /system/bin/tombstoned: found intercept fd 512 for pid 2983 and type kDebuggerdNativeBacktrace
05-18 12:38:38.128  1002 10993 10993 I crash_dump64: performing dump of process 2983 (target tid = 2983)
05-18 12:38:38.129 10090 10940 10988 D mali_winsys: EGLint new_window_surface(egl_winsys_display *, void *, EGLSurface, EGLConfig, egl_winsys_surface **, egl_color_buffer_format *, EGLBoolean) returns 0x3000, win:0x6fefc85010
05-18 12:38:38.129 10090 10940 10940 W ViewRootImpl[SplashActivity]: Dropping event due to no window focus: KeyEvent { action=ACTION_DOWN, keyCode=KEYCODE_TV_RADIO_SERVICE, scanCode=0, metaState=0, flags=0x8, repeatCount=0, eventTime=354399, downTime=354399, deviceId=-1, source=0x101 }
05-18 12:38:38.129 10090 10940 10988 I OpenGLRenderer: queryNativeWindowStatus 0x6fefc85010 query=0 dataspace=0
05-18 12:38:38.136 10090 10940 10988 D OpenGLRenderer: textureCacheSize 58720256
05-18 12:38:38.137 10090 10940 10940 I BinderManager: ,mBinderManagerConnection -> onServiceConnected
05-18 12:38:38.137 10090 10940 10940 I BinderManager: ,mBinderManagerConnection -> onServiceConnected, mBinderManager = com.tencent.assistant.daemon.BinderManagerImpl@a39a24b
05-18 12:38:38.140 shell 10352 10352 I Monkey  :     // Injection Failed
05-18 12:38:38.143  1000  3369  6927 I chatty  : uid=1000(system) Binder:3369_12 expire 21 lines
05-18 12:38:38.144 shell 10352 10352 I Monkey  : :Sending Trackball (ACTION_MOVE): 0:(-5.0,0.0)
05-18 12:38:38.185 10090 10972 10972 I MMKV    : <MMKV.cpp:206::initializeMMKV> root dir: /data/user/0/com.tencent.android.qqdownloader/files/mmkv
05-18 12:38:38.185  root 10516 10516 I /system/bin/dumpstate: libdebuggerd_client: done dumping process 2983
05-18 12:38:38.185 10090 10972 10972 I MMKV    : <MMKV.cpp:335::loadFromFile> loading [InterProcessKV] with 898 size in total, file size is 4096, InterProcess 1
05-18 12:38:38.186 10090 10972 10972 I MMKV    : <MMKV.cpp:359::loadFromFile> loading [InterProcessKV] with crc 2380599985 sequence 2 version 1
05-18 12:38:38.186 10090 10972 10972 I MMKV    : <MMKV.cpp:380::loadFromFile> loaded [InterProcessKV] with 10 values
05-18 12:38:38.186  root 10516 10516 I /system/bin/dumpstate: libdebuggerd_client: started dumping process 2984
05-18 12:38:38.188  1058  3084  3084 I /system/bin/tombstoned: registered intercept for pid 2984 and type kDebuggerdNativeBacktrace
05-18 12:38:38.191  1047  2984  2984 W provider@2.4-se: type=1400 audit(0.0:1154): avc: denied { read } for name="corefile" dev="mmcblk0p38" ino=100 scontext=u:r:hal_camera_default:s0 tcontext=u:object_r:coredump_file:s0 tclass=dir permissive=0
05-18 12:38:38.197  1047  2984  2984 W libc    : check core file limit, limited=1
05-18 12:38:38.197  1047  2984  2984 I libc    : Set DISDUMPABLE SUCCESS
05-18 12:38:38.197  1047  2984  2984 I libc    : Requested dump for tid 2984 (provider@2.4-se)
05-18 12:38:38.204 10090 10972 10977 I zygote64: Do partial code cache collection, code=832B, data=472B
05-18 12:38:38.206 10090 10972 10977 I zygote64: After code cache collection, code=832B, data=472B
05-18 12:38:38.206 10090 10972 10977 I zygote64: Increasing code cache capacity to 128KB
05-18 12:38:38.214 10090 10972 10977 I zygote64: Do partial code cache collection, code=832B, data=472B
05-18 12:38:38.217 10090 10972 10977 I zygote64: After code cache collection, code=832B, data=472B
05-18 12:38:38.217 10090 10972 10977 I zygote64: Increasing code cache capacity to 256KB
05-18 12:38:38.220 10090 10972 10972 W HMSSDK_PushPreferences: get new sharedPreferences failed,start to get from context. 
05-18 12:38:38.221  1047 11015 11015 W crash_dump32: type=1400 audit(0.0:1155): avc: denied { read } for name="corefile" dev="mmcblk0p38" ino=100 scontext=u:r:crash_dump:s0 tcontext=u:object_r:coredump_file:s0 tclass=dir permissive=0
05-18 12:38:38.241  1047 11018 11018 I crash_dump32: obtaining output fd from tombstoned, type: kDebuggerdNativeBacktrace
05-18 12:38:38.242  1058  3084  3084 I /system/bin/tombstoned: received crash request for pid 2984
05-18 12:38:38.242  1058  3084  3084 I /system/bin/tombstoned: found intercept fd 512 for pid 2984 and type kDebuggerdNativeBacktrace
05-18 12:38:38.243  1047 11018 11018 I crash_dump32: performing dump of process 2984 (target tid = 2984)
05-18 12:38:38.281  1000  2991  2991 I chatty  : uid=1000(system) composer@2.1-se expire 4 lines
05-18 12:38:38.291  root 10516 10516 I /system/bin/dumpstate: libdebuggerd_client: done dumping process 2984
05-18 12:38:38.292  root 10516 10516 I /system/bin/dumpstate: libdebuggerd_client: started dumping process 2991
05-18 12:38:38.295  1058  3084  3084 I /system/bin/tombstoned: registered intercept for pid 2991 and type kDebuggerdNativeBacktrace
05-18 12:38:38.311  1000 11025 11025 W crash_dump64: type=1400 audit(0.0:1157): avc: denied { read } for name="corefile" dev="mmcblk0p38" ino=100 scontext=u:r:crash_dump:s0 tcontext=u:object_r:coredump_file:s0 tclass=dir permissive=0
05-18 12:38:38.334 10090 10940 10988 I gralloc : gralloc_register_buffer hnd=0x6feeada240, share_fd=70, share_attr_fd=71, magic=51647890, format=1, internal_format=1, byte_stride=1280, flags=4, usage=0xb00, size=432640, width=320, height=338, internalWidth=320, internalHeight=338, stride=320, base=0x6ffb98a000, writeOwner=0, attr_base=0xffffffffffffffff, yuv_info=1, fd=-1, buf_idx=0, offset=0, min_pgsz=4096, phyaddr=0
05-18 12:38:38.337 10090 10972 10972 I AllianceAliveProviderProxy: market,onCreate
05-18 12:38:38.364  1000 11028 11028 I crash_dump64: obtaining output fd from tombstoned, type: kDebuggerdNativeBacktrace
05-18 12:38:38.365  1058  3084  3084 I /system/bin/tombstoned: received crash request for pid 2991
05-18 12:38:38.365  1058  3084  3084 I /system/bin/tombstoned: found intercept fd 512 for pid 2991 and type kDebuggerdNativeBacktrace
05-18 12:38:38.366  1000 11028 11028 I crash_dump64: performing dump of process 2991 (target tid = 2991)
05-18 12:38:38.378 10090 10940 10950 I zygote64: Background concurrent copying GC freed 5033(796KB) AllocSpace objects, 0(0B) LOS objects, 50% free, 1904KB/3MB, paused 201us total 367.423ms
05-18 12:38:38.391 10090 10940 10988 E OpenGLRenderer: SaveProgramBinary failed /data/data/com.tencent.android.qqdownloader:daemon/PB_8f61_1000000000
05-18 12:38:38.393 10090 10940 10988 E OpenGLRenderer: SaveProgramBinary failed /data/data/com.tencent.android.qqdownloader:daemon/PB_8f61_1800000000
05-18 12:38:38.405 10090 10940 10971 I MMKV    : <MMKV.cpp:510::checkLoadData> [CrabShellKV] oldSeq 9, newSeq 10
05-18 12:38:38.405 10090 10940 10971 I MMKV    : <MMKV.cpp:591::clearMemoryState> clearMemoryState [CrabShellKV]
05-18 12:38:38.405 10090 10940 10971 I MMKV    : <MMKV.cpp:335::loadFromFile> loading [CrabShellKV] with 0 size in total, file size is 4096, InterProcess 1
05-18 12:38:38.405 10090 10940 10971 I MMKV    : <MMKV.cpp:380::loadFromFile> loaded [CrabShellKV] with 0 values
05-18 12:38:38.405 10090 10940 10971 I FLog_StartInstrReport: ,[StartThread-405]???????????,
05-18 12:38:38.411 10090 10940 10971 E RDeliveryConfigProvider: ,getConfigBoolean: RDelivery?????????????. key = key_is_enable_send_broadcast , default = true
05-18 12:38:38.412 10089 10701 10706 I zygote  : Do partial code cache collection, code=115KB, data=99KB
05-18 12:38:38.412 10089 10701 10706 I zygote  : After code cache collection, code=115KB, data=99KB
05-18 12:38:38.412 10089 10701 10706 I zygote  : Increasing code cache capacity to 512KB
05-18 12:38:38.413 10090 10940 10971 I FLog_StartInstrReport: ,[StartThread-405]??????????,
05-18 12:38:38.421 10090 10940 10988 E OpenGLRenderer: SaveProgramBinary failed /data/data/com.tencent.android.qqdownloader:daemon/PB_8f61_2000000000003
05-18 12:38:38.450 10090 10940 10988 E OpenGLRenderer: SaveProgramBinary failed /data/data/com.tencent.android.qqdownloader:daemon/PB_8f61_2000800000003
05-18 12:38:38.465 10090 10972 11013 W zygote64: Verification of android.net.wifi.WifiInfo com.tencent.qmethod.protection.monitor.LocationMonitor.getConnectionInfo(android.net.wifi.WifiManager) took 131.656ms
05-18 12:38:38.480 10090 10940 10988 E OpenGLRenderer: SaveProgramBinary failed /data/data/com.tencent.android.qqdownloader:daemon/PB_8f61_2000000000001
05-18 12:38:38.504 10090 10940 10988 E OpenGLRenderer: SaveProgramBinary failed /data/data/com.tencent.android.qqdownloader:daemon/PB_8f61_800000000
05-18 12:38:38.517 10090 10940 10988 I gralloc : gralloc_register_buffer hnd=0x6feebd4880, share_fd=76, share_attr_fd=77, magic=51647890, format=1, internal_format=1, byte_stride=1280, flags=4, usage=0xb00, size=494080, width=320, height=386, internalWidth=320, internalHeight=386, stride=320, base=0x6ff023f000, writeOwner=0, attr_base=0xffffffffffffffff, yuv_info=1, fd=-1, buf_idx=0, offset=0, min_pgsz=4096, phyaddr=0
05-18 12:38:38.519 10090 10940 10988 E OpenGLRenderer: SaveProgramBinary failed /data/data/com.tencent.android.qqdownloader:daemon/PB_8f61_0
05-18 12:38:38.532 10090 10940 10940 W InputMethodManager: Ignoring onBind: cur seq=369, given seq=368
05-18 12:38:38.553 shell  8720  8720 I Monkey  : :Sending Trackball (ACTION_MOVE): 0:(3.0,4.0)
05-18 12:38:38.603 shell 10082 10082 I Monkey  : :Sending Touch (ACTION_DOWN): 0:(0.0,325.0)
05-18 12:38:38.627 10090 10940 10988 I gralloc : gralloc_register_buffer hnd=0x6fee1f3080, share_fd=78, share_attr_fd=79, magic=51647890, format=1, internal_format=1, byte_stride=1280, flags=4, usage=0xb00, size=432640, width=320, height=338, internalWidth=320, internalHeight=338, stride=320, base=0x6fed79a000, writeOwner=0, attr_base=0xffffffffffffffff, yuv_info=1, fd=-1, buf_idx=0, offset=0, min_pgsz=4096, phyaddr=0
05-18 12:38:38.643 10090 10940 10940 V Toast   : Toast SHOW: android.widget.Toast@7987164 view = android.widget.LinearLayout{5ccefcd V.E...... ......I. 0,0-0,0} caller: com.tencent.assistant.widget.DoubleClickExit.b:64 
05-18 12:38:38.646 10090 10940 10953 V Toast   : SHOW: android.widget.Toast$TN@ee0c082
05-18 12:38:38.650 10090 10940 10940 V Toast   : HANDLE SHOW: android.widget.Toast$TN@ee0c082 mView=null mNextView=android.widget.LinearLayout{5ccefcd V.E...... ......I. 0,0-0,0}
05-18 12:38:38.650 10090 10940 10940 V Toast   : HANDLE HIDE: android.widget.Toast$TN@ee0c082 mView=null
05-18 12:38:38.650 10090 10940 10940 V Toast   : ADD! android.widget.LinearLayout{5ccefcd V.E...... ......I. 0,0-0,0} in android.widget.Toast$TN@ee0c082
05-18 12:38:38.653 10090 10940 10988 I gralloc : gralloc_register_buffer hnd=0x6fee1f3bc0, share_fd=80, share_attr_fd=81, magic=51647890, format=1, internal_format=1, byte_stride=1280, flags=4, usage=0xb00, size=432640, width=320, height=338, internalWidth=320, internalHeight=338, stride=320, base=0x6fed730000, writeOwner=0, attr_base=0xffffffffffffffff, yuv_info=1, fd=-1, buf_idx=0, offset=0, min_pgsz=4096, phyaddr=0
05-18 12:38:38.657 10090 10940 10988 D OpenGLRenderer: textureCacheSize 58720256
05-18 12:38:38.661 shell  8720  8720 I Monkey  : :Sending Touch (ACTION_DOWN): 0:(50.0,26.0)
05-18 12:38:38.663 10090 10940 10988 D OpenGLRenderer: textureCacheSize 58720256
05-18 12:38:38.666 shell  8720  8720 I Monkey  :     //[calendar_time:2023-05-18 12:38:38.665  system_uptime:355078]
05-18 12:38:38.669 shell 10082 10082 I Monkey  : :Sending Touch (ACTION_UP): 0:(19.082373,339.46136)
05-18 12:38:38.671 shell  8720  8720 I Monkey  :     // Sending event #1500
05-18 12:38:38.711  1000  2995  2995 W sensors@1.0-ser: type=1400 audit(0.0:1158): avc: denied { read } for name="corefile" dev="mmcblk0p38" ino=100 scontext=u:r:hal_sensors_default:s0 tcontext=u:object_r:coredump_file:s0 tclass=dir permissive=0
05-18 12:38:38.719  root 10516 10516 I /system/bin/dumpstate: libdebuggerd_client: done dumping process 2991
05-18 12:38:38.720  root 10516 10516 I /system/bin/dumpstate: libdebuggerd_client: started dumping process 2995
05-18 12:38:38.724  1058  3084  3084 I /system/bin/tombstoned: registered intercept for pid 2995 and type kDebuggerdNativeBacktrace
05-18 12:38:38.725  1000  2995  2995 W libc    : check core file limit, limited=1
05-18 12:38:38.725  1000  2995  2995 I libc    : Set DISDUMPABLE SUCCESS
05-18 12:38:38.725  1000  2995  2995 I libc    : Requested dump for tid 2995 (sensors@1.0-ser)
05-18 12:38:38.735  1000  3011  3128 I chatty  : uid=1000(system) Binder:3011_1 expire 28 lines
05-18 12:38:38.740  1000  2991  3159 I chatty  : uid=1000(system) HwBinder:2991_2 expire 85 lines
05-18 12:38:38.742 10090 10940 10988 D mali_winsys: EGLint new_window_surface(egl_winsys_display *, void *, EGLSurface, EGLConfig, egl_winsys_surface **, egl_color_buffer_format *, EGLBoolean) returns 0x3000, win:0x6fefc89010
05-18 12:38:38.742 10090 10940 10988 I OpenGLRenderer: queryNativeWindowStatus 0x6fefc89010 query=0 dataspace=0
05-18 12:38:38.751  1000 11065 11065 W crash_dump64: type=1400 audit(0.0:1159): avc: denied { read } for name="corefile" dev="mmcblk0p38" ino=100 scontext=u:r:crash_dump:s0 tcontext=u:object_r:coredump_file:s0 tclass=dir permissive=0
05-18 12:38:38.755 10090 10940 10988 I gralloc : gralloc_register_buffer hnd=0x6fee1f4880, share_fd=84, share_attr_fd=85, magic=51647890, format=1, internal_format=1, byte_stride=640, flags=4, usage=0xb00, size=31360, width=160, height=49, internalWidth=160, internalHeight=49, stride=160, base=0x708a084000, writeOwner=0, attr_base=0xffffffffffffffff, yuv_info=1, fd=-1, buf_idx=0, offset=0, min_pgsz=4096, phyaddr=0
05-18 12:38:38.761 10090 11061 11061 W mount   : type=1400 audit(0.0:1160): avc: denied { getattr } for path="/productinfo" dev="mmcblk0p1" ino=2 scontext=u:r:untrusted_app:s0:c512,c768 tcontext=u:object_r:prod_file:s0 tclass=dir permissive=0
05-18 12:38:38.761 10090 11061 11061 W mount   : type=1400 audit(0.0:1161): avc: denied { read } for name="/" dev="rootfs" ino=1 scontext=u:r:untrusted_app:s0:c512,c768 tcontext=u:object_r:rootfs:s0 tclass=dir permissive=0
05-18 12:38:38.761 10090 11061 11061 I chatty  : uid=10090(com.tencent.android.qqdownloader) mount identical 4 lines
05-18 12:38:38.761 10090 11061 11061 W mount   : type=1400 audit(0.0:1164): avc: denied { read } for name="/" dev="rootfs" ino=1 scontext=u:r:untrusted_app:s0:c512,c768 tcontext=u:object_r:rootfs:s0 tclass=dir permissive=0
05-18 12:38:38.761 10090 11061 11061 W mount   : type=1400 audit(0.0:1165): avc: denied { read } for name="/" dev="rootfs" ino=1 scontext=u:r:untrusted_app:s0:c512,c768 tcontext=u:object_r:rootfs:s0 tclass=dir permissive=0
05-18 12:38:38.766 shell  8720  8720 I Monkey  :     // Injection Failed
05-18 12:38:38.768 shell  8720  8720 I Monkey  : :Sending Touch (ACTION_UP): 0:(89.084,19.13494)
05-18 12:38:38.769 shell 10082 10082 I Monkey  : :Sending Touch (ACTION_DOWN): 0:(30.0,65.0)
05-18 12:38:38.771 10090 11061 11061 W mount   : type=1400 audit(0.0:1166): avc: denied { read } for name="/" dev="rootfs" ino=1 scontext=u:r:untrusted_app:s0:c512,c768 tcontext=u:object_r:rootfs:s0 tclass=dir permissive=0
05-18 12:38:38.771 10090 11061 11061 W mount   : type=1400 audit(0.0:1169): avc: denied { read } for name="/" dev="rootfs" ino=1 scontext=u:r:untrusted_app:s0:c512,c768 tcontext=u:object_r:rootfs:s0 tclass=dir permissive=0
05-18 12:38:38.775  1000 11067 11067 I crash_dump64: obtaining output fd from tombstoned, type: kDebuggerdNativeBacktrace
05-18 12:38:38.776  1058  3084  3084 I /system/bin/tombstoned: received crash request for pid 2995
05-18 12:38:38.776  1058  3084  3084 I /system/bin/tombstoned: found intercept fd 512 for pid 2995 and type kDebuggerdNativeBacktrace
05-18 12:38:38.777  1000 11067 11067 I crash_dump64: performing dump of process 2995 (target tid = 2995)
05-18 12:38:38.789 shell 10082 10082 I Monkey  : :Sending Touch (ACTION_UP): 0:(45.752598,56.05459)
05-18 12:38:38.793 shell 10082 10082 I Monkey  :     // Injection Failed
05-18 12:38:38.793 shell 10082 10082 I Monkey  : :Sending Trackball (ACTION_MOVE): 0:(-2.0,-5.0)
05-18 12:38:38.795 shell 10352 10352 I Monkey  : :Sending Touch (ACTION_DOWN): 0:(168.0,253.0)
05-18 12:38:38.799 shell 10352 10352 I Monkey  : :Sending Touch (ACTION_UP): 0:(166.40854,253.0578)
05-18 12:38:38.810 shell 10352 10352 I Monkey  : :Sending Trackball (ACTION_MOVE): 0:(-4.0,-2.0)
05-18 12:38:38.811  logd 11063 11063 W mount   : type=1400 audit(0.0:1170): avc: denied { getattr } for path="/productinfo" dev="mmcblk0p1" ino=2 scontext=u:r:untrusted_app:s0:c512,c768 tcontext=u:object_r:prod_file:s0 tclass=dir permissive=0
05-18 12:38:38.811  logd 11063 11063 W mount   : type=1400 audit(0.0:1171): avc: denied { read } for name="/" dev="rootfs" ino=1 scontext=u:r:untrusted_app:s0:c512,c768 tcontext=u:object_r:rootfs:s0 tclass=dir permissive=0
05-18 12:38:38.811  logd 11063 11063 W mount   : type=1400 audit(0.0:1172): avc: denied { read } for name="/" dev="rootfs" ino=1 scontext=u:r:untrusted_app:s0:c512,c768 tcontext=u:object_r:rootfs:s0 tclass=dir permissive=0
05-18 12:38:38.811  logd 11063 11063 W mount   : type=1400 audit(0.0:1173): avc: denied { read } for name="/" dev="rootfs" ino=1 scontext=u:r:untrusted_app:s0:c512,c768 tcontext=u:object_r:rootfs:s0 tclass=dir permissive=0
05-18 12:38:38.811  logd 11063 11063 W mount   : type=1400 audit(0.0:1174): avc: denied { read } for name="/" dev="rootfs" ino=1 scontext=u:r:untrusted_app:s0:c512,c768 tcontext=u:object_r:rootfs:s0 tclass=dir permissive=0
05-18 12:38:38.811  logd 11063 11063 I chatty  : uid=1036(auditd) identical 4 lines
05-18 12:38:38.811  logd 11063 11063 W mount   : type=1400 audit(0.0:1179): avc: denied { read } for name="/" dev="rootfs" ino=1 scontext=u:r:untrusted_app:s0:c512,c768 tcontext=u:object_r:rootfs:s0 tclass=dir permissive=0
05-18 12:38:38.829  root 10516 10516 I /system/bin/dumpstate: libdebuggerd_client: done dumping process 2995
05-18 12:38:38.831  root 10516 10516 I /system/bin/dumpstate: libdebuggerd_client: started dumping process 3011
05-18 12:38:38.832  1058  3084  3084 I /system/bin/tombstoned: registered intercept for pid 3011 and type kDebuggerdNativeBacktrace
05-18 12:38:38.841  1000 11069 11069 W crash_dump64: type=1400 audit(0.0:1181): avc: denied { read } for name="corefile" dev="mmcblk0p38" ino=100 scontext=u:r:crash_dump:s0 tcontext=u:object_r:coredump_file:s0 tclass=dir permissive=0
05-18 12:38:38.873  1000 11070 11070 I crash_dump64: obtaining output fd from tombstoned, type: kDebuggerdNativeBacktrace
05-18 12:38:38.873  1058  3084  3084 I /system/bin/tombstoned: received crash request for pid 3011
05-18 12:38:38.873  1058  3084  3084 I /system/bin/tombstoned: found intercept fd 512 for pid 3011 and type kDebuggerdNativeBacktrace
05-18 12:38:38.873  1000 11070 11070 I crash_dump64: performing dump of process 3011 (target tid = 3011)
05-18 12:38:39.121  1041  3037  3037 W audioserver: type=1400 audit(0.0:1182): avc: denied { read } for name="corefile" dev="mmcblk0p38" ino=100 scontext=u:r:audioserver:s0 tcontext=u:object_r:coredump_file:s0 tclass=dir permissive=0
05-18 12:38:39.122  root 10516 10516 I /system/bin/dumpstate: libdebuggerd_client: done dumping process 3011
05-18 12:38:39.123  root 10516 10516 I /system/bin/dumpstate: libdebuggerd_client: started dumping process 3037
05-18 12:38:39.126  1058  3084  3084 I /system/bin/tombstoned: registered intercept for pid 3037 and type kDebuggerdNativeBacktrace
05-18 12:38:39.127  1041  3037  3037 W libc    : check core file limit, limited=1
05-18 12:38:39.127  1041  3037  3037 I libc    : Set DISDUMPABLE SUCCESS
05-18 12:38:39.127  1041  3037  3037 I libc    : Requested dump for tid 3037 (audioserver)
05-18 12:38:39.134 shell  8720  8720 I Monkey  : :Sending Touch (ACTION_DOWN): 0:(289.0,213.0)
05-18 12:38:39.141  1041 11072 11072 W crash_dump32: type=1400 audit(0.0:1183): avc: denied { read } for name="corefile" dev="mmcblk0p38" ino=100 scontext=u:r:crash_dump:s0 tcontext=u:object_r:coredump_file:s0 tclass=dir permissive=0
05-18 12:38:39.161 shell  8720  8720 I Monkey  : :Sending Touch (ACTION_UP): 0:(278.68054,218.66258)
05-18 12:38:39.181 shell 10082 10082 I Monkey  : :Sending Trackball (ACTION_MOVE): 0:(-5.0,1.0)
05-18 12:38:39.195  1041 11073 11073 I crash_dump32: obtaining output fd from tombstoned, type: kDebuggerdNativeBacktrace
05-18 12:38:39.195  1058  3084  3084 I /system/bin/tombstoned: received crash request for pid 3037
05-18 12:38:39.195  1058  3084  3084 I /system/bin/tombstoned: found intercept fd 512 for pid 3037 and type kDebuggerdNativeBacktrace
05-18 12:38:39.196  1041 11073 11073 I crash_dump32: performing dump of process 3037 (target tid = 3037)
05-18 12:38:39.239 shell 10352 10352 I Monkey  : :Sending Touch (ACTION_DOWN): 0:(174.0,247.0)
05-18 12:38:39.271  1047  3038  3038 W cameraserver: type=1400 audit(0.0:1184): avc: denied { read } for name="corefile" dev="mmcblk0p38" ino=100 scontext=u:r:cameraserver:s0 tcontext=u:object_r:coredump_file:s0 tclass=dir permissive=0
05-18 12:38:39.277  root 10516 10516 I /system/bin/dumpstate: libdebuggerd_client: done dumping process 3037
05-18 12:38:39.277  root 10516 10516 I /system/bin/dumpstate: libdebuggerd_client: started dumping process 3038
05-18 12:38:39.278  1058  3084  3084 I /system/bin/tombstoned: registered intercept for pid 3038 and type kDebuggerdNativeBacktrace
05-18 12:38:39.281  1047  3038  3038 W libc    : check core file limit, limited=1
05-18 12:38:39.281  1047  3038  3038 I libc    : Set DISDUMPABLE SUCCESS
05-18 12:38:39.282  1047  3038  3038 I libc    : Requested dump for tid 3038 (cameraserver)
05-18 12:38:39.303 shell 10352 10352 I Monkey  : :Sending Touch (ACTION_UP): 0:(316.58063,208.28683)
05-18 12:38:39.322  1047 11077 11077 I crash_dump32: obtaining output fd from tombstoned, type: kDebuggerdNativeBacktrace
05-18 12:38:39.323  1058  3084  3084 I /system/bin/tombstoned: received crash request for pid 3038
05-18 12:38:39.323  1058  3084  3084 I /system/bin/tombstoned: found intercept fd 512 for pid 3038 and type kDebuggerdNativeBacktrace
05-18 12:38:39.323  1047 11077 11077 I crash_dump32: performing dump of process 3038 (target tid = 3038)
05-18 12:38:39.326 shell 10352 10352 I Monkey  : :Sending Touch (ACTION_DOWN): 0:(270.0,265.0)
05-18 12:38:39.329 shell 10352 10352 I Monkey  : :Sending Touch (ACTION_UP): 0:(265.93536,264.0634)
05-18 12:38:39.333 shell  8720  8720 I Monkey  : :Sending Touch (ACTION_DOWN): 0:(103.0,139.0)
05-18 12:38:39.334 shell 10352 10352 I Monkey  :     //[calendar_time:2023-05-18 12:38:39.334  system_uptime:355747]
05-18 12:38:39.334 shell 10352 10352 I Monkey  :     // Sending event #400
05-18 12:38:39.340 shell  8720  8720 I Monkey  : :Sending Touch (ACTION_UP): 0:(109.74998,146.56728)
05-18 12:38:39.347  1000  3369  4720 I chatty  : uid=1000(system) Binder:3369_A expire 8 lines
05-18 12:38:39.347 shell 10082 10082 I Monkey  : :Sending Trackball (ACTION_MOVE): 0:(3.0,-5.0)
05-18 12:38:39.367 shell  8720  8720 I Monkey  : :Sending Touch (ACTION_DOWN): 0:(128.0,383.0)
05-18 12:38:39.371  1000  4883  4968 I CPVoiceAgent: select: retrun 0
05-18 12:38:39.384 shell  8720  8720 I Monkey  : :Sending Touch (ACTION_UP): 0:(135.05234,386.0)
05-18 12:38:39.406 shell  8720  8720 I Monkey  : :Switch: #Intent;action=android.intent.action.MAIN;category=android.intent.category.LAUNCHER;launchFlags=0x10200000;component=com.divo.phone/.MainActivity;end
05-18 12:38:39.406  root 10516 10516 I /system/bin/dumpstate: libdebuggerd_client: done dumping process 3038
05-18 12:38:39.407  root 10516 10516 I /system/bin/dumpstate: libdebuggerd_client: started dumping process 3039
05-18 12:38:39.407  1058  3084  3084 I /system/bin/tombstoned: registered intercept for pid 3039 and type kDebuggerdNativeBacktrace
05-18 12:38:39.408   drm  3039  3039 W libc    : check core file limit, limited=1
05-18 12:38:39.408   drm  3039  3039 I libc    : Set DISDUMPABLE SUCCESS
05-18 12:38:39.408   drm  3039  3039 I libc    : Requested dump for tid 3039 (drmserver)
05-18 12:38:39.441 shell  8720  8720 I Monkey  : :Sending Touch (ACTION_DOWN): 0:(233.0,293.0)
05-18 12:38:39.446  1000  2995  3529 D sensor  : poll__batch handle=5 sampling_period_ns=50ms, max_report_latency_ns=0ms
05-18 12:38:39.467 shell 10352 10352 I Monkey  : :Sending Touch (ACTION_DOWN): 0:(153.0,21.0)
05-18 12:38:39.474   drm 11081 11081 I crash_dump64: obtaining output fd from tombstoned, type: kDebuggerdNativeBacktrace
05-18 12:38:39.474  1058  3084  3084 I /system/bin/tombstoned: received crash request for pid 3039
05-18 12:38:39.474  1058  3084  3084 I /system/bin/tombstoned: found intercept fd 512 for pid 3039 and type kDebuggerdNativeBacktrace
05-18 12:38:39.474   drm 11081 11081 I crash_dump64: performing dump of process 3039 (target tid = 3039)
05-18 12:38:39.495  root 10516 10516 I /system/bin/dumpstate: libdebuggerd_client: done dumping process 3039
05-18 12:38:39.496  root 10516 10516 I /system/bin/dumpstate: libdebuggerd_client: started dumping process 3045
05-18 12:38:39.497  1058  3084  3084 I /system/bin/tombstoned: registered intercept for pid 3045 and type kDebuggerdNativeBacktrace
05-18 12:38:39.498 media  3045  3045 W libc    : check core file limit, limited=1
05-18 12:38:39.498 media  3045  3045 I libc    : Set DISDUMPABLE SUCCESS
05-18 12:38:39.498 media  3045  3045 I libc    : Requested dump for tid 3045 (mediadrmserver)
05-18 12:38:39.539 media 11097 11097 I crash_dump32: obtaining output fd from tombstoned, type: kDebuggerdNativeBacktrace
05-18 12:38:39.540  1058  3084  3084 I /system/bin/tombstoned: received crash request for pid 3045
05-18 12:38:39.540  1058  3084  3084 I /system/bin/tombstoned: found intercept fd 512 for pid 3045 and type kDebuggerdNativeBacktrace
05-18 12:38:39.540 media 11097 11097 I crash_dump32: performing dump of process 3045 (target tid = 3045)
05-18 12:38:39.541 shell 10082 10082 I Monkey  : :Sending Touch (ACTION_DOWN): 0:(144.0,377.0)
05-18 12:38:39.544 shell 10352 10352 I Monkey  :     // Injection Failed
05-18 12:38:39.545 shell  8720  8720 I Monkey  :     // Injection Failed
05-18 12:38:39.546 shell 10082 10082 I Monkey  :     // Injection Failed
05-18 12:38:39.546 shell 10082 10082 I Monkey  : :Sending Touch (ACTION_UP): 0:(151.44722,376.9945)
05-18 12:38:39.547 shell 10352 10352 I Monkey  :     // Injection Failed
05-18 12:38:39.549 shell 10352 10352 I Monkey  :     // Injection Failed
05-18 12:38:39.549 shell  8720  8720 I Monkey  :     // Injection Failed
05-18 12:38:39.551 shell 10352 10352 I Monkey  :     // Injection Failed
05-18 12:38:39.552 shell 10082 10082 I Monkey  :     // Injection Failed
05-18 12:38:39.553 shell  8720  8720 I Monkey  :     // Injection Failed
05-18 12:38:39.553 shell 10082 10082 I Monkey  : :Sending Trackball (ACTION_MOVE): 0:(-1.0,3.0)
05-18 12:38:39.554 shell  8720  8720 I Monkey  : :Sending Touch (ACTION_UP): 0:(289.22897,298.36697)
05-18 12:38:39.554 shell 10352 10352 I Monkey  :     // Injection Failed
05-18 12:38:39.554 shell 10352 10352 I Monkey  : :Sending Touch (ACTION_UP): 0:(105.73275,14.859478)
05-18 12:38:39.555 shell 10352 10352 I Monkey  :     // Injection Failed
05-18 12:38:39.565 shell  8720  8720 I Monkey  :     // Injection Failed
05-18 12:38:39.570 shell 10352 10352 I Monkey  : :Sending Trackball (ACTION_MOVE): 0:(1.0,3.0)
05-18 12:38:39.578  root 10516 10516 I /system/bin/dumpstate: libdebuggerd_client: done dumping process 3045
05-18 12:38:39.579  root 10516 10516 I /system/bin/dumpstate: libdebuggerd_client: started dumping process 3047
05-18 12:38:39.579  1058  3084  3084 I /system/bin/tombstoned: registered intercept for pid 3047 and type kDebuggerdNativeBacktrace
05-18 12:38:39.581  1040  3047  3047 W libc    : check core file limit, limited=1
05-18 12:38:39.581  1040  3047  3047 I libc    : Set DISDUMPABLE SUCCESS
05-18 12:38:39.585  1058  3084  3084 I /system/bin/tombstoned: received crash request for pid 3047
05-18 12:38:39.585  1058  3084  3084 I /system/bin/tombstoned: found intercept fd 512 for pid 3047 and type kDebuggerdNativeBacktrace
05-18 12:38:39.595  1040  3047  3189 W libc    : check core file limit, limited=1
05-18 12:38:39.595  1040  3047  3189 I libc    : Set DISDUMPABLE SUCCESS
05-18 12:38:39.607  1040  3047  4238 W libc    : check core file limit, limited=1
05-18 12:38:39.607  1040  3047  4238 I libc    : Set DISDUMPABLE SUCCESS
05-18 12:38:39.614  1040  3047  4290 W libc    : check core file limit, limited=1
05-18 12:38:39.614  1040  3047  4290 I libc    : Set DISDUMPABLE SUCCESS
05-18 12:38:39.617 10090 10940 10988 I gralloc : gralloc_unregister_buffer hnd=0x6fee1f3bc0, share_fd=80, share_attr_fd=81, magic=51647890, format=1, internal_format=1, byte_stride=1280, flags=4, usage=0xb00, size=432640, width=320, height=338, internalWidth=320, internalHeight=338, stride=320, base=0x6fed730000, writeOwner=0, attr_base=0xffffffffffffffff, yuv_info=1, fd=-1, buf_idx=0, offset=0, min_pgsz=4096, phyaddr=0
05-18 12:38:39.618 10090 10940 10988 I gralloc : gralloc_unregister_buffer hnd=0x6feeada240, share_fd=70, share_attr_fd=71, magic=51647890, format=1, internal_format=1, byte_stride=1280, flags=4, usage=0xb00, size=432640, width=320, height=338, internalWidth=320, internalHeight=338, stride=320, base=0x6ffb98a000, writeOwner=0, attr_base=0xffffffffffffffff, yuv_info=1, fd=-1, buf_idx=0, offset=0, min_pgsz=4096, phyaddr=0
05-18 12:38:39.618 10090 10940 10988 I gralloc : gralloc_unregister_buffer hnd=0x6fee1f3080, share_fd=78, share_attr_fd=79, magic=51647890, format=1, internal_format=1, byte_stride=1280, flags=4, usage=0xb00, size=432640, width=320, height=338, internalWidth=320, internalHeight=338, stride=320, base=0x6fed79a000, writeOwner=0, attr_base=0xffffffffffffffff, yuv_info=1, fd=-1, buf_idx=0, offset=0, min_pgsz=4096, phyaddr=0
05-18 12:38:39.618 10090 10940 10988 W libEGL  : EGLNativeWindowType 0x6fefc84010 disconnect failed
05-18 12:38:39.624  1040  3047  6498 W libc    : check core file limit, limited=1
05-18 12:38:39.624  1040  3047  6498 I libc    : Set DISDUMPABLE SUCCESS
05-18 12:38:39.632  1040  3047  7081 W libc    : check core file limit, limited=1
05-18 12:38:39.632  1040  3047  7081 I libc    : Set DISDUMPABLE SUCCESS
05-18 12:38:39.642  1040  3047  7179 W libc    : check core file limit, limited=1
05-18 12:38:39.642  1040  3047  7179 I libc    : Set DISDUMPABLE SUCCESS
05-18 12:38:39.650  root 10516 10516 I /system/bin/dumpstate: libdebuggerd_client: done dumping process 3047
05-18 12:38:39.650  root 10516 10516 I /system/bin/dumpstate: libdebuggerd_client: started dumping process 3049
05-18 12:38:39.651  1058  3084  3084 I /system/bin/tombstoned: registered intercept for pid 3049 and type kDebuggerdNativeBacktrace
05-18 12:38:39.651 media  3049  3049 W libc    : check core file limit, limited=1
05-18 12:38:39.651 media  3049  3049 I libc    : Set DISDUMPABLE SUCCESS
05-18 12:38:39.652 media  3049  3049 I libc    : Requested dump for tid 3049 (mediaserver)
05-18 12:38:39.654  1000 11082 11082 I zygote64: The ClassLoaderContext is a special shared library.
05-18 12:38:39.664 10090 10940 10988 I gralloc : gralloc_unregister_buffer hnd=0x6feebd4880, share_fd=76, share_attr_fd=77, magic=51647890, format=1, internal_format=1, byte_stride=1280, flags=4, usage=0xb00, size=494080, width=320, height=386, internalWidth=320, internalHeight=386, stride=320, base=0x6ff023f000, writeOwner=0, attr_base=0xffffffffffffffff, yuv_info=1, fd=-1, buf_idx=0, offset=0, min_pgsz=4096, phyaddr=0
05-18 12:38:39.664 10090 10940 10988 W libEGL  : EGLNativeWindowType 0x6fefc85010 disconnect failed
05-18 12:38:39.685 10020  4188  4299 I gralloc : gralloc_register_buffer hnd=0x70098c45c0, share_fd=99, share_attr_fd=100, magic=51647890, format=1, internal_format=1, byte_stride=1280, flags=4, usage=0x333, size=494080, width=320, height=386, internalWidth=320, internalHeight=386, stride=320, base=0x6fefa74000, writeOwner=0, attr_base=0xffffffffffffffff, yuv_info=1, fd=-1, buf_idx=0, offset=0, min_pgsz=4096, phyaddr=0
05-18 12:38:39.700 media 11102 11102 I crash_dump32: obtaining output fd from tombstoned, type: kDebuggerdNativeBacktrace
05-18 12:38:39.701  1058  3084  3084 I /system/bin/tombstoned: received crash request for pid 3049
05-18 12:38:39.701  1058  3084  3084 I /system/bin/tombstoned: found intercept fd 512 for pid 3049 and type kDebuggerdNativeBacktrace
05-18 12:38:39.701 media 11102 11102 I crash_dump32: performing dump of process 3049 (target tid = 3049)
05-18 12:38:39.740  1041  2982  6475 W StreamHAL: Error from HAL stream in function get_presentation_position: Operation not permitted
05-18 12:38:39.740  1000 11082 11082 I AudioTrack: set(): streamType 8, sampleRate 0, format 0x1, channelMask 0x1, frameCount 882, flags #4, notificationFrames 0, sessionId 0, transferType 1, uid -1, pid -1
05-18 12:38:39.741  1041  3037  5679 W AudioFlinger: createTrack_l(): mismatch between requested flags (00000004) and output flags (00000002)
05-18 12:38:39.742  1000 11082 11082 W AudioTrack: AUDIO_OUTPUT_FLAG_FAST denied by server; frameCount 3848 -> 3848
05-18 12:38:39.742  1000 11082 11082 D AudioTrack: Client defaulted notificationFrames to 1924 for frameCount 3848
05-18 12:38:39.745  1000  2995  3529 D sensor  : poll__flush handle=5
05-18 12:38:39.745  1000  2995  2995 E sensor  : reading flush event from pipe
05-18 12:38:39.751  1041  2982  6475 W StreamHAL: Error from HAL stream in function get_presentation_position: Operation not permitted
05-18 12:38:39.753  1000 11082 11082 D OpenGLRenderer: textureCacheSize 58720256
05-18 12:38:39.754  1000 11082 11104 D OpenGLRenderer: HWUI GL Pipeline
05-18 12:38:39.759  root 10516 10516 I /system/bin/dumpstate: libdebuggerd_client: done dumping process 3049
05-18 12:38:39.760  root 10516 10516 I /system/bin/dumpstate: libdebuggerd_client: started dumping process 3072
05-18 12:38:39.760  1058  3084  3084 I /system/bin/tombstoned: registered intercept for pid 3072 and type kDebuggerdNativeBacktrace
05-18 12:38:39.761  1046  3072  3072 W libc    : check core file limit, limited=1
05-18 12:38:39.761  1046  3072  3072 I libc    : Set DISDUMPABLE SUCCESS
05-18 12:38:39.761  1058  3084  3084 I /system/bin/tombstoned: received crash request for pid 3072
05-18 12:38:39.761  1058  3084  3084 I /system/bin/tombstoned: found intercept fd 512 for pid 3072 and type kDebuggerdNativeBacktrace
05-18 12:38:39.762  1041  2982  6475 W StreamHAL: Error from HAL stream in function get_presentation_position: Operation not permitted
05-18 12:38:39.771  1046  3072  3072 W HwBinder:3072_2: type=1400 audit(0.0:1201): avc: denied { read } for name="corefile" dev="mmcblk0p38" ino=100 scontext=u:r:mediacodec:s0 tcontext=u:object_r:coredump_file:s0 tclass=dir permissive=0
05-18 12:38:39.771  1046  3072  3185 W libc    : check core file limit, limited=1
05-18 12:38:39.771  1046  3072  3185 I libc    : Set DISDUMPABLE SUCCESS
05-18 12:38:39.772  1041  2982  6475 W StreamHAL: Error from HAL stream in function get_presentation_position: Operation not permitted
05-18 12:38:39.781  1046  3072  3072 W Binder:3072_1: type=1400 audit(0.0:1202): avc: denied { read } for name="corefile" dev="mmcblk0p38" ino=100 scontext=u:r:mediacodec:s0 tcontext=u:object_r:coredump_file:s0 tclass=dir permissive=0
05-18 12:38:39.781  1046  3072  3186 W libc    : check core file limit, limited=1
05-18 12:38:39.781  1046  3072  3186 I libc    : Set DISDUMPABLE SUCCESS
05-18 12:38:39.783  1041  2982  6475 W StreamHAL: Error from HAL stream in function get_presentation_position: Operation not permitted
05-18 12:38:39.789  1046  3072  3188 W libc    : check core file limit, limited=1
05-18 12:38:39.789  1046  3072  3188 I libc    : Set DISDUMPABLE SUCCESS
05-18 12:38:39.791  1046  3072  3072 W HwBinder:3072_3: type=1400 audit(0.0:1203): avc: denied { read } for name="corefile" dev="mmcblk0p38" ino=100 scontext=u:r:mediacodec:s0 tcontext=u:object_r:coredump_file:s0 tclass=dir permissive=0
05-18 12:38:39.793  1000  3369  8686 I chatty  : uid=1000(system) Binder:3369_19 expire 3 lines
05-18 12:38:39.794  1041  2982  6475 W StreamHAL: Error from HAL stream in function get_presentation_position: Operation not permitted
05-18 12:38:39.798  1046  3072  3208 W libc    : check core file limit, limited=1
05-18 12:38:39.798  1046  3072  3208 I libc    : Set DISDUMPABLE SUCCESS
05-18 12:38:39.801  1046  3072  3072 W HwBinder:3072_4: type=1400 audit(0.0:1204): avc: denied { read } for name="corefile" dev="mmcblk0p38" ino=100 scontext=u:r:mediacodec:s0 tcontext=u:object_r:coredump_file:s0 tclass=dir permissive=0
05-18 12:38:39.805  1041  2982  6475 W StreamHAL: Error from HAL stream in function get_presentation_position: Operation not permitted
05-18 12:38:39.811  1000 11082 11104 I zygote64: android::hardware::configstore::V1_0::ISurfaceFlingerConfigs::hasWideColorDisplay retrieved: 0
05-18 12:38:39.812  1000 11082 11104 I OpenGLRenderer: Initialized EGL, version 1.4
05-18 12:38:39.812  1000 11082 11104 D OpenGLRenderer: Swap behavior 2
05-18 12:38:39.813  1046  3072  3224 W libc    : check core file limit, limited=1
05-18 12:38:39.813  1046  3072  3224 I libc    : Set DISDUMPABLE SUCCESS
05-18 12:38:39.814  1000 11082 11082 W ViewRootImpl[MainActivity]: Cancelling event due to no window focus: KeyEvent { action=ACTION_UP, keyCode=KEYCODE_VOLUME_DOWN, scanCode=0, metaState=0, flags=0x28, repeatCount=0, eventTime=355996, downTime=355996, deviceId=-1, source=0x101 }
05-18 12:38:39.814  1000 11082 11082 E AudioManagerEx: new AudioManagerEx
05-18 12:38:39.814  1000 11082 11082 I chatty  : uid=1000(system) com.divo.phone identical 4 lines
05-18 12:38:39.815  1000 11082 11082 W ViewRootImpl[MainActivity]: Cancelling event due to no window focus: KeyEvent { action=ACTION_UP, keyCode=KEYCODE_VOLUME_DOWN, scanCode=0, metaState=0, flags=0x28, repeatCount=0, eventTime=355996, downTime=355996, deviceId=-1, source=0x101 }
05-18 12:38:39.816  1041  2982  6475 W StreamHAL: Error from HAL stream in function get_presentation_position: Operation not permitted
05-18 12:38:39.821  1000 11082 11104 D mali_winsys: EGLint new_window_surface(egl_winsys_display *, void *, EGLSurface, EGLConfig, egl_winsys_surface **, egl_color_buffer_format *, EGLBoolean) returns 0x3000, win:0x70098d6010
05-18 12:38:39.821  1000 11082 11104 I OpenGLRenderer: queryNativeWindowStatus 0x70098d6010 query=0 dataspace=0
05-18 12:38:39.827  1041  2982  6475 W StreamHAL: Error from HAL stream in function get_presentation_position: Operation not permitted
05-18 12:38:39.831  1046  3072  3072 W HwBinder:3072_5: type=1400 audit(0.0:1205): avc: denied { read } for name="corefile" dev="mmcblk0p38" ino=100 scontext=u:r:mediacodec:s0 tcontext=u:object_r:coredump_file:s0 tclass=dir permissive=0
05-18 12:38:39.838  1041  2982  6475 W StreamHAL: Error from HAL stream in function get_presentation_position: Operation not permitted
05-18 12:38:39.839  1046  3072  3283 W libc    : check core file limit, limited=1
05-18 12:38:39.839  1046  3072  3283 I libc    : Set DISDUMPABLE SUCCESS
05-18 12:38:39.841  1046  3072  3072 W rd.h264.decoder: type=1400 audit(0.0:1206): avc: denied { read } for name="corefile" dev="mmcblk0p38" ino=100 scontext=u:r:mediacodec:s0 tcontext=u:object_r:coredump_file:s0 tclass=dir permissive=0
05-18 12:38:39.846 shell  8720  8720 I Monkey  : :Sending Touch (ACTION_DOWN): 0:(68.0,290.0)
05-18 12:38:39.849  1041  2982  6475 W StreamHAL: Error from HAL stream in function get_presentation_position: Operation not permitted
05-18 12:38:39.855  1046  3072  7034 W libc    : check core file limit, limited=1
05-18 12:38:39.855  1046  3072  7034 I libc    : Set DISDUMPABLE SUCCESS
05-18 12:38:39.859  1041  2982  6475 W StreamHAL: Error from HAL stream in function get_presentation_position: Operation not permitted
05-18 12:38:39.861  1046  3072  3072 W HwBinder:3072_6: type=1400 audit(0.0:1207): avc: denied { read } for name="corefile" dev="mmcblk0p38" ino=100 scontext=u:r:mediacodec:s0 tcontext=u:object_r:coredump_file:s0 tclass=dir permissive=0
05-18 12:38:39.868  1046  3072  7054 W libc    : check core file limit, limited=1
05-18 12:38:39.868  1046  3072  7054 I libc    : Set DISDUMPABLE SUCCESS
05-18 12:38:39.870  1041  2982  6475 W StreamHAL: Error from HAL stream in function get_presentation_position: Operation not permitted
05-18 12:38:39.871  1046  3072  3072 W HwBinder:3072_7: type=1400 audit(0.0:1208): avc: denied { read } for name="corefile" dev="mmcblk0p38" ino=100 scontext=u:r:mediacodec:s0 tcontext=u:object_r:coredump_file:s0 tclass=dir permissive=0
05-18 12:38:39.873  1000 11082 11104 I gralloc : gralloc_register_buffer hnd=0x6ff15de200, share_fd=60, share_attr_fd=61, magic=51647890, format=1, internal_format=1, byte_stride=1280, flags=4, usage=0xb00, size=494080, width=320, height=386, internalWidth=320, internalHeight=386, stride=320, base=0x6ffb97b000, writeOwner=0, attr_base=0xffffffffffffffff, yuv_info=1, fd=-1, buf_idx=0, offset=0, min_pgsz=4096, phyaddr=0
05-18 12:38:39.878  1046  3072  7071 W libc    : check core file limit, limited=1
05-18 12:38:39.878  1046  3072  7071 I libc    : Set DISDUMPABLE SUCCESS
05-18 12:38:39.881  1041  2982  6475 W StreamHAL: Error from HAL stream in function get_presentation_position: Operation not permitted
05-18 12:38:39.888  root 10516 10516 I /system/bin/dumpstate: libdebuggerd_client: done dumping process 3072
05-18 12:38:39.890  root 10516 10516 I /system/bin/dumpstate: libdebuggerd_client: started dumping process 3369
05-18 12:38:39.890  1000 11082 11082 W InputMethodManager: Ignoring onBind: cur seq=371, given seq=370
05-18 12:38:39.890  1000  3369  3374 I chatty  : uid=1000(system) Signal Catcher expire 3 lines
05-18 12:38:39.891  1058  3084  3084 I /system/bin/tombstoned: registered intercept for pid 3369 and type kDebuggerdJavaBacktrace
05-18 12:38:39.891  1000  2995  2995 D sensor  : poll__batch handle=5 sampling_period_ns=50ms, max_report_latency_ns=0ms
05-18 12:38:39.892  1041  2982  6475 W StreamHAL: Error from HAL stream in function get_presentation_position: Operation not permitted
05-18 12:38:39.903  1041  2982  6475 W StreamHAL: Error from HAL stream in function get_presentation_position: Operation not permitted
05-18 12:38:39.911  1000  3369  3526 I chatty  : uid=1000(system) android.anim expire 8 lines
05-18 12:38:39.914  1041  2982  6475 W StreamHAL: Error from HAL stream in function get_presentation_position: Operation not permitted
05-18 12:38:39.925  1041  2982  6475 W StreamHAL: Error from HAL stream in function get_presentation_position: Operation not permitted
