05-18 12:36:47.366 10087  7851  7851 W ViewRootImpl[GameActivity]: Dropping event due to no window focus: MotionEvent { action=ACTION_MOVE, actionButton=0, id[0]=0, x[0]=0.0, y[0]=-3.0, toolType[0]=TOOL_TYPE_UNKNOWN, buttonState=0, metaState=0, flags=0x0, edgeFlags=0x0, pointerCount=1, historySize=4, eventTime=243772, downTime=-1, deviceId=0, source=0x10004 }
05-18 12:36:47.393 10087  7851  7851 W ViewRootImpl[GameActivity]: Dropping event due to no window focus: KeyEvent { action=ACTION_DOWN, keyCode=KEYCODE_ZOOM_IN, scanCode=0, metaState=0, flags=0x8, repeatCount=0, eventTime=243774, downTime=243774, deviceId=-1, source=0x101 }
05-18 12:36:47.492  1000  3369  3383 I chatty  : uid=1000(system) ActivityManager expire 22 lines
05-18 12:36:47.651  1000  3369  4154 I chatty  : uid=1000(system) Thread-2 expire 12 lines
05-18 12:36:47.683  1000  3369  4203 I chatty  : uid=1000(system) Binder:3369_5 expire 12 lines
05-18 12:36:47.767  1000  3369  6199 I chatty  : uid=1000(system) Binder:3369_E expire 16 lines
05-18 12:36:48.219  1000  3369  6963 I chatty  : uid=1000(system) Binder:3369_15 expire 31 lines
05-18 12:36:49.044 10070  8052  8052 W ViewRootImpl[AllInOneActivity]: Dropping event due to no window focus: KeyEvent { action=ACTION_DOWN, keyCode=KEYCODE_DPAD_DOWN, scanCode=0, metaState=0, flags=0x8, repeatCount=0, eventTime=244732, downTime=244732, deviceId=-1, source=0x101 }
05-18 12:36:49.079 10070  8052  8052 W ViewRootImpl[AllInOneActivity]: Cancelling event due to no window focus: KeyEvent { action=ACTION_UP, keyCode=KEYCODE_DPAD_DOWN, scanCode=0, metaState=0, flags=0x28, repeatCount=0, eventTime=245422, downTime=245422, deviceId=-1, source=0x101 }
05-18 12:36:49.080 10070  8052  8052 I chatty  : uid=10070(com.android.calendar) identical 14 lines
05-18 12:36:49.080 10070  8052  8052 W ViewRootImpl[AllInOneActivity]: Cancelling event due to no window focus: KeyEvent { action=ACTION_UP, keyCode=KEYCODE_DPAD_DOWN, scanCode=0, metaState=0, flags=0x28, repeatCount=0, eventTime=245422, downTime=245422, deviceId=-1, source=0x101 }
05-18 12:36:49.081 10070  8052  8052 W ViewRootImpl[AllInOneActivity]: Dropping event due to no window focus: KeyEvent { action=ACTION_DOWN, keyCode=KEYCODE_DPAD_UP, scanCode=0, metaState=0, flags=0x8, repeatCount=0, eventTime=245469, downTime=245469, deviceId=-1, source=0x101 }
05-18 12:36:49.086 10070  8052  8052 W ViewRootImpl[AllInOneActivity]: Cancelling event due to no window focus: KeyEvent { action=ACTION_UP, keyCode=KEYCODE_DPAD_UP, scanCode=0, metaState=0, flags=0x28, repeatCount=0, eventTime=245495, downTime=245495, deviceId=-1, source=0x101 }
05-18 12:36:49.086 10070  8052  8052 W ViewRootImpl[AllInOneActivity]: Cancelling event due to no window focus: KeyEvent { action=ACTION_UP, keyCode=KEYCODE_DPAD_UP, scanCode=0, metaState=0, flags=0x28, repeatCount=0, eventTime=245495, downTime=245495, deviceId=-1, source=0x101 }
05-18 12:36:49.627  1000  8117  8117 W ViewRootImpl[MainActivity]: Dropping event due to no window focus: KeyEvent { action=ACTION_DOWN, keyCode=KEYCODE_DPAD_UP, scanCode=0, metaState=0, flags=0x8, repeatCount=0, eventTime=245506, downTime=245506, deviceId=-1, source=0x101 }
05-18 12:36:50.050  1000  8117  8117 W ViewRootImpl[ImageBrowseNewActivity]: Dropping event due to no window focus: KeyEvent { action=ACTION_DOWN, keyCode=KEYCODE_MENU, scanCode=0, metaState=0, flags=0x8, repeatCount=0, eventTime=246230, downTime=246230, deviceId=-1, source=0x101 }
05-18 12:36:50.054  1000  8117  8117 W ViewRootImpl[ImageBrowseNewActivity]: Cancelling event due to no window focus: KeyEvent { action=ACTION_UP, keyCode=KEYCODE_MENU, scanCode=0, metaState=0, flags=0x28, repeatCount=0, eventTime=246441, downTime=246441, deviceId=-1, source=0x101 }
05-18 12:36:50.054  1000  8117  8117 I chatty  : uid=1000(system) com.zmapp.album identical 11 lines
05-18 12:36:50.054  1000  8117  8117 W ViewRootImpl[ImageBrowseNewActivity]: Cancelling event due to no window focus: KeyEvent { action=ACTION_UP, keyCode=KEYCODE_MENU, scanCode=0, metaState=0, flags=0x28, repeatCount=0, eventTime=246441, downTime=246441, deviceId=-1, source=0x101 }
05-18 12:36:50.070  1000  8117  8117 W ViewRootImpl[ImageBrowseNewActivity]: Dropping event due to no window focus: KeyEvent { action=ACTION_DOWN, keyCode=KEYCODE_DPAD_LEFT, scanCode=0, metaState=0, flags=0x8, repeatCount=0, eventTime=246464, downTime=246464, deviceId=-1, source=0x101 }
05-18 12:36:50.150  1000  4621  4621 I chatty  : uid=1000(system) com.jx.launcher expire 10 lines
05-18 12:36:50.380  1000  8117  8117 W ViewRootImpl[ImageBrowseNewActivity]: Dropping event due to no window focus: KeyEvent { action=ACTION_DOWN, keyCode=KEYCODE_DPAD_CENTER, scanCode=0, metaState=0, flags=0x8, repeatCount=0, eventTime=246782, downTime=246782, deviceId=-1, source=0x101 }
05-18 12:36:50.405  1000  8117  8117 W ViewRootImpl[ImageBrowseNewActivity]: Cancelling event due to no window focus: KeyEvent { action=ACTION_UP, keyCode=KEYCODE_DPAD_CENTER, scanCode=0, metaState=0, flags=0x28, repeatCount=0, eventTime=246792, downTime=246792, deviceId=-1, source=0x101 }
05-18 12:36:50.405  1000  8117  8117 W ViewRootImpl[ImageBrowseNewActivity]: Cancelling event due to no window focus: KeyEvent { action=ACTION_UP, keyCode=KEYCODE_DPAD_CENTER, scanCode=0, metaState=0, flags=0x28, repeatCount=0, eventTime=246792, downTime=246792, deviceId=-1, source=0x101 }
05-18 12:36:51.101  1000  7600  7600 W ViewRootImpl[MainActivity]: Dropping event due to no window focus: KeyEvent { action=ACTION_DOWN, keyCode=KEYCODE_DPAD_DOWN, scanCode=0, metaState=0, flags=0x8, repeatCount=0, eventTime=247266, downTime=247266, deviceId=-1, source=0x101 }
05-18 12:36:51.626  1000  7600  7600 W ViewRootImpl[MainActivity]: Dropping event due to no window focus: KeyEvent { action=ACTION_DOWN, keyCode=KEYCODE_DPAD_DOWN, scanCode=0, metaState=0, flags=0x8, repeatCount=0, eventTime=248020, downTime=248020, deviceId=-1, source=0x101 }
05-18 12:36:51.653  1000  7600  7600 W ViewRootImpl[MainActivity]: Cancelling event due to no window focus: KeyEvent { action=ACTION_UP, keyCode=KEYCODE_DPAD_DOWN, scanCode=0, metaState=0, flags=0x28, repeatCount=0, eventTime=248039, downTime=248039, deviceId=-1, source=0x101 }
05-18 12:36:51.654  1000  7600  7600 W ViewRootImpl[MainActivity]: Cancelling event due to no window focus: KeyEvent { action=ACTION_UP, keyCode=KEYCODE_DPAD_DOWN, scanCode=0, metaState=0, flags=0x28, repeatCount=0, eventTime=248039, downTime=248039, deviceId=-1, source=0x101 }
05-18 12:36:51.654  1000  7600  7600 W ViewRootImpl[MainActivity]: Cancelling event due to no window focus: KeyEvent { action=ACTION_UP, keyCode=KEYCODE_DPAD_DOWN, scanCode=0, metaState=0, flags=0x28, repeatCount=0, eventTime=248039, downTime=248039, deviceId=-1, source=0x101 }
05-18 12:36:51.654  1000  7600  7600 W ViewRootImpl[MainActivity]: Cancelling event due to no window focus: KeyEvent { action=ACTION_UP, keyCode=KEYCODE_DPAD_DOWN, scanCode=0, metaState=0, flags=0x28, repeatCount=0, eventTime=248039, downTime=248039, deviceId=-1, source=0x101 }
05-18 12:36:51.654  1000  7600  7600 W ViewRootImpl[MainActivity]: Cancelling event due to no window focus: KeyEvent { action=ACTION_UP, keyCode=KEYCODE_DPAD_DOWN, scanCode=0, metaState=0, flags=0x28, repeatCount=0, eventTime=248039, downTime=248039, deviceId=-1, source=0x101 }
05-18 12:36:51.751 u0_a2  8191  8213 E ActivityThread: Failed to find provider info for com.tencent.assistant.syscomponent.ContactsProvider
05-18 12:36:51.753 u0_a2  8191  8213 E ActivityThread: Failed to find provider info for com.tencent.android.qqdownloader.MomoSdkSupportProvider
05-18 12:36:51.967  1000  4340  4340 I chatty  : uid=1000(system) com.android.settings expire 26 lines
05-18 12:36:52.773  1000  3369  3526 I chatty  : uid=1000(system) android.anim expire 10 lines
05-18 12:36:52.795  1000  3369  3386 I chatty  : uid=1000(system) batterystats-wo expire 21 lines
05-18 12:36:53.025  1000  3369  4315 I chatty  : uid=1000(system) PowerController expire 23 lines
05-18 12:36:53.025  1000  3369  4317 I chatty  : uid=1000(system) ntroller.RecogA expire 23 lines
05-18 12:36:53.196  1000  3369  3369 I chatty  : uid=1000 system_server expire 19 lines
05-18 12:36:53.303  1000  3369  4132 I chatty  : uid=1000(system) ConnectivitySer expire 16 lines
05-18 12:36:53.580  1000  3369  3537 I chatty  : uid=1000(system) AlarmManager expire 23 lines
05-18 12:36:53.847  root  2976  3059 W SocketClient: write error (Broken pipe)
05-18 12:37:02.442 10010  7184  7199 E ActivityThread: Failed to find provider info for com.tencent.assistant.syscomponent.DOCUMENTS
05-18 12:37:07.216  1000  3369  6963 I chatty  : uid=1000(system) Binder:3369_15 expire 14 lines
05-18 12:37:07.217  1000  3369  3383 I chatty  : uid=1000(system) ActivityManager expire 43 lines
05-18 12:37:10.225  1000  4621  4621 I chatty  : uid=1000(system) com.jx.launcher expire 11 lines
05-18 12:37:13.057  1000  3369  7564 I chatty  : uid=1000(system) Binder:3369_17 expire 25 lines
05-18 12:37:23.605  1000  3369  3392 I chatty  : uid=1000(system) android.display expire 10 lines
05-18 12:37:27.274  1000  3369  6930 I chatty  : uid=1000(system) Binder:3369_14 expire 14 lines
05-18 12:37:32.072  1000  3369  7437 I chatty  : uid=1000(system) Binder:3369_16 expire 17 lines
05-18 12:37:32.184  1000  3369  6596 I chatty  : uid=1000(system) Binder:3369_F expire 10 lines
05-18 12:37:32.188  1000  3369  6840 I chatty  : uid=1000(system) Binder:3369_10 expire 11 lines
05-18 12:37:32.212  1000  3369  6929 I chatty  : uid=1000(system) Binder:3369_13 expire 11 lines
--------- beginning of crash
05-18 12:37:33.377  1000  8506  8506 E AndroidRuntime: FATAL EXCEPTION: main
05-18 12:37:33.377  1000  8506  8506 E AndroidRuntime: Process: com.jx.launcher, PID: 8506
05-18 12:37:33.377  1000  8506  8506 E AndroidRuntime: java.lang.ExceptionInInitializerError
05-18 12:37:33.377  1000  8506  8506 E AndroidRuntime: 	at com.zmapp.aee.AEEService$1.onCallStateChanged(Unknown Source:74)
05-18 12:37:33.377  1000  8506  8506 E AndroidRuntime: 	at android.telephony.PhoneStateListener$1.handleMessage(PhoneStateListener.java:324)
05-18 12:37:33.377  1000  8506  8506 E AndroidRuntime: 	at android.os.Handler.dispatchMessage(Handler.java:106)
05-18 12:37:33.377  1000  8506  8506 E AndroidRuntime: 	at android.os.Looper.loop(Looper.java:164)
05-18 12:37:33.377  1000  8506  8506 E AndroidRuntime: 	at android.app.ActivityThread.main(ActivityThread.java:6747)
05-18 12:37:33.377  1000  8506  8506 E AndroidRuntime: 	at java.lang.reflect.Method.invoke(Native Method)
05-18 12:37:33.377  1000  8506  8506 E AndroidRuntime: 	at com.android.internal.os.RuntimeInit$MethodAndArgsCaller.run(RuntimeInit.java:449)
05-18 12:37:33.377  1000  8506  8506 E AndroidRuntime: 	at com.android.internal.os.ZygoteInit.main(ZygoteInit.java:807)
05-18 12:37:33.377  1000  8506  8506 E AndroidRuntime: Caused by: java.lang.NullPointerException: Attempt to invoke virtual method 'android.content.ContentResolver android.content.Context.getContentResolver()' on a null object reference
05-18 12:37:33.377  1000  8506  8506 E AndroidRuntime: 	at com.zmapp.aee.AEEPhoneCallManager.<clinit>(Unknown Source:2)
05-18 12:37:33.377  1000  8506  8506 E AndroidRuntime: 	... 8 more
05-18 12:37:40.590  1000  3369  4276 I chatty  : uid=1000(system) Binder:3369_6 expire 23 lines
05-18 12:37:40.593  1000  8529  8529 E AndroidRuntime: FATAL EXCEPTION: main
05-18 12:37:40.593  1000  8529  8529 E AndroidRuntime: Process: com.jx.launcher, PID: 8529
05-18 12:37:40.593  1000  8529  8529 E AndroidRuntime: java.lang.ExceptionInInitializerError
05-18 12:37:40.593  1000  8529  8529 E AndroidRuntime: 	at com.zmapp.aee.AEEService$1.onCallStateChanged(Unknown Source:74)
05-18 12:37:40.593  1000  8529  8529 E AndroidRuntime: 	at android.telephony.PhoneStateListener$1.handleMessage(PhoneStateListener.java:324)
05-18 12:37:40.593  1000  8529  8529 E AndroidRuntime: 	at android.os.Handler.dispatchMessage(Handler.java:106)
05-18 12:37:40.593  1000  8529  8529 E AndroidRuntime: 	at android.os.Looper.loop(Looper.java:164)
05-18 12:37:40.593  1000  8529  8529 E AndroidRuntime: 	at android.app.ActivityThread.main(ActivityThread.java:6747)
05-18 12:37:40.593  1000  8529  8529 E AndroidRuntime: 	at java.lang.reflect.Method.invoke(Native Method)
05-18 12:37:40.593  1000  8529  8529 E AndroidRuntime: 	at com.android.internal.os.RuntimeInit$MethodAndArgsCaller.run(RuntimeInit.java:449)
05-18 12:37:40.593  1000  8529  8529 E AndroidRuntime: 	at com.android.internal.os.ZygoteInit.main(ZygoteInit.java:807)
05-18 12:37:40.593  1000  8529  8529 E AndroidRuntime: Caused by: java.lang.NullPointerException: Attempt to invoke virtual method 'android.content.ContentResolver android.content.Context.getContentResolver()' on a null object reference
05-18 12:37:40.593  1000  8529  8529 E AndroidRuntime: 	at com.zmapp.aee.AEEPhoneCallManager.<clinit>(Unknown Source:2)
05-18 12:37:40.593  1000  8529  8529 E AndroidRuntime: 	... 8 more
05-18 12:37:42.630  1000  8597  8597 W ViewRootImpl[ClearCache]: Dropping event due to no window focus: KeyEvent { action=ACTION_DOWN, keyCode=KEYCODE_VOLUME_DOWN, scanCode=0, metaState=0, flags=0x8, repeatCount=0, eventTime=298772, downTime=298772, deviceId=-1, source=0x101 }
05-18 12:37:42.634  1000  8597  8597 W ViewRootImpl[ClearCache]: Cancelling event due to no window focus: KeyEvent { action=ACTION_UP, keyCode=KEYCODE_VOLUME_DOWN, scanCode=0, metaState=0, flags=0x28, repeatCount=0, eventTime=299023, downTime=299023, deviceId=-1, source=0x101 }
05-18 12:37:42.635  1000  8597  8597 I chatty  : uid=1000(system) identical 60 lines
05-18 12:37:42.635  1000  8597  8597 W ViewRootImpl[ClearCache]: Cancelling event due to no window focus: KeyEvent { action=ACTION_UP, keyCode=KEYCODE_VOLUME_DOWN, scanCode=0, metaState=0, flags=0x28, repeatCount=0, eventTime=299023, downTime=299023, deviceId=-1, source=0x101 }
05-18 12:37:42.761  1000  8597  8597 W ViewRootImpl[ClearCache]: Dropping event due to no window focus: KeyEvent { action=ACTION_DOWN, keyCode=KEYCODE_DPAD_UP, scanCode=0, metaState=0, flags=0x8, repeatCount=0, eventTime=299106, downTime=299106, deviceId=-1, source=0x101 }
05-18 12:37:42.769  1000  8597  8597 W ViewRootImpl[ClearCache]: Cancelling event due to no window focus: KeyEvent { action=ACTION_UP, keyCode=KEYCODE_DPAD_UP, scanCode=0, metaState=0, flags=0x28, repeatCount=0, eventTime=299107, downTime=299107, deviceId=-1, source=0x101 }
05-18 12:37:42.770  1000  8597  8597 W ViewRootImpl[ClearCache]: Cancelling event due to no window focus: KeyEvent { action=ACTION_UP, keyCode=KEYCODE_DPAD_UP, scanCode=0, metaState=0, flags=0x28, repeatCount=0, eventTime=299107, downTime=299107, deviceId=-1, source=0x101 }
05-18 12:37:42.770  1000  8597  8597 W ViewRootImpl[ClearCache]: Dropping event due to no window focus: KeyEvent { action=ACTION_DOWN, keyCode=KEYCODE_DPAD_RIGHT, scanCode=0, metaState=0, flags=0x8, repeatCount=0, eventTime=299175, downTime=299175, deviceId=-1, source=0x101 }
05-18 12:37:42.788  1000  8597  8597 W ViewRootImpl[ClearCache]: Cancelling event due to no window focus: KeyEvent { action=ACTION_UP, keyCode=KEYCODE_DPAD_RIGHT, scanCode=0, metaState=0, flags=0x28, repeatCount=0, eventTime=299184, downTime=299184, deviceId=-1, source=0x101 }
05-18 12:37:42.788  1000  8597  8597 W ViewRootImpl[ClearCache]: Cancelling event due to no window focus: KeyEvent { action=ACTION_UP, keyCode=KEYCODE_DPAD_RIGHT, scanCode=0, metaState=0, flags=0x28, repeatCount=0, eventTime=299184, downTime=299184, deviceId=-1, source=0x101 }
05-18 12:37:42.789  1000  8597  8597 W ViewRootImpl[ClearCache]: Dropping event due to no window focus: KeyEvent { action=ACTION_DOWN, keyCode=KEYCODE_DPAD_UP, scanCode=0, metaState=0, flags=0x8, repeatCount=0, eventTime=299198, downTime=299198, deviceId=-1, source=0x101 }
05-18 12:37:42.789  1000  8597  8597 W ViewRootImpl[ClearCache]: Cancelling event due to no window focus: KeyEvent { action=ACTION_UP, keyCode=KEYCODE_DPAD_UP, scanCode=0, metaState=0, flags=0x28, repeatCount=0, eventTime=299202, downTime=299202, deviceId=-1, source=0x101 }
05-18 12:37:42.794  1000  8597  8597 W ViewRootImpl[ClearCache]: Cancelling event due to no window focus: KeyEvent { action=ACTION_UP, keyCode=KEYCODE_DPAD_UP, scanCode=0, metaState=0, flags=0x28, repeatCount=0, eventTime=299202, downTime=299202, deviceId=-1, source=0x101 }
05-18 12:37:42.807  1000  8597  8597 W ViewRootImpl[ClearCache]: Dropping event due to no window focus: KeyEvent { action=ACTION_DOWN, keyCode=KEYCODE_ZOOM_IN, scanCode=0, metaState=0, flags=0x8, repeatCount=0, eventTime=299219, downTime=299219, deviceId=-1, source=0x101 }
05-18 12:37:42.809  1000  8597  8597 W ViewRootImpl[ClearCache]: Cancelling event due to no window focus: KeyEvent { action=ACTION_UP, keyCode=KEYCODE_ZOOM_IN, scanCode=0, metaState=0, flags=0x28, repeatCount=0, eventTime=299222, downTime=299222, deviceId=-1, source=0x101 }
05-18 12:37:42.811  1000  8597  8597 W ViewRootImpl[ClearCache]: Cancelling event due to no window focus: KeyEvent { action=ACTION_UP, keyCode=KEYCODE_ZOOM_IN, scanCode=0, metaState=0, flags=0x28, repeatCount=0, eventTime=299222, downTime=299222, deviceId=-1, source=0x101 }
05-18 12:37:42.811  1000  8597  8597 W ViewRootImpl[ClearCache]: Dropping event due to no window focus: KeyEvent { action=ACTION_DOWN, keyCode=KEYCODE_DPAD_DOWN, scanCode=0, metaState=0, flags=0x8, repeatCount=0, eventTime=299223, downTime=299223, deviceId=-1, source=0x101 }
05-18 12:37:42.812  1000  8597  8597 W ViewRootImpl[ClearCache]: Cancelling event due to no window focus: KeyEvent { action=ACTION_UP, keyCode=KEYCODE_DPAD_DOWN, scanCode=0, metaState=0, flags=0x28, repeatCount=0, eventTime=299225, downTime=299225, deviceId=-1, source=0x101 }
05-18 12:37:42.813  1000  8597  8597 W ViewRootImpl[ClearCache]: Cancelling event due to no window focus: KeyEvent { action=ACTION_UP, keyCode=KEYCODE_DPAD_DOWN, scanCode=0, metaState=0, flags=0x28, repeatCount=0, eventTime=299225, downTime=299225, deviceId=-1, source=0x101 }
05-18 12:37:42.814  1000  8597  8597 W ViewRootImpl[ClearCache]: Dropping event due to no window focus: KeyEvent { action=ACTION_DOWN, keyCode=KEYCODE_DPAD_CENTER, scanCode=0, metaState=0, flags=0x8, repeatCount=0, eventTime=299226, downTime=299226, deviceId=-1, source=0x101 }
05-18 12:37:42.815  1000  8597  8597 W ViewRootImpl[ClearCache]: Cancelling event due to no window focus: KeyEvent { action=ACTION_UP, keyCode=KEYCODE_DPAD_CENTER, scanCode=0, metaState=0, flags=0x28, repeatCount=0, eventTime=299228, downTime=299228, deviceId=-1, source=0x101 }
05-18 12:37:42.816  1000  8597  8597 W ViewRootImpl[ClearCache]: Cancelling event due to no window focus: KeyEvent { action=ACTION_UP, keyCode=KEYCODE_DPAD_CENTER, scanCode=0, metaState=0, flags=0x28, repeatCount=0, eventTime=299228, downTime=299228, deviceId=-1, source=0x101 }
05-18 12:37:42.827  1000  8597  8597 W ViewRootImpl[ClearCache]: Dropping event due to no window focus: KeyEvent { action=ACTION_DOWN, keyCode=KEYCODE_DPAD_UP, scanCode=0, metaState=0, flags=0x8, repeatCount=0, eventTime=299240, downTime=299240, deviceId=-1, source=0x101 }
05-18 12:37:42.828  1000  8597  8597 W ViewRootImpl[ClearCache]: Cancelling event due to no window focus: KeyEvent { action=ACTION_UP, keyCode=KEYCODE_DPAD_UP, scanCode=0, metaState=0, flags=0x28, repeatCount=0, eventTime=299241, downTime=299241, deviceId=-1, source=0x101 }
05-18 12:37:42.829  1000  8597  8597 W ViewRootImpl[ClearCache]: Cancelling event due to no window focus: KeyEvent { action=ACTION_UP, keyCode=KEYCODE_DPAD_UP, scanCode=0, metaState=0, flags=0x28, repeatCount=0, eventTime=299241, downTime=299241, deviceId=-1, source=0x101 }
05-18 12:37:42.836  1000  8597  8597 W ViewRootImpl[ClearCache]: Dropping event due to no window focus: KeyEvent { action=ACTION_DOWN, keyCode=KEYCODE_J, scanCode=0, metaState=0, flags=0x8, repeatCount=0, eventTime=299248, downTime=299248, deviceId=-1, source=0x101 }
05-18 12:37:42.837  1000  8597  8597 W ViewRootImpl[ClearCache]: Cancelling event due to no window focus: KeyEvent { action=ACTION_UP, keyCode=KEYCODE_J, scanCode=0, metaState=0, flags=0x28, repeatCount=0, eventTime=299249, downTime=299249, deviceId=-1, source=0x101 }
05-18 12:37:42.838  1000  8597  8597 W ViewRootImpl[ClearCache]: Cancelling event due to no window focus: KeyEvent { action=ACTION_UP, keyCode=KEYCODE_J, scanCode=0, metaState=0, flags=0x28, repeatCount=0, eventTime=299249, downTime=299249, deviceId=-1, source=0x101 }
05-18 12:37:42.870  1000  3369  3383 I chatty  : uid=1000(system) ActivityManager expire 72 lines
05-18 12:37:43.023  1000  3369  4132 I chatty  : uid=1000(system) ConnectivitySer expire 19 lines
05-18 12:37:43.024  1000  3369  6929 I chatty  : uid=1000(system) Binder:3369_13 expire 10 lines
05-18 12:37:43.032  1000  3369  6914 I chatty  : uid=1000(system) Binder:3369_11 expire 11 lines
05-18 12:37:43.657  1000  3369  6963 I chatty  : uid=1000(system) Binder:3369_15 expire 32 lines
05-18 12:37:43.657  1000  3369  3369 I chatty  : uid=1000 system_server expire 55 lines
05-18 12:37:43.743  1000  3369  3398 I chatty  : uid=1000(system) PackageManager expire 10 lines
05-18 12:37:43.748  1000  4340  4340 I chatty  : uid=1000(system) com.android.settings expire 76 lines
05-18 12:37:43.946 10010  7184  8648 E ActivityThread: Failed to find provider info for com.tencent.assistant.syscomponent.DOCUMENTS
05-18 12:37:44.005 10010  7184  8658 E ActivityThread: Failed to find provider info for com.tencent.assistant.syscomponent.DOCUMENTS
05-18 12:37:45.441  1000  8668  8668 W ContextImpl: Calling a method in the system process without a qualified user: android.app.ContextImpl.bindService:1556 android.content.ContextWrapper.bindService:705 com.zmapp.aee.AEEStepManager.setupService:21 com.zmapp.aee.AEEStepManager.<init>:35 com.zmapp.aee.AEEJNIBridge.setAppContext:78 
05-18 12:37:45.443  1000  8668  8668 W ContextImpl: Calling a method in the system process without a qualified user: android.app.ContextImpl.startService:1476 android.content.ContextWrapper.startService:671 com.zmapp.aee.AEEStepManager.setupService:53 com.zmapp.aee.AEEStepManager.<init>:35 com.zmapp.aee.AEEJNIBridge.setAppContext:78 
05-18 12:37:45.458  1000  8668  8668 W ContextImpl: Calling a method in the system process without a qualified user: android.app.ContextImpl.sendBroadcast:966 android.content.ContextWrapper.sendBroadcast:451 com.zmapp.aee.AEEJNIBridge.sendInitCompeleteBroadcast:23 com.zmapp.aee.AEEJNIBridge.setAppContext:357 com.jx.launcher.Launcher.onCreate:538 
05-18 12:37:45.467  1000  8668  8668 W ContextImpl: Calling a method in the system process without a qualified user: android.app.ContextImpl.startService:1476 android.content.ContextWrapper.startService:671 com.jx.launcher.Launcher.d:18 com.jx.launcher.Launcher.onCreate:680 android.app.Activity.performCreate:7087 
05-18 12:37:45.512  1000  8668  8668 W ContextImpl: Calling a method in the system process without a qualified user: android.app.ContextImpl.startService:1476 android.content.ContextWrapper.startService:671 com.jx.launcher.Launcher.onCreate:884 android.app.Activity.performCreate:7087 android.app.Activity.performCreate:7078 
05-18 12:37:45.864  1000  3369  6930 I chatty  : uid=1000(system) Binder:3369_14 expire 24 lines
05-18 12:37:45.948  1000  8668  8668 W ViewRootImpl[Launcher]: Cancelling event due to no window focus: KeyEvent { action=ACTION_UP, keyCode=KEYCODE_DPAD_UP, scanCode=0, metaState=0, flags=0x28, repeatCount=0, eventTime=301462, downTime=301462, deviceId=-1, source=0x101 }
05-18 12:37:45.948  1000  8668  8668 I chatty  : uid=1000(system) com.jx.launcher identical 21 lines
05-18 12:37:46.004  1000  3369  4315 I chatty  : uid=1000(system) PowerController expire 33 lines
05-18 12:37:46.430  1000  3369  3384 I chatty  : uid=1000(system) android.ui expire 4 lines
05-18 12:37:46.565  1000  3369  4548 I chatty  : uid=1000(system) backup expire 6 lines
05-18 12:37:46.859  1000  3369  4317 I chatty  : uid=1000(system) ntroller.RecogA expire 29 lines
05-18 12:37:47.199  1000  8762  8762 W ViewRootImpl[MainActivity]: Dropping event due to no window focus: KeyEvent { action=ACTION_DOWN, keyCode=KEYCODE_VOLUME_DOWN, scanCode=0, metaState=0, flags=0x8, repeatCount=0, eventTime=303216, downTime=303216, deviceId=-1, source=0x101 }
05-18 12:37:47.381  1000  3369  8686 I chatty  : uid=1000(system) Binder:3369_19 expire 18 lines
05-18 12:37:47.383  1000  8762  8762 W ViewRootImpl[MainActivity]: Dropping event due to no window focus: KeyEvent { action=ACTION_DOWN, keyCode=KEYCODE_STEM_PRIMARY, scanCode=0, metaState=0, flags=0x8, repeatCount=0, eventTime=303787, downTime=303787, deviceId=-1, source=0x101 }
05-18 12:37:47.384  1000  8762  8762 W ViewRootImpl[MainActivity]: Dropping event due to no window focus: KeyEvent { action=ACTION_DOWN, keyCode=KEYCODE_DPAD_DOWN, scanCode=0, metaState=0, flags=0x8, repeatCount=0, eventTime=303794, downTime=303794, deviceId=-1, source=0x101 }
05-18 12:37:47.385  1000  8762  8762 W ViewRootImpl[MainActivity]: Cancelling event due to no window focus: KeyEvent { action=ACTION_UP, keyCode=KEYCODE_DPAD_DOWN, scanCode=0, metaState=0, flags=0x28, repeatCount=0, eventTime=303797, downTime=303797, deviceId=-1, source=0x101 }
05-18 12:37:47.385  1000  8762  8762 I chatty  : uid=1000(system) com.zmapp.sms identical 19 lines
05-18 12:37:47.386  1000  8762  8762 W ViewRootImpl[MainActivity]: Cancelling event due to no window focus: KeyEvent { action=ACTION_UP, keyCode=KEYCODE_DPAD_DOWN, scanCode=0, metaState=0, flags=0x28, repeatCount=0, eventTime=303797, downTime=303797, deviceId=-1, source=0x101 }
05-18 12:37:47.386  1000  8762  8762 W ViewRootImpl[MainActivity]: Cancelling event due to no window focus: KeyEvent { action=ACTION_UP, keyCode=KEYCODE_STEM_PRIMARY, scanCode=0, metaState=0, flags=0x28, repeatCount=0, eventTime=303798, downTime=303798, deviceId=-1, source=0x101 }
05-18 12:37:47.387  1000  8762  8762 W ViewRootImpl[MainActivity]: Cancelling event due to no window focus: KeyEvent { action=ACTION_UP, keyCode=KEYCODE_STEM_PRIMARY, scanCode=0, metaState=0, flags=0x28, repeatCount=0, eventTime=303798, downTime=303798, deviceId=-1, source=0x101 }
05-18 12:37:47.414  1000  8762  8762 W ViewRootImpl[MainActivity]: Dropping event due to no window focus: MotionEvent { action=ACTION_MOVE, actionButton=0, id[0]=0, x[0]=1.0, y[0]=3.0, toolType[0]=TOOL_TYPE_UNKNOWN, buttonState=0, metaState=0, flags=0x0, edgeFlags=0x0, pointerCount=1, historySize=12, eventTime=303815, downTime=-1, deviceId=0, source=0x10004 }
05-18 12:37:47.415  1000  8762  8762 W ViewRootImpl[MainActivity]: Dropping event due to no window focus: MotionEvent { action=ACTION_DOWN, actionButton=0, id[0]=0, x[0]=0.0, y[0]=0.0, toolType[0]=TOOL_TYPE_UNKNOWN, buttonState=0, metaState=0, flags=0x0, edgeFlags=0x0, pointerCount=1, historySize=0, eventTime=303815, downTime=303799, deviceId=0, source=0x10004 }
05-18 12:37:47.415  1000  8762  8762 W ViewRootImpl[MainActivity]: Cancelling event due to no window focus: MotionEvent { action=ACTION_CANCEL, actionButton=0, id[0]=0, x[0]=0.0, y[0]=0.0, toolType[0]=TOOL_TYPE_UNKNOWN, buttonState=0, metaState=0, flags=0x0, edgeFlags=0x0, pointerCount=1, historySize=0, eventTime=303816, downTime=303799, deviceId=0, source=0x10004 }
05-18 12:37:47.415  1000  8762  8762 W ViewRootImpl[MainActivity]: Cancelling event due to no window focus: MotionEvent { action=ACTION_CANCEL, actionButton=0, id[0]=0, x[0]=0.0, y[0]=0.0, toolType[0]=TOOL_TYPE_UNKNOWN, buttonState=0, metaState=0, flags=0x0, edgeFlags=0x0, pointerCount=1, historySize=0, eventTime=303816, downTime=303799, deviceId=0, source=0x10004 }
05-18 12:37:48.431 10089  8807  8807 E ActivityThread: Failed to find provider info for com.google.android.gms.phenotype
05-18 12:37:48.471 10089  8807  8807 E SchedPolicy: set_timerslack_ns write failed: Operation not permitted
05-18 12:37:49.556 10089  8807  8807 W ViewRootImpl[WeChatSplashActivity]: Cancelling event due to no window focus: KeyEvent { action=ACTION_UP, keyCode=KEYCODE_VOLUME_DOWN, scanCode=0, metaState=0, flags=0x28, repeatCount=0, eventTime=303856, downTime=303856, deviceId=-1, source=0x101 }
05-18 12:37:49.556 10089  8807  8807 I chatty  : uid=10089(com.tencent.mm) identical 4 lines
05-18 12:37:49.557 10089  8807  8807 W ViewRootImpl[WeChatSplashActivity]: Cancelling event due to no window focus: KeyEvent { action=ACTION_UP, keyCode=KEYCODE_VOLUME_DOWN, scanCode=0, metaState=0, flags=0x28, repeatCount=0, eventTime=303856, downTime=303856, deviceId=-1, source=0x101 }
05-18 12:37:49.943 10089  8807  8807 W ViewRootImpl[WeChatSplashActivity]: Dropping event due to no window focus: MotionEvent { action=ACTION_MOVE, actionButton=0, id[0]=0, x[0]=4.0, y[0]=2.0, toolType[0]=TOOL_TYPE_UNKNOWN, buttonState=0, metaState=0, flags=0x0, edgeFlags=0x0, pointerCount=1, historySize=0, eventTime=306321, downTime=-1, deviceId=0, source=0x10004 }
05-18 12:37:50.138  1000  3369  4436 I chatty  : uid=1000(system) Binder:3369_8 expire 31 lines
05-18 12:37:50.153 10077  8922  8922 W ViewRootImpl[MainActivity]: Dropping event due to no window focus: KeyEvent { action=ACTION_DOWN, keyCode=KEYCODE_VOLUME_DOWN, scanCode=0, metaState=0, flags=0x8, repeatCount=0, eventTime=306338, downTime=306338, deviceId=-1, source=0x101 }
05-18 12:37:50.153 10077  8922  8922 W ViewRootImpl[MainActivity]: Dropping event due to no window focus: MotionEvent { action=ACTION_MOVE, actionButton=0, id[0]=0, x[0]=1.0, y[0]=3.0, toolType[0]=TOOL_TYPE_UNKNOWN, buttonState=0, metaState=0, flags=0x0, edgeFlags=0x0, pointerCount=1, historySize=0, eventTime=306338, downTime=-1, deviceId=0, source=0x10004 }
05-18 12:37:50.154 10089  8807  8807 W ActivityThread: Main thread can not be idle for a long time.
05-18 12:37:50.203 10077  8922  8922 W ViewRootImpl[MainActivity]: Cancelling event due to no window focus: KeyEvent { action=ACTION_UP, keyCode=KEYCODE_VOLUME_DOWN, scanCode=0, metaState=0, flags=0x28, repeatCount=0, eventTime=306558, downTime=306558, deviceId=-1, source=0x101 }
05-18 12:37:50.204 10077  8922  8922 I chatty  : uid=10077(com.zmapp.plugin.addfriend) identical 16 lines
05-18 12:37:50.204 10077  8922  8922 W ViewRootImpl[MainActivity]: Cancelling event due to no window focus: KeyEvent { action=ACTION_UP, keyCode=KEYCODE_VOLUME_DOWN, scanCode=0, metaState=0, flags=0x28, repeatCount=0, eventTime=306558, downTime=306558, deviceId=-1, source=0x101 }
05-18 12:37:50.551 10077  8922  8922 W ViewRootImpl[MainActivity]: Dropping event due to no window focus: KeyEvent { action=ACTION_DOWN, keyCode=KEYCODE_DPAD_DOWN, scanCode=0, metaState=0, flags=0x400, repeatCount=0, eventTime=306960, downTime=306960, deviceId=-1, source=0x101 }
05-18 12:37:50.551 10077  8922  8922 W ViewRootImpl[MainActivity]: Cancelling event due to no window focus: KeyEvent { action=ACTION_UP, keyCode=KEYCODE_DPAD_DOWN, scanCode=0, metaState=0, flags=0x420, repeatCount=0, eventTime=306960, downTime=306960, deviceId=-1, source=0x101 }
05-18 12:37:50.551 10077  8922  8922 W ViewRootImpl[MainActivity]: Cancelling event due to no window focus: KeyEvent { action=ACTION_UP, keyCode=KEYCODE_DPAD_DOWN, scanCode=0, metaState=0, flags=0x420, repeatCount=0, eventTime=306960, downTime=306960, deviceId=-1, source=0x101 }
05-18 12:37:50.552 10077  8922  8922 W ViewRootImpl[MainActivity]: Dropping event due to no window focus: KeyEvent { action=ACTION_DOWN, keyCode=KEYCODE_DPAD_DOWN, scanCode=0, metaState=0, flags=0x400, repeatCount=0, eventTime=306960, downTime=306960, deviceId=-1, source=0x101 }
05-18 12:37:50.552 10077  8922  8922 W ViewRootImpl[MainActivity]: Cancelling event due to no window focus: KeyEvent { action=ACTION_UP, keyCode=KEYCODE_DPAD_DOWN, scanCode=0, metaState=0, flags=0x420, repeatCount=0, eventTime=306960, downTime=306960, deviceId=-1, source=0x101 }
05-18 12:37:50.552 10077  8922  8922 W ViewRootImpl[MainActivity]: Cancelling event due to no window focus: KeyEvent { action=ACTION_UP, keyCode=KEYCODE_DPAD_DOWN, scanCode=0, metaState=0, flags=0x420, repeatCount=0, eventTime=306960, downTime=306960, deviceId=-1, source=0x101 }
05-18 12:37:50.589 10077  8922  8922 W ViewRootImpl[MainActivity]: Cancelling event due to no window focus: KeyEvent { action=ACTION_UP, keyCode=KEYCODE_DPAD_DOWN, scanCode=0, metaState=0, flags=0x420, repeatCount=0, eventTime=306960, downTime=306960, deviceId=-1, source=0x101 }
05-18 12:37:50.590 10077  8922  8922 W ViewRootImpl[MainActivity]: Cancelling event due to no window focus: KeyEvent { action=ACTION_UP, keyCode=KEYCODE_DPAD_DOWN, scanCode=0, metaState=0, flags=0x420, repeatCount=0, eventTime=306960, downTime=306960, deviceId=-1, source=0x101 }
05-18 12:37:51.436  1000  3369  6199 I chatty  : uid=1000(system) Binder:3369_E expire 13 lines
05-18 12:37:51.447 10089  8807  8855 E ActivityThread: Failed to find provider info for com.google.android.gsf.gservices
05-18 12:37:51.450 10080  8961  8961 W ViewRootImpl[T9SettingActivity]: Dropping event due to no window focus: KeyEvent { action=ACTION_DOWN, keyCode=KEYCODE_DPAD_RIGHT, scanCode=0, metaState=0, flags=0x400, repeatCount=0, eventTime=307859, downTime=307859, deviceId=-1, source=0x101 }
05-18 12:37:51.450 10080  8961  8961 W ViewRootImpl[T9SettingActivity]: Cancelling event due to no window focus: KeyEvent { action=ACTION_UP, keyCode=KEYCODE_DPAD_RIGHT, scanCode=0, metaState=0, flags=0x420, repeatCount=0, eventTime=307859, downTime=307859, deviceId=-1, source=0x101 }
05-18 12:37:51.450 10080  8961  8961 I chatty  : uid=10080(com.jx.inputmethod.pinyin) identical 16 lines
05-18 12:37:51.451 10080  8961  8961 W ViewRootImpl[T9SettingActivity]: Cancelling event due to no window focus: KeyEvent { action=ACTION_UP, keyCode=KEYCODE_DPAD_RIGHT, scanCode=0, metaState=0, flags=0x420, repeatCount=0, eventTime=307859, downTime=307859, deviceId=-1, source=0x101 }
05-18 12:37:51.451 10080  8961  8961 W ViewRootImpl[T9SettingActivity]: Dropping event due to no window focus: KeyEvent { action=ACTION_DOWN, keyCode=KEYCODE_DPAD_RIGHT, scanCode=0, metaState=0, flags=0x400, repeatCount=0, eventTime=307859, downTime=307859, deviceId=-1, source=0x101 }
05-18 12:37:51.451 10080  8961  8961 W ViewRootImpl[T9SettingActivity]: Cancelling event due to no window focus: KeyEvent { action=ACTION_UP, keyCode=KEYCODE_DPAD_RIGHT, scanCode=0, metaState=0, flags=0x420, repeatCount=0, eventTime=307859, downTime=307859, deviceId=-1, source=0x101 }
05-18 12:37:51.451 10080  8961  8961 W ViewRootImpl[T9SettingActivity]: Cancelling event due to no window focus: KeyEvent { action=ACTION_UP, keyCode=KEYCODE_DPAD_RIGHT, scanCode=0, metaState=0, flags=0x420, repeatCount=0, eventTime=307859, downTime=307859, deviceId=-1, source=0x101 }
05-18 12:37:51.451 10080  8961  8961 W ViewRootImpl[T9SettingActivity]: Dropping event due to no window focus: KeyEvent { action=ACTION_DOWN, keyCode=KEYCODE_DPAD_RIGHT, scanCode=0, metaState=0, flags=0x400, repeatCount=0, eventTime=307859, downTime=307859, deviceId=-1, source=0x101 }
05-18 12:37:51.452 10080  8961  8961 W ViewRootImpl[T9SettingActivity]: Cancelling event due to no window focus: KeyEvent { action=ACTION_UP, keyCode=KEYCODE_DPAD_RIGHT, scanCode=0, metaState=0, flags=0x420, repeatCount=0, eventTime=307859, downTime=307859, deviceId=-1, source=0x101 }
05-18 12:37:51.452 10080  8961  8961 W ViewRootImpl[T9SettingActivity]: Cancelling event due to no window focus: KeyEvent { action=ACTION_UP, keyCode=KEYCODE_DPAD_RIGHT, scanCode=0, metaState=0, flags=0x420, repeatCount=0, eventTime=307859, downTime=307859, deviceId=-1, source=0x101 }
05-18 12:37:51.453 10080  8961  8961 W ViewRootImpl[T9SettingActivity]: Dropping event due to no window focus: KeyEvent { action=ACTION_DOWN, keyCode=KEYCODE_DPAD_RIGHT, scanCode=0, metaState=0, flags=0x400, repeatCount=0, eventTime=307859, downTime=307859, deviceId=-1, source=0x101 }
05-18 12:37:51.453 10080  8961  8961 W ViewRootImpl[T9SettingActivity]: Cancelling event due to no window focus: KeyEvent { action=ACTION_UP, keyCode=KEYCODE_DPAD_RIGHT, scanCode=0, metaState=0, flags=0x420, repeatCount=0, eventTime=307859, downTime=307859, deviceId=-1, source=0x101 }
05-18 12:37:51.454 10080  8961  8961 W ViewRootImpl[T9SettingActivity]: Cancelling event due to no window focus: KeyEvent { action=ACTION_UP, keyCode=KEYCODE_DPAD_RIGHT, scanCode=0, metaState=0, flags=0x420, repeatCount=0, eventTime=307859, downTime=307859, deviceId=-1, source=0x101 }
05-18 12:37:52.146  1000  3369  3540 I chatty  : uid=1000(system) InputDispatcher expire 13 lines
05-18 12:37:52.824  1000  9033  9033 W ViewRootImpl[DeskClock]: Cancelling event due to no window focus: KeyEvent { action=ACTION_UP, keyCode=KEYCODE_NUM_LOCK, scanCode=0, metaState=0, flags=0x28, repeatCount=0, eventTime=309045, downTime=309045, deviceId=-1, source=0x101 }
05-18 12:37:52.825  1000  9033  9033 I chatty  : uid=1000(system) com.android.deskclock identical 35 lines
05-18 12:37:52.825  1000  9033  9033 W ViewRootImpl[DeskClock]: Cancelling event due to no window focus: KeyEvent { action=ACTION_UP, keyCode=KEYCODE_NUM_LOCK, scanCode=0, metaState=0, flags=0x28, repeatCount=0, eventTime=309045, downTime=309045, deviceId=-1, source=0x101 }
05-18 12:37:52.826  1000  9033  9033 W ViewRootImpl[DeskClock]: Dropping event due to no window focus: KeyEvent { action=ACTION_DOWN, keyCode=KEYCODE_BUTTON_12, scanCode=0, metaState=0, flags=0x8, repeatCount=0, eventTime=309210, downTime=309210, deviceId=-1, source=0x101 }
05-18 12:37:52.827  1000  9033  9033 W ViewRootImpl[DeskClock]: Dropping event due to no window focus: KeyEvent { action=ACTION_DOWN, keyCode=KEYCODE_DPAD_CENTER, scanCode=0, metaState=0, flags=0x8, repeatCount=0, eventTime=309210, downTime=309210, deviceId=-1, source=0x101 }
05-18 12:37:52.827  1000  9033  9033 W ViewRootImpl[DeskClock]: Dropping event due to no window focus: KeyEvent { action=ACTION_DOWN, keyCode=KEYCODE_NUMPAD_DOT, scanCode=0, metaState=0, flags=0x8, repeatCount=0, eventTime=309212, downTime=309212, deviceId=-1, source=0x101 }
05-18 12:37:52.828  1000  9033  9033 W ViewRootImpl[DeskClock]: Dropping event due to no window focus: KeyEvent { action=ACTION_DOWN, keyCode=KEYCODE_FORWARD_DEL, scanCode=0, metaState=0, flags=0x8, repeatCount=0, eventTime=309212, downTime=309212, deviceId=-1, source=0x101 }
05-18 12:37:52.829  1000  9033  9033 W ViewRootImpl[DeskClock]: Cancelling event due to no window focus: KeyEvent { action=ACTION_UP, keyCode=KEYCODE_BUTTON_12, scanCode=0, metaState=0, flags=0x28, repeatCount=0, eventTime=309239, downTime=309239, deviceId=-1, source=0x101 }
05-18 12:37:52.830  1000  9033  9033 W ViewRootImpl[DeskClock]: Cancelling event due to no window focus: KeyEvent { action=ACTION_UP, keyCode=KEYCODE_BUTTON_12, scanCode=0, metaState=0, flags=0x28, repeatCount=0, eventTime=309239, downTime=309239, deviceId=-1, source=0x101 }
05-18 12:37:52.831  1000  9033  9033 W ViewRootImpl[DeskClock]: Cancelling event due to no window focus: KeyEvent { action=ACTION_UP, keyCode=KEYCODE_DPAD_CENTER, scanCode=0, metaState=0, flags=0x28, repeatCount=0, eventTime=309239, downTime=309239, deviceId=-1, source=0x101 }
05-18 12:37:52.831  1000  9033  9033 W ViewRootImpl[DeskClock]: Cancelling event due to no window focus: KeyEvent { action=ACTION_UP, keyCode=KEYCODE_DPAD_CENTER, scanCode=0, metaState=0, flags=0x28, repeatCount=0, eventTime=309239, downTime=309239, deviceId=-1, source=0x101 }
05-18 12:37:52.832  1000  9033  9033 W ViewRootImpl[DeskClock]: Cancelling event due to no window focus: KeyEvent { action=ACTION_UP, keyCode=KEYCODE_NUMPAD_DOT, scanCode=0, metaState=0, flags=0x28, repeatCount=0, eventTime=309241, downTime=309241, deviceId=-1, source=0x101 }
05-18 12:37:52.832  1000  9033  9033 W ViewRootImpl[DeskClock]: Cancelling event due to no window focus: KeyEvent { action=ACTION_UP, keyCode=KEYCODE_NUMPAD_DOT, scanCode=0, metaState=0, flags=0x28, repeatCount=0, eventTime=309241, downTime=309241, deviceId=-1, source=0x101 }
05-18 12:37:52.833  1000  9033  9033 W ViewRootImpl[DeskClock]: Cancelling event due to no window focus: KeyEvent { action=ACTION_UP, keyCode=KEYCODE_FORWARD_DEL, scanCode=0, metaState=0, flags=0x28, repeatCount=0, eventTime=309241, downTime=309241, deviceId=-1, source=0x101 }
05-18 12:37:52.834  1000  9033  9033 W ViewRootImpl[DeskClock]: Cancelling event due to no window focus: KeyEvent { action=ACTION_UP, keyCode=KEYCODE_FORWARD_DEL, scanCode=0, metaState=0, flags=0x28, repeatCount=0, eventTime=309241, downTime=309241, deviceId=-1, source=0x101 }
05-18 12:37:53.114  1000  9033  9033 W ViewRootImpl[DeskClock]: Dropping event due to no window focus: KeyEvent { action=ACTION_DOWN, keyCode=KEYCODE_DPAD_CENTER, scanCode=0, metaState=0, flags=0x8, repeatCount=0, eventTime=309243, downTime=309243, deviceId=-1, source=0x101 }
05-18 12:37:53.204  1000  3369  3382 I chatty  : uid=1000(system) android.bg expire 9 lines
05-18 12:37:53.259 10010  7184  8638 E ActivityThread: Failed to find provider info for com.tencent.assistant.syscomponent.DOCUMENTS
05-18 12:37:53.540  1000  3369  4202 I chatty  : uid=1000(system) Binder:3369_4 expire 17 lines
05-18 12:37:53.652  1000  3369  3544 I chatty  : uid=1000(system) splash-update expire 11 lines
05-18 12:37:53.717  1000  3369  9117 I chatty  : uid=1000(system) Binder:3369_1B expire 20 lines
05-18 12:37:53.889  1000  9033  9111 W ContextImpl: Calling a method in the system process without a qualified user: android.app.ContextImpl.startService:1476 android.content.ContextWrapper.startService:671 com.android.deskclock.alarms.AlarmService.stopAlarm:123 com.android.deskclock.alarms.AlarmStateManager.unregisterInstance:705 com.android.deskclock.alarms.AlarmStateManager.deleteAllInstances:851 
05-18 12:37:53.969  1000  3369  4276 I chatty  : uid=1000(system) Binder:3369_6 expire 17 lines
05-18 12:37:55.264  1000  3369  6840 I chatty  : uid=1000(system) Binder:3369_10 expire 17 lines
05-18 12:37:55.362  1000  3369  3383 I chatty  : uid=1000(system) ActivityManager expire 26 lines
05-18 12:37:55.682  1000  3369  7437 I chatty  : uid=1000(system) Binder:3369_16 expire 9 lines
05-18 12:37:56.086 10047  9144  9144 W ViewRootImpl[FileManagerActivity]: Dropping event due to no window focus: KeyEvent { action=ACTION_DOWN, keyCode=KEYCODE_NUMPAD_3, scanCode=0, metaState=0, flags=0x8, repeatCount=0, eventTime=311897, downTime=311897, deviceId=-1, source=0x101 }
05-18 12:37:56.101 10047  9144  9144 W ViewRootImpl[FileManagerActivity]: Dropping event due to no window focus: KeyEvent { action=ACTION_DOWN, keyCode=KEYCODE_PAGE_DOWN, scanCode=0, metaState=0, flags=0x8, repeatCount=0, eventTime=311897, downTime=311897, deviceId=-1, source=0x101 }
05-18 12:37:56.102 10047  9144  9144 W ViewRootImpl[FileManagerActivity]: Dropping event due to no window focus: MotionEvent { action=ACTION_MOVE, actionButton=0, id[0]=0, x[0]=-1.0, y[0]=-4.0, toolType[0]=TOOL_TYPE_UNKNOWN, buttonState=0, metaState=0, flags=0x0, edgeFlags=0x0, pointerCount=1, historySize=5, eventTime=312464, downTime=-1, deviceId=0, source=0x10004 }
05-18 12:37:56.207  1000  8668  8668 I chatty  : uid=1000(system) com.jx.launcher expire 13 lines
05-18 12:37:56.353 10047  9144  9144 W ViewRootImpl[FileManagerActivity]: Cancelling event due to no window focus: KeyEvent { action=ACTION_UP, keyCode=KEYCODE_NUMPAD_3, scanCode=0, metaState=0, flags=0x28, repeatCount=0, eventTime=312460, downTime=312460, deviceId=-1, source=0x101 }
05-18 12:37:56.354 10047  9144  9144 I chatty  : uid=10047(com.sprd.fileexplorer) identical 19 lines
05-18 12:37:56.354 10047  9144  9144 W ViewRootImpl[FileManagerActivity]: Cancelling event due to no window focus: KeyEvent { action=ACTION_UP, keyCode=KEYCODE_NUMPAD_3, scanCode=0, metaState=0, flags=0x28, repeatCount=0, eventTime=312460, downTime=312460, deviceId=-1, source=0x101 }
05-18 12:37:56.480 10047  9144  9144 W ViewRootImpl[FileManagerActivity]: Dropping event due to no window focus: KeyEvent { action=ACTION_MULTIPLE, keyCode=KEYCODE_DPAD_UP, scanCode=0, metaState=0, flags=0x400, repeatCount=31, eventTime=312885, downTime=312885, deviceId=-1, source=0x101 }
05-18 12:37:56.480 10047  9144  9144 W ViewRootImpl[FileManagerActivity]: Dropping event due to no window focus: KeyEvent { action=ACTION_DOWN, keyCode=KEYCODE_DPAD_UP, scanCode=0, metaState=0, flags=0x400, repeatCount=0, eventTime=312885, downTime=312885, deviceId=-1, source=0x101 }
05-18 12:37:56.481 10047  9144  9144 W ViewRootImpl[FileManagerActivity]: Cancelling event due to no window focus: KeyEvent { action=ACTION_UP, keyCode=KEYCODE_DPAD_UP, scanCode=0, metaState=0, flags=0x420, repeatCount=0, eventTime=312885, downTime=312885, deviceId=-1, source=0x101 }
05-18 12:37:56.481 10047  9144  9144 W ViewRootImpl[FileManagerActivity]: Cancelling event due to no window focus: KeyEvent { action=ACTION_UP, keyCode=KEYCODE_DPAD_UP, scanCode=0, metaState=0, flags=0x420, repeatCount=0, eventTime=312885, downTime=312885, deviceId=-1, source=0x101 }
05-18 12:37:56.482 10047  9144  9144 W ViewRootImpl[FileManagerActivity]: Dropping event due to no window focus: KeyEvent { action=ACTION_DOWN, keyCode=KEYCODE_DPAD_UP, scanCode=0, metaState=0, flags=0x400, repeatCount=0, eventTime=312885, downTime=312885, deviceId=-1, source=0x101 }
05-18 12:37:56.493 10047  9144  9144 W ViewRootImpl[FileManagerActivity]: Cancelling event due to no window focus: KeyEvent { action=ACTION_UP, keyCode=KEYCODE_DPAD_UP, scanCode=0, metaState=0, flags=0x420, repeatCount=0, eventTime=312885, downTime=312885, deviceId=-1, source=0x101 }
05-18 12:37:56.495 10047  9144  9144 W ViewRootImpl[FileManagerActivity]: Cancelling event due to no window focus: KeyEvent { action=ACTION_UP, keyCode=KEYCODE_DPAD_UP, scanCode=0, metaState=0, flags=0x420, repeatCount=0, eventTime=312885, downTime=312885, deviceId=-1, source=0x101 }
05-18 12:37:56.499 10047  9144  9144 W ViewRootImpl[FileManagerActivity]: Dropping event due to no window focus: KeyEvent { action=ACTION_DOWN, keyCode=KEYCODE_DPAD_UP, scanCode=0, metaState=0, flags=0x400, repeatCount=0, eventTime=312885, downTime=312885, deviceId=-1, source=0x101 }
05-18 12:37:56.499 10047  9144  9144 W ViewRootImpl[FileManagerActivity]: Cancelling event due to no window focus: KeyEvent { action=ACTION_UP, keyCode=KEYCODE_DPAD_UP, scanCode=0, metaState=0, flags=0x420, repeatCount=0, eventTime=312885, downTime=312885, deviceId=-1, source=0x101 }
05-18 12:37:56.501 10047  9144  9144 W ViewRootImpl[FileManagerActivity]: Cancelling event due to no window focus: KeyEvent { action=ACTION_UP, keyCode=KEYCODE_DPAD_UP, scanCode=0, metaState=0, flags=0x420, repeatCount=0, eventTime=312885, downTime=312885, deviceId=-1, source=0x101 }
05-18 12:37:56.581  1000  8117  8117 W ViewRootImpl[ImageBrowseNewActivity]: Dropping event due to no window focus: KeyEvent { action=ACTION_DOWN, keyCode=KEYCODE_DPAD_CENTER, scanCode=0, metaState=0, flags=0x8, repeatCount=0, eventTime=312809, downTime=312809, deviceId=-1, source=0x101 }
05-18 12:37:56.653  1000  8117  8117 W ViewRootImpl[ImageBrowseNewActivity]: Dropping event due to no window focus: MotionEvent { action=ACTION_MOVE, actionButton=0, id[0]=0, x[0]=4.0, y[0]=2.0, toolType[0]=TOOL_TYPE_UNKNOWN, buttonState=0, metaState=0, flags=0x0, edgeFlags=0x0, pointerCount=1, historySize=0, eventTime=313044, downTime=-1, deviceId=0, source=0x10004 }
05-18 12:37:56.669  1000  8117  8117 W ViewRootImpl[ImageBrowseNewActivity]: Dropping event due to no window focus: MotionEvent { action=ACTION_MOVE, actionButton=0, id[0]=0, x[0]=-3.0, y[0]=-1.0, toolType[0]=TOOL_TYPE_UNKNOWN, buttonState=0, metaState=0, flags=0x0, edgeFlags=0x0, pointerCount=1, historySize=5, eventTime=313073, downTime=-1, deviceId=0, source=0x10004 }
05-18 12:37:56.708  1000  8117  8117 W ViewRootImpl[ImageBrowseNewActivity]: Dropping event due to no window focus: MotionEvent { action=ACTION_MOVE, actionButton=0, id[0]=0, x[0]=-5.0, y[0]=-3.0, toolType[0]=TOOL_TYPE_UNKNOWN, buttonState=0, metaState=0, flags=0x0, edgeFlags=0x0, pointerCount=1, historySize=2, eventTime=313089, downTime=-1, deviceId=0, source=0x10004 }
05-18 12:37:56.723  1000  8117  8117 W ViewRootImpl[ImageBrowseNewActivity]: Dropping event due to no window focus: KeyEvent { action=ACTION_DOWN, keyCode=KEYCODE_MENU, scanCode=0, metaState=0, flags=0x8, repeatCount=0, eventTime=313092, downTime=313092, deviceId=-1, source=0x101 }
05-18 12:37:56.723  1000  8117  8117 W ViewRootImpl[ImageBrowseNewActivity]: Dropping event due to no window focus: KeyEvent { action=ACTION_DOWN, keyCode=KEYCODE_MENU, scanCode=0, metaState=0, flags=0x8, repeatCount=0, eventTime=313094, downTime=313094, deviceId=-1, source=0x101 }
05-18 12:37:56.738  1000  3369  4203 I chatty  : uid=1000(system) Binder:3369_5 expire 19 lines
05-18 12:37:56.759  1000  8117  8117 W ViewRootImpl[ImageBrowseNewActivity]: Dropping event due to no window focus: KeyEvent { action=ACTION_DOWN, keyCode=KEYCODE_DPAD_DOWN, scanCode=0, metaState=0, flags=0x8, repeatCount=0, eventTime=313155, downTime=313155, deviceId=-1, source=0x101 }
05-18 12:37:56.760  1000  8117  8117 W ViewRootImpl[ImageBrowseNewActivity]: Dropping event due to no window focus: MotionEvent { action=ACTION_MOVE, actionButton=0, id[0]=0, x[0]=-1.0, y[0]=-1.0, toolType[0]=TOOL_TYPE_UNKNOWN, buttonState=0, metaState=0, flags=0x0, edgeFlags=0x0, pointerCount=1, historySize=0, eventTime=313152, downTime=-1, deviceId=0, source=0x10004 }
05-18 12:37:56.963  1000  8117  8117 W ViewRootImpl[ImageBrowseNewActivity]: Dropping event due to no window focus: KeyEvent { action=ACTION_DOWN, keyCode=KEYCODE_DPAD_RIGHT, scanCode=0, metaState=0, flags=0x400, repeatCount=0, eventTime=313375, downTime=313375, deviceId=-1, source=0x101 }
05-18 12:37:56.963  1000  8117  8117 W ViewRootImpl[ImageBrowseNewActivity]: Cancelling event due to no window focus: KeyEvent { action=ACTION_UP, keyCode=KEYCODE_DPAD_RIGHT, scanCode=0, metaState=0, flags=0x420, repeatCount=0, eventTime=313375, downTime=313375, deviceId=-1, source=0x101 }
