05-18 12:38:12.615 10054  9929  9929 W ViewRootImpl[ArtistAlbumBrowserActivity]: Cancelling event due to no window focus: KeyEvent { action=ACTION_UP, keyCode=KEYCODE_DPAD_LEFT, scanCode=0, metaState=0, flags=0x28, repeatCount=0, eventTime=328981, downTime=328981, deviceId=-1, source=0x101 }
05-18 12:38:12.617 10054  9929  9929 W ViewRootImpl[ArtistAlbumBrowserActivity]: Dropping event due to no window focus: MotionEvent { action=ACTION_MOVE, actionButton=0, id[0]=0, x[0]=-5.0, y[0]=-2.0, toolType[0]=TOOL_TYPE_UNKNOWN, buttonState=0, metaState=0, flags=0x0, edgeFlags=0x0, pointerCount=1, historySize=0, eventTime=328991, downTime=-1, deviceId=0, source=0x10004 }
05-18 12:38:12.856 10054  9929  9929 W ViewRootImpl[ArtistAlbumBrowserActivity]: Dropping event due to no window focus: KeyEvent { action=ACTION_MULTIPLE, keyCode=KEYCODE_DPAD_UP, scanCode=0, metaState=0, flags=0x400, repeatCount=96, eventTime=329225, downTime=329225, deviceId=-1, source=0x101 }
05-18 12:38:12.856 10054  9929  9929 W ViewRootImpl[ArtistAlbumBrowserActivity]: Dropping event due to no window focus: KeyEvent { action=ACTION_DOWN, keyCode=KEYCODE_DPAD_UP, scanCode=0, metaState=0, flags=0x400, repeatCount=0, eventTime=329225, downTime=329225, deviceId=-1, source=0x101 }
05-18 12:38:12.856 10054  9929  9929 W ViewRootImpl[ArtistAlbumBrowserActivity]: Cancelling event due to no window focus: KeyEvent { action=ACTION_UP, keyCode=KEYCODE_DPAD_UP, scanCode=0, metaState=0, flags=0x420, repeatCount=0, eventTime=329225, downTime=329225, deviceId=-1, source=0x101 }
05-18 12:38:12.856 10054  9929  9929 W ViewRootImpl[ArtistAlbumBrowserActivity]: Cancelling event due to no window focus: KeyEvent { action=ACTION_UP, keyCode=KEYCODE_DPAD_UP, scanCode=0, metaState=0, flags=0x420, repeatCount=0, eventTime=329225, downTime=329225, deviceId=-1, source=0x101 }
05-18 12:38:12.856 10054  9929  9929 W ViewRootImpl[ArtistAlbumBrowserActivity]: Dropping event due to no window focus: KeyEvent { action=ACTION_DOWN, keyCode=KEYCODE_DPAD_UP, scanCode=0, metaState=0, flags=0x400, repeatCount=0, eventTime=329225, downTime=329225, deviceId=-1, source=0x101 }
05-18 12:38:12.856 10054  9929  9929 W ViewRootImpl[ArtistAlbumBrowserActivity]: Cancelling event due to no window focus: KeyEvent { action=ACTION_UP, keyCode=KEYCODE_DPAD_UP, scanCode=0, metaState=0, flags=0x420, repeatCount=0, eventTime=329225, downTime=329225, deviceId=-1, source=0x101 }
05-18 12:38:12.856 10054  9929  9929 W ViewRootImpl[ArtistAlbumBrowserActivity]: Cancelling event due to no window focus: KeyEvent { action=ACTION_UP, keyCode=KEYCODE_DPAD_UP, scanCode=0, metaState=0, flags=0x420, repeatCount=0, eventTime=329225, downTime=329225, deviceId=-1, source=0x101 }
05-18 12:38:12.856 10054  9929  9929 W ViewRootImpl[ArtistAlbumBrowserActivity]: Dropping event due to no window focus: KeyEvent { action=ACTION_DOWN, keyCode=KEYCODE_DPAD_UP, scanCode=0, metaState=0, flags=0x400, repeatCount=0, eventTime=329225, downTime=329225, deviceId=-1, source=0x101 }
05-18 12:38:12.856 10054  9929  9929 W ViewRootImpl[ArtistAlbumBrowserActivity]: Cancelling event due to no window focus: KeyEvent { action=ACTION_UP, keyCode=KEYCODE_DPAD_UP, scanCode=0, metaState=0, flags=0x420, repeatCount=0, eventTime=329225, downTime=329225, deviceId=-1, source=0x101 }
05-18 12:38:12.856 10054  9929  9929 W ViewRootImpl[ArtistAlbumBrowserActivity]: Cancelling event due to no window focus: KeyEvent { action=ACTION_UP, keyCode=KEYCODE_DPAD_UP, scanCode=0, metaState=0, flags=0x420, repeatCount=0, eventTime=329225, downTime=329225, deviceId=-1, source=0x101 }
05-18 12:38:12.856 10054  9929  9929 W ViewRootImpl[ArtistAlbumBrowserActivity]: Dropping event due to no window focus: KeyEvent { action=ACTION_DOWN, keyCode=KEYCODE_DPAD_UP, scanCode=0, metaState=0, flags=0x400, repeatCount=0, eventTime=329225, downTime=329225, deviceId=-1, source=0x101 }
05-18 12:38:12.857 10054  9929  9929 W ViewRootImpl[ArtistAlbumBrowserActivity]: Cancelling event due to no window focus: KeyEvent { action=ACTION_UP, keyCode=KEYCODE_DPAD_UP, scanCode=0, metaState=0, flags=0x420, repeatCount=0, eventTime=329225, downTime=329225, deviceId=-1, source=0x101 }
05-18 12:38:12.859 10054  9929  9929 W ViewRootImpl[ArtistAlbumBrowserActivity]: Cancelling event due to no window focus: KeyEvent { action=ACTION_UP, keyCode=KEYCODE_DPAD_UP, scanCode=0, metaState=0, flags=0x420, repeatCount=0, eventTime=329225, downTime=329225, deviceId=-1, source=0x101 }
05-18 12:38:12.881 10054  9929  9929 W ViewRootImpl[AlbumBrowserActivity]: Dropping event due to no window focus: KeyEvent { action=ACTION_DOWN, keyCode=KEYCODE_HELP, scanCode=0, metaState=0, flags=0x8, repeatCount=0, eventTime=329180, downTime=329180, deviceId=-1, source=0x101 }
05-18 12:38:12.921 10054  9929  9929 W ViewRootImpl[AlbumBrowserActivity]: Dropping event due to no window focus: MotionEvent { action=ACTION_MOVE, actionButton=0, id[0]=0, x[0]=-4.0, y[0]=4.0, toolType[0]=TOOL_TYPE_UNKNOWN, buttonState=0, metaState=0, flags=0x0, edgeFlags=0x0, pointerCount=1, historySize=1, eventTime=329285, downTime=-1, deviceId=0, source=0x10004 }
05-18 12:38:12.941 10054  9929  9929 W ViewRootImpl[AlbumBrowserActivity]: Cancelling event due to no window focus: KeyEvent { action=ACTION_UP, keyCode=KEYCODE_HELP, scanCode=0, metaState=0, flags=0x28, repeatCount=0, eventTime=329286, downTime=329286, deviceId=-1, source=0x101 }
05-18 12:38:12.946 10054  9929  9929 W ViewRootImpl[AlbumBrowserActivity]: Cancelling event due to no window focus: KeyEvent { action=ACTION_UP, keyCode=KEYCODE_HELP, scanCode=0, metaState=0, flags=0x28, repeatCount=0, eventTime=329286, downTime=329286, deviceId=-1, source=0x101 }
05-18 12:38:13.109 10054  9929  9929 W ViewRootImpl[ArtistAlbumBrowserActivity]: Cancelling event due to no window focus: KeyEvent { action=ACTION_UP, keyCode=KEYCODE_DPAD_RIGHT, scanCode=0, metaState=0, flags=0x28, repeatCount=0, eventTime=329378, downTime=329378, deviceId=-1, source=0x101 }
05-18 12:38:13.110 10054  9929  9929 W ViewRootImpl[ArtistAlbumBrowserActivity]: Cancelling event due to no window focus: KeyEvent { action=ACTION_UP, keyCode=KEYCODE_DPAD_RIGHT, scanCode=0, metaState=0, flags=0x28, repeatCount=0, eventTime=329378, downTime=329378, deviceId=-1, source=0x101 }
05-18 12:38:13.219  1000  3369  4276 I chatty  : uid=1000(system) Binder:3369_6 expire 29 lines
05-18 12:38:13.322 10054  9929  9929 W ViewRootImpl[TrackBrowserActivity]: Cancelling event due to no window focus: KeyEvent { action=ACTION_UP, keyCode=KEYCODE_DPAD_RIGHT, scanCode=0, metaState=0, flags=0x28, repeatCount=0, eventTime=329555, downTime=329555, deviceId=-1, source=0x101 }
05-18 12:38:13.322 10054  9929  9929 W ViewRootImpl[TrackBrowserActivity]: Cancelling event due to no window focus: KeyEvent { action=ACTION_UP, keyCode=KEYCODE_DPAD_RIGHT, scanCode=0, metaState=0, flags=0x28, repeatCount=0, eventTime=329555, downTime=329555, deviceId=-1, source=0x101 }
05-18 12:38:13.344 10054  9929  9929 W ViewRootImpl[TrackBrowserActivity]: Dropping event due to no window focus: MotionEvent { action=ACTION_MOVE, actionButton=0, id[0]=0, x[0]=-2.0, y[0]=2.0, toolType[0]=TOOL_TYPE_UNKNOWN, buttonState=0, metaState=0, flags=0x0, edgeFlags=0x0, pointerCount=1, historySize=0, eventTime=329556, downTime=-1, deviceId=0, source=0x10004 }
05-18 12:38:13.527 10054  9929  9929 W ViewRootImpl[ArtistAlbumBrowserActivity]: Dropping event due to no window focus: KeyEvent { action=ACTION_DOWN, keyCode=KEYCODE_DPAD_LEFT, scanCode=0, metaState=0, flags=0x8, repeatCount=0, eventTime=329728, downTime=329728, deviceId=-1, source=0x101 }
05-18 12:38:13.631  1000  3369  6914 I chatty  : uid=1000(system) Binder:3369_11 expire 15 lines
05-18 12:38:13.646  1000  3369  7564 I chatty  : uid=1000(system) Binder:3369_17 expire 22 lines
05-18 12:38:13.699  1000  3369  5121 I chatty  : uid=1000(system) Binder:3369_B expire 26 lines
05-18 12:38:13.732  1000  3369  4436 I chatty  : uid=1000(system) Binder:3369_8 expire 4 lines
05-18 12:38:13.798 10054  9929  9929 W ViewRootImpl[AlbumBrowserActivity]: Dropping event due to no window focus: KeyEvent { action=ACTION_DOWN, keyCode=KEYCODE_MENU, scanCode=0, metaState=0, flags=0x8, repeatCount=0, eventTime=330043, downTime=330043, deviceId=-1, source=0x101 }
05-18 12:38:13.801 10054  9929  9929 W ViewRootImpl[AlbumBrowserActivity]: Dropping event due to no window focus: KeyEvent { action=ACTION_DOWN, keyCode=KEYCODE_DPAD_CENTER, scanCode=0, metaState=0, flags=0x8, repeatCount=0, eventTime=330044, downTime=330044, deviceId=-1, source=0x101 }
05-18 12:38:14.066  1000  3369  3369 I chatty  : uid=1000 system_server expire 10 lines
05-18 12:38:14.079 10054  9929  9929 W ViewRootImpl[ArtistAlbumBrowserActivity]: Dropping event due to no window focus: KeyEvent { action=ACTION_DOWN, keyCode=KEYCODE_DPAD_UP_LEFT, scanCode=0, metaState=0, flags=0x8, repeatCount=0, eventTime=330385, downTime=330385, deviceId=-1, source=0x101 }
05-18 12:38:14.080 10054  9929  9929 W ViewRootImpl[ArtistAlbumBrowserActivity]: Cancelling event due to no window focus: KeyEvent { action=ACTION_UP, keyCode=KEYCODE_DPAD_UP_LEFT, scanCode=0, metaState=0, flags=0x28, repeatCount=0, eventTime=330484, downTime=330484, deviceId=-1, source=0x101 }
05-18 12:38:14.090 10054  9929  9929 W ViewRootImpl[ArtistAlbumBrowserActivity]: Cancelling event due to no window focus: KeyEvent { action=ACTION_UP, keyCode=KEYCODE_DPAD_UP_LEFT, scanCode=0, metaState=0, flags=0x28, repeatCount=0, eventTime=330484, downTime=330484, deviceId=-1, source=0x101 }
05-18 12:38:14.233 10054  9929  9929 W ViewRootImpl[AlbumBrowserActivity]: Cancelling event due to no window focus: KeyEvent { action=ACTION_UP, keyCode=KEYCODE_DPAD_UP, scanCode=0, metaState=0, flags=0x28, repeatCount=0, eventTime=330543, downTime=330543, deviceId=-1, source=0x101 }
05-18 12:38:14.233 10054  9929  9929 W ViewRootImpl[AlbumBrowserActivity]: Cancelling event due to no window focus: KeyEvent { action=ACTION_UP, keyCode=KEYCODE_DPAD_UP, scanCode=0, metaState=0, flags=0x28, repeatCount=0, eventTime=330543, downTime=330543, deviceId=-1, source=0x101 }
05-18 12:38:14.237 10054  9929  9929 W ViewRootImpl[AlbumBrowserActivity]: Dropping event due to no window focus: MotionEvent { action=ACTION_MOVE, actionButton=0, id[0]=0, x[0]=-2.0, y[0]=0.0, toolType[0]=TOOL_TYPE_UNKNOWN, buttonState=0, metaState=0, flags=0x0, edgeFlags=0x0, pointerCount=1, historySize=0, eventTime=330547, downTime=-1, deviceId=0, source=0x10004 }
05-18 12:38:14.309 10054  9929  9929 W ViewRootImpl[AlbumBrowserActivity]: Dropping event due to no window focus: KeyEvent { action=ACTION_DOWN, keyCode=KEYCODE_VOLUME_DOWN, scanCode=0, metaState=0, flags=0x8, repeatCount=0, eventTime=330708, downTime=330708, deviceId=-1, source=0x101 }
05-18 12:38:14.375 10054  9929  9929 W ViewRootImpl[AlbumBrowserActivity]: Dropping event due to no window focus: KeyEvent { action=ACTION_MULTIPLE, keyCode=KEYCODE_DPAD_DOWN, scanCode=0, metaState=0, flags=0x400, repeatCount=2, eventTime=330781, downTime=330781, deviceId=-1, source=0x101 }
05-18 12:38:14.376 10054  9929  9929 W ViewRootImpl[AlbumBrowserActivity]: Dropping event due to no window focus: KeyEvent { action=ACTION_DOWN, keyCode=KEYCODE_DPAD_DOWN, scanCode=0, metaState=0, flags=0x400, repeatCount=0, eventTime=330782, downTime=330782, deviceId=-1, source=0x101 }
05-18 12:38:14.376 10054  9929  9929 W ViewRootImpl[AlbumBrowserActivity]: Cancelling event due to no window focus: KeyEvent { action=ACTION_UP, keyCode=KEYCODE_DPAD_DOWN, scanCode=0, metaState=0, flags=0x420, repeatCount=0, eventTime=330782, downTime=330782, deviceId=-1, source=0x101 }
05-18 12:38:14.376 10054  9929  9929 W ViewRootImpl[AlbumBrowserActivity]: Cancelling event due to no window focus: KeyEvent { action=ACTION_UP, keyCode=KEYCODE_DPAD_DOWN, scanCode=0, metaState=0, flags=0x420, repeatCount=0, eventTime=330782, downTime=330782, deviceId=-1, source=0x101 }
05-18 12:38:14.376 10054  9929  9929 W ViewRootImpl[AlbumBrowserActivity]: Dropping event due to no window focus: KeyEvent { action=ACTION_DOWN, keyCode=KEYCODE_DPAD_DOWN, scanCode=0, metaState=0, flags=0x400, repeatCount=0, eventTime=330782, downTime=330782, deviceId=-1, source=0x101 }
05-18 12:38:14.376 10054  9929  9929 W ViewRootImpl[AlbumBrowserActivity]: Cancelling event due to no window focus: KeyEvent { action=ACTION_UP, keyCode=KEYCODE_DPAD_DOWN, scanCode=0, metaState=0, flags=0x420, repeatCount=0, eventTime=330782, downTime=330782, deviceId=-1, source=0x101 }
05-18 12:38:14.377 10054  9929  9929 W ViewRootImpl[AlbumBrowserActivity]: Cancelling event due to no window focus: KeyEvent { action=ACTION_UP, keyCode=KEYCODE_DPAD_DOWN, scanCode=0, metaState=0, flags=0x420, repeatCount=0, eventTime=330782, downTime=330782, deviceId=-1, source=0x101 }
05-18 12:38:14.377 10054  9929  9929 W ViewRootImpl[AlbumBrowserActivity]: Dropping event due to no window focus: KeyEvent { action=ACTION_DOWN, keyCode=KEYCODE_DPAD_DOWN, scanCode=0, metaState=0, flags=0x400, repeatCount=0, eventTime=330782, downTime=330782, deviceId=-1, source=0x101 }
05-18 12:38:14.377 10054  9929  9929 W ViewRootImpl[AlbumBrowserActivity]: Cancelling event due to no window focus: KeyEvent { action=ACTION_UP, keyCode=KEYCODE_DPAD_DOWN, scanCode=0, metaState=0, flags=0x420, repeatCount=0, eventTime=330782, downTime=330782, deviceId=-1, source=0x101 }
05-18 12:38:14.377 10054  9929  9929 W ViewRootImpl[AlbumBrowserActivity]: Cancelling event due to no window focus: KeyEvent { action=ACTION_UP, keyCode=KEYCODE_DPAD_DOWN, scanCode=0, metaState=0, flags=0x420, repeatCount=0, eventTime=330782, downTime=330782, deviceId=-1, source=0x101 }
05-18 12:38:14.377 10054  9929  9929 W ViewRootImpl[AlbumBrowserActivity]: Cancelling event due to no window focus: KeyEvent { action=ACTION_UP, keyCode=KEYCODE_DPAD_LEFT, scanCode=0, metaState=0, flags=0x28, repeatCount=0, eventTime=330775, downTime=330775, deviceId=-1, source=0x101 }
05-18 12:38:14.377 10054  9929  9929 W ViewRootImpl[AlbumBrowserActivity]: Cancelling event due to no window focus: KeyEvent { action=ACTION_UP, keyCode=KEYCODE_DPAD_LEFT, scanCode=0, metaState=0, flags=0x28, repeatCount=0, eventTime=330775, downTime=330775, deviceId=-1, source=0x101 }
05-18 12:38:14.528  1000  3369  4315 I chatty  : uid=1000(system) PowerController expire 29 lines
05-18 12:38:14.528  1000  3369  4317 I chatty  : uid=1000(system) ntroller.RecogA expire 23 lines
05-18 12:38:15.098 10089  9980  9980 E ActivityThread: Failed to find provider info for com.google.android.gms.phenotype
05-18 12:38:15.139 10089  9980  9980 E SchedPolicy: set_timerslack_ns write failed: Operation not permitted
05-18 12:38:15.314  1000  3369  9012 I chatty  : uid=1000(system) Binder:3369_1A expire 22 lines
05-18 12:38:16.187 10089  9980  9980 W ViewRootImpl[WeChatSplashActivity]: Cancelling event due to no window focus: KeyEvent { action=ACTION_UP, keyCode=KEYCODE_S, scanCode=0, metaState=0, flags=0x28, repeatCount=0, eventTime=330871, downTime=330871, deviceId=-1, source=0x101 }
05-18 12:38:16.188 10089  9980  9980 I chatty  : uid=10089(com.tencent.mm) identical 50 lines
05-18 12:38:16.188 10089  9980  9980 W ViewRootImpl[WeChatSplashActivity]: Cancelling event due to no window focus: KeyEvent { action=ACTION_UP, keyCode=KEYCODE_S, scanCode=0, metaState=0, flags=0x28, repeatCount=0, eventTime=330871, downTime=330871, deviceId=-1, source=0x101 }
05-18 12:38:16.199 10089  9980  9980 W ViewRootImpl[WeChatSplashActivity]: Dropping event due to no window focus: KeyEvent { action=ACTION_DOWN, keyCode=KEYCODE_DPAD_RIGHT, scanCode=0, metaState=0, flags=0x8, repeatCount=0, eventTime=330883, downTime=330883, deviceId=-1, source=0x101 }
05-18 12:38:16.400  1000  3369  4121 I chatty  : uid=1000(system) NetworkPolicy expire 4 lines
05-18 12:38:16.553 10089  9980  9980 W ViewRootImpl[WeChatSplashActivity]: Dropping event due to no window focus: KeyEvent { action=ACTION_DOWN, keyCode=KEYCODE_NUMPAD_LEFT_PAREN, scanCode=0, metaState=0, flags=0x8, repeatCount=0, eventTime=332950, downTime=332950, deviceId=-1, source=0x101 }
05-18 12:38:16.553 10089  9980  9980 W ViewRootImpl[WeChatSplashActivity]: Cancelling event due to no window focus: KeyEvent { action=ACTION_UP, keyCode=KEYCODE_NUMPAD_LEFT_PAREN, scanCode=0, metaState=0, flags=0x28, repeatCount=0, eventTime=332965, downTime=332965, deviceId=-1, source=0x101 }
05-18 12:38:16.554 10089  9980  9980 W ViewRootImpl[WeChatSplashActivity]: Cancelling event due to no window focus: KeyEvent { action=ACTION_UP, keyCode=KEYCODE_NUMPAD_LEFT_PAREN, scanCode=0, metaState=0, flags=0x28, repeatCount=0, eventTime=332965, downTime=332965, deviceId=-1, source=0x101 }
05-18 12:38:16.597 10089  9980  9980 W ViewRootImpl[WeChatSplashActivity]: Dropping event due to no window focus: KeyEvent { action=ACTION_DOWN, keyCode=KEYCODE_DPAD_DOWN, scanCode=0, metaState=0, flags=0x8, repeatCount=0, eventTime=332968, downTime=332968, deviceId=-1, source=0x101 }
05-18 12:38:16.849 10089  9980  9980 W ActivityThread: Main thread can not be idle for a long time.
05-18 12:38:16.902 10089  9980  9980 W ViewRootImpl[WeChatSplashActivity]: Dropping event due to no window focus: KeyEvent { action=ACTION_DOWN, keyCode=KEYCODE_BUTTON_Y, scanCode=0, metaState=0, flags=0x8, repeatCount=0, eventTime=333237, downTime=333237, deviceId=-1, source=0x101 }
05-18 12:38:17.370 10089  9980  9980 W ViewRootImpl[WeChatSplashActivity]: Dropping event due to no window focus: KeyEvent { action=ACTION_DOWN, keyCode=KEYCODE_BACK, scanCode=0, metaState=0, flags=0x8, repeatCount=0, eventTime=333237, downTime=333237, deviceId=-1, source=0x101 }
05-18 12:38:17.392  1000  3369  3383 I chatty  : uid=1000(system) ActivityManager expire 90 lines
05-18 12:38:17.405 10089  9980  9980 W ViewRootImpl[WeChatSplashActivity]: Cancelling event due to no window focus: KeyEvent { action=ACTION_UP, keyCode=KEYCODE_BUTTON_Y, scanCode=0, metaState=0, flags=0x28, repeatCount=0, eventTime=333265, downTime=333265, deviceId=-1, source=0x101 }
05-18 12:38:17.405 10089  9980  9980 W ViewRootImpl[WeChatSplashActivity]: Cancelling event due to no window focus: KeyEvent { action=ACTION_UP, keyCode=KEYCODE_BUTTON_Y, scanCode=0, metaState=0, flags=0x28, repeatCount=0, eventTime=333265, downTime=333265, deviceId=-1, source=0x101 }
05-18 12:38:18.357 10081 10138 10138 W FileUtils: Failed to chmod(/data/user/0/com.tencent.mm/app_tbs): android.system.ErrnoException: chmod failed: EACCES (Permission denied)
05-18 12:38:18.360 10081 10138 10138 W FileUtils: Failed to chmod(/data/user/0/com.tencent.mm/app_tbs): android.system.ErrnoException: chmod failed: EACCES (Permission denied)
05-18 12:38:18.409 10081 10138 10138 W FileUtils: Failed to chmod(/data/user/0/com.tencent.mm/app_tbs): android.system.ErrnoException: chmod failed: EACCES (Permission denied)
05-18 12:38:18.412 10081 10138 10138 W FileUtils: Failed to chmod(/data/user/0/com.tencent.mm/app_tbs): android.system.ErrnoException: chmod failed: EACCES (Permission denied)
05-18 12:38:18.786 10081 10138 10138 W ViewRootImpl[SplashActivity]: Dropping event due to no window focus: KeyEvent { action=ACTION_DOWN, keyCode=KEYCODE_DPAD_DOWN, scanCode=0, metaState=0, flags=0x8, repeatCount=0, eventTime=334556, downTime=334556, deviceId=-1, source=0x101 }
05-18 12:38:18.786 10081 10138 10138 W ViewRootImpl[SplashActivity]: Cancelling event due to no window focus: KeyEvent { action=ACTION_UP, keyCode=KEYCODE_DPAD_DOWN, scanCode=0, metaState=0, flags=0x28, repeatCount=0, eventTime=335197, downTime=334556, deviceId=-1, source=0x101 }
05-18 12:38:18.787 10081 10138 10138 I chatty  : uid=10081(com.jx.market) identical 67 lines
05-18 12:38:18.787 10081 10138 10138 W ViewRootImpl[SplashActivity]: Cancelling event due to no window focus: KeyEvent { action=ACTION_UP, keyCode=KEYCODE_DPAD_DOWN, scanCode=0, metaState=0, flags=0x28, repeatCount=0, eventTime=335197, downTime=334556, deviceId=-1, source=0x101 }
05-18 12:38:19.788 10022 10264 10264 W ViewRootImpl[GrantPermissionsActivity]: Cancelling event due to no window focus: KeyEvent { action=ACTION_UP, keyCode=KEYCODE_DPAD_CENTER, scanCode=0, metaState=0, flags=0x28, repeatCount=0, eventTime=334628, downTime=334628, deviceId=-1, source=0x101 }
05-18 12:38:19.788 10022 10264 10264 I chatty  : uid=10022(com.android.packageinstaller) identical 14 lines
05-18 12:38:19.789 10022 10264 10264 W ViewRootImpl[GrantPermissionsActivity]: Cancelling event due to no window focus: KeyEvent { action=ACTION_UP, keyCode=KEYCODE_DPAD_CENTER, scanCode=0, metaState=0, flags=0x28, repeatCount=0, eventTime=334628, downTime=334628, deviceId=-1, source=0x101 }
05-18 12:38:19.790 10022 10264 10264 W ViewRootImpl[GrantPermissionsActivity]: Cancelling event due to no window focus: KeyEvent { action=ACTION_UP, keyCode=KEYCODE_DPAD_DOWN, scanCode=0, metaState=0, flags=0x28, repeatCount=0, eventTime=335175, downTime=335175, deviceId=-1, source=0x101 }
05-18 12:38:19.791 10022 10264 10264 W ViewRootImpl[GrantPermissionsActivity]: Cancelling event due to no window focus: KeyEvent { action=ACTION_UP, keyCode=KEYCODE_DPAD_DOWN, scanCode=0, metaState=0, flags=0x28, repeatCount=0, eventTime=335175, downTime=335175, deviceId=-1, source=0x101 }
05-18 12:38:19.811  1000  3369  6840 I chatty  : uid=1000(system) Binder:3369_10 expire 12 lines
05-18 12:38:20.021  1000  3369  4720 I chatty  : uid=1000(system) Binder:3369_A expire 6 lines
05-18 12:38:20.533  1000  3369  3398 I chatty  : uid=1000(system) PackageManager expire 10 lines
05-18 12:38:20.539 10081 10138 10138 W ViewRootImpl[MainActivity]: Dropping event due to no window focus: KeyEvent { action=ACTION_DOWN, keyCode=KEYCODE_DPAD_UP, scanCode=0, metaState=0, flags=0x8, repeatCount=0, eventTime=336205, downTime=336205, deviceId=-1, source=0x101 }
05-18 12:38:20.553 10081 10138 10138 W ViewRootImpl[MainActivity]: Cancelling event due to no window focus: KeyEvent { action=ACTION_UP, keyCode=KEYCODE_DPAD_UP, scanCode=0, metaState=0, flags=0x28, repeatCount=0, eventTime=336882, downTime=336882, deviceId=-1, source=0x101 }
05-18 12:38:20.554 10081 10138 10138 W ViewRootImpl[MainActivity]: Cancelling event due to no window focus: KeyEvent { action=ACTION_UP, keyCode=KEYCODE_DPAD_UP, scanCode=0, metaState=0, flags=0x28, repeatCount=0, eventTime=336882, downTime=336882, deviceId=-1, source=0x101 }
05-18 12:38:20.690 10010  7184  8656 E ActivityThread: Failed to find provider info for com.tencent.assistant.syscomponent.DOCUMENTS
05-18 12:38:20.781 10081 10138 10138 W ViewRootImpl[MainActivity]: Dropping event due to no window focus: KeyEvent { action=ACTION_DOWN, keyCode=KEYCODE_DPAD_LEFT, scanCode=0, metaState=0, flags=0x8, repeatCount=0, eventTime=336885, downTime=336885, deviceId=-1, source=0x101 }
05-18 12:38:20.859 10081 10138 10138 W ViewRootImpl[MainActivity]: Dropping event due to no window focus: KeyEvent { action=ACTION_DOWN, keyCode=KEYCODE_DPAD_UP, scanCode=0, metaState=0, flags=0x8, repeatCount=0, eventTime=336962, downTime=336962, deviceId=-1, source=0x101 }
05-18 12:38:20.859 10081 10138 10138 W ViewRootImpl[MainActivity]: Cancelling event due to no window focus: KeyEvent { action=ACTION_UP, keyCode=KEYCODE_DPAD_LEFT, scanCode=0, metaState=0, flags=0x28, repeatCount=0, eventTime=337271, downTime=336885, deviceId=-1, source=0x101 }
05-18 12:38:20.860 10081 10138 10138 W ViewRootImpl[MainActivity]: Cancelling event due to no window focus: KeyEvent { action=ACTION_UP, keyCode=KEYCODE_DPAD_LEFT, scanCode=0, metaState=0, flags=0x28, repeatCount=0, eventTime=337271, downTime=336885, deviceId=-1, source=0x101 }
05-18 12:38:20.860 10081 10138 10138 W ViewRootImpl[MainActivity]: Cancelling event due to no window focus: KeyEvent { action=ACTION_UP, keyCode=KEYCODE_DPAD_UP, scanCode=0, metaState=0, flags=0x28, repeatCount=0, eventTime=337271, downTime=336962, deviceId=-1, source=0x101 }
05-18 12:38:20.861 10081 10138 10138 W ViewRootImpl[MainActivity]: Cancelling event due to no window focus: KeyEvent { action=ACTION_UP, keyCode=KEYCODE_DPAD_UP, scanCode=0, metaState=0, flags=0x28, repeatCount=0, eventTime=337271, downTime=336962, deviceId=-1, source=0x101 }
05-18 12:38:20.863 10081 10138 10138 W ViewRootImpl[MainActivity]: Cancelling event due to no window focus: KeyEvent { action=ACTION_UP, keyCode=KEYCODE_DPAD_LEFT, scanCode=0, metaState=0, flags=0x28, repeatCount=0, eventTime=336970, downTime=336970, deviceId=-1, source=0x101 }
05-18 12:38:20.864 10081 10138 10138 W ViewRootImpl[MainActivity]: Cancelling event due to no window focus: KeyEvent { action=ACTION_UP, keyCode=KEYCODE_DPAD_LEFT, scanCode=0, metaState=0, flags=0x28, repeatCount=0, eventTime=336970, downTime=336970, deviceId=-1, source=0x101 }
05-18 12:38:20.943 10081 10138 10138 W ViewRootImpl[MainActivity]: Cancelling event due to no window focus: KeyEvent { action=ACTION_UP, keyCode=KEYCODE_DPAD_UP, scanCode=0, metaState=0, flags=0x28, repeatCount=0, eventTime=337199, downTime=337199, deviceId=-1, source=0x101 }
05-18 12:38:20.943 10081 10138 10138 W ViewRootImpl[MainActivity]: Cancelling event due to no window focus: KeyEvent { action=ACTION_UP, keyCode=KEYCODE_DPAD_UP, scanCode=0, metaState=0, flags=0x28, repeatCount=0, eventTime=337199, downTime=337199, deviceId=-1, source=0x101 }
05-18 12:38:20.947 10081 10138 10138 W ViewRootImpl[MainActivity]: Dropping event due to no window focus: KeyEvent { action=ACTION_DOWN, keyCode=KEYCODE_X, scanCode=0, metaState=0, flags=0x8, repeatCount=0, eventTime=337273, downTime=337273, deviceId=-1, source=0x101 }
05-18 12:38:20.948 10081 10138 10138 W ViewRootImpl[MainActivity]: Dropping event due to no window focus: KeyEvent { action=ACTION_DOWN, keyCode=KEYCODE_MENU, scanCode=0, metaState=0, flags=0x8, repeatCount=0, eventTime=337279, downTime=337279, deviceId=-1, source=0x101 }
05-18 12:38:20.952 10081 10138 10138 W ViewRootImpl[MainActivity]: Cancelling event due to no window focus: KeyEvent { action=ACTION_UP, keyCode=KEYCODE_X, scanCode=0, metaState=0, flags=0x28, repeatCount=0, eventTime=337357, downTime=337357, deviceId=-1, source=0x101 }
05-18 12:38:20.954 10081 10138 10138 W ViewRootImpl[MainActivity]: Cancelling event due to no window focus: KeyEvent { action=ACTION_UP, keyCode=KEYCODE_X, scanCode=0, metaState=0, flags=0x28, repeatCount=0, eventTime=337357, downTime=337357, deviceId=-1, source=0x101 }
05-18 12:38:20.956 10081 10138 10138 W ViewRootImpl[MainActivity]: Cancelling event due to no window focus: KeyEvent { action=ACTION_UP, keyCode=KEYCODE_MENU, scanCode=0, metaState=0, flags=0x28, repeatCount=0, eventTime=337362, downTime=337362, deviceId=-1, source=0x101 }
05-18 12:38:20.956 10081 10138 10138 W ViewRootImpl[MainActivity]: Cancelling event due to no window focus: KeyEvent { action=ACTION_UP, keyCode=KEYCODE_MENU, scanCode=0, metaState=0, flags=0x28, repeatCount=0, eventTime=337362, downTime=337362, deviceId=-1, source=0x101 }
05-18 12:38:20.959 10081 10138 10138 W ViewRootImpl[MainActivity]: Dropping event due to no window focus: KeyEvent { action=ACTION_DOWN, keyCode=KEYCODE_DPAD_UP, scanCode=0, metaState=0, flags=0x8, repeatCount=0, eventTime=337364, downTime=337364, deviceId=-1, source=0x101 }
05-18 12:38:21.091 10081 10138 10138 W ViewRootImpl[MainActivity]: Cancelling event due to no window focus: KeyEvent { action=ACTION_UP, keyCode=KEYCODE_DPAD_UP, scanCode=0, metaState=0, flags=0x28, repeatCount=0, eventTime=337371, downTime=337371, deviceId=-1, source=0x101 }
05-18 12:38:21.091 10081 10138 10138 W ViewRootImpl[MainActivity]: Cancelling event due to no window focus: KeyEvent { action=ACTION_UP, keyCode=KEYCODE_DPAD_UP, scanCode=0, metaState=0, flags=0x28, repeatCount=0, eventTime=337371, downTime=337371, deviceId=-1, source=0x101 }
05-18 12:38:21.125 10081 10138 10138 W ViewRootImpl[MainActivity]: Dropping event due to no window focus: KeyEvent { action=ACTION_DOWN, keyCode=KEYCODE_DPAD_LEFT, scanCode=0, metaState=0, flags=0x8, repeatCount=0, eventTime=337373, downTime=337373, deviceId=-1, source=0x101 }
05-18 12:38:21.127  1000  3369  9947 I chatty  : uid=1000(system) Binder:3369_1E expire 10 lines
05-18 12:38:21.132 10081 10138 10138 W ViewRootImpl[MainActivity]: Cancelling event due to no window focus: KeyEvent { action=ACTION_UP, keyCode=KEYCODE_DPAD_LEFT, scanCode=0, metaState=0, flags=0x28, repeatCount=0, eventTime=337508, downTime=337508, deviceId=-1, source=0x101 }
05-18 12:38:21.133 10081 10138 10138 W ViewRootImpl[MainActivity]: Cancelling event due to no window focus: KeyEvent { action=ACTION_UP, keyCode=KEYCODE_DPAD_LEFT, scanCode=0, metaState=0, flags=0x28, repeatCount=0, eventTime=337508, downTime=337508, deviceId=-1, source=0x101 }
05-18 12:38:22.040 10070  8052  8052 W ViewRootImpl[AllInOneActivity]: Dropping event due to no window focus: KeyEvent { action=ACTION_DOWN, keyCode=KEYCODE_HEADSETHOOK, scanCode=0, metaState=0, flags=0x8, repeatCount=0, eventTime=338285, downTime=338285, deviceId=-1, source=0x101 }
05-18 12:38:22.489  1000  9764  9764 I chatty  : uid=1000(system) com.goodix.health expire 57 lines
05-18 12:38:22.490  1000  9764  9764 W ViewRootImpl[BloodOxygenActivity]: Dropping event due to no window focus: KeyEvent { action=ACTION_DOWN, keyCode=KEYCODE_DPAD_UP, scanCode=0, metaState=0, flags=0x8, repeatCount=0, eventTime=338725, downTime=338725, deviceId=-1, source=0x101 }
05-18 12:38:22.491  1000  9764  9764 W ViewRootImpl[BloodOxygenActivity]: Dropping event due to no window focus: KeyEvent { action=ACTION_DOWN, keyCode=KEYCODE_L, scanCode=0, metaState=0, flags=0x8, repeatCount=0, eventTime=338761, downTime=338761, deviceId=-1, source=0x101 }
05-18 12:38:22.500  1000  9764  9764 W ViewRootImpl[BloodOxygenActivity]: Dropping event due to no window focus: MotionEvent { action=ACTION_MOVE, actionButton=0, id[0]=0, x[0]=-2.0, y[0]=-4.0, toolType[0]=TOOL_TYPE_UNKNOWN, buttonState=0, metaState=0, flags=0x0, edgeFlags=0x0, pointerCount=1, historySize=0, eventTime=338894, downTime=-1, deviceId=0, source=0x10004 }
05-18 12:38:22.537  1000  9764  9764 W ViewRootImpl[BloodOxygenActivity]: Cancelling event due to no window focus: KeyEvent { action=ACTION_UP, keyCode=KEYCODE_DPAD_UP, scanCode=0, metaState=0, flags=0x28, repeatCount=0, eventTime=338903, downTime=338903, deviceId=-1, source=0x101 }
05-18 12:38:22.538  1000  9764  9764 W ViewRootImpl[BloodOxygenActivity]: Cancelling event due to no window focus: KeyEvent { action=ACTION_UP, keyCode=KEYCODE_DPAD_UP, scanCode=0, metaState=0, flags=0x28, repeatCount=0, eventTime=338903, downTime=338903, deviceId=-1, source=0x101 }
05-18 12:38:22.690 10082 10185 10185 W ViewRootImpl[SplashActivity]: Dropping event due to no window focus: KeyEvent { action=ACTION_DOWN, keyCode=KEYCODE_DPAD_RIGHT, scanCode=0, metaState=0, flags=0x8, repeatCount=0, eventTime=338915, downTime=338915, deviceId=-1, source=0x101 }
05-18 12:38:22.833  1000  3369  3380 I chatty  : uid=1000(system) Binder:3369_2 expire 33 lines
05-18 12:38:22.836 10082 10185 10185 W ViewRootImpl[SplashActivity]: Dropping event due to no window focus: KeyEvent { action=ACTION_DOWN, keyCode=KEYCODE_TV_INPUT_COMPONENT_2, scanCode=0, metaState=0, flags=0x8, repeatCount=0, eventTime=339216, downTime=339216, deviceId=-1, source=0x101 }
05-18 12:38:22.836 10082 10185 10185 W ViewRootImpl[SplashActivity]: Dropping event due to no window focus: MotionEvent { action=ACTION_DOWN, actionButton=0, id[0]=0, x[0]=0.0, y[0]=0.0, toolType[0]=TOOL_TYPE_UNKNOWN, buttonState=0, metaState=0, flags=0x0, edgeFlags=0x0, pointerCount=1, historySize=0, eventTime=339216, downTime=338893, deviceId=0, source=0x10004 }
05-18 12:38:22.836 10082 10185 10185 W ViewRootImpl[SplashActivity]: Cancelling event due to no window focus: KeyEvent { action=ACTION_UP, keyCode=KEYCODE_NAVIGATE_IN, scanCode=0, metaState=0, flags=0x28, repeatCount=0, eventTime=339216, downTime=339216, deviceId=-1, source=0x101 }
05-18 12:38:22.837 10082 10185 10185 I chatty  : uid=10082(com.ztapp.themestore) identical 38 lines
05-18 12:38:22.837 10082 10185 10185 W ViewRootImpl[SplashActivity]: Cancelling event due to no window focus: KeyEvent { action=ACTION_UP, keyCode=KEYCODE_NAVIGATE_IN, scanCode=0, metaState=0, flags=0x28, repeatCount=0, eventTime=339216, downTime=339216, deviceId=-1, source=0x101 }
05-18 12:38:22.839 10082 10185 10185 W ViewRootImpl[SplashActivity]: Dropping event due to no window focus: MotionEvent { action=ACTION_MOVE, actionButton=0, id[0]=0, x[0]=-3.0, y[0]=1.0, toolType[0]=TOOL_TYPE_UNKNOWN, buttonState=0, metaState=0, flags=0x0, edgeFlags=0x0, pointerCount=1, historySize=0, eventTime=339242, downTime=-1, deviceId=0, source=0x10004 }
05-18 12:38:22.869 10082 10185 10185 W ViewRootImpl[SplashActivity]: Cancelling event due to no window focus: KeyEvent { action=ACTION_UP, keyCode=KEYCODE_TV_INPUT_COMPONENT_2, scanCode=0, metaState=0, flags=0x28, repeatCount=0, eventTime=339248, downTime=339248, deviceId=-1, source=0x101 }
05-18 12:38:22.870 10082 10185 10185 W ViewRootImpl[SplashActivity]: Cancelling event due to no window focus: KeyEvent { action=ACTION_UP, keyCode=KEYCODE_TV_INPUT_COMPONENT_2, scanCode=0, metaState=0, flags=0x28, repeatCount=0, eventTime=339248, downTime=339248, deviceId=-1, source=0x101 }
05-18 12:38:22.870 10082 10185 10185 W ViewRootImpl[SplashActivity]: Cancelling event due to no window focus: MotionEvent { action=ACTION_CANCEL, actionButton=0, id[0]=0, x[0]=0.0, y[0]=0.0, toolType[0]=TOOL_TYPE_UNKNOWN, buttonState=0, metaState=0, flags=0x0, edgeFlags=0x0, pointerCount=1, historySize=0, eventTime=339248, downTime=338893, deviceId=0, source=0x10004 }
05-18 12:38:22.870 10082 10185 10185 W ViewRootImpl[SplashActivity]: Cancelling event due to no window focus: MotionEvent { action=ACTION_CANCEL, actionButton=0, id[0]=0, x[0]=0.0, y[0]=0.0, toolType[0]=TOOL_TYPE_UNKNOWN, buttonState=0, metaState=0, flags=0x0, edgeFlags=0x0, pointerCount=1, historySize=0, eventTime=339248, downTime=338893, deviceId=0, source=0x10004 }
05-18 12:38:22.990 10082 10185 10185 W ViewRootImpl[SplashActivity]: Cancelling event due to no window focus: KeyEvent { action=ACTION_UP, keyCode=KEYCODE_DPAD_LEFT, scanCode=0, metaState=0, flags=0x28, repeatCount=0, eventTime=339355, downTime=339355, deviceId=-1, source=0x101 }
05-18 12:38:22.990 10082 10185 10185 W ViewRootImpl[SplashActivity]: Cancelling event due to no window focus: KeyEvent { action=ACTION_UP, keyCode=KEYCODE_DPAD_LEFT, scanCode=0, metaState=0, flags=0x28, repeatCount=0, eventTime=339355, downTime=339355, deviceId=-1, source=0x101 }
05-18 12:38:22.991 10082 10185 10185 W ViewRootImpl[SplashActivity]: Dropping event due to no window focus: MotionEvent { action=ACTION_MOVE, actionButton=0, id[0]=0, x[0]=1.0, y[0]=-1.0, toolType[0]=TOOL_TYPE_UNKNOWN, buttonState=0, metaState=0, flags=0x0, edgeFlags=0x0, pointerCount=1, historySize=2, eventTime=339356, downTime=-1, deviceId=0, source=0x10004 }
05-18 12:38:23.046  1000  9764  9764 W ViewRootImpl[BloodOxygenActivity]: Dropping event due to no window focus: KeyEvent { action=ACTION_DOWN, keyCode=KEYCODE_BUTTON_A, scanCode=0, metaState=0, flags=0x8, repeatCount=0, eventTime=339401, downTime=339401, deviceId=-1, source=0x101 }
05-18 12:38:23.047  1000  9764  9764 W ViewRootImpl[BloodOxygenActivity]: Dropping event due to no window focus: KeyEvent { action=ACTION_DOWN, keyCode=KEYCODE_DPAD_CENTER, scanCode=0, metaState=0, flags=0x8, repeatCount=0, eventTime=339401, downTime=339401, deviceId=-1, source=0x101 }
05-18 12:38:23.148  1000  9764  9764 W ViewRootImpl[BloodOxygenActivity]: Dropping event due to no window focus: KeyEvent { action=ACTION_DOWN, keyCode=KEYCODE_DPAD_RIGHT, scanCode=0, metaState=0, flags=0x8, repeatCount=0, eventTime=339551, downTime=339551, deviceId=-1, source=0x101 }
05-18 12:38:23.149  1000  9764  9764 W ViewRootImpl[BloodOxygenActivity]: Dropping event due to no window focus: KeyEvent { action=ACTION_DOWN, keyCode=KEYCODE_DPAD_CENTER, scanCode=0, metaState=0, flags=0x8, repeatCount=0, eventTime=339551, downTime=339551, deviceId=-1, source=0x101 }
05-18 12:38:23.159  1000  9764  9764 W ViewRootImpl[BloodOxygenActivity]: Dropping event due to no window focus: MotionEvent { action=ACTION_MOVE, actionButton=0, id[0]=0, x[0]=1.0, y[0]=0.0, toolType[0]=TOOL_TYPE_UNKNOWN, buttonState=0, metaState=0, flags=0x0, edgeFlags=0x0, pointerCount=1, historySize=0, eventTime=339553, downTime=-1, deviceId=0, source=0x10004 }
05-18 12:38:23.182  1000  9764  9764 W ViewRootImpl[BloodOxygenActivity]: Cancelling event due to no window focus: KeyEvent { action=ACTION_UP, keyCode=KEYCODE_DPAD_CENTER, scanCode=0, metaState=0, flags=0x28, repeatCount=0, eventTime=339563, downTime=339563, deviceId=-1, source=0x101 }
05-18 12:38:23.182  1000  9764  9764 W ViewRootImpl[BloodOxygenActivity]: Cancelling event due to no window focus: KeyEvent { action=ACTION_UP, keyCode=KEYCODE_DPAD_CENTER, scanCode=0, metaState=0, flags=0x28, repeatCount=0, eventTime=339563, downTime=339563, deviceId=-1, source=0x101 }
05-18 12:38:23.208 10082 10185 10185 W ViewRootImpl[SplashActivity]: Dropping event due to no window focus: KeyEvent { action=ACTION_DOWN, keyCode=KEYCODE_DPAD_DOWN, scanCode=0, metaState=0, flags=0x400, repeatCount=0, eventTime=339620, downTime=339620, deviceId=-1, source=0x101 }
05-18 12:38:23.208 10082 10185 10185 W ViewRootImpl[SplashActivity]: Cancelling event due to no window focus: KeyEvent { action=ACTION_UP, keyCode=KEYCODE_DPAD_DOWN, scanCode=0, metaState=0, flags=0x420, repeatCount=0, eventTime=339620, downTime=339620, deviceId=-1, source=0x101 }
05-18 12:38:23.208 10082 10185 10185 W ViewRootImpl[SplashActivity]: Cancelling event due to no window focus: KeyEvent { action=ACTION_UP, keyCode=KEYCODE_DPAD_DOWN, scanCode=0, metaState=0, flags=0x420, repeatCount=0, eventTime=339620, downTime=339620, deviceId=-1, source=0x101 }
05-18 12:38:23.209 10082 10185 10185 W ViewRootImpl[SplashActivity]: Dropping event due to no window focus: KeyEvent { action=ACTION_DOWN, keyCode=KEYCODE_DPAD_DOWN, scanCode=0, metaState=0, flags=0x400, repeatCount=0, eventTime=339620, downTime=339620, deviceId=-1, source=0x101 }
05-18 12:38:23.209 10082 10185 10185 W ViewRootImpl[SplashActivity]: Cancelling event due to no window focus: KeyEvent { action=ACTION_UP, keyCode=KEYCODE_DPAD_DOWN, scanCode=0, metaState=0, flags=0x420, repeatCount=0, eventTime=339620, downTime=339620, deviceId=-1, source=0x101 }
05-18 12:38:23.209 10082 10185 10185 W ViewRootImpl[SplashActivity]: Cancelling event due to no window focus: KeyEvent { action=ACTION_UP, keyCode=KEYCODE_DPAD_DOWN, scanCode=0, metaState=0, flags=0x420, repeatCount=0, eventTime=339620, downTime=339620, deviceId=-1, source=0x101 }
05-18 12:38:23.221  1000  3369  9723 I chatty  : uid=1000(system) Binder:3369_1C expire 10 lines
05-18 12:38:23.221  1000  9764  9764 W ViewRootImpl[BloodOxygenActivity]: Dropping event due to no window focus: KeyEvent { action=ACTION_DOWN, keyCode=KEYCODE_DPAD_RIGHT, scanCode=0, metaState=0, flags=0x400, repeatCount=0, eventTime=339634, downTime=339634, deviceId=-1, source=0x101 }
05-18 12:38:23.221  1000  9764  9764 W ViewRootImpl[BloodOxygenActivity]: Cancelling event due to no window focus: KeyEvent { action=ACTION_UP, keyCode=KEYCODE_DPAD_RIGHT, scanCode=0, metaState=0, flags=0x420, repeatCount=0, eventTime=339634, downTime=339634, deviceId=-1, source=0x101 }
05-18 12:38:23.221  1000  9764  9764 W ViewRootImpl[BloodOxygenActivity]: Cancelling event due to no window focus: KeyEvent { action=ACTION_UP, keyCode=KEYCODE_DPAD_RIGHT, scanCode=0, metaState=0, flags=0x420, repeatCount=0, eventTime=339634, downTime=339634, deviceId=-1, source=0x101 }
05-18 12:38:23.221  1000  9764  9764 W ViewRootImpl[BloodOxygenActivity]: Dropping event due to no window focus: KeyEvent { action=ACTION_DOWN, keyCode=KEYCODE_DPAD_RIGHT, scanCode=0, metaState=0, flags=0x400, repeatCount=0, eventTime=339634, downTime=339634, deviceId=-1, source=0x101 }
05-18 12:38:23.221  1000  9764  9764 W ViewRootImpl[BloodOxygenActivity]: Cancelling event due to no window focus: KeyEvent { action=ACTION_UP, keyCode=KEYCODE_DPAD_RIGHT, scanCode=0, metaState=0, flags=0x420, repeatCount=0, eventTime=339634, downTime=339634, deviceId=-1, source=0x101 }
05-18 12:38:23.222  1000  9764  9764 W ViewRootImpl[BloodOxygenActivity]: Cancelling event due to no window focus: KeyEvent { action=ACTION_UP, keyCode=KEYCODE_DPAD_RIGHT, scanCode=0, metaState=0, flags=0x420, repeatCount=0, eventTime=339634, downTime=339634, deviceId=-1, source=0x101 }
05-18 12:38:23.222  1000  9764  9764 W ViewRootImpl[BloodOxygenActivity]: Dropping event due to no window focus: KeyEvent { action=ACTION_DOWN, keyCode=KEYCODE_DPAD_RIGHT, scanCode=0, metaState=0, flags=0x400, repeatCount=0, eventTime=339634, downTime=339634, deviceId=-1, source=0x101 }
05-18 12:38:23.222  1000  9764  9764 W ViewRootImpl[BloodOxygenActivity]: Cancelling event due to no window focus: KeyEvent { action=ACTION_UP, keyCode=KEYCODE_DPAD_RIGHT, scanCode=0, metaState=0, flags=0x420, repeatCount=0, eventTime=339634, downTime=339634, deviceId=-1, source=0x101 }
05-18 12:38:23.222  1000  9764  9764 W ViewRootImpl[BloodOxygenActivity]: Cancelling event due to no window focus: KeyEvent { action=ACTION_UP, keyCode=KEYCODE_DPAD_RIGHT, scanCode=0, metaState=0, flags=0x420, repeatCount=0, eventTime=339634, downTime=339634, deviceId=-1, source=0x101 }
05-18 12:38:23.222  1000  9764  9764 W ViewRootImpl[BloodOxygenActivity]: Dropping event due to no window focus: KeyEvent { action=ACTION_DOWN, keyCode=KEYCODE_DPAD_RIGHT, scanCode=0, metaState=0, flags=0x400, repeatCount=0, eventTime=339634, downTime=339634, deviceId=-1, source=0x101 }
05-18 12:38:23.222  1000  9764  9764 W ViewRootImpl[BloodOxygenActivity]: Cancelling event due to no window focus: KeyEvent { action=ACTION_UP, keyCode=KEYCODE_DPAD_RIGHT, scanCode=0, metaState=0, flags=0x420, repeatCount=0, eventTime=339634, downTime=339634, deviceId=-1, source=0x101 }
05-18 12:38:23.222  1000  9764  9764 W ViewRootImpl[BloodOxygenActivity]: Cancelling event due to no window focus: KeyEvent { action=ACTION_UP, keyCode=KEYCODE_DPAD_RIGHT, scanCode=0, metaState=0, flags=0x420, repeatCount=0, eventTime=339634, downTime=339634, deviceId=-1, source=0x101 }
05-18 12:38:23.222  1000  9764  9764 W ViewRootImpl[BloodOxygenActivity]: Dropping event due to no window focus: KeyEvent { action=ACTION_DOWN, keyCode=KEYCODE_DPAD_RIGHT, scanCode=0, metaState=0, flags=0x8, repeatCount=0, eventTime=339616, downTime=339616, deviceId=-1, source=0x101 }
05-18 12:38:23.223  1000  9764  9764 W ViewRootImpl[BloodOxygenActivity]: Cancelling event due to no window focus: KeyEvent { action=ACTION_UP, keyCode=KEYCODE_DPAD_RIGHT, scanCode=0, metaState=0, flags=0x420, repeatCount=0, eventTime=339634, downTime=339634, deviceId=-1, source=0x101 }
05-18 12:38:23.225  1000  9764  9764 W ViewRootImpl[BloodOxygenActivity]: Cancelling event due to no window focus: KeyEvent { action=ACTION_UP, keyCode=KEYCODE_DPAD_RIGHT, scanCode=0, metaState=0, flags=0x420, repeatCount=0, eventTime=339634, downTime=339634, deviceId=-1, source=0x101 }
05-18 12:38:23.226  1000  9764  9764 W ViewRootImpl[BloodOxygenActivity]: Cancelling event due to no window focus: KeyEvent { action=ACTION_UP, keyCode=KEYCODE_DPAD_DOWN, scanCode=0, metaState=0, flags=0x28, repeatCount=0, eventTime=339632, downTime=339632, deviceId=-1, source=0x101 }
05-18 12:38:23.226  1000  9764  9764 W ViewRootImpl[BloodOxygenActivity]: Cancelling event due to no window focus: KeyEvent { action=ACTION_UP, keyCode=KEYCODE_DPAD_DOWN, scanCode=0, metaState=0, flags=0x28, repeatCount=0, eventTime=339632, downTime=339632, deviceId=-1, source=0x101 }
05-18 12:38:23.244 10082 10185 10185 W ViewRootImpl[SplashActivity]: Cancelling event due to no window focus: KeyEvent { action=ACTION_UP, keyCode=KEYCODE_DPAD_DOWN, scanCode=0, metaState=0, flags=0x420, repeatCount=0, eventTime=339620, downTime=339620, deviceId=-1, source=0x101 }
05-18 12:38:23.245 10082 10185 10185 W ViewRootImpl[SplashActivity]: Cancelling event due to no window focus: KeyEvent { action=ACTION_UP, keyCode=KEYCODE_DPAD_DOWN, scanCode=0, metaState=0, flags=0x420, repeatCount=0, eventTime=339620, downTime=339620, deviceId=-1, source=0x101 }
05-18 12:38:23.586  1000  9764  9764 W ViewRootImpl[BloodOxygenActivity]: Dropping event due to no window focus: KeyEvent { action=ACTION_DOWN, keyCode=KEYCODE_DPAD_CENTER, scanCode=0, metaState=0, flags=0x8, repeatCount=0, eventTime=339973, downTime=339973, deviceId=-1, source=0x101 }
05-18 12:38:23.597  1000  9764  9764 W ViewRootImpl[BloodOxygenActivity]: Dropping event due to no window focus: MotionEvent { action=ACTION_MOVE, actionButton=0, id[0]=0, x[0]=4.0, y[0]=2.0, toolType[0]=TOOL_TYPE_UNKNOWN, buttonState=0, metaState=0, flags=0x0, edgeFlags=0x0, pointerCount=1, historySize=0, eventTime=339975, downTime=-1, deviceId=0, source=0x10004 }
05-18 12:38:23.615  1000  9764  9764 W ViewRootImpl[BloodOxygenActivity]: Dropping event due to no window focus: KeyEvent { action=ACTION_DOWN, keyCode=KEYCODE_DPAD_UP, scanCode=0, metaState=0, flags=0x8, repeatCount=0, eventTime=339992, downTime=339992, deviceId=-1, source=0x101 }
05-18 12:38:23.616  1000  9764  9764 W ViewRootImpl[BloodOxygenActivity]: Cancelling event due to no window focus: KeyEvent { action=ACTION_UP, keyCode=KEYCODE_DPAD_CENTER, scanCode=0, metaState=0, flags=0x28, repeatCount=0, eventTime=339999, downTime=339999, deviceId=-1, source=0x101 }
05-18 12:38:23.617  1000  9764  9764 W ViewRootImpl[BloodOxygenActivity]: Cancelling event due to no window focus: KeyEvent { action=ACTION_UP, keyCode=KEYCODE_DPAD_CENTER, scanCode=0, metaState=0, flags=0x28, repeatCount=0, eventTime=339999, downTime=339999, deviceId=-1, source=0x101 }
05-18 12:38:24.893 10089  9980  9980 W ViewRootImpl[WelcomeActivity]: Cancelling event due to no window focus: KeyEvent { action=ACTION_UP, keyCode=KEYCODE_DPAD_LEFT, scanCode=0, metaState=0, flags=0x28, repeatCount=0, eventTime=340093, downTime=340093, deviceId=-1, source=0x101 }
05-18 12:38:24.895 10089  9980  9980 W ViewRootImpl[WelcomeActivity]: Cancelling event due to no window focus: KeyEvent { action=ACTION_UP, keyCode=KEYCODE_DPAD_LEFT, scanCode=0, metaState=0, flags=0x28, repeatCount=0, eventTime=340093, downTime=340093, deviceId=-1, source=0x101 }
05-18 12:38:24.899 10089  9980  9980 W ViewRootImpl[WelcomeActivity]: Cancelling event due to no window focus: KeyEvent { action=ACTION_UP, keyCode=KEYCODE_DPAD_RIGHT, scanCode=0, metaState=0, flags=0x28, repeatCount=0, eventTime=340114, downTime=340114, deviceId=-1, source=0x101 }
05-18 12:38:24.900 10089  9980  9980 W ViewRootImpl[WelcomeActivity]: Cancelling event due to no window focus: KeyEvent { action=ACTION_UP, keyCode=KEYCODE_DPAD_RIGHT, scanCode=0, metaState=0, flags=0x28, repeatCount=0, eventTime=340114, downTime=340114, deviceId=-1, source=0x101 }
05-18 12:38:24.910 10089  9980  9980 W ViewRootImpl[WelcomeActivity]: Dropping event due to no window focus: KeyEvent { action=ACTION_DOWN, keyCode=KEYCODE_DPAD_LEFT, scanCode=0, metaState=0, flags=0x8, repeatCount=0, eventTime=340126, downTime=340126, deviceId=-1, source=0x101 }
05-18 12:38:24.914 10089  9980  9980 W ViewRootImpl[WelcomeActivity]: Dropping event due to no window focus: KeyEvent { action=ACTION_DOWN, keyCode=KEYCODE_DPAD_LEFT, scanCode=0, metaState=0, flags=0x8, repeatCount=0, eventTime=341295, downTime=341295, deviceId=-1, source=0x101 }
05-18 12:38:24.919 10089  9980  9980 W ViewRootImpl[WelcomeActivity]: Cancelling event due to no window focus: KeyEvent { action=ACTION_UP, keyCode=KEYCODE_DPAD_LEFT, scanCode=0, metaState=0, flags=0x28, repeatCount=0, eventTime=341324, downTime=341324, deviceId=-1, source=0x101 }
05-18 12:38:24.921 10089  9980  9980 W ViewRootImpl[WelcomeActivity]: Cancelling event due to no window focus: KeyEvent { action=ACTION_UP, keyCode=KEYCODE_DPAD_LEFT, scanCode=0, metaState=0, flags=0x28, repeatCount=0, eventTime=341324, downTime=341324, deviceId=-1, source=0x101 }
05-18 12:38:24.923 10089  9980  9980 W ViewRootImpl[WelcomeActivity]: Cancelling event due to no window focus: KeyEvent { action=ACTION_UP, keyCode=KEYCODE_DPAD_LEFT, scanCode=0, metaState=0, flags=0x28, repeatCount=0, eventTime=341325, downTime=341325, deviceId=-1, source=0x101 }
05-18 12:38:24.924 10089  9980  9980 W ViewRootImpl[WelcomeActivity]: Cancelling event due to no window focus: KeyEvent { action=ACTION_UP, keyCode=KEYCODE_DPAD_LEFT, scanCode=0, metaState=0, flags=0x28, repeatCount=0, eventTime=341325, downTime=341325, deviceId=-1, source=0x101 }
05-18 12:38:24.925 10089  9980  9980 W ViewRootImpl[WelcomeActivity]: Dropping event due to no window focus: KeyEvent { action=ACTION_DOWN, keyCode=KEYCODE_CAPS_LOCK, scanCode=0, metaState=0, flags=0x8, repeatCount=0, eventTime=341310, downTime=341310, deviceId=-1, source=0x101 }
05-18 12:38:24.942 10089  9980  9980 W ViewRootImpl[WelcomeActivity]: Cancelling event due to no window focus: KeyEvent { action=ACTION_UP, keyCode=KEYCODE_CAPS_LOCK, scanCode=0, metaState=0, flags=0x28, repeatCount=0, eventTime=341341, downTime=341341, deviceId=-1, source=0x101 }
05-18 12:38:24.943 10089  9980  9980 W ViewRootImpl[WelcomeActivity]: Cancelling event due to no window focus: KeyEvent { action=ACTION_UP, keyCode=KEYCODE_CAPS_LOCK, scanCode=0, metaState=0, flags=0x28, repeatCount=0, eventTime=341341, downTime=341341, deviceId=-1, source=0x101 }
05-18 12:38:25.347  1000 10465 10465 W ContextImpl: Calling a method in the system process without a qualified user: android.app.ContextImpl.bindService:1556 android.content.ContextWrapper.bindService:705 com.jx.watchos.contact.MainActivity.onCreate:52 android.app.Activity.performCreate:7087 android.app.Activity.performCreate:7078 
05-18 12:38:25.471  1000  3369  4315 I chatty  : uid=1000(system) PowerController expire 60 lines
05-18 12:38:25.472  1000  3369  4317 I chatty  : uid=1000(system) ntroller.RecogA expire 60 lines
