05-18 12:36:33.201 media  3049  3049 I auditd  : type=1400 audit(0.0:811): avc: denied { read } for comm="mediaserver" name="u:object_r:media_prop:s0" dev="tmpfs" ino=7887 scontext=u:r:mediaserver:s0 tcontext=u:object_r:media_prop:s0 tclass=file permissive=0
05-18 12:36:33.201 media  3049  3049 I chatty  : uid=1013(media) /system/bin/mediaserver identical 1 line
05-18 12:36:33.201 media  3049  3049 I auditd  : type=1400 audit(0.0:813): avc: denied { read } for comm="mediaserver" name="u:object_r:media_prop:s0" dev="tmpfs" ino=7887 scontext=u:r:mediaserver:s0 tcontext=u:object_r:media_prop:s0 tclass=file permissive=0
05-18 12:36:33.219 10020  4188  4188 I sysui_view_visibility: [207,100]
05-18 12:36:33.219 10020  4188  4188 I sysui_multi_action: [757,207,758,1]
05-18 12:36:33.219 10020  4188  4188 I sysui_histogram: [volume_from_keyguard,0]
05-18 12:36:33.220 10020  4188  4188 I sysui_multi_action: [757,804,799,volume_from_keyguard,801,0,802,1]
05-18 12:36:33.231 media  3049  3049 I auditd  : type=1400 audit(0.0:814): avc: denied { read } for comm="NPDecoder" name="u:object_r:media_prop:s0" dev="tmpfs" ino=7887 scontext=u:r:mediaserver:s0 tcontext=u:object_r:media_prop:s0 tclass=file permissive=0
05-18 12:36:33.249  1000  3369  3379 I am_proc_bound: [0,7066,com.android.deskclock]
05-18 12:36:33.271 media  3049  3049 I auditd  : type=1400 audit(0.0:815): avc: denied { read } for comm="NPDecoder" name="u:object_r:media_prop:s0" dev="tmpfs" ino=7887 scontext=u:r:mediaserver:s0 tcontext=u:object_r:media_prop:s0 tclass=file permissive=0
05-18 12:36:33.281 media  3049  3049 I auditd  : type=1400 audit(0.0:816): avc: denied { read } for comm="mediaserver" name="u:object_r:media_prop:s0" dev="tmpfs" ino=7887 scontext=u:r:mediaserver:s0 tcontext=u:object_r:media_prop:s0 tclass=file permissive=0
05-18 12:36:33.281 media  3049  3049 I auditd  : type=1400 audit(0.0:817): avc: denied { read } for comm="mediaserver" name="u:object_r:media_prop:s0" dev="tmpfs" ino=7887 scontext=u:r:mediaserver:s0 tcontext=u:object_r:media_prop:s0 tclass=file permissive=0
05-18 12:36:33.281  1040  3047  3047 I auditd  : type=1400 audit(0.0:818): avc: denied { read } for comm="Binder:3047_3" name="u:object_r:media_prop:s0" dev="tmpfs" ino=7887 scontext=u:r:mediaextractor:s0 tcontext=u:object_r:media_prop:s0 tclass=file permissive=0
05-18 12:36:33.297 10026  6987  6987 I am_on_paused_called: [0,com.android.gallery3d.app.MovieActivity,handlePauseActivity]
05-18 12:36:33.298  1000  3369  6927 I am_set_resumed_activity: [0,com.android.gallery3d/com.sprd.gallery3d.app.NewVideoActivity,resumeTopActivityInnerLocked]
05-18 12:36:33.300  1000  3369  6927 I am_resume_activity: [0,59989974,21,com.android.gallery3d/com.sprd.gallery3d.app.NewVideoActivity]
05-18 12:36:33.303  1000  3369  3383 I sysui_count: [window_time_0,0]
05-18 12:36:33.304  1000  3369  3383 I sysui_multi_action: [757,803,799,window_time_0,802,0]
05-18 12:36:33.339 10026  6987  6987 I am_on_resume_called: [0,com.sprd.gallery3d.app.NewVideoActivity,RESUME_ACTIVITY]
05-18 12:36:33.356  1000  3369  6596 I am_uid_active: 10008
05-18 12:36:33.377  1000  3369  5122 I wm_task_created: [22,1]
05-18 12:36:33.377  1000  3369  5122 I wm_task_moved: [22,1,6]
05-18 12:36:33.378  1000  3369  5122 I wm_task_moved: [22,1,6]
05-18 12:36:33.378  1000  3369  5122 I am_create_task: [0,22]
05-18 12:36:33.378  1000  3369  5122 I am_create_activity: [0,138292504,22,com.tencent.wechatkids/.ui.start.SplashActivity,android.intent.action.MAIN,NULL,NULL,270532608]
05-18 12:36:33.379  1000  3369  5122 I wm_task_moved: [22,1,6]
05-18 12:36:33.384  1000  3369  5122 I am_pause_activity: [0,59989974,com.android.gallery3d/com.sprd.gallery3d.app.NewVideoActivity]
05-18 12:36:33.411 10026  6987  6987 I am_on_paused_called: [0,com.sprd.gallery3d.app.NewVideoActivity,handlePauseActivity]
05-18 12:36:33.416  1000  3369  3379 I am_uid_running: 10085
05-18 12:36:33.429  1000  3369  3379 I am_proc_start: [0,7086,10085,com.tencent.wechatkids,activity,com.tencent.wechatkids/.ui.start.SplashActivity]
05-18 12:36:33.468  1000  3369  3379 I am_proc_bound: [0,7086,com.tencent.wechatkids]
05-18 12:36:33.475  1000  3369  3379 I am_uid_active: 10085
05-18 12:36:33.475  1000  3369  3379 I am_restart_activity: [0,138292504,22,com.tencent.wechatkids/.ui.start.SplashActivity]
05-18 12:36:33.477  1000  3369  3379 I am_set_resumed_activity: [0,com.tencent.wechatkids/.ui.start.SplashActivity,minimalResumeActivityLocked]
05-18 12:36:33.537  1000  3369  3392 I sysui_multi_action: [319,139,321,69,322,39,325,229,757,761,758,7,759,1,806,com.tencent.wechatkids,871,com.tencent.wechatkids.ui.start.SplashActivity,905,0,945,97]
05-18 12:36:33.866 10020  4188  4289 I sysui_multi_action: [757,1093,758,4,793,1003,1094,603979777,1095,3]
05-18 12:36:34.101 10085  7086  7086 I auditd  : type=1400 audit(0.0:819): avc: denied { read } for comm="SoundPoolThread" name="u:object_r:media_prop:s0" dev="tmpfs" ino=7887 scontext=u:r:untrusted_app:s0:c512,c768 tcontext=u:object_r:media_prop:s0 tclass=file permissive=0
05-18 12:36:34.101  1000  3369  6927 I wm_task_moved: [22,1,6]
05-18 12:36:34.102  1000  3369  6927 I wm_task_moved: [22,1,6]
05-18 12:36:34.103  1000  3369  6927 I am_create_activity: [0,257251797,22,com.tencent.wechatkids/.ui.warn.WarnIlinkActivity,NULL,NULL,NULL,268435456]
05-18 12:36:34.105  1000  3369  6927 I am_pause_activity: [0,138292504,com.tencent.wechatkids/.ui.start.SplashActivity]
05-18 12:36:34.111  1040  3047  3047 I auditd  : type=1400 audit(0.0:820): avc: denied { read } for comm="Binder:3047_3" name="u:object_r:media_prop:s0" dev="tmpfs" ino=7887 scontext=u:r:mediaextractor:s0 tcontext=u:object_r:media_prop:s0 tclass=file permissive=0
05-18 12:36:34.121 10085  7086  7086 I auditd  : type=1400 audit(0.0:821): avc: denied { read } for comm="SoundPoolThread" name="u:object_r:media_prop:s0" dev="tmpfs" ino=7887 scontext=u:r:untrusted_app:s0:c512,c768 tcontext=u:object_r:media_prop:s0 tclass=file permissive=0
05-18 12:36:34.130 10085  7086  7086 I am_on_resume_called: [0,com.tencent.wechatkids.ui.start.SplashActivity,LAUNCH_ACTIVITY]
05-18 12:36:34.149 10085  7086  7086 I am_on_paused_called: [0,com.tencent.wechatkids.ui.start.SplashActivity,handlePauseActivity]
05-18 12:36:34.151  1000  3369  6929 I am_restart_activity: [0,257251797,22,com.tencent.wechatkids/.ui.warn.WarnIlinkActivity]
05-18 12:36:34.152  1000  3369  6929 I am_set_resumed_activity: [0,com.tencent.wechatkids/.ui.warn.WarnIlinkActivity,minimalResumeActivityLocked]
05-18 12:36:34.161  1000  3369  3383 I sysui_count: [window_time_0,1]
05-18 12:36:34.161  1000  3369  3383 I sysui_multi_action: [757,803,799,window_time_0,802,1]
05-18 12:36:34.164  1000  3369  6929 I am_finish_activity: [0,138292504,22,com.tencent.wechatkids/.ui.start.SplashActivity,app-request]
05-18 12:36:34.164  1000  3369  6929 I am_destroy_activity: [0,138292504,22,com.tencent.wechatkids/.ui.start.SplashActivity,finish-imm]
05-18 12:36:34.167  1000  3369  3383 I sysui_count: [window_time_0,0]
05-18 12:36:34.167  1000  3369  3383 I sysui_multi_action: [757,803,799,window_time_0,802,0]
05-18 12:36:34.357 10085  7086  7086 I am_on_resume_called: [0,com.tencent.wechatkids.ui.warn.WarnIlinkActivity,LAUNCH_ACTIVITY]
05-18 12:36:34.363 10085  7086  7086 I am_on_stop_called: [0,com.tencent.wechatkids.ui.start.SplashActivity,destroy]
05-18 12:36:34.451 10085  7086  7086 I auditd  : type=1400 audit(0.0:822): avc: denied { read } for comm="SoundPoolThread" name="u:object_r:media_prop:s0" dev="tmpfs" ino=7887 scontext=u:r:untrusted_app:s0:c512,c768 tcontext=u:object_r:media_prop:s0 tclass=file permissive=0
05-18 12:36:34.565  1000  3369  3392 I am_activity_launch_time: [0,257251797,com.tencent.wechatkids/.ui.warn.WarnIlinkActivity,411,1139]
05-18 12:36:34.569  1000  3369  3383 I am_stop_activity: [0,59989974,com.android.gallery3d/com.sprd.gallery3d.app.NewVideoActivity]
05-18 12:36:34.569  1000  3369  3383 I am_destroy_activity: [0,57307713,21,com.android.gallery3d/.app.MovieActivity,finish-imm]
05-18 12:36:34.573 10026  6987  6987 I am_on_stop_called: [0,com.sprd.gallery3d.app.NewVideoActivity,handleStopActivity]
05-18 12:36:34.577 10026  6987  6987 I am_on_stop_called: [0,com.android.gallery3d.app.MovieActivity,destroy]
05-18 12:36:34.605  1000  3369  5122 I sysui_count: [key_back_down,1]
05-18 12:36:34.606  1000  3369  5122 I sysui_multi_action: [757,803,799,key_back_down,802,1]
05-18 12:36:34.643 10020  4188  4188 I sysui_view_visibility: [207,0]
05-18 12:36:34.643 10020  4188  4188 I sysui_multi_action: [757,207,758,2]
05-18 12:36:34.648 10020  4188  4288 I sysui_action: [210,-1]
05-18 12:36:34.648 10020  4188  4288 I sysui_multi_action: [757,210,758,4,759,-1]
05-18 12:36:34.651  1000  3369  6929 I am_finish_activity: [0,257251797,22,com.tencent.wechatkids/.ui.warn.WarnIlinkActivity,app-request]
05-18 12:36:34.652  1000  3369  6929 I am_pause_activity: [0,257251797,com.tencent.wechatkids/.ui.warn.WarnIlinkActivity]
05-18 12:36:34.654  1000  3369  3383 I sysui_count: [window_time_0,1]
05-18 12:36:34.655  1000  3369  3383 I sysui_multi_action: [757,803,799,window_time_0,802,1]
05-18 12:36:34.664 10085  7086  7086 I am_on_paused_called: [0,com.tencent.wechatkids.ui.warn.WarnIlinkActivity,handlePauseActivity]
05-18 12:36:34.667  1000  3369  6596 I am_set_resumed_activity: [0,com.android.gallery3d/com.sprd.gallery3d.app.NewVideoActivity,resumeTopActivityInnerLocked]
05-18 12:36:34.674  1000  3369  6596 I am_resume_activity: [0,59989974,21,com.android.gallery3d/com.sprd.gallery3d.app.NewVideoActivity]
05-18 12:36:34.677  1000  3369  3383 I sysui_count: [window_time_0,0]
05-18 12:36:34.677  1000  3369  3383 I sysui_multi_action: [757,803,799,window_time_0,802,0]
05-18 12:36:34.691 10026  6987  6987 I am_on_resume_called: [0,com.sprd.gallery3d.app.NewVideoActivity,RESUME_ACTIVITY]
05-18 12:36:34.792  1000  3369  3383 I am_destroy_activity: [0,257251797,22,com.tencent.wechatkids/.ui.warn.WarnIlinkActivity,finish-imm]
05-18 12:36:34.809 10085  7086  7086 I am_on_stop_called: [0,com.tencent.wechatkids.ui.warn.WarnIlinkActivity,destroy]
05-18 12:36:34.819  1000  3369  4292 I wm_task_removed: [22,removeAppToken: last token]
05-18 12:36:34.820  1000  3369  4292 I wm_task_removed: [22,removeTask]
05-18 12:36:34.868  1000  3369  6927 I wm_task_moved: [21,1,5]
05-18 12:36:34.869  1000  3369  6927 I am_create_activity: [0,74999477,21,com.android.gallery3d/.app.MovieActivity,NULL,video/*,content://media/external/video/media/37,536870912]
05-18 12:36:34.870  1000  3369  6927 I am_pause_activity: [0,59989974,com.android.gallery3d/com.sprd.gallery3d.app.NewVideoActivity]
05-18 12:36:34.875 10026  6987  6987 I am_on_paused_called: [0,com.sprd.gallery3d.app.NewVideoActivity,handlePauseActivity]
05-18 12:36:34.877  1000  3369  6596 I am_restart_activity: [0,74999477,21,com.android.gallery3d/.app.MovieActivity]
05-18 12:36:34.880  1000  3369  6596 I am_set_resumed_activity: [0,com.android.gallery3d/.app.MovieActivity,minimalResumeActivityLocked]
05-18 12:36:34.885  1000  3369  3383 I sysui_count: [window_time_0,0]
05-18 12:36:34.885  1000  3369  3383 I sysui_multi_action: [757,803,799,window_time_0,802,0]
05-18 12:36:34.935  1000  3369  6927 I force_gc: Binder
05-18 12:36:34.960 10026  6987  6987 I am_on_resume_called: [0,com.android.gallery3d.app.MovieActivity,LAUNCH_ACTIVITY]
05-18 12:36:35.001 media  3049  3049 I auditd  : type=1400 audit(0.0:823): avc: denied { read } for comm="mediaserver" name="u:object_r:media_prop:s0" dev="tmpfs" ino=7887 scontext=u:r:mediaserver:s0 tcontext=u:object_r:media_prop:s0 tclass=file permissive=0
05-18 12:36:35.001 media  3049  3049 I auditd  : type=1400 audit(0.0:824): avc: denied { read } for comm="generic" name="u:object_r:media_prop:s0" dev="tmpfs" ino=7887 scontext=u:r:mediaserver:s0 tcontext=u:object_r:media_prop:s0 tclass=file permissive=0
05-18 12:36:35.011 media  3049  3049 I auditd  : type=1400 audit(0.0:825): avc: denied { read } for comm="generic" path="/storage/emulated/0/Movies/girls_generation.mp4" dev="sdcardfs" ino=4288 scontext=u:r:mediaextractor:s0 tcontext=u:object_r:sdcardfs:s0 tclass=file permissive=0
05-18 12:36:35.011 media  3049  3049 I auditd  : type=1400 audit(0.0:826): avc: denied { read } for comm="generic" name="u:object_r:media_prop:s0" dev="tmpfs" ino=7887 scontext=u:r:mediaserver:s0 tcontext=u:object_r:media_prop:s0 tclass=file permissive=0
05-18 12:36:35.031  1040  3047  3047 I auditd  : type=1400 audit(0.0:827): avc: denied { read } for comm="Binder:3047_3" name="u:object_r:media_prop:s0" dev="tmpfs" ino=7887 scontext=u:r:mediaextractor:s0 tcontext=u:object_r:media_prop:s0 tclass=file permissive=0
05-18 12:36:35.081  1000  3369  3392 I am_activity_launch_time: [0,74999477,com.android.gallery3d/.app.MovieActivity,198,198]
05-18 12:36:35.111 media  3049  3049 I auditd  : type=1400 audit(0.0:828): avc: denied { read } for comm="NPDecoder" name="u:object_r:media_prop:s0" dev="tmpfs" ino=7887 scontext=u:r:mediaserver:s0 tcontext=u:object_r:media_prop:s0 tclass=file permissive=0
05-18 12:36:35.141 media  3049  3049 I auditd  : type=1400 audit(0.0:829): avc: denied { read } for comm="NPDecoder" name="u:object_r:media_prop:s0" dev="tmpfs" ino=7887 scontext=u:r:mediaserver:s0 tcontext=u:object_r:media_prop:s0 tclass=file permissive=0
05-18 12:36:35.215  1000  3369  6929 I am_stop_activity: [0,59989974,com.android.gallery3d/com.sprd.gallery3d.app.NewVideoActivity]
05-18 12:36:35.222 10026  6987  6987 I am_on_stop_called: [0,com.sprd.gallery3d.app.NewVideoActivity,handleStopActivity]
05-18 12:36:35.291 media  3049  3049 I auditd  : type=1400 audit(0.0:830): avc: denied { read } for comm="NPDecoder" name="u:object_r:media_prop:s0" dev="tmpfs" ino=7887 scontext=u:r:mediaserver:s0 tcontext=u:object_r:media_prop:s0 tclass=file permissive=0
05-18 12:36:35.291 media  3049  3049 I auditd  : type=1400 audit(0.0:831): avc: denied { read } for comm="NuPlayerRendere" name="u:object_r:media_prop:s0" dev="tmpfs" ino=7887 scontext=u:r:mediaserver:s0 tcontext=u:object_r:media_prop:s0 tclass=file permissive=0
05-18 12:36:35.291 media  3049  3049 I auditd  : type=1400 audit(0.0:832): avc: denied { read } for comm="NuPlayerRendere" name="u:object_r:media_prop:s0" dev="tmpfs" ino=7887 scontext=u:r:mediaserver:s0 tcontext=u:object_r:media_prop:s0 tclass=file permissive=0
05-18 12:36:35.871 10020  4188  4289 I sysui_multi_action: [757,1093,758,4,793,2005,1094,603979777,1095,3]
05-18 12:36:36.252  1000  3369  6929 I volume_changed: [3,15,14,15,com.android.gallery3d]
05-18 12:36:36.381 media  3049  3049 I auditd  : type=1400 audit(0.0:833): avc: denied { read } for comm="NPDecoder" name="u:object_r:media_prop:s0" dev="tmpfs" ino=7887 scontext=u:r:mediaserver:s0 tcontext=u:object_r:media_prop:s0 tclass=file permissive=0
05-18 12:36:36.471  1000  4621  4621 I am_on_stop_called: [0,com.jx.launcher.Launcher,handleStopActivity]
05-18 12:36:36.481  1058  3084  3084 I auditd  : type=1400 audit(0.0:834): avc: granted { append } for comm="tombstoned" path="/data/anr/trace_00" dev="mmcblk0p38" ino=6761 scontext=u:r:tombstoned:s0 tcontext=u:object_r:anr_data_file:s0 tclass=file
05-18 12:36:36.806  1000  3369  4436 I volume_changed: [3,14,12,15,com.android.gallery3d]
05-18 12:36:36.871  1000  3369  4436 I volume_changed: [3,12,11,15,com.android.gallery3d]
05-18 12:36:36.876 10020  4188  4289 I sysui_multi_action: [757,1093,758,4,793,1005,1094,603979777,1095,3]
05-18 12:36:36.911  1000  3369  4292 I am_finish_activity: [0,74999477,21,com.android.gallery3d/.app.MovieActivity,app-request]
05-18 12:36:36.912  1000  3369  4292 I am_pause_activity: [0,74999477,com.android.gallery3d/.app.MovieActivity]
05-18 12:36:36.921 media  3049  3049 I auditd  : type=1400 audit(0.0:835): avc: denied { read } for comm="NPDecoder" name="u:object_r:media_prop:s0" dev="tmpfs" ino=7887 scontext=u:r:mediaserver:s0 tcontext=u:object_r:media_prop:s0 tclass=file permissive=0
05-18 12:36:36.923  1000  3369  3383 I sysui_count: [window_time_0,2]
05-18 12:36:36.923  1000  3369  3383 I sysui_multi_action: [757,803,799,window_time_0,802,2]
05-18 12:36:36.961 media  3049  3049 I auditd  : type=1400 audit(0.0:836): avc: denied { read } for comm="Binder:3049_3" name="u:object_r:media_prop:s0" dev="tmpfs" ino=7887 scontext=u:r:mediaserver:s0 tcontext=u:object_r:media_prop:s0 tclass=file permissive=0
05-18 12:36:36.961 media  3049  3049 I chatty  : uid=1013(media) /system/bin/mediaserver identical 1 line
05-18 12:36:36.961 media  3049  3049 I auditd  : type=1400 audit(0.0:838): avc: denied { read } for comm="Binder:3049_3" name="u:object_r:media_prop:s0" dev="tmpfs" ino=7887 scontext=u:r:mediaserver:s0 tcontext=u:object_r:media_prop:s0 tclass=file permissive=0
05-18 12:36:36.971 media  3049  3049 I auditd  : type=1400 audit(0.0:839): avc: denied { read } for comm="NPDecoder" name="u:object_r:media_prop:s0" dev="tmpfs" ino=7887 scontext=u:r:mediaserver:s0 tcontext=u:object_r:media_prop:s0 tclass=file permissive=0
05-18 12:36:37.021 media  3049  3049 I auditd  : type=1400 audit(0.0:840): avc: denied { read } for comm="NPDecoder" name="u:object_r:media_prop:s0" dev="tmpfs" ino=7887 scontext=u:r:mediaserver:s0 tcontext=u:object_r:media_prop:s0 tclass=file permissive=0
05-18 12:36:37.021 media  3049  3049 I auditd  : type=1400 audit(0.0:841): avc: denied { read } for comm="Binder:3049_3" name="u:object_r:media_prop:s0" dev="tmpfs" ino=7887 scontext=u:r:mediaserver:s0 tcontext=u:object_r:media_prop:s0 tclass=file permissive=0
05-18 12:36:37.021 media  3049  3049 I auditd  : type=1400 audit(0.0:842): avc: denied { read } for comm="Binder:3049_3" name="u:object_r:media_prop:s0" dev="tmpfs" ino=7887 scontext=u:r:mediaserver:s0 tcontext=u:object_r:media_prop:s0 tclass=file permissive=0
05-18 12:36:37.021  1040  3047  3047 I auditd  : type=1400 audit(0.0:843): avc: denied { read } for comm="Binder:3047_1" name="u:object_r:media_prop:s0" dev="tmpfs" ino=7887 scontext=u:r:mediaextractor:s0 tcontext=u:object_r:media_prop:s0 tclass=file permissive=0
05-18 12:36:37.037 10026  6987  6987 I am_on_paused_called: [0,com.android.gallery3d.app.MovieActivity,handlePauseActivity]
05-18 12:36:37.040  1000  3369  4292 I am_set_resumed_activity: [0,com.android.gallery3d/com.sprd.gallery3d.app.NewVideoActivity,resumeTopActivityInnerLocked]
05-18 12:36:37.042  1000  3369  4292 I am_resume_activity: [0,59989974,21,com.android.gallery3d/com.sprd.gallery3d.app.NewVideoActivity]
05-18 12:36:37.046  1000  3369  3383 I sysui_count: [window_time_0,0]
05-18 12:36:37.047  1000  3369  3383 I sysui_multi_action: [757,803,799,window_time_0,802,0]
05-18 12:36:37.058 10026  6987  6987 I am_on_resume_called: [0,com.sprd.gallery3d.app.NewVideoActivity,RESUME_ACTIVITY]
05-18 12:36:37.156  1000  3369  4292 I am_destroy_activity: [0,74999477,21,com.android.gallery3d/.app.MovieActivity,finish-imm]
05-18 12:36:37.162 10026  6987  6987 I am_on_stop_called: [0,com.android.gallery3d.app.MovieActivity,destroy]
05-18 12:36:37.314  1000  3369  4436 I wm_task_created: [23,1]
05-18 12:36:37.315  1000  3369  4436 I wm_task_moved: [23,1,6]
05-18 12:36:37.315  1000  3369  4436 I wm_task_moved: [23,1,6]
05-18 12:36:37.319  1000  3369  4436 I am_create_task: [0,23]
05-18 12:36:37.319  1000  3369  4436 I am_create_activity: [0,97820920,23,com.android.documentsui/.LauncherActivity,android.intent.action.MAIN,NULL,NULL,270532608]
05-18 12:36:37.320  1000  3369  4436 I wm_task_moved: [23,1,6]
05-18 12:36:37.322  1000  3369  4436 I am_pause_activity: [0,59989974,com.android.gallery3d/com.sprd.gallery3d.app.NewVideoActivity]
05-18 12:36:37.323 10026  6987  6987 I am_on_paused_called: [0,com.sprd.gallery3d.app.NewVideoActivity,handlePauseActivity]
05-18 12:36:37.330  1000  3369  3379 I am_uid_running: 10010
05-18 12:36:37.346  1000  3369  3379 I am_proc_start: [0,7184,10010,com.android.documentsui,activity,com.android.documentsui/.LauncherActivity]
05-18 12:36:37.386  1000  3369  3379 I am_proc_bound: [0,7184,com.android.documentsui]
05-18 12:36:37.401  1000  3369  3379 I am_uid_active: 10010
05-18 12:36:37.402  1000  3369  3379 I am_restart_activity: [0,97820920,23,com.android.documentsui/.LauncherActivity]
05-18 12:36:37.404  1000  3369  3379 I am_set_resumed_activity: [0,com.android.documentsui/.LauncherActivity,minimalResumeActivityLocked]
05-18 12:36:37.487  1000  3369  4436 I am_uid_running: 10007
05-18 12:36:37.508  1000  3369  4436 I am_proc_start: [0,7201,10007,com.android.externalstorage,content provider,com.android.externalstorage/.ExternalStorageProvider]
05-18 12:36:37.535  1000  3369  3379 I am_proc_bound: [0,7201,com.android.externalstorage]
05-18 12:36:37.542  1000  3369  3379 I wm_task_created: [24,1]
05-18 12:36:37.543  1000  3369  3379 I wm_task_moved: [24,1,7]
05-18 12:36:37.543  1000  3369  3379 I wm_task_moved: [24,1,7]
05-18 12:36:37.544  1000  3369  3379 I am_create_task: [0,24]
05-18 12:36:37.544  1000  3369  3379 I am_create_activity: [0,56169925,24,com.android.documentsui/.files.FilesActivity,NULL,NULL,//com.android.documentsui.launchControl,271056896]
05-18 12:36:37.544  1000  3369  3379 I wm_task_moved: [24,1,7]
05-18 12:36:37.546  1000  3369  3379 I am_pause_activity: [0,97820920,com.android.documentsui/.LauncherActivity]
05-18 12:36:37.551  1000  3369  5122 I am_finish_activity: [0,97820920,23,com.android.documentsui/.LauncherActivity,app-request]
05-18 12:36:37.556  1000  3369  3383 I sysui_count: [window_time_0,0]
05-18 12:36:37.556  1000  3369  3383 I sysui_multi_action: [757,803,799,window_time_0,802,0]
05-18 12:36:37.567  1000  3369  6929 I am_uid_active: 10007
05-18 12:36:37.567  1000  3369  6929 I am_restart_activity: [0,56169925,24,com.android.documentsui/.files.FilesActivity]
05-18 12:36:37.568  1000  3369  6929 I am_set_resumed_activity: [0,com.android.documentsui/.files.FilesActivity,minimalResumeActivityLocked]
05-18 12:36:37.577  1000  3369  3383 I sysui_count: [window_time_0,0]
05-18 12:36:37.577  1000  3369  3383 I sysui_multi_action: [757,803,799,window_time_0,802,0]
05-18 12:36:37.653  1000  3369  4436 I am_proc_start: [0,7218,10008,com.android.mtp,content provider,com.android.mtp/.MtpDocumentsProvider]
05-18 12:36:37.676  1000  3369  6929 I am_proc_bound: [0,7218,com.android.mtp]
05-18 12:36:37.705 10010  7184  7184 I sysui_histogram: [docsui_launch_action,7]
05-18 12:36:37.707 10010  7184  7184 I sysui_multi_action: [757,804,799,docsui_launch_action,801,7,802,1]
05-18 12:36:37.707 10010  7184  7184 I sysui_histogram: [docsui_browse_root,1]
05-18 12:36:37.707 10010  7184  7184 I sysui_multi_action: [757,804,799,docsui_browse_root,801,1,802,1]
05-18 12:36:37.734  1000  3369  5122 I sysui_multi_action: [757,856,758,1,806,com.android.mtp,857,device_notification_channel,858,2]
05-18 12:36:37.801  1000  3369  4436 I am_uid_running: 10090
05-18 12:36:37.812  1000  3369  4436 I am_proc_start: [0,7235,10090,com.tencent.android.qqdownloader:live,content provider,com.tencent.android.qqdownloader/com.tencent.assistant.syscomponent.DocumentsProvider]
05-18 12:36:37.826  1000  3369  5122 I am_proc_bound: [0,7235,com.tencent.android.qqdownloader:live]
05-18 12:36:37.998  1000  3369  4436 I am_proc_start: [0,7258,10090,com.tencent.android.qqdownloader:daemon,content provider,com.tencent.android.qqdownloader/com.tencent.assistant.db.contentprovider.SimpleDataTranslateProvider]
05-18 12:36:38.028  1000  3369  5122 I am_proc_bound: [0,7258,com.tencent.android.qqdownloader:daemon]
05-18 12:36:38.035  1000  3369  5122 I am_uid_active: 10090
05-18 12:36:38.035  1000  3369  5122 I am_create_service: [0,109600924,.CoreService,10090,7258]
05-18 12:36:38.161 shell  6584  6584 I auditd  : type=1400 audit(0.0:844): avc: denied { read } for comm="dumpstate" name="zram0" dev="sysfs" ino=17175 scontext=u:r:dumpstate:s0 tcontext=u:object_r:sysfs_zram:s0 tclass=dir permissive=0
05-18 12:36:38.171 shell  6584  6584 I auditd  : type=1400 audit(0.0:845): avc: denied { search } for comm="dumpstate" name="mmc0" dev="debugfs" ino=2096 scontext=u:r:dumpstate:s0 tcontext=u:object_r:debugfs_mmc:s0 tclass=dir permissive=0
05-18 12:36:38.215  1000  3369  4436 I am_proc_start: [0,7303,10090,com.tencent.android.qqdownloader,content provider,com.tencent.android.qqdownloader/com.tencent.assistant.db.contentprovider.WallpaperProvider]
05-18 12:36:38.238  1000  3369  5122 I am_proc_bound: [0,7303,com.tencent.android.qqdownloader]
05-18 12:36:38.322  1000  3369  6929 I am_create_service: [0,101453731,.SDKSupportService,10090,7303]
05-18 12:36:38.330 10010  7184  7184 I am_on_resume_called: [0,com.android.documentsui.files.FilesActivity,LAUNCH_ACTIVITY]
05-18 12:36:38.839  1000  3369  3392 I sysui_multi_action: [319,313,321,291,322,1524,325,233,757,761,758,7,759,1,806,com.android.documentsui,871,com.android.documentsui.files.FilesActivity,904,com.android.documentsui,905,0,945,79]
05-18 12:36:38.839  1000  3369  3392 I am_activity_launch_time: [0,56169925,com.android.documentsui/.files.FilesActivity,1269,1502]
05-18 12:36:38.887 10020  4188  4289 I sysui_multi_action: [757,1093,758,4,793,2010,1094,603979777,1095,3]
05-18 12:36:38.971 10090  7406  7406 I auditd  : type=1400 audit(0.0:846): avc: denied { getattr } for comm="mount" path="/productinfo" dev="mmcblk0p1" ino=2 scontext=u:r:untrusted_app:s0:c512,c768 tcontext=u:object_r:prod_file:s0 tclass=dir permissive=0
05-18 12:36:38.971 10090  7406  7406 I auditd  : type=1400 audit(0.0:847): avc: denied { read } for comm="mount" name="/" dev="rootfs" ino=1 scontext=u:r:untrusted_app:s0:c512,c768 tcontext=u:object_r:rootfs:s0 tclass=dir permissive=0
05-18 12:36:38.971 10090  7406  7406 I chatty  : uid=10090(com.tencent.android.qqdownloader) mount identical 1 line
05-18 12:36:38.971 10090  7406  7406 I auditd  : type=1400 audit(0.0:849): avc: denied { read } for comm="mount" name="/" dev="rootfs" ino=1 scontext=u:r:untrusted_app:s0:c512,c768 tcontext=u:object_r:rootfs:s0 tclass=dir permissive=0
05-18 12:36:38.971 10090  7407  7407 I auditd  : type=1400 audit(0.0:850): avc: denied { getattr } for comm="mount" path="/productinfo" dev="mmcblk0p1" ino=2 scontext=u:r:untrusted_app:s0:c512,c768 tcontext=u:object_r:prod_file:s0 tclass=dir permissive=0
05-18 12:36:38.971 10090  7407  7407 I auditd  : type=1400 audit(0.0:851): avc: denied { read } for comm="mount" name="/" dev="rootfs" ino=1 scontext=u:r:untrusted_app:s0:c512,c768 tcontext=u:object_r:rootfs:s0 tclass=dir permissive=0
05-18 12:36:38.971 10090  7407  7407 I chatty  : uid=10090(com.tencent.android.qqdownloader) mount identical 7 lines
05-18 12:36:38.971 10090  7407  7407 I auditd  : type=1400 audit(0.0:859): avc: denied { read } for comm="mount" name="/" dev="rootfs" ino=1 scontext=u:r:untrusted_app:s0:c512,c768 tcontext=u:object_r:rootfs:s0 tclass=dir permissive=0
05-18 12:36:38.971 10090  7406  7406 I auditd  : type=1400 audit(0.0:860): avc: denied { read } for comm="mount" name="/" dev="rootfs" ino=1 scontext=u:r:untrusted_app:s0:c512,c768 tcontext=u:object_r:rootfs:s0 tclass=dir permissive=0
05-18 12:36:38.971 10090  7406  7406 I chatty  : uid=10090(com.tencent.android.qqdownloader) mount identical 4 lines
05-18 12:36:38.981 10090  7406  7406 I auditd  : type=1400 audit(0.0:865): avc: denied { read } for comm="mount" name="/" dev="rootfs" ino=1 scontext=u:r:untrusted_app:s0:c512,c768 tcontext=u:object_r:rootfs:s0 tclass=dir permissive=0
05-18 12:36:39.201 10010  7184  7184 I sysui_histogram: [docsui_startup_ms,1614]
05-18 12:36:39.201 10010  7184  7184 I sysui_multi_action: [757,804,799,docsui_startup_ms,801,1614,802,1]
05-18 12:36:39.202  1000  3369  3379 I am_stop_activity: [0,59989974,com.android.gallery3d/com.sprd.gallery3d.app.NewVideoActivity]
05-18 12:36:39.202  1000  3369  3379 I am_destroy_activity: [0,97820920,23,com.android.documentsui/.LauncherActivity,finish-imm]
05-18 12:36:39.211  1000  3369  4292 I wm_task_removed: [23,removeAppToken: last token]
05-18 12:36:39.211  1000  3369  4292 I wm_task_removed: [23,removeTask]
05-18 12:36:39.212 10026  6987  6987 I am_on_stop_called: [0,com.sprd.gallery3d.app.NewVideoActivity,handleStopActivity]
05-18 12:36:39.270  1000  3369  3379 I force_gc: Binder
05-18 12:36:39.739  1000  3369  4436 I wm_task_created: [25,1]
05-18 12:36:39.740  1000  3369  4436 I wm_task_moved: [25,1,7]
05-18 12:36:39.740  1000  3369  4436 I wm_task_moved: [25,1,7]
05-18 12:36:39.741  1000  3369  4436 I am_create_task: [0,25]
05-18 12:36:39.741  1000  3369  4436 I am_create_activity: [0,229698419,25,com.jx.timer/.activity.LaunchActivity,android.intent.action.MAIN,NULL,NULL,270532608]
05-18 12:36:39.741  1000  3369  4436 I wm_task_moved: [25,1,7]
05-18 12:36:39.744  1000  3369  4436 I am_pause_activity: [0,56169925,com.android.documentsui/.files.FilesActivity]
05-18 12:36:39.768 10010  7184  7184 I am_on_paused_called: [0,com.android.documentsui.files.FilesActivity,handlePauseActivity]
05-18 12:36:39.769  1000  3369  4276 I am_uid_running: 10078
05-18 12:36:39.780  1000  3369  4276 I am_proc_start: [0,7412,10078,com.jx.timer,activity,com.jx.timer/.activity.LaunchActivity]
05-18 12:36:39.783  1000  3369  3383 I sysui_count: [window_time_0,3]
05-18 12:36:39.783  1000  3369  3383 I sysui_multi_action: [757,803,799,window_time_0,802,3]
05-18 12:36:39.804  1000  3369  4436 I am_proc_bound: [0,7412,com.jx.timer]
05-18 12:36:39.833  1000  3369  4436 I am_uid_active: 10078
05-18 12:36:39.833  1000  3369  4436 I am_restart_activity: [0,229698419,25,com.jx.timer/.activity.LaunchActivity]
05-18 12:36:39.836  1000  3369  4436 I am_set_resumed_activity: [0,com.jx.timer/.activity.LaunchActivity,minimalResumeActivityLocked]
05-18 12:36:39.859  1000  3369  3379 I wm_task_created: [26,1]
05-18 12:36:39.860  1000  3369  3379 I wm_task_moved: [26,1,8]
05-18 12:36:39.860  1000  3369  3379 I wm_task_moved: [26,1,8]
05-18 12:36:39.861  1000  3369  3379 I am_create_task: [0,26]
05-18 12:36:39.861  1000  3369  3379 I am_create_activity: [0,123603292,26,com.android.settings/.Settings$FaceUnlockSettingsActivity,android.intent.action.MAIN,NULL,NULL,278921216]
05-18 12:36:39.861  1000  3369  3379 I wm_task_moved: [26,1,8]
05-18 12:36:39.863  1000  3369  3379 I am_pause_activity: [0,229698419,com.jx.timer/.activity.LaunchActivity]
05-18 12:36:39.902  1000  3369  3392 I wm_task_moved: [24,1,8]
05-18 12:36:39.973 10078  7412  7412 I am_on_resume_called: [0,com.jx.timer.activity.LaunchActivity,LAUNCH_ACTIVITY]
05-18 12:36:40.017 10078  7412  7412 I am_on_paused_called: [0,com.jx.timer.activity.LaunchActivity,handlePauseActivity]
05-18 12:36:40.021  1000  3369  3379 I am_set_resumed_activity: [0,com.android.documentsui/.files.FilesActivity,resumeTopActivityInnerLocked]
05-18 12:36:40.029  1000  3369  3379 I am_resume_activity: [0,56169925,24,com.android.documentsui/.files.FilesActivity]
05-18 12:36:40.072  1000  3369  3383 I am_stop_activity: [0,229698419,com.jx.timer/.activity.LaunchActivity]
05-18 12:36:40.080 10078  7412  7412 I am_on_stop_called: [0,com.jx.timer.activity.LaunchActivity,handleStopActivity]
05-18 12:36:40.080  1000  3369  3383 I sysui_count: [window_time_0,0]
05-18 12:36:40.080  1000  3369  3383 I sysui_multi_action: [757,803,799,window_time_0,802,0]
05-18 12:36:40.141 10010  7184  7184 I am_on_resume_called: [0,com.android.documentsui.files.FilesActivity,RESUME_ACTIVITY]
05-18 12:36:40.280 10010  7184  7184 I menu_item_selected: [0,???????????]
05-18 12:36:40.280 10010  7184  7184 I sysui_histogram: [docsui_menu_action,21]
05-18 12:36:40.281 10010  7184  7184 I sysui_multi_action: [757,804,799,docsui_menu_action,801,21,802,1]
05-18 12:36:40.569  1000  3369  3540 I am_new_intent: [0,76299313,4,com.jx.launcher/.Launcher,android.intent.action.MAIN,NULL,NULL,268435712]
05-18 12:36:40.569  1000  3369  3540 I wm_task_moved: [4,1,0]
05-18 12:36:40.570  1000  3369  3540 I am_focused_stack: [0,0,1,bringingFoundTaskToFront]
05-18 12:36:40.570  1000  3369  3540 I wm_task_moved: [4,1,0]
05-18 12:36:40.574  1000  3369  3540 I am_pause_activity: [0,56169925,com.android.documentsui/.files.FilesActivity]
05-18 12:36:40.576  1000  3369  3540 I am_task_to_front: [0,4]
05-18 12:36:40.624  1000  3369  5122 I am_finish_activity: [0,229698419,25,com.jx.timer/.activity.LaunchActivity,app-request]
05-18 12:36:40.628  1000  3369  5122 I am_destroy_activity: [0,229698419,25,com.jx.timer/.activity.LaunchActivity,finish-imm]
05-18 12:36:40.642  1000  3369  3383 I sysui_count: [window_time_0,1]
05-18 12:36:40.642  1000  3369  3383 I sysui_multi_action: [757,803,799,window_time_0,802,1]
05-18 12:36:40.648 10010  7184  7184 I am_on_paused_called: [0,com.android.documentsui.files.FilesActivity,handlePauseActivity]
05-18 12:36:40.655  1000  3369  4292 I am_set_resumed_activity: [0,com.jx.launcher/.Launcher,resumeTopActivityInnerLocked]
05-18 12:36:40.657  1000  3369  4292 I am_resume_activity: [0,76299313,4,com.jx.launcher/.Launcher]
05-18 12:36:40.662  1000  3369  3379 I wm_task_removed: [25,removeAppToken: last token]
05-18 12:36:40.663  1000  3369  3379 I wm_task_removed: [25,removeTask]
05-18 12:36:40.668  1000  3369  3383 I sysui_count: [window_time_0,0]
05-18 12:36:40.668  1000  3369  3383 I sysui_multi_action: [757,803,799,window_time_0,802,0]
05-18 12:36:40.678  1000  4621  4621 I am_on_resume_called: [0,com.jx.launcher.Launcher,RESUME_ACTIVITY]
05-18 12:36:40.731 shell  6584  6584 I auditd  : type=1400 audit(0.0:866): avc: denied { getattr } for comm="dumpstate" path="/proc/modules" dev="proc" ino=4026532015 scontext=u:r:dumpstate:s0 tcontext=u:object_r:proc_modules:s0 tclass=file permissive=0
05-18 12:36:40.747  1000  3369  3369 I am_kill : [0,7235,com.tencent.android.qqdownloader:live,700,kill background]
05-18 12:36:40.760  1000  3369  3369 I am_kill : [0,7303,com.tencent.android.qqdownloader,500,kill background]
05-18 12:36:40.761  1000  3369  3369 I am_schedule_service_restart: [0,com.tencent.android.qqdownloader/com.tencent.assistant.sdk.SDKSupportService,1000]
05-18 12:36:40.761  1000  3369  3369 I am_destroy_service: [0,101453731,-1]
05-18 12:36:40.769  1000  3369  3369 I am_uid_stopped: 10090
05-18 12:36:40.770  1000  3369  3369 I am_kill : [0,7258,com.tencent.android.qqdownloader:daemon,800,kill background]
05-18 12:36:40.770  1000  3369  3369 I am_destroy_service: [0,109600924,7258]
05-18 12:36:40.800  1000  3369  3383 I am_stop_activity: [0,56169925,com.android.documentsui/.files.FilesActivity]
05-18 12:36:40.815 10010  7184  7184 I am_on_stop_called: [0,com.android.documentsui.files.FilesActivity,handleStopActivity]
05-18 12:36:40.823  1000  3369  3369 I am_uid_stopped: 10085
05-18 12:36:40.823  1000  3369  3369 I am_kill : [0,7086,com.tencent.wechatkids,800,kill background]
05-18 12:36:40.870  1000  3369  3369 I am_uid_stopped: 10078
05-18 12:36:40.871  1000  3369  3369 I am_kill : [0,7412,com.jx.timer,800,kill background]
05-18 12:36:40.903 10020  4188  4289 I sysui_multi_action: [757,1093,758,4,793,2016,1094,603979777,1095,3]
05-18 12:36:40.915  1000  3369  3369 I notification_cancel_all: [1000,3369,com.tencent.android.qqdownloader,0,0,0,5,NULL]
05-18 12:36:40.915  1000  3369  3369 I notification_cancel_all: [1000,3369,com.tencent.wechatkids,0,0,0,5,NULL]
05-18 12:36:40.915  1000  3369  3369 I notification_cancel_all: [1000,3369,com.jx.timer,0,0,0,5,NULL]
05-18 12:36:41.041  1040  3047  3047 I auditd  : type=1400 audit(0.0:867): avc: denied { read } for comm="Binder:3047_1" name="u:object_r:media_prop:s0" dev="tmpfs" ino=7887 scontext=u:r:mediaextractor:s0 tcontext=u:object_r:media_prop:s0 tclass=file permissive=0
05-18 12:36:41.126  1000  3369  6930 I wm_task_created: [27,1]
05-18 12:36:41.127  1000  3369  6930 I wm_task_moved: [27,1,8]
05-18 12:36:41.127  1000  3369  6930 I am_focused_stack: [0,1,0,reuseOrNewTask]
05-18 12:36:41.127  1000  3369  6930 I wm_task_moved: [27,1,8]
05-18 12:36:41.128  1000  3369  6930 I am_create_task: [0,27]
05-18 12:36:41.129  1000  3369  6930 I am_create_activity: [0,12298145,27,com.eg.android.AlipayGphone/com.alipay.watch.ui.MainActivity,android.intent.action.MAIN,NULL,NULL,270532608]
05-18 12:36:41.129  1000  3369  6930 I wm_task_moved: [27,1,8]
05-18 12:36:41.139  1000  3369  6930 I am_pause_activity: [0,76299313,com.jx.launcher/.Launcher]
05-18 12:36:41.149  1000  4621  4621 I am_on_paused_called: [0,com.jx.launcher.Launcher,handlePauseActivity]
05-18 12:36:41.150  1000  3369  6930 I am_uid_running: 10087
05-18 12:36:41.161  1000  3369  6930 I am_proc_start: [0,7438,10087,com.eg.android.AlipayGphone,activity,com.eg.android.AlipayGphone/com.alipay.watch.ui.MainActivity]
05-18 12:36:41.176  1000  3369  3383 I sysui_count: [window_time_0,0]
05-18 12:36:41.178  1000  3369  3383 I sysui_multi_action: [757,803,799,window_time_0,802,0]
05-18 12:36:41.199  1000  3369  6930 I am_proc_bound: [0,7438,com.eg.android.AlipayGphone]
05-18 12:36:41.213  1000  3369  6930 I am_uid_active: 10087
05-18 12:36:41.213  1000  3369  6930 I am_restart_activity: [0,12298145,27,com.eg.android.AlipayGphone/com.alipay.watch.ui.MainActivity]
05-18 12:36:41.216  1000  3369  6930 I am_set_resumed_activity: [0,com.eg.android.AlipayGphone/com.alipay.watch.ui.MainActivity,minimalResumeActivityLocked]
05-18 12:36:41.761  1000  3369  4292 I wm_task_moved: [27,1,8]
05-18 12:36:41.762  1000  3369  4292 I am_create_activity: [0,137426765,27,com.eg.android.AlipayGphone/com.alipay.watch.ui.GameWatchBindingActivity,NULL,NULL,NULL,0]
05-18 12:36:41.763  1000  3369  4292 I am_pause_activity: [0,12298145,com.eg.android.AlipayGphone/com.alipay.watch.ui.MainActivity]
05-18 12:36:41.771  1000  3369  4120 I am_finish_activity: [0,12298145,27,com.eg.android.AlipayGphone/com.alipay.watch.ui.MainActivity,app-request]
05-18 12:36:41.774  1000  3369  3383 I sysui_count: [window_time_0,1]
05-18 12:36:41.774  1000  3369  3383 I sysui_multi_action: [757,803,799,window_time_0,802,1]
05-18 12:36:41.839  1000  3369  4292 I am_restart_activity: [0,137426765,27,com.eg.android.AlipayGphone/com.alipay.watch.ui.GameWatchBindingActivity]
05-18 12:36:41.840  1000  3369  4292 I am_set_resumed_activity: [0,com.eg.android.AlipayGphone/com.alipay.watch.ui.GameWatchBindingActivity,minimalResumeActivityLocked]
05-18 12:36:41.854  1000  3369  3383 I sysui_count: [window_time_0,0]
05-18 12:36:41.854  1000  3369  3383 I sysui_multi_action: [757,803,799,window_time_0,802,0]
05-18 12:36:41.931 10087  7438  7438 I am_on_resume_called: [0,com.alipay.watch.ui.GameWatchBindingActivity,LAUNCH_ACTIVITY]
05-18 12:36:42.193  1000  3369  3392 I sysui_multi_action: [319,323,321,1467,322,2461,325,236,757,761,758,7,759,2,806,com.eg.android.AlipayGphone,871,com.alipay.watch.ui.GameWatchBindingActivity,904,com.eg.android.AlipayGphone,905,0,945,1477]
05-18 12:36:42.193  1000  3369  3392 I am_activity_launch_time: [0,137426765,com.eg.android.AlipayGphone/com.alipay.watch.ui.GameWatchBindingActivity,348,2415]
05-18 12:36:42.247  1000  3369  4292 I am_destroy_activity: [0,12298145,27,com.eg.android.AlipayGphone/com.alipay.watch.ui.MainActivity,finish-imm]
05-18 12:36:42.247  1000  3369  4292 I am_stop_activity: [0,76299313,com.jx.launcher/.Launcher]
05-18 12:36:42.250  1000  4621  4621 I am_on_stop_called: [0,com.jx.launcher.Launcher,handleStopActivity]
05-18 12:36:42.275 10087  7438  7438 I menu_opened: 0
05-18 12:36:42.329  1000  3369  3540 I am_new_intent: [0,76299313,4,com.jx.launcher/.Launcher,android.intent.action.MAIN,NULL,NULL,268435712]
05-18 12:36:42.330  1000  3369  3540 I wm_task_moved: [4,1,0]
05-18 12:36:42.330  1000  3369  3540 I am_focused_stack: [0,0,1,bringingFoundTaskToFront]
05-18 12:36:42.331  1000  3369  3540 I wm_task_moved: [4,1,0]
05-18 12:36:42.332  1000  3369  3540 I am_pause_activity: [0,137426765,com.eg.android.AlipayGphone/com.alipay.watch.ui.GameWatchBindingActivity]
05-18 12:36:42.333  1000  3369  3540 I am_task_to_front: [0,4]
05-18 12:36:42.345 10087  7438  7438 I am_on_paused_called: [0,com.alipay.watch.ui.GameWatchBindingActivity,handlePauseActivity]
05-18 12:36:42.350  1000  3369  6930 I am_set_resumed_activity: [0,com.jx.launcher/.Launcher,resumeTopActivityInnerLocked]
05-18 12:36:42.358  1000  3369  6930 I am_resume_activity: [0,76299313,4,com.jx.launcher/.Launcher]
05-18 12:36:42.366  1000  3369  3383 I sysui_count: [window_time_0,0]
05-18 12:36:42.366  1000  3369  3383 I sysui_multi_action: [757,803,799,window_time_0,802,0]
05-18 12:36:42.369  1000  3369  3369 I am_uid_stopped: 10087
05-18 12:36:42.370  1000  3369  3369 I am_kill : [0,7438,com.eg.android.AlipayGphone,200,stop com.eg.android.AlipayGphone]
05-18 12:36:42.371  1000  3369  3369 I am_finish_activity: [0,137426765,27,com.eg.android.AlipayGphone/com.alipay.watch.ui.GameWatchBindingActivity,proc died without state saved]
05-18 12:36:42.376  1000  3369  3369 I wm_task_removed: [27,removeTask]
05-18 12:36:42.382  1000  3369  3369 I wm_task_removed: [27,removeAppToken: last token]
05-18 12:36:42.390  1000  3369  3383 I sysui_count: [window_time_0,0]
05-18 12:36:42.390  1000  3369  3383 I sysui_multi_action: [757,803,799,window_time_0,802,0]
05-18 12:36:42.394  1000  4621  4621 I am_on_resume_called: [0,com.jx.launcher.Launcher,RESUME_ACTIVITY]
05-18 12:36:42.422  1000  3369  3369 I notification_cancel_all: [1000,3369,com.eg.android.AlipayGphone,0,0,0,5,NULL]
05-18 12:36:42.437  1000  3369  3392 I sysui_multi_action: [319,106,322,106,325,238,757,761,758,9,759,2,806,com.jx.launcher,871,com.jx.launcher.Launcher,905,0]
05-18 12:36:42.591  1000  3369  3540 I am_new_intent: [0,76299313,4,com.jx.launcher/.Launcher,android.intent.action.MAIN,NULL,NULL,268435712]
05-18 12:36:42.591  1000  3369  3540 I wm_task_moved: [4,1,0]
05-18 12:36:42.770  1000  4621  4621 I menu_opened: 0
05-18 12:36:42.836  1000  3369  6930 I sysui_count: [key_back_down,1]
05-18 12:36:42.836  1000  3369  6930 I sysui_multi_action: [757,803,799,key_back_down,802,1]
05-18 12:36:42.906 10020  4188  4289 I sysui_multi_action: [757,1093,758,4,793,1999,1094,603979777,1095,3]
05-18 12:36:42.951 shell  7591  7591 I auditd  : type=1400 audit(0.0:868): avc: denied { getattr } for comm="df" path="/productinfo" dev="mmcblk0p1" ino=2 scontext=u:r:dumpstate:s0 tcontext=u:object_r:prod_file:s0 tclass=dir permissive=0
05-18 12:36:42.951 shell  7591  7591 I auditd  : type=1400 audit(0.0:869): avc: denied { getattr } for comm="df" path="/dev/block/mmcblk0p38" dev="tmpfs" ino=1262 scontext=u:r:dumpstate:s0 tcontext=u:object_r:mmcblk_device:s0 tclass=blk_file permissive=0
05-18 12:36:42.951 shell  7591  7591 I auditd  : type=1400 audit(0.0:870): avc: denied { getattr } for comm="df" path="/dev/block/mmcblk0p34" dev="tmpfs" ino=1258 scontext=u:r:dumpstate:s0 tcontext=u:object_r:mmcblk_device:s0 tclass=blk_file permissive=0
05-18 12:36:42.951 shell  7591  7591 I auditd  : type=1400 audit(0.0:871): avc: denied { getattr } for comm="df" path="/dev/block/mmcblk0p38" dev="tmpfs" ino=1262 scontext=u:r:dumpstate:s0 tcontext=u:object_r:mmcblk_device:s0 tclass=blk_file permissive=0
05-18 12:36:42.951 shell  7591  7591 I auditd  : type=1400 audit(0.0:872): avc: denied { getattr } for comm="df" path="/dev/block/mmcblk0p34" dev="tmpfs" ino=1258 scontext=u:r:dumpstate:s0 tcontext=u:object_r:mmcblk_device:s0 tclass=blk_file permissive=0
05-18 12:36:42.961 shell  6584  6584 I auditd  : type=1400 audit(0.0:873): avc: denied { read } for comm="dumpstate" name="failed_transaction_log" dev="debugfs" ino=79 scontext=u:r:dumpstate:s0 tcontext=u:object_r:debugfs_binder:s0 tclass=file permissive=0
05-18 12:36:42.961 shell  6584  6584 I auditd  : type=1400 audit(0.0:874): avc: denied { read } for comm="dumpstate" name="transaction_log" dev="debugfs" ino=78 scontext=u:r:dumpstate:s0 tcontext=u:object_r:debugfs_binder:s0 tclass=file permissive=0
05-18 12:36:42.961 shell  6584  6584 I auditd  : type=1400 audit(0.0:875): avc: denied { read } for comm="dumpstate" name="transactions" dev="debugfs" ino=77 scontext=u:r:dumpstate:s0 tcontext=u:object_r:debugfs_binder:s0 tclass=file permissive=0
05-18 12:36:42.961 shell  6584  6584 I auditd  : type=1400 audit(0.0:876): avc: denied { read } for comm="dumpstate" name="stats" dev="debugfs" ino=76 scontext=u:r:dumpstate:s0 tcontext=u:object_r:debugfs_binder:s0 tclass=file permissive=0
05-18 12:36:42.961 shell  6584  6584 I auditd  : type=1400 audit(0.0:877): avc: denied { read } for comm="dumpstate" name="state" dev="debugfs" ino=75 scontext=u:r:dumpstate:s0 tcontext=u:object_r:debugfs_binder:s0 tclass=file permissive=0
05-18 12:36:42.980  1000  4621  4621 I menu_opened: 0
05-18 12:36:43.071  1000  2878  2878 I auditd  : avc:  denied  { find } for service=android.service.gatekeeper.IGateKeeperService pid=7593 uid=2000 scontext=u:r:dumpstate:s0 tcontext=u:object_r:gatekeeper_service:s0 tclass=service_manager permissive=0
05-18 12:36:43.170  1000  3369  6927 I wm_task_created: [28,1]
05-18 12:36:43.172  1000  3369  6927 I wm_task_moved: [28,1,8]
05-18 12:36:43.173  1000  3369  6927 I am_focused_stack: [0,1,0,reuseOrNewTask]
05-18 12:36:43.174  1000  3369  6927 I wm_task_moved: [28,1,8]
05-18 12:36:43.176  1000  3369  6927 I am_create_task: [0,28]
05-18 12:36:43.176  1000  3369  6927 I am_create_activity: [0,263369720,28,com.zmapp.camera/.MainActivity,android.intent.action.MAIN,NULL,NULL,270532608]
05-18 12:36:43.177  1000  3369  6927 I wm_task_moved: [28,1,8]
05-18 12:36:43.180  1000  3369  6927 I am_pause_activity: [0,76299313,com.jx.launcher/.Launcher]
05-18 12:36:43.185  1000  4621  4621 I am_on_paused_called: [0,com.jx.launcher.Launcher,handlePauseActivity]
05-18 12:36:43.199  1000  3369  4203 I am_proc_start: [0,7600,1000,com.zmapp.camera,activity,com.zmapp.camera/.MainActivity]
05-18 12:36:43.352  1000  3369  7564 I am_proc_bound: [0,7600,com.zmapp.camera]
05-18 12:36:43.364  1000  3369  7564 I am_restart_activity: [0,263369720,28,com.zmapp.camera/.MainActivity]
05-18 12:36:43.365  1000  2878  2878 I auditd  : avc:  denied  { find } for service=android.service.gatekeeper.IGateKeeperService pid=7593 uid=2000 scontext=u:r:dumpstate:s0 tcontext=u:object_r:gatekeeper_service:s0 tclass=service_manager permissive=0
05-18 12:36:43.366  1000  3369  7564 I am_set_resumed_activity: [0,com.zmapp.camera/.MainActivity,minimalResumeActivityLocked]
05-18 12:36:43.615  1000  7600  7600 I am_on_resume_called: [0,com.zmapp.camera.MainActivity,LAUNCH_ACTIVITY]
05-18 12:36:43.861 media  3049  3049 I auditd  : type=1400 audit(0.0:878): avc: denied { read } for comm="mediaserver" name="u:object_r:media_prop:s0" dev="tmpfs" ino=7887 scontext=u:r:mediaserver:s0 tcontext=u:object_r:media_prop:s0 tclass=file permissive=0
05-18 12:36:43.864  1000  3369  3392 I am_activity_launch_time: [0,263369720,com.zmapp.camera/.MainActivity,664,664]
05-18 12:36:43.871 media  3049  3049 I auditd  : type=1400 audit(0.0:879): avc: denied { read } for comm="generic" name="u:object_r:media_prop:s0" dev="tmpfs" ino=7887 scontext=u:r:mediaserver:s0 tcontext=u:object_r:media_prop:s0 tclass=file permissive=0
05-18 12:36:43.881  1040  3047  3047 I auditd  : type=1400 audit(0.0:880): avc: denied { read } for comm="Binder:3047_1" name="u:object_r:media_prop:s0" dev="tmpfs" ino=7887 scontext=u:r:mediaextractor:s0 tcontext=u:object_r:media_prop:s0 tclass=file permissive=0
05-18 12:36:43.891 media  3049  3049 I auditd  : type=1400 audit(0.0:881): avc: denied { read } for comm="Binder:3049_1" name="u:object_r:media_prop:s0" dev="tmpfs" ino=7887 scontext=u:r:mediaserver:s0 tcontext=u:object_r:media_prop:s0 tclass=file permissive=0
05-18 12:36:43.891 media  3049  3049 I auditd  : type=1400 audit(0.0:882): avc: denied { read } for comm="generic" name="u:object_r:media_prop:s0" dev="tmpfs" ino=7887 scontext=u:r:mediaserver:s0 tcontext=u:object_r:media_prop:s0 tclass=file permissive=0
05-18 12:36:43.901  1040  3047  3047 I auditd  : type=1400 audit(0.0:883): avc: denied { read } for comm="Binder:3047_1" name="u:object_r:media_prop:s0" dev="tmpfs" ino=7887 scontext=u:r:mediaextractor:s0 tcontext=u:object_r:media_prop:s0 tclass=file permissive=0
05-18 12:36:43.901 media  3049  3049 I auditd  : type=1400 audit(0.0:884): avc: denied { read } for comm="mediaserver" name="u:object_r:media_prop:s0" dev="tmpfs" ino=7887 scontext=u:r:mediaserver:s0 tcontext=u:object_r:media_prop:s0 tclass=file permissive=0
05-18 12:36:43.911 media  3049  3049 I auditd  : type=1400 audit(0.0:885): avc: denied { read } for comm="generic" name="u:object_r:media_prop:s0" dev="tmpfs" ino=7887 scontext=u:r:mediaserver:s0 tcontext=u:object_r:media_prop:s0 tclass=file permissive=0
05-18 12:36:43.921  1040  3047  3047 I auditd  : type=1400 audit(0.0:886): avc: denied { read } for comm="Binder:3047_6" name="u:object_r:media_prop:s0" dev="tmpfs" ino=7887 scontext=u:r:mediaextractor:s0 tcontext=u:object_r:media_prop:s0 tclass=file permissive=0
05-18 12:36:43.941  1047  2984  2984 I auditd  : type=1400 audit(0.0:887): avc: denied { getattr } for comm="provider@2.4-se" path="/sys/devices/platform/scene-frequency/devfreq/scene-frequency/sprd_governor/scenario_dfs" dev="sysfs" ino=20385 scontext=u:r:hal_camera_default:s0 tcontext=u:object_r:sysfs:s0 tclass=file permissive=0
05-18 12:36:44.144  1000  3369  3383 I am_stop_activity: [0,76299313,com.jx.launcher/.Launcher]
05-18 12:36:44.147  1000  4621  4621 I am_on_stop_called: [0,com.jx.launcher.Launcher,handleStopActivity]
05-18 12:36:44.151 shell  7593  7593 I auditd  : type=1400 audit(0.0:888): avc: denied { use } for comm="dumpsys" path="pipe:[80405]" dev="pipefs" ino=80405 scontext=u:r:installd:s0 tcontext=u:r:dumpstate:s0 tclass=fd permissive=0
05-18 12:36:44.291  1047  3038  3038 I auditd  : type=1400 audit(0.0:889): avc: denied { read } for comm="C3Dev-0-ReqQueu" name="libbase.so" dev="dm-1" ino=662 scontext=u:r:cameraserver:s0 tcontext=u:object_r:vendor_file:s0 tclass=file permissive=0
05-18 12:36:44.291  1047  3038  3038 I auditd  : type=1400 audit(0.0:890): avc: denied { read } for comm="C3Dev-0-ReqQueu" name="libhidlbase.so" dev="dm-1" ino=707 scontext=u:r:cameraserver:s0 tcontext=u:object_r:vendor_file:s0 tclass=file permissive=0
