05-18 12:37:07.492  1000  3369  6963 I sysui_count: [fingerprintd_openhal_error,1]
05-18 12:37:07.492  1000  3369  6963 I sysui_multi_action: [757,803,799,fingerprintd_openhal_error,802,1]
05-18 12:37:08.216 10020  4188  4289 I sysui_multi_action: [757,1093,758,4,793,7016,1094,603979776,1095,2]
05-18 12:37:09.224 10020  4188  4289 I sysui_multi_action: [757,1093,758,4,793,1008,1094,603979776,1095,2]
05-18 12:37:10.227 10020  4188  4289 I sysui_multi_action: [757,1093,758,4,793,1002,1094,603979776,1095,2]
05-18 12:37:11.231 10020  4188  4289 I sysui_multi_action: [757,1093,758,4,793,1005,1094,603979776,1095,2]
05-18 12:37:13.126  1000  3369  3382 I am_pss  : [6242,10073,com.baidu.voicesearch,56380416,36786176,647168]
05-18 12:37:13.182  1000  3369  3382 I am_pss  : [7851,10087,com.eg.android.AlipayGphone,66255872,45178880,593920]
05-18 12:37:13.236 10020  4188  4289 I sysui_multi_action: [757,1093,758,4,793,2005,1094,603979776,1095,2]
05-18 12:37:13.238  1000  3369  3382 I am_pss  : [4621,1000,com.jx.launcher,84288512,60682240,15719424]
05-18 12:37:13.290  1000  3369  3382 I am_pss  : [7184,10010,com.android.documentsui,29648896,22016000,178176]
05-18 12:37:13.343  1000  3369  3382 I am_pss  : [6987,10026,com.android.gallery3d,38235136,30494720,176128]
05-18 12:37:13.387  1000  3369  3382 I am_pss  : [4847,10008,android.process.media,17984512,11206656,1135616]
05-18 12:37:13.430  1000  3369  3382 I am_pss  : [7201,10007,com.android.externalstorage,5057536,2265088,211968]
05-18 12:37:13.469  1000  3369  3382 I am_pss  : [7218,10008,com.android.mtp,5812224,2826240,199680]
05-18 12:37:13.508  1000  3369  3382 I am_pss  : [7066,1000,com.android.deskclock,8288256,5550080,212992]
05-18 12:37:13.548  1000  3369  3382 I am_pss  : [4603,10075,com.android.modemnotifier,6775808,3268608,696320]
05-18 12:37:13.589  1000  3369  3382 I am_pss  : [5597,1000,com.sprd.udpDataStall,6374400,3424256,206848]
05-18 12:37:13.631  1000  3369  3382 I am_pss  : [4573,1000,com.spreadtrum.vce,11872256,3633152,2851840]
05-18 12:37:13.672  1000  3369  3382 I am_pss  : [4559,1000,com.sprd.applock,7602176,3706880,607232]
05-18 12:37:14.243 10020  4188  4289 I sysui_multi_action: [757,1093,758,4,793,1006,1094,603979776,1095,2]
05-18 12:37:20.026  1000  3369  3383 I am_broadcast_discard_filter: [0,39938043,android.intent.action.TIME_TICK,9,170083975]
05-18 12:37:20.065  1000  3369  3383 I am_anr  : [0,4621,com.jx.launcher,952680005,Broadcast of Intent { act=android.intent.action.TIME_TICK flg=0x50200014 (has extras) }]
05-18 12:37:20.084  1000  3369  3382 I am_pss  : [8158,1000,com.jx.watchos.contact,7362560,4276224,226304]
05-18 12:37:22.256 10020  4188  4289 I sysui_multi_action: [757,1093,758,4,793,8014,1094,603979776,1095,2]
05-18 12:37:23.573  1000  3369  3394 I power_sleep_requested: 0
05-18 12:37:23.582  1000  3369  3394 I am_pause_activity: [0,111815719,com.android.settings/.Settings$NetworkDashboardActivity]
05-18 12:37:23.583  1000  4340  4340 I sysui_view_visibility: [746,0]
05-18 12:37:23.583  1000  4340  4340 I sysui_multi_action: [757,746,758,2]
05-18 12:37:23.620  1000  4340  4340 I am_on_paused_called: [0,com.android.settings.Settings$NetworkDashboardActivity,handlePauseActivity]
05-18 12:37:23.676  1000  3369  3382 I am_pss  : [7600,1000,com.zmapp.camera,19402752,13561856,182272]
05-18 12:37:23.723  1000  3369  3382 I am_pss  : [8117,1000,com.zmapp.album,27179008,20901888,183296]
05-18 12:37:23.766  1000  3369  3382 I am_pss  : [8191,10002,android.process.acore,18893824,13692928,183296]
05-18 12:37:23.794  1000  3369  3369 I sysui_multi_action: [757,198,758,2,759,3]
05-18 12:37:23.794  1000  3369  3369 I power_screen_state: [0,3,0,0,0]
05-18 12:37:23.794  1000  3369  3369 I screen_toggled: 0
05-18 12:37:23.794  1000  3369  3369 I sysui_histogram: [screen_timeout,30]
05-18 12:37:23.794  1000  3369  3369 I sysui_multi_action: [757,804,799,screen_timeout,801,30,802,1]
05-18 12:37:23.794  1000  3369  3369 I power_screen_broadcast_send: 1
05-18 12:37:24.262 10020  4188  4289 I sysui_multi_action: [757,1093,758,4,793,2006,1094,603979776,1095,2]
05-18 12:37:25.267 10020  4188  4289 I sysui_multi_action: [757,1093,758,4,793,1004,1094,603979776,1095,2]
05-18 12:37:26.274 10020  4188  4289 I sysui_multi_action: [757,1093,758,4,793,1008,1094,603979776,1095,2]
05-18 12:37:27.275 10020  4188  4289 I sysui_multi_action: [757,1093,758,4,793,1001,1094,603979776,1095,2]
05-18 12:37:29.282 10020  4188  4289 I sysui_multi_action: [757,1093,758,4,793,2007,1094,603979776,1095,2]
05-18 12:37:30.071  1000  4621  4621 I auditd  : type=1400 audit(0.0:1045): avc: denied { read } for comm="com.jx.launcher" name="corefile" dev="mmcblk0p38" ino=100 scontext=u:r:system_app:s0 tcontext=u:object_r:coredump_file:s0 tclass=dir permissive=0
05-18 12:37:30.131  1000  8496  8496 I auditd  : type=1400 audit(0.0:1046): avc: denied { read } for comm="crash_dump64" name="corefile" dev="mmcblk0p38" ino=100 scontext=u:r:crash_dump:s0 tcontext=u:object_r:coredump_file:s0 tclass=dir permissive=0
05-18 12:37:30.141  1000  8497  8497 I auditd  : type=1400 audit(0.0:1047): avc: denied { search } for comm="crash_dump64" name="com.jx.launcher" dev="mmcblk0p38" ino=1699 scontext=u:r:crash_dump:s0 tcontext=u:object_r:system_app_data_file:s0 tclass=dir permissive=0
05-18 12:37:30.141  1000  8497  8497 I auditd  : type=1400 audit(0.0:1048): avc: denied { search } for comm="crash_dump64" name="com.jx.launcher" dev="mmcblk0p38" ino=1699 scontext=u:r:crash_dump:s0 tcontext=u:object_r:system_app_data_file:s0 tclass=dir permissive=0
05-18 12:37:32.024  1000  3369  3383 I am_kill : [0,4621,com.jx.launcher,100,bg anr]
05-18 12:37:32.042  1000  3369  3383 I am_stop_activity: [0,111815719,com.android.settings/.Settings$NetworkDashboardActivity]
05-18 12:37:32.046  1000  3369  3383 I sysui_count: [window_time_0,39]
05-18 12:37:32.046  1000  3369  3383 I sysui_multi_action: [757,803,799,window_time_0,802,39]
05-18 12:37:32.057  1000  4340  4340 I am_on_stop_called: [0,com.android.settings.Settings$NetworkDashboardActivity,sleeping]
05-18 12:37:32.111  1000  3369  3382 I am_pss  : [8052,10070,com.android.calendar,26491904,18440192,184320]
05-18 12:37:32.149  1000  3369  3382 I am_pss  : [8076,10019,com.android.providers.calendar,7009280,3903488,211968]
05-18 12:37:32.171  1040  3047  3047 I auditd  : type=1400 audit(0.0:1049): avc: denied { read } for comm="mediaextractor" name="u:object_r:media_prop:s0" dev="tmpfs" ino=7887 scontext=u:r:mediaextractor:s0 tcontext=u:object_r:media_prop:s0 tclass=file permissive=0
05-18 12:37:32.188  1000  3369  6840 I am_proc_died: [0,4621,com.jx.launcher,100,3]
05-18 12:37:32.188  1000  3369  6840 I am_schedule_service_restart: [0,com.jx.launcher/com.zmapp.hall.StepService,1000]
05-18 12:37:32.188  1000  3369  6840 I am_schedule_service_restart: [0,com.jx.launcher/com.zmapp.aidldemo.WatchInfoService,10999]
05-18 12:37:32.188  1000  3369  6840 I am_schedule_service_restart: [0,com.jx.launcher/.notification.NotificationListener,20999]
05-18 12:37:32.189  1000  3369  6840 I am_schedule_service_restart: [0,com.jx.launcher/com.zmapp.aee.AEEService,30999]
05-18 12:37:32.207  1000  3369  3369 I power_screen_broadcast_done: [1,8413,1]
05-18 12:37:32.207  1000  3369  3369 I power_screen_broadcast_send: 1
05-18 12:37:32.287 10020  4188  4289 I sysui_multi_action: [757,1093,758,4,793,3005,1094,603979776,1095,2]
05-18 12:37:32.311  1000  3369  3369 I power_screen_broadcast_done: [0,104,1]
05-18 12:37:33.207  1000  3369  3383 I am_proc_start: [0,8506,1000,com.jx.launcher,service,com.jx.launcher/com.zmapp.hall.StepService]
05-18 12:37:33.229  1000  3369  6929 I am_proc_bound: [0,8506,com.jx.launcher]
05-18 12:37:33.239  1000  3369  6929 I am_create_service: [0,185841278,.StepService,1000,8506]
05-18 12:37:33.243  1000  3369  3383 I am_create_service: [0,157633918,.WatchInfoService,1000,8506]
05-18 12:37:33.246  1000  3369  3383 I am_create_service: [0,115808951,.NotificationListener,1000,8506]
05-18 12:37:33.248  1000  3369  3383 I am_create_service: [0,53568708,.AEEService,1000,8506]
05-18 12:37:36.448  1000  3369  6929 I am_proc_died: [0,8506,com.jx.launcher,100,3]
05-18 12:37:36.448  1000  3369  6929 I am_schedule_service_restart: [0,com.jx.launcher/com.zmapp.hall.StepService,4000]
05-18 12:37:36.448  1000  3369  6929 I am_schedule_service_restart: [0,com.jx.launcher/com.zmapp.aidldemo.WatchInfoService,43996]
05-18 12:37:36.448  1000  3369  6929 I am_schedule_service_restart: [0,com.jx.launcher/.notification.NotificationListener,83996]
05-18 12:37:36.448  1000  3369  6929 I am_schedule_service_restart: [0,com.jx.launcher/com.zmapp.aee.AEEService,123996]
05-18 12:37:38.610  1000  3369  3383 I am_uid_idle: 10008
05-18 12:37:38.611  1000  3369  3383 I am_uid_idle: 10007
05-18 12:37:39.203  1000  3369  3383 I am_uid_idle: 10026
05-18 12:37:40.464  1000  3369  3383 I am_proc_start: [0,8529,1000,com.jx.launcher,service,com.jx.launcher/com.zmapp.hall.StepService]
05-18 12:37:40.482  1000  3369  6929 I am_proc_bound: [0,8529,com.jx.launcher]
05-18 12:37:40.491  1000  3369  6929 I am_create_service: [0,185841278,.StepService,1000,8529]
05-18 12:37:40.495  1000  3369  3383 I am_create_service: [0,157633918,.WatchInfoService,1000,8529]
05-18 12:37:40.498  1000  3369  3383 I am_create_service: [0,115808951,.NotificationListener,1000,8529]
05-18 12:37:40.500  1000  3369  3383 I am_create_service: [0,53568708,.AEEService,1000,8529]
05-18 12:37:40.800  1000  3369  3383 I am_uid_idle: 10010
05-18 12:37:41.366  1000  3369  3369 I notification_cancel_all: [1000,3369,com.example.demo1,0,0,0,5,NULL]
05-18 12:37:41.464  1000  3369  3398 I am_uid_running: 10004
05-18 12:37:41.476  1000  3369  3398 I am_proc_start: [0,8561,10004,com.android.defcontainer,service,com.android.defcontainer/.DefaultContainerService]
05-18 12:37:41.487  1000  3369  6596 I am_proc_bound: [0,8561,com.android.defcontainer]
05-18 12:37:41.491  1000  3369  6596 I am_uid_active: 10004
05-18 12:37:41.491  1000  3369  6596 I am_create_service: [0,76932981,.DefaultContainerService,10004,8561]
05-18 12:37:42.310  1000  3369  6596 I wm_task_created: [34,1]
05-18 12:37:42.311  1000  3369  6596 I wm_task_moved: [34,1,14]
05-18 12:37:42.311  1000  3369  6596 I wm_task_moved: [34,1,14]
05-18 12:37:42.312  1000  3369  6596 I am_create_task: [0,34]
05-18 12:37:42.312  1000  3369  6596 I am_create_activity: [0,158767534,34,com.sprd.bootres/com.sprd.settings.newsettings.ClearCache,android.intent.action.MAIN,NULL,NULL,270532608]
05-18 12:37:42.313  1000  3369  6596 I wm_task_moved: [34,1,14]
05-18 12:37:42.334  1000  3369  6596 I am_proc_start: [0,8597,1000,com.sprd.bootres,activity,com.sprd.bootres/com.sprd.settings.newsettings.ClearCache]
05-18 12:37:42.354  1000  3369  6596 I am_proc_bound: [0,8597,com.sprd.bootres]
05-18 12:37:42.373  1000  3369  6596 I am_restart_activity: [0,158767534,34,com.sprd.bootres/com.sprd.settings.newsettings.ClearCache]
05-18 12:37:42.374  1000  3369  6596 I am_set_resumed_activity: [0,com.sprd.bootres/com.sprd.settings.newsettings.ClearCache,minimalResumeActivityLocked]
05-18 12:37:42.381  1000  3369  6596 I am_pause_activity: [0,158767534,com.sprd.bootres/com.sprd.settings.newsettings.ClearCache]
05-18 12:37:42.527  1000  8597  8597 I am_on_resume_called: [0,com.sprd.settings.newsettings.ClearCache,LAUNCH_ACTIVITY]
05-18 12:37:42.556  1000  8597  8597 I am_on_paused_called: [0,com.sprd.settings.newsettings.ClearCache,handlePauseActivity]
05-18 12:37:42.560  1000  3369  3383 I am_stop_activity: [0,158767534,com.sprd.bootres/com.sprd.settings.newsettings.ClearCache]
05-18 12:37:42.563  1000  3369  3383 I sysui_count: [window_time_0,10]
05-18 12:37:42.563  1000  3369  3383 I sysui_multi_action: [757,803,799,window_time_0,802,10]
05-18 12:37:42.641  1000  8597  8597 I am_on_stop_called: [0,com.sprd.settings.newsettings.ClearCache,sleeping]
05-18 12:37:42.769  1000  3369  3392 I sysui_multi_action: [319,71,322,460,325,298,757,761,758,8,759,3,806,com.sprd.bootres,871,com.sprd.settings.newsettings.ClearCache,905,0,945,49]
05-18 12:37:42.769  1000  3369  3392 I am_activity_launch_time: [0,158767534,com.sprd.bootres/com.sprd.settings.newsettings.ClearCache,384,451]
05-18 12:37:42.805  1000  3369  3398 I unknown_sources_enabled: 1
05-18 12:37:42.842  1000  3369  3369 I screen_toggled: 1
05-18 12:37:42.842  1000  3369  3369 I power_screen_broadcast_send: 1
05-18 12:37:42.843  1000  3369  3394 I am_set_resumed_activity: [0,com.sprd.bootres/com.sprd.settings.newsettings.ClearCache,resumeTopActivityInnerLocked]
05-18 12:37:42.853  1000  3369  3394 I am_resume_activity: [0,158767534,34,com.sprd.bootres/com.sprd.settings.newsettings.ClearCache]
05-18 12:37:42.865  1000  8597  8597 I am_on_resume_called: [0,com.sprd.settings.newsettings.ClearCache,RESUME_ACTIVITY]
05-18 12:37:42.943  1000  3369  6914 I am_finish_activity: [0,158767534,34,com.sprd.bootres/com.sprd.settings.newsettings.ClearCache,app-request]
05-18 12:37:42.944  1000  3369  6914 I am_pause_activity: [0,158767534,com.sprd.bootres/com.sprd.settings.newsettings.ClearCache]
05-18 12:37:42.948  1000  3369  3383 I sysui_count: [window_time_0,1]
05-18 12:37:42.948  1000  3369  3383 I sysui_multi_action: [757,803,799,window_time_0,802,1]
05-18 12:37:42.950  1000  8597  8597 I am_on_paused_called: [0,com.sprd.settings.newsettings.ClearCache,handlePauseActivity]
05-18 12:37:42.953  1000  3369  6596 I am_set_resumed_activity: [0,com.android.settings/.Settings$NetworkDashboardActivity,resumeTopActivityInnerLocked]
05-18 12:37:42.960  1000  3369  6596 I am_resume_activity: [0,111815719,33,com.android.settings/.Settings$NetworkDashboardActivity]
05-18 12:37:42.966  1000  3369  3383 I sysui_count: [window_time_0,0]
05-18 12:37:42.966  1000  3369  3383 I sysui_multi_action: [757,803,799,window_time_0,802,0]
05-18 12:37:43.004  1000  4340  4340 I sysui_multi_action: [757,746,758,1,833,35]
05-18 12:37:43.042  1000  4340  4340 I am_on_resume_called: [0,com.android.settings.Settings$NetworkDashboardActivity,RESUME_ACTIVITY]
05-18 12:37:43.753 10073  6242  6242 I force_gc: bg
05-18 12:37:43.764  1000  3369  5121 I am_proc_died: [0,8529,com.jx.launcher,0,3]
05-18 12:37:43.764  1000  3369  5121 I am_schedule_service_restart: [0,com.jx.launcher/com.zmapp.hall.StepService,16000]
05-18 12:37:43.764  1000  3369  5121 I am_schedule_service_restart: [0,com.jx.launcher/com.zmapp.aidldemo.WatchInfoService,175984]
05-18 12:37:43.764  1000  3369  5121 I am_schedule_service_restart: [0,com.jx.launcher/.notification.NotificationListener,335984]
05-18 12:37:43.764  1000  3369  5121 I am_schedule_service_restart: [0,com.jx.launcher/com.zmapp.aee.AEEService,495984]
05-18 12:37:43.764  1000  3369  5121 I am_broadcast_discard_filter: [0,64671506,android.intent.action.SCREEN_ON,21,7202408]
05-18 12:37:43.841  1000  3369  3369 I am_proc_start: [0,8641,1000,com.android.keychain,service,com.android.keychain/.KeyChainService]
05-18 12:37:43.855  1000  3369  3369 I power_screen_broadcast_done: [1,1013,1]
05-18 12:37:43.856  1000  3369  3369 I notification_cancel_all: [1000,3369,com.example.demo1,0,0,0,5,NULL]
05-18 12:37:43.867  1000  4340  4340 I force_gc: bg
05-18 12:37:43.940  1000  3369  6927 I am_destroy_activity: [0,158767534,34,com.sprd.bootres/com.sprd.settings.newsettings.ClearCache,finish-imm]
05-18 12:37:43.945  1000  8597  8597 I am_on_stop_called: [0,com.sprd.settings.newsettings.ClearCache,destroy]
05-18 12:37:43.953  1000  3369  3380 I am_proc_bound: [0,8641,com.android.keychain]
05-18 12:37:43.967  1000  3369  3380 I am_create_service: [0,196387950,.KeyChainService,1000,8641]
05-18 12:37:43.975  1000  3369  6927 I wm_task_removed: [34,removeAppToken: last token]
05-18 12:37:43.975  1000  3369  6927 I wm_task_removed: [34,removeTask]
05-18 12:37:43.992  1000  3369  3394 I sysui_multi_action: [757,198,758,1,759,0,793,1156]
05-18 12:37:43.992  1000  3369  3394 I power_screen_state: [1,0,0,0,1156]
05-18 12:37:44.026  1000  3369  3369 I notification_cancel_all: [1000,3369,com.example.demo1,0,0,0,5,NULL]
05-18 12:37:44.056  1000  3369  6929 I am_destroy_service: [0,196387950,8641]
05-18 12:37:44.194  1000  3369  6927 I sysui_count: [key_back_down,1]
05-18 12:37:44.194  1000  3369  6927 I sysui_multi_action: [757,803,799,key_back_down,802,1]
05-18 12:37:44.231  1000  3369  6927 I am_finish_activity: [0,111815719,33,com.android.settings/.Settings$NetworkDashboardActivity,app-request]
05-18 12:37:44.232  1000  3369  6927 I am_pause_activity: [0,111815719,com.android.settings/.Settings$NetworkDashboardActivity]
05-18 12:37:44.237  1000  3369  3383 I sysui_count: [window_time_0,1]
05-18 12:37:44.237  1000  3369  3383 I sysui_multi_action: [757,803,799,window_time_0,802,1]
05-18 12:37:44.238  1000  4340  4340 I sysui_view_visibility: [746,0]
05-18 12:37:44.238  1000  4340  4340 I sysui_multi_action: [757,746,758,2]
05-18 12:37:44.243  1000  4340  4340 I am_on_paused_called: [0,com.android.settings.Settings$NetworkDashboardActivity,handlePauseActivity]
05-18 12:37:44.246  1000  3369  6927 I am_set_resumed_activity: [0,com.android.settings/.Settings,resumeTopActivityInnerLocked]
05-18 12:37:44.248  1000  3369  6927 I am_resume_activity: [0,27013296,33,com.android.settings/.Settings]
05-18 12:37:44.254  1000  3369  3383 I sysui_count: [window_time_0,0]
05-18 12:37:44.255  1000  3369  3383 I sysui_multi_action: [757,803,799,window_time_0,802,0]
05-18 12:37:44.260  1000  4340  4340 I sysui_multi_action: [757,35,758,1,833,0]
05-18 12:37:44.261  1000  4340  4340 I am_on_resume_called: [0,com.android.settings.Settings,RESUME_ACTIVITY]
05-18 12:37:44.307  1000  3369  6963 I sysui_count: [fingerprintd_openhal_error,1]
05-18 12:37:44.307  1000  3369  6963 I sysui_multi_action: [757,803,799,fingerprintd_openhal_error,802,1]
05-18 12:37:44.347  1000  3369  6930 I sysui_count: [fingerprintd_openhal_error,1]
05-18 12:37:44.347  1000  3369  6930 I sysui_multi_action: [757,803,799,fingerprintd_openhal_error,802,1]
05-18 12:37:44.364  1000  3369  6930 I wm_task_moved: [33,1,13]
05-18 12:37:44.366  1000  3369  6930 I am_create_activity: [0,160846905,33,com.android.settings/.Settings$PowerUsageSummaryActivity,NULL,NULL,NULL,32768]
05-18 12:37:44.367  1000  3369  6930 I am_pause_activity: [0,27013296,com.android.settings/.Settings]
05-18 12:37:44.370  1000  3369  6963 I sysui_count: [fingerprintd_openhal_error,1]
05-18 12:37:44.370  1000  3369  6963 I sysui_multi_action: [757,803,799,fingerprintd_openhal_error,802,1]
05-18 12:37:44.373  1000  4340  4340 I sysui_view_visibility: [35,0]
05-18 12:37:44.373  1000  4340  4340 I sysui_multi_action: [757,35,758,2]
05-18 12:37:44.379  1000  4340  4340 I am_on_paused_called: [0,com.android.settings.Settings,handlePauseActivity]
05-18 12:37:44.381  1000  3369  4276 I am_restart_activity: [0,160846905,33,com.android.settings/.Settings$PowerUsageSummaryActivity]
05-18 12:37:44.384  1000  3369  4276 I am_set_resumed_activity: [0,com.android.settings/.Settings$PowerUsageSummaryActivity,minimalResumeActivityLocked]
05-18 12:37:44.387  1000  3369  3383 I am_destroy_activity: [0,111815719,33,com.android.settings/.Settings$NetworkDashboardActivity,finish-imm]
05-18 12:37:44.389  1000  3369  3383 I sysui_count: [window_time_0,0]
05-18 12:37:44.390  1000  3369  3383 I sysui_multi_action: [757,803,799,window_time_0,802,0]
05-18 12:37:44.445  1000  4340  8634 I sysui_count: [fuelgauge.SprdPowerUsageSummary/screen_timeout_battery|30000,1]
05-18 12:37:44.445  1000  4340  8634 I sysui_multi_action: [757,803,799,fuelgauge.SprdPowerUsageSummary/screen_timeout_battery|30000,802,1]
05-18 12:37:44.482  1000  4340  4340 I sysui_multi_action: [757,54,758,1,833,35]
05-18 12:37:44.492  1000  4340  4340 I am_on_resume_called: [0,com.android.settings.Settings$PowerUsageSummaryActivity,LAUNCH_ACTIVITY]
05-18 12:37:44.499  1000  4340  4340 I am_on_stop_called: [0,com.android.settings.Settings$NetworkDashboardActivity,destroy]
05-18 12:37:44.634  1000  3369  3392 I am_activity_launch_time: [0,160846905,com.android.settings/.Settings$PowerUsageSummaryActivity,249,249]
05-18 12:37:44.683  1000  3369  6927 I wm_task_moved: [33,1,13]
05-18 12:37:44.684  1000  3369  6927 I am_create_activity: [0,36880925,33,com.android.settings/.SubSettings,android.intent.action.MAIN,NULL,NULL,0]
05-18 12:37:44.685  1000  3369  6927 I am_pause_activity: [0,160846905,com.android.settings/.Settings$PowerUsageSummaryActivity]
05-18 12:37:44.710  1000  4340  4340 I sysui_view_visibility: [54,0]
05-18 12:37:44.710  1000  4340  4340 I sysui_multi_action: [757,54,758,2]
05-18 12:37:44.713  1000  4340  4340 I am_on_paused_called: [0,com.android.settings.Settings$PowerUsageSummaryActivity,handlePauseActivity]
05-18 12:37:44.715  1000  3369  4276 I am_restart_activity: [0,36880925,33,com.android.settings/.SubSettings]
05-18 12:37:44.719  1000  3369  4276 I am_set_resumed_activity: [0,com.android.settings/.SubSettings,minimalResumeActivityLocked]
05-18 12:37:44.723  1000  3369  3383 I am_stop_activity: [0,27013296,com.android.settings/.Settings]
05-18 12:37:44.724  1000  3369  3383 I sysui_count: [window_time_0,1]
05-18 12:37:44.724  1000  3369  3383 I sysui_multi_action: [757,803,799,window_time_0,802,1]
05-18 12:37:44.781  1000  4340  4340 I sysui_multi_action: [757,51,758,1,833,54]
05-18 12:37:44.784  1000  4340  4340 I am_on_resume_called: [0,com.android.settings.SubSettings,LAUNCH_ACTIVITY]
05-18 12:37:44.792  1000  3369  6930 I am_finish_activity: [0,27013296,33,com.android.settings/.Settings,app-request]
05-18 12:37:44.793  1000  3369  6930 I am_destroy_activity: [0,27013296,33,com.android.settings/.Settings,finish-imm]
05-18 12:37:44.796  1000  3369  3383 I sysui_count: [window_time_0,0]
05-18 12:37:44.797  1000  3369  3383 I sysui_multi_action: [757,803,799,window_time_0,802,0]
05-18 12:37:44.797  1000  4340  4340 I am_on_stop_called: [0,com.android.settings.Settings,handleStopActivity]
05-18 12:37:44.905  1000  3369  3392 I am_activity_launch_time: [0,36880925,com.android.settings/.SubSettings,185,185]
05-18 12:37:44.978  1000  3369  6929 I am_stop_activity: [0,160846905,com.android.settings/.Settings$PowerUsageSummaryActivity]
05-18 12:37:44.985  1000  3369  6930 I am_new_intent: [0,185492049,15,com.jx.launcher/.Launcher,android.intent.action.MAIN,NULL,NULL,270532608]
05-18 12:37:44.985  1000  3369  6930 I wm_task_moved: [15,1,13]
05-18 12:37:44.987  1000  3369  6930 I am_pause_activity: [0,36880925,com.android.settings/.SubSettings]
05-18 12:37:44.988  1000  3369  6930 I am_task_to_front: [0,15]
05-18 12:37:45.023  1000  3369  6930 I am_finish_activity: [0,160846905,33,com.android.settings/.Settings$PowerUsageSummaryActivity,app-request]
05-18 12:37:45.023  1000  3369  6930 I am_destroy_activity: [0,160846905,33,com.android.settings/.Settings$PowerUsageSummaryActivity,finish-imm]
05-18 12:37:45.026  1000  3369  3383 I sysui_count: [window_time_0,0]
05-18 12:37:45.026  1000  3369  3383 I sysui_multi_action: [757,803,799,window_time_0,802,0]
05-18 12:37:45.026  1000  4340  4340 I am_on_stop_called: [0,com.android.settings.Settings$PowerUsageSummaryActivity,handleStopActivity]
05-18 12:37:45.026  1000  4340  4340 I sysui_view_visibility: [51,0]
05-18 12:37:45.026  1000  4340  4340 I sysui_multi_action: [757,51,758,2]
05-18 12:37:45.029  1000  4340  4340 I am_on_paused_called: [0,com.android.settings.SubSettings,handlePauseActivity]
05-18 12:37:45.040  1000  3369  6963 I am_proc_start: [0,8668,1000,com.jx.launcher,activity,com.jx.launcher/.Launcher]
05-18 12:37:45.044  1000  3369  3383 I sysui_count: [window_time_0,0]
05-18 12:37:45.044  1000  3369  3383 I sysui_multi_action: [757,803,799,window_time_0,802,0]
05-18 12:37:45.060  1000  3369  6963 I am_proc_bound: [0,8668,com.jx.launcher]
05-18 12:37:45.073  1000  3369  6963 I am_restart_activity: [0,185492049,15,com.jx.launcher/.Launcher]
05-18 12:37:45.075  1000  3369  6963 I am_set_resumed_activity: [0,com.jx.launcher/.Launcher,minimalResumeActivityLocked]
05-18 12:37:45.086 10020  4188  4289 I sysui_multi_action: [757,1093,758,4,793,12799,1094,603979776,1095,2]
05-18 12:37:45.086  1000  3369  3383 I am_create_service: [0,185841278,.StepService,1000,8668]
05-18 12:37:45.089  1000  3369  3383 I am_create_service: [0,157633918,.WatchInfoService,1000,8668]
05-18 12:37:45.090  1000  3369  3383 I am_create_service: [0,115808951,.NotificationListener,1000,8668]
05-18 12:37:45.095  1000  3369  3383 I am_create_service: [0,53568708,.AEEService,1000,8668]
05-18 12:37:45.096  1000  3369  3369 I am_uid_stopped: 10087
05-18 12:37:45.097  1000  3369  3369 I am_kill : [0,7851,com.eg.android.AlipayGphone,800,kill background]
05-18 12:37:45.122  1000  3369  3369 I am_finish_activity: [0,58625815,29,com.eg.android.AlipayGphone/com.alipay.watch.ui.GameWatchBindingActivity,force-stop]
05-18 12:37:45.129  1000  3369  3369 I am_finish_activity: [0,130316702,29,com.eg.android.AlipayGphone/com.alipay.watch.game.GameActivity,force-stop]
05-18 12:37:45.135  1000  3369  3383 I sysui_count: [window_time_0,0]
05-18 12:37:45.136  1000  3369  3383 I sysui_multi_action: [757,803,799,window_time_0,802,0]
05-18 12:37:45.136  1000  3369  3383 I sysui_count: [window_time_0,0]
05-18 12:37:45.136  1000  3369  3383 I sysui_multi_action: [757,803,799,window_time_0,802,0]
05-18 12:37:45.136  1000  3369  3383 I am_destroy_activity: [0,58625815,29,com.eg.android.AlipayGphone/com.alipay.watch.ui.GameWatchBindingActivity,finish-idle]
05-18 12:37:45.147  1000  3369  3383 I am_destroy_activity: [0,130316702,29,com.eg.android.AlipayGphone/com.alipay.watch.game.GameActivity,finish-idle]
05-18 12:37:45.151  1000  3369  3383 I wm_task_removed: [29,removeAppToken: last token]
05-18 12:37:45.151  1000  3369  3383 I wm_task_removed: [29,removeTask]
05-18 12:37:45.170  1000  3369  3369 I notification_cancel_all: [1000,3369,com.eg.android.AlipayGphone,0,0,0,5,NULL]
05-18 12:37:45.221  1040  3047  3047 I auditd  : type=1400 audit(0.0:1050): avc: denied { read } for comm="mediaextractor" name="u:object_r:media_prop:s0" dev="tmpfs" ino=7887 scontext=u:r:mediaextractor:s0 tcontext=u:object_r:media_prop:s0 tclass=file permissive=0
05-18 12:37:45.221 media  3049  3049 I auditd  : type=1400 audit(0.0:1051): avc: denied { read } for comm="Binder:3049_2" name="u:object_r:media_prop:s0" dev="tmpfs" ino=7887 scontext=u:r:mediaserver:s0 tcontext=u:object_r:media_prop:s0 tclass=file permissive=0
05-18 12:37:45.221 media  3049  3049 I auditd  : type=1400 audit(0.0:1052): avc: denied { read } for comm="mediaserver" name="u:object_r:media_prop:s0" dev="tmpfs" ino=7887 scontext=u:r:mediaserver:s0 tcontext=u:object_r:media_prop:s0 tclass=file permissive=0
05-18 12:37:45.221 media  3049  3049 I auditd  : type=1400 audit(0.0:1053): avc: denied { read } for comm="mediaserver" name="u:object_r:media_prop:s0" dev="tmpfs" ino=7887 scontext=u:r:mediaserver:s0 tcontext=u:object_r:media_prop:s0 tclass=file permissive=0
05-18 12:37:45.221 media  3049  3049 I auditd  : type=1400 audit(0.0:1054): avc: denied { read } for comm="Binder:3049_2" name="u:object_r:media_prop:s0" dev="tmpfs" ino=7887 scontext=u:r:mediaserver:s0 tcontext=u:object_r:media_prop:s0 tclass=file permissive=0
05-18 12:37:45.221 media  3049  3049 I auditd  : type=1400 audit(0.0:1055): avc: denied { read } for comm="Binder:3049_2" name="u:object_r:media_prop:s0" dev="tmpfs" ino=7887 scontext=u:r:mediaserver:s0 tcontext=u:object_r:media_prop:s0 tclass=file permissive=0
05-18 12:37:45.231 media  3049  3049 I auditd  : type=1400 audit(0.0:1056): avc: denied { read } for comm="mediaserver" name="u:object_r:media_prop:s0" dev="tmpfs" ino=7887 scontext=u:r:mediaserver:s0 tcontext=u:object_r:media_prop:s0 tclass=file permissive=0
05-18 12:37:45.231 media  3049  3049 I auditd  : type=1400 audit(0.0:1057): avc: denied { read } for comm="Binder:3049_2" name="u:object_r:media_prop:s0" dev="tmpfs" ino=7887 scontext=u:r:mediaserver:s0 tcontext=u:object_r:media_prop:s0 tclass=file permissive=0
05-18 12:37:45.231 media  3049  3049 I chatty  : uid=1013(media) /system/bin/mediaserver identical 4 lines
05-18 12:37:45.231 media  3049  3049 I auditd  : type=1400 audit(0.0:1062): avc: denied { read } for comm="Binder:3049_2" name="u:object_r:media_prop:s0" dev="tmpfs" ino=7887 scontext=u:r:mediaserver:s0 tcontext=u:object_r:media_prop:s0 tclass=file permissive=0
05-18 12:37:45.241 media  3049  3049 I auditd  : type=1400 audit(0.0:1063): avc: denied { read } for comm="NPDecoder" name="u:object_r:media_prop:s0" dev="tmpfs" ino=7887 scontext=u:r:mediaserver:s0 tcontext=u:object_r:media_prop:s0 tclass=file permissive=0
05-18 12:37:45.241 media  3049  3049 I auditd  : type=1400 audit(0.0:1064): avc: denied { read } for comm="mediaserver" name="u:object_r:media_prop:s0" dev="tmpfs" ino=7887 scontext=u:r:mediaserver:s0 tcontext=u:object_r:media_prop:s0 tclass=file permissive=0
05-18 12:37:45.251 media  3049  3049 I auditd  : type=1400 audit(0.0:1065): avc: denied { read } for comm="NPDecoder" name="u:object_r:media_prop:s0" dev="tmpfs" ino=7887 scontext=u:r:mediaserver:s0 tcontext=u:object_r:media_prop:s0 tclass=file permissive=0
05-18 12:37:45.251 media  3049  3049 I auditd  : type=1400 audit(0.0:1066): avc: denied { read } for comm="Binder:3049_2" name="u:object_r:media_prop:s0" dev="tmpfs" ino=7887 scontext=u:r:mediaserver:s0 tcontext=u:object_r:media_prop:s0 tclass=file permissive=0
05-18 12:37:45.251 media  3049  3049 I chatty  : uid=1013(media) /system/bin/mediaserver identical 2 lines
05-18 12:37:45.251 media  3049  3049 I auditd  : type=1400 audit(0.0:1069): avc: denied { read } for comm="Binder:3049_2" name="u:object_r:media_prop:s0" dev="tmpfs" ino=7887 scontext=u:r:mediaserver:s0 tcontext=u:object_r:media_prop:s0 tclass=file permissive=0
05-18 12:37:45.261 media  3049  3049 I auditd  : type=1400 audit(0.0:1070): avc: denied { read } for comm="NPDecoder" name="u:object_r:media_prop:s0" dev="tmpfs" ino=7887 scontext=u:r:mediaserver:s0 tcontext=u:object_r:media_prop:s0 tclass=file permissive=0
05-18 12:37:45.261 media  3049  3049 I auditd  : type=1400 audit(0.0:1071): avc: denied { read } for comm="Binder:3049_2" name="u:object_r:media_prop:s0" dev="tmpfs" ino=7887 scontext=u:r:mediaserver:s0 tcontext=u:object_r:media_prop:s0 tclass=file permissive=0
05-18 12:37:45.451  1000  8668  8668 I auditd  : type=1400 audit(0.0:1072): avc: denied { getattr } for comm="SoundPoolThread" path="/dev/__properties__/u:object_r:media_prop:s0" dev="tmpfs" ino=7887 scontext=u:r:system_app:s0 tcontext=u:object_r:media_prop:s0 tclass=file permissive=0
05-18 12:37:45.461  1040  3047  3047 I auditd  : type=1400 audit(0.0:1073): avc: denied { read } for comm="mediaextractor" name="u:object_r:media_prop:s0" dev="tmpfs" ino=7887 scontext=u:r:mediaextractor:s0 tcontext=u:object_r:media_prop:s0 tclass=file permissive=0
05-18 12:37:45.461  1000  8668  8668 I auditd  : type=1400 audit(0.0:1074): avc: denied { getattr } for comm="SoundPoolThread" path="/dev/__properties__/u:object_r:media_prop:s0" dev="tmpfs" ino=7887 scontext=u:r:system_app:s0 tcontext=u:object_r:media_prop:s0 tclass=file permissive=0
05-18 12:37:45.511  1000  8668  8668 I auditd  : type=1400 audit(0.0:1075): avc: denied { getattr } for comm="SoundPoolThread" path="/dev/__properties__/u:object_r:media_prop:s0" dev="tmpfs" ino=7887 scontext=u:r:system_app:s0 tcontext=u:object_r:media_prop:s0 tclass=file permissive=0
05-18 12:37:45.811  1000  8668  8668 I am_on_resume_called: [0,com.jx.launcher.Launcher,LAUNCH_ACTIVITY]
05-18 12:37:45.992  1000  3369  3392 I am_activity_launch_time: [0,185492049,com.jx.launcher/.Launcher,954,954]
05-18 12:37:46.005  1000  3369  6930 I am_stop_activity: [0,36880925,com.android.settings/.SubSettings]
05-18 12:37:46.015  1000  3369  6963 I am_finish_activity: [0,36880925,33,com.android.settings/.SubSettings,app-request]
05-18 12:37:46.016  1000  3369  6963 I am_destroy_activity: [0,36880925,33,com.android.settings/.SubSettings,finish-imm]
05-18 12:37:46.023  1000  3369  3383 I sysui_count: [window_time_0,1]
05-18 12:37:46.023  1000  4340  4340 I am_on_stop_called: [0,com.android.settings.SubSettings,handleStopActivity]
05-18 12:37:46.023  1000  3369  3383 I sysui_multi_action: [757,803,799,window_time_0,802,1]
05-18 12:37:46.036  1000  3369  6929 I wm_task_removed: [33,removeAppToken: last token]
05-18 12:37:46.038  1000  3369  6929 I wm_task_removed: [33,removeTask]
05-18 12:37:46.392  1000  3369  3369 I notification_cancel_all: [1000,3369,com.example.demo1,0,0,0,5,NULL]
05-18 12:37:46.430  1000  3369  3384 I am_proc_start: [0,8724,10020,com.android.systemui:screenshot,service,com.android.systemui/.screenshot.TakeScreenshotService]
05-18 12:37:46.446  1000  3369  6930 I am_proc_bound: [0,8724,com.android.systemui:screenshot]
05-18 12:37:46.450  1000  3369  6930 I am_create_service: [0,48986409,.TakeScreenshotService,10020,8724]
05-18 12:37:46.541 10020  8724  8724 I auditd  : type=1400 audit(0.0:1076): avc: denied { read } for comm="SoundPoolThread" name="u:object_r:media_prop:s0" dev="tmpfs" ino=7887 scontext=u:r:platform_app:s0:c512,c768 tcontext=u:object_r:media_prop:s0 tclass=file permissive=0
05-18 12:37:46.551  1040  3047  3047 I auditd  : type=1400 audit(0.0:1077): avc: denied { read } for comm="mediaextractor" name="u:object_r:media_prop:s0" dev="tmpfs" ino=7887 scontext=u:r:mediaextractor:s0 tcontext=u:object_r:media_prop:s0 tclass=file permissive=0
05-18 12:37:46.571 10020  8724  8724 I auditd  : type=1400 audit(0.0:1078): avc: denied { read } for comm="SoundPoolThread" name="u:object_r:media_prop:s0" dev="tmpfs" ino=7887 scontext=u:r:platform_app:s0:c512,c768 tcontext=u:object_r:media_prop:s0 tclass=file permissive=0
05-18 12:37:46.752  1000  3369  6930 I wm_task_created: [35,1]
05-18 12:37:46.753  1000  3369  6930 I wm_task_moved: [35,1,12]
05-18 12:37:46.753  1000  3369  6930 I wm_task_moved: [35,1,12]
05-18 12:37:46.754  1000  3369  6930 I am_create_task: [0,35]
05-18 12:37:46.754  1000  3369  6930 I am_create_activity: [0,86210019,35,com.zmapp.sms/.MainActivity,android.intent.action.MAIN,NULL,NULL,270532608]
05-18 12:37:46.755  1000  3369  6930 I wm_task_moved: [35,1,12]
05-18 12:37:46.757  1000  3369  6930 I am_pause_activity: [0,185492049,com.jx.launcher/.Launcher]
05-18 12:37:46.768  1000  8668  8668 I am_on_paused_called: [0,com.jx.launcher.Launcher,handlePauseActivity]
05-18 12:37:46.771 10020  8724  8724 I auditd  : type=1400 audit(0.0:1079): avc: denied { read } for comm=4E444B204D65646961436F6465635F name="u:object_r:media_prop:s0" dev="tmpfs" ino=7887 scontext=u:r:platform_app:s0:c512,c768 tcontext=u:object_r:media_prop:s0 tclass=file permissive=0
05-18 12:37:46.789  1000  3369  6929 I am_proc_start: [0,8762,1000,com.zmapp.sms,activity,com.zmapp.sms/.MainActivity]
05-18 12:37:46.794  1000  3369  3383 I sysui_count: [window_time_0,1]
05-18 12:37:46.794  1000  3369  3383 I sysui_multi_action: [757,803,799,window_time_0,802,1]
05-18 12:37:46.822  1000  3369  6963 I am_proc_bound: [0,8762,com.zmapp.sms]
05-18 12:37:46.842  1000  3369  6963 I am_restart_activity: [0,86210019,35,com.zmapp.sms/.MainActivity]
05-18 12:37:46.844  1000  3369  6963 I am_set_resumed_activity: [0,com.zmapp.sms/.MainActivity,minimalResumeActivityLocked]
05-18 12:37:47.098 10020  4188  4289 I sysui_multi_action: [757,1093,758,4,793,2012,1094,603979776,1095,2]
05-18 12:37:47.127  1000  8762  8762 I am_on_resume_called: [0,com.zmapp.sms.MainActivity,LAUNCH_ACTIVITY]
05-18 12:37:47.309  1000  3369  3369 I notification_enqueue: [10020,8724,com.android.systemui,1,NULL,0,Notification(channel=SCN pri=0 contentView=null vibrate=null sound=null tick defaults=0x0 flags=0x20 color=0xff607d8b vis=PRIVATE publicVersion=Notification(channel=SCN pri=0 contentView=null vibrate=null sound=null defaults=0x0 flags=0x0 color=0xff607d8b category=progress vis=PRIVATE)),0]
05-18 12:37:47.322  1000  3369  3369 I sysui_histogram: [note_dismiss_longevity,0]
05-18 12:37:47.322  1000  3369  3369 I sysui_multi_action: [757,804,799,note_dismiss_longevity,801,0,802,1]
05-18 12:37:47.322  1000  3369  3369 I sysui_multi_action: [757,128,758,5,759,10,793,14,794,0,795,14,796,1,806,com.android.systemui,857,SCN,858,2,947,0]
05-18 12:37:47.322  1000  3369  3369 I notification_canceled: [0|com.android.systemui|1|null|10020,10,14,14,0,{com.jx.launcher/com.jx.launcher.notification.NotificationListener}]
05-18 12:37:47.346  1000  3369  3392 I sysui_multi_action: [319,129,321,92,322,579,325,303,757,761,758,7,759,1,806,com.zmapp.sms,871,com.zmapp.sms.MainActivity,905,0,945,76]
05-18 12:37:47.346  1000  3369  3392 I am_activity_launch_time: [0,86210019,com.zmapp.sms/.MainActivity,557,557]
05-18 12:37:47.355  1000  3369  3383 I am_stop_activity: [0,185492049,com.jx.launcher/.Launcher]
05-18 12:37:47.358  1000  8762  8762 I menu_opened: 0
05-18 12:37:47.360  1000  8668  8668 I am_on_stop_called: [0,com.jx.launcher.Launcher,handleStopActivity]
05-18 12:37:47.366  1000  3369  4276 I wm_task_created: [36,1]
05-18 12:37:47.366  1000  3369  4276 I wm_task_moved: [36,1,13]
05-18 12:37:47.367  1000  3369  4276 I wm_task_moved: [36,1,13]
05-18 12:37:47.368  1000  3369  4276 I am_create_task: [0,36]
05-18 12:37:47.368  1000  3369  4276 I am_create_activity: [0,114489065,36,com.tencent.mm/.ui.LauncherUI,android.intent.action.MAIN,NULL,NULL,270532608]
05-18 12:37:47.369  1000  3369  4276 I wm_task_moved: [36,1,13]
05-18 12:37:47.375  1000  8762  8762 I menu_opened: 0
05-18 12:37:47.375  1000  3369  4276 I am_pause_activity: [0,86210019,com.zmapp.sms/.MainActivity]
05-18 12:37:47.425  1000  8762  8762 I am_on_paused_called: [0,com.zmapp.sms.MainActivity,handlePauseActivity]
05-18 12:37:47.426  1000  3369  6963 I am_uid_running: 10089
05-18 12:37:47.438  1000  3369  6963 I am_proc_start: [0,8807,10089,com.tencent.mm,activity,com.tencent.mm/.ui.LauncherUI]
05-18 12:37:47.441  1000  3369  3383 I sysui_count: [window_time_0,0]
05-18 12:37:47.441  1000  3369  3383 I sysui_multi_action: [757,803,799,window_time_0,802,0]
05-18 12:37:47.446  1000  3369  3383 I am_uid_active: 10008
05-18 12:37:47.451 10020  4188  4288 I sysui_action: [210,2]
05-18 12:37:47.451 10020  4188  4288 I sysui_multi_action: [757,210,758,4,759,2]
05-18 12:37:47.457 10020  4188  4288 I sysui_action: [211,3]
05-18 12:37:47.457 10020  4188  4288 I sysui_multi_action: [757,211,758,4,759,3]
05-18 12:37:47.463  1000  3369  8686 I force_gc: Binder
05-18 12:37:47.469  1000  3369  8686 I am_proc_bound: [0,8807,com.tencent.mm]
05-18 12:37:47.478 10020  4188  4188 I sysui_view_visibility: [207,100]
05-18 12:37:47.478 10020  4188  4188 I sysui_multi_action: [757,207,758,1]
05-18 12:37:47.478 10020  4188  4188 I sysui_histogram: [volume_from_keyguard,0]
05-18 12:37:47.479 10020  4188  4188 I sysui_multi_action: [757,804,799,volume_from_keyguard,801,0,802,1]
05-18 12:37:47.483  1000  3369  8686 I am_uid_active: 10089
05-18 12:37:47.484  1000  3369  8686 I am_restart_activity: [0,114489065,36,com.tencent.mm/.ui.LauncherUI]
05-18 12:37:47.485  1000  3369  8686 I am_set_resumed_activity: [0,com.tencent.mm/.ui.LauncherUI,minimalResumeActivityLocked]
05-18 12:37:47.500  1000  3369  3369 I notification_enqueue: [10020,8724,com.android.systemui,1,NULL,0,Notification(channel=SCN pri=0 contentView=null vibrate=null sound=null tick defaults=0x0 flags=0x10 color=0xff607d8b actions=2 vis=PRIVATE publicVersion=Notification(channel=SCN pri=0 contentView=null vibrate=null sound=null defaults=0x0 flags=0x10 color=0xff607d8b category=progress vis=PRIVATE)),0]
05-18 12:37:47.507  1000  3369  3384 I am_destroy_service: [0,48986409,8724]
05-18 12:37:47.514  1000  3369  3369 I sysui_histogram: [note_dismiss_longevity,0]
05-18 12:37:47.514  1000  3369  3369 I sysui_multi_action: [757,804,799,note_dismiss_longevity,801,0,802,1]
05-18 12:37:47.515  1000  3369  3369 I sysui_multi_action: [757,128,758,5,759,10,793,17,794,0,795,17,796,1,806,com.android.systemui,857,SCN,858,2,947,0]
05-18 12:37:47.515  1000  3369  3369 I notification_canceled: [0|com.android.systemui|1|null|10020,10,17,17,0,{com.jx.launcher/com.jx.launcher.notification.NotificationListener}]
05-18 12:37:48.107 10020  4188  4289 I sysui_multi_action: [757,1093,758,4,793,1008,1094,603979776,1095,2]
05-18 12:37:48.315  1000  3369  6930 I am_wtf  : [0,8807,com.tencent.mm,951598660,FirebaseApp,Failed to find provider com.google.android.gms.phenotype for user 0; expected to find a valid ContentProvider for this authority]
05-18 12:37:48.439  1000  3369  6930 I wm_task_moved: [36,1,13]
05-18 12:37:48.440  1000  3369  6930 I am_create_activity: [0,210771150,36,com.tencent.mm/.app.WeChatSplashActivity,NULL,NULL,NULL,0]
05-18 12:37:48.441  1000  3369  6930 I am_pause_activity: [0,114489065,com.tencent.mm/.ui.LauncherUI]
05-18 12:37:48.462 10089  8807  8807 I am_on_resume_called: [0,com.tencent.mm.ui.LauncherUI,LAUNCH_ACTIVITY]
05-18 12:37:48.944  1000  3369  3383 I am_restart_activity: [0,210771150,36,com.tencent.mm/.app.WeChatSplashActivity]
05-18 12:37:48.945  1000  3369  3383 I am_set_resumed_activity: [0,com.tencent.mm/.app.WeChatSplashActivity,minimalResumeActivityLocked]
05-18 12:37:48.960  1000  3369  3383 I sysui_count: [window_time_0,2]
05-18 12:37:48.960  1000  3369  3383 I sysui_multi_action: [757,803,799,window_time_0,802,2]
05-18 12:37:49.071  1000  3369  8686 I am_create_service: [0,165635579,.ProcessService$MMProcessService,10089,8807]
05-18 12:37:49.104 10089  8807  8807 I am_on_paused_called: [0,com.tencent.mm.ui.LauncherUI,handlePauseActivity]
05-18 12:37:49.104  1000  3369  8686 I am_failed_to_pause: [0,114489065,com.tencent.mm/.ui.LauncherUI,(none)]
05-18 12:37:49.457 10089  8807  8807 I am_on_resume_called: [0,com.tencent.mm.app.WeChatSplashActivity,LAUNCH_ACTIVITY]
05-18 12:37:49.707  1000  3369  3392 I am_activity_launch_time: [0,210771150,com.tencent.mm/.app.WeChatSplashActivity,735,2252]
05-18 12:37:49.714  1000  3369  3383 I am_stop_activity: [0,114489065,com.tencent.mm/.ui.LauncherUI]
05-18 12:37:49.718  1000  3369  3383 I am_stop_activity: [0,86210019,com.zmapp.sms/.MainActivity]
05-18 12:37:49.721  1000  3369  3392 I sysui_multi_action: [319,2331,322,2316,325,303,757,761,758,7,759,2,806,com.tencent.mm,871,com.tencent.mm.app.WeChatSplashActivity,904,com.tencent.mm,905,0,945,112]
05-18 12:37:49.722 10089  8807  8807 I am_on_stop_called: [0,com.tencent.mm.ui.LauncherUI,handleStopActivity]
05-18 12:37:49.727  1000  8762  8762 I am_on_stop_called: [0,com.zmapp.sms.MainActivity,handleStopActivity]
05-18 12:37:49.780 10020  4188  4188 I sysui_view_visibility: [207,0]
05-18 12:37:49.780 10020  4188  4188 I sysui_multi_action: [757,207,758,2]
05-18 12:37:49.781 10020  4188  4288 I sysui_action: [210,-1]
05-18 12:37:49.781 10020  4188  4288 I sysui_multi_action: [757,210,758,4,759,-1]
05-18 12:37:49.792 10089  8807  8807 I menu_opened: 0
05-18 12:37:49.796  1000  3369  6963 I wm_task_created: [37,1]
05-18 12:37:49.797  1000  3369  6963 I wm_task_moved: [37,1,14]
05-18 12:37:49.797  1000  3369  6963 I wm_task_moved: [37,1,14]
05-18 12:37:49.798  1000  3369  6963 I am_create_task: [0,37]
05-18 12:37:49.798  1000  3369  6963 I am_create_activity: [0,87001373,37,com.zmapp.plugin.addfriend/.activity.MainActivity,android.intent.action.MAIN,NULL,NULL,270532608]
05-18 12:37:49.798  1000  3369  6963 I wm_task_moved: [37,1,14]
05-18 12:37:49.800  1000  3369  6963 I am_pause_activity: [0,210771150,com.tencent.mm/.app.WeChatSplashActivity]
05-18 12:37:49.833 10089  8807  8807 I am_on_paused_called: [0,com.tencent.mm.app.WeChatSplashActivity,handlePauseActivity]
05-18 12:37:49.834  1000  3369  6929 I am_uid_running: 10077
05-18 12:37:49.854  1000  3369  6929 I am_proc_start: [0,8922,10077,com.zmapp.plugin.addfriend,activity,com.zmapp.plugin.addfriend/.activity.MainActivity]
05-18 12:37:49.860  1000  3369  3383 I sysui_count: [window_time_0,1]
05-18 12:37:49.860  1000  3369  3383 I sysui_multi_action: [757,803,799,window_time_0,802,1]
05-18 12:37:49.877 10020  4188  4288 I sysui_action: [210,2]
05-18 12:37:49.877 10020  4188  4288 I sysui_multi_action: [757,210,758,4,759,2]
05-18 12:37:49.881 10020  4188  4188 I sysui_action: [209,0]
05-18 12:37:49.881 10020  4188  4188 I sysui_multi_action: [757,209,758,4,759,0]
05-18 12:37:49.894  1000  3369  6963 I volume_changed: [2,3,0,7,com.android.systemui]
05-18 12:37:49.929  1000  3369  6930 I am_proc_bound: [0,8922,com.zmapp.plugin.addfriend]
05-18 12:37:49.937  1000  3369  6930 I am_uid_active: 10077
05-18 12:37:49.937  1000  3369  6930 I am_restart_activity: [0,87001373,37,com.zmapp.plugin.addfriend/.activity.MainActivity]
05-18 12:37:49.941  1000  3369  6930 I am_set_resumed_activity: [0,com.zmapp.plugin.addfriend/.activity.MainActivity,minimalResumeActivityLocked]
05-18 12:37:49.953 10020  4188  4288 I sysui_action: [213,1]
05-18 12:37:49.953 10020  4188  4288 I sysui_multi_action: [757,213,758,4,759,1]
05-18 12:37:50.091 10077  8922  8922 I am_on_resume_called: [0,com.zmapp.plugin.addfriend.activity.MainActivity,LAUNCH_ACTIVITY]
05-18 12:37:50.109 10020  4188  4289 I sysui_multi_action: [757,1093,758,4,793,2003,1094,604045312,1095,3]
05-18 12:37:50.171  1000  3369  3383 I am_uid_idle: 10070
05-18 12:37:50.212  1000  3369  3392 I am_activity_launch_time: [0,87001373,com.zmapp.plugin.addfriend/.activity.MainActivity,370,370]
05-18 12:37:50.212  1000  3369  3392 I sysui_multi_action: [319,422,322,420,325,306,757,761,758,7,759,2,806,com.zmapp.plugin.addfriend,871,com.zmapp.plugin.addfriend.activity.MainActivity,905,0,945,147]
05-18 12:37:50.272 10077  8922  8922 I menu_opened: 0
05-18 12:37:50.319  1000  3369  8686 I sysui_count: [key_back_down,1]
05-18 12:37:50.319  1000  3369  8686 I sysui_multi_action: [757,803,799,key_back_down,802,1]
05-18 12:37:50.329  1000  3369  4276 I wm_task_created: [38,1]
05-18 12:37:50.329  1000  3369  4276 I wm_task_moved: [38,1,15]
05-18 12:37:50.330  1000  3369  4276 I wm_task_moved: [38,1,15]
05-18 12:37:50.333  1000  3369  4276 I am_create_task: [0,38]
05-18 12:37:50.333  1000  3369  4276 I am_create_activity: [0,18367127,38,com.jx.inputmethod.pinyin/.T9SettingActivity,android.intent.action.MAIN,NULL,NULL,270532608]
05-18 12:37:50.333  1000  3369  4276 I wm_task_moved: [38,1,15]
05-18 12:37:50.382  1000  3369  4276 I am_pause_activity: [0,87001373,com.zmapp.plugin.addfriend/.activity.MainActivity]
05-18 12:37:50.400 10077  8922  8922 I am_on_paused_called: [0,com.zmapp.plugin.addfriend.activity.MainActivity,handlePauseActivity]
05-18 12:37:50.401  1000  3369  4436 I am_uid_running: 10080
05-18 12:37:50.417  1000  3369  4436 I am_proc_start: [0,8961,10080,com.jx.inputmethod.pinyin,activity,com.jx.inputmethod.pinyin/.T9SettingActivity]
05-18 12:37:50.427  1000  3369  3383 I sysui_count: [window_time_0,0]
05-18 12:37:50.437  1000  3369  3383 I sysui_multi_action: [757,803,799,window_time_0,802,0]
05-18 12:37:50.480  1000  3369  4292 I am_finish_activity: [0,87001373,37,com.zmapp.plugin.addfriend/.activity.MainActivity,app-request]
05-18 12:37:50.487  1000  3369  3383 I sysui_count: [window_time_0,0]
05-18 12:37:50.487  1000  3369  3383 I sysui_multi_action: [757,803,799,window_time_0,802,0]
05-18 12:37:50.568  1000  3369  4292 I am_proc_died: [0,7218,com.android.mtp,904,17]
05-18 12:37:50.605  1000  3369  4292 I am_proc_bound: [0,8961,com.jx.inputmethod.pinyin]
05-18 12:37:50.613  1000  3369  4292 I am_uid_active: 10080
05-18 12:37:50.613  1000  3369  4292 I am_restart_activity: [0,18367127,38,com.jx.inputmethod.pinyin/.T9SettingActivity]
05-18 12:37:50.614  1000  3369  4292 I am_set_resumed_activity: [0,com.jx.inputmethod.pinyin/.T9SettingActivity,minimalResumeActivityLocked]
05-18 12:37:50.885 10080  8961  8961 I am_on_resume_called: [0,com.jx.inputmethod.pinyin.T9SettingActivity,LAUNCH_ACTIVITY]
05-18 12:37:51.116 10020  4188  4289 I sysui_multi_action: [757,1093,758,4,793,1007,1094,604045312,1095,3]
05-18 12:37:51.195  1000  3369  3392 I sysui_multi_action: [319,365,321,207,322,862,325,306,757,761,758,7,759,1,806,com.jx.inputmethod.pinyin,871,com.jx.inputmethod.pinyin.T9SettingActivity,905,0,945,284]
05-18 12:37:51.195  1000  3369  3392 I am_activity_launch_time: [0,18367127,com.jx.inputmethod.pinyin/.T9SettingActivity,783,783]
05-18 12:37:51.196  1000  3369  3383 I am_stop_activity: [0,210771150,com.tencent.mm/.app.WeChatSplashActivity]
05-18 12:37:51.196  1000  3369  3383 I am_destroy_activity: [0,87001373,37,com.zmapp.plugin.addfriend/.activity.MainActivity,finish-imm]
05-18 12:37:51.208 10077  8922  8922 I am_on_stop_called: [0,com.zmapp.plugin.addfriend.activity.MainActivity,destroy]
05-18 12:37:51.288 10089  8807  8807 I am_on_stop_called: [0,com.tencent.mm.app.WeChatSplashActivity,handleStopActivity]
05-18 12:37:51.376  1000  3369  6930 I wm_task_moved: [38,1,15]
05-18 12:37:51.378  1000  3369  6930 I am_create_activity: [0,20449523,38,com.android.settings/.Settings$AvailableVirtualKeyboardActivity,android.settings.INPUT_METHOD_SETTINGS,NULL,NULL,0]
05-18 12:37:51.379  1000  3369  6930 I am_pause_activity: [0,18367127,com.jx.inputmethod.pinyin/.T9SettingActivity]
05-18 12:37:51.391 10080  8961  8961 I am_on_paused_called: [0,com.jx.inputmethod.pinyin.T9SettingActivity,handlePauseActivity]
05-18 12:37:51.398  1000  3369  6930 I am_restart_activity: [0,20449523,38,com.android.settings/.Settings$AvailableVirtualKeyboardActivity]
05-18 12:37:51.419  1000  3369  6930 I am_set_resumed_activity: [0,com.android.settings/.Settings$AvailableVirtualKeyboardActivity,minimalResumeActivityLocked]
05-18 12:37:51.448  1000  3369  7437 I am_proc_died: [0,8922,com.zmapp.plugin.addfriend,200,8]
05-18 12:37:51.448  1000  3369  7437 I am_uid_stopped: 10077
05-18 12:37:51.452  1000  3369  7437 I wm_task_removed: [37,removeAppToken: last token]
05-18 12:37:51.452  1000  3369  7437 I wm_task_removed: [37,removeTask]
05-18 12:37:51.461  1000  3369  3383 I sysui_count: [window_time_0,1]
05-18 12:37:51.461  1000  3369  3383 I sysui_multi_action: [757,803,799,window_time_0,802,1]
