05-18 12:38:22.774 10070  8052  8052 I am_on_stop_called: [0,com.android.calendar.AllInOneActivity,handleStopActivity]
05-18 12:38:22.995  1000  3369  4276 I am_finish_activity: [0,41327340,50,com.ztapp.themestore/.activity.SplashActivity,app-request]
05-18 12:38:22.996  1000  3369  4276 I am_pause_activity: [0,41327340,com.ztapp.themestore/.activity.SplashActivity]
05-18 12:38:23.000  1000  3369  3383 I sysui_count: [window_time_0,0]
05-18 12:38:23.000  1000  3369  3383 I sysui_multi_action: [757,803,799,window_time_0,802,0]
05-18 12:38:23.041 10082 10185 10185 I am_on_paused_called: [0,com.ztapp.themestore.activity.SplashActivity,handlePauseActivity]
05-18 12:38:23.045  1000  3369  4276 I am_set_resumed_activity: [0,com.goodix.health/.main.BloodOxygenActivity,resumeTopActivityInnerLocked]
05-18 12:38:23.051  1000  3369  4276 I am_resume_activity: [0,12730928,43,com.goodix.health/.main.BloodOxygenActivity]
05-18 12:38:23.071  1000  3369  3383 I sysui_count: [window_time_0,0]
05-18 12:38:23.071  1000  3369  3383 I sysui_multi_action: [757,803,799,window_time_0,802,0]
05-18 12:38:23.082  1000  9764  9764 I am_on_resume_called: [0,com.goodix.health.main.BloodOxygenActivity,RESUME_ACTIVITY]
05-18 12:38:23.094  1000  3369  6840 I am_destroy_activity: [0,41327340,50,com.ztapp.themestore/.activity.SplashActivity,finish-idle]
05-18 12:38:23.123  1000  9764  9764 I menu_opened: 0
05-18 12:38:23.140  1000  9764  9764 I menu_opened: 0
05-18 12:38:23.245 10082 10185 10185 I am_on_stop_called: [0,com.ztapp.themestore.activity.SplashActivity,destroy]
05-18 12:38:23.257  1000  3369  4276 I am_destroy_service: [0,22197943,8668]
05-18 12:38:23.277  1000  3369  3380 I wm_task_removed: [50,removeAppToken: last token]
05-18 12:38:23.279  1000  3369  3380 I wm_task_removed: [50,removeTask]
05-18 12:38:23.580  1000  9764  9764 I menu_opened: 0
05-18 12:38:23.705  1000  3369  9723 I wm_task_moved: [47,1,19]
05-18 12:38:23.706  1000  3369  9723 I am_pause_activity: [0,12730928,com.goodix.health/.main.BloodOxygenActivity]
05-18 12:38:23.708  1000  3369  9723 I am_task_to_front: [0,47]
05-18 12:38:23.709  1000  3369  9723 I am_new_intent: [0,244217127,47,com.tencent.mm/.ui.LauncherUI,android.intent.action.MAIN,NULL,NULL,270532608]
05-18 12:38:23.710  1000  9764  9764 I am_on_paused_called: [0,com.goodix.health.main.BloodOxygenActivity,handlePauseActivity]
05-18 12:38:23.715  1000  3369  9012 I am_set_resumed_activity: [0,com.tencent.mm/.ui.LauncherUI,resumeTopActivityInnerLocked]
05-18 12:38:23.723  1000  3369  9012 I am_relaunch_resume_activity: [0,244217127,47,com.tencent.mm/.ui.LauncherUI]
05-18 12:38:23.743  1000  3369  3383 I sysui_count: [window_time_0,1]
05-18 12:38:23.743  1000  3369  3383 I sysui_multi_action: [757,803,799,window_time_0,802,1]
05-18 12:38:23.812  1000  3369  3382 I am_pss  : [4340,1000,com.android.settings,61505536,37425152,16195584]
05-18 12:38:23.954  1000  3369  9012 I am_proc_start: [0,10409,10089,com.tencent.mm:push,service,com.tencent.mm/.booter.CoreService]
05-18 12:38:23.970  1000  3369  9012 I am_proc_bound: [0,10409,com.tencent.mm:push]
05-18 12:38:23.973  1000  3369  9012 I am_create_service: [0,252641954,.CoreService,10089,10409]
05-18 12:38:23.979  1000  3369  9012 I wm_task_moved: [47,1,19]
05-18 12:38:23.981  1000  3369  9012 I am_create_activity: [0,125676339,47,com.tencent.mm/.plugin.account.ui.WelcomeActivity,NULL,NULL,NULL,536870912]
05-18 12:38:23.982  1000  3369  9012 I am_pause_activity: [0,244217127,com.tencent.mm/.ui.LauncherUI]
05-18 12:38:24.090  1000  3369  6840 I wm_task_moved: [47,1,19]
05-18 12:38:24.092  1000  3369  6840 I am_create_activity: [0,181778972,47,com.tencent.mm/.plugin.account.ui.WelcomeActivity,NULL,NULL,NULL,536870912]
05-18 12:38:24.122 10089  9980  9980 I am_on_resume_called: [0,com.tencent.mm.ui.LauncherUI,handleRelaunchActivity]
05-18 12:38:24.157 10089  9980  9980 I am_on_paused_called: [0,com.tencent.mm.ui.LauncherUI,handlePauseActivity]
05-18 12:38:24.159  1000  3369  3380 I am_restart_activity: [0,181778972,47,com.tencent.mm/.plugin.account.ui.WelcomeActivity]
05-18 12:38:24.160  1000  3369  3380 I am_set_resumed_activity: [0,com.tencent.mm/.plugin.account.ui.WelcomeActivity,minimalResumeActivityLocked]
05-18 12:38:24.167  1000  3369  3383 I sysui_count: [window_time_0,0]
05-18 12:38:24.167  1000  3369  3383 I sysui_multi_action: [757,803,799,window_time_0,802,0]
05-18 12:38:24.576 10089  9980  9980 I am_on_resume_called: [0,com.tencent.mm.plugin.account.ui.WelcomeActivity,LAUNCH_ACTIVITY]
05-18 12:38:24.591 10089 10409 10409 I auditd  : type=1400 audit(0.0:1145): avc: denied { read } for comm="tencent.mm:push" name="anr" dev="mmcblk0p38" ino=64 scontext=u:r:untrusted_app:s0:c512,c768 tcontext=u:object_r:anr_data_file:s0 tclass=dir permissive=0
05-18 12:38:24.943  1000  3369  9012 I wm_task_moved: [13,1,19]
05-18 12:38:24.946  1000  3369  9012 I am_pause_activity: [0,181778972,com.tencent.mm/.plugin.account.ui.WelcomeActivity]
05-18 12:38:24.949  1000  3369  9012 I am_task_to_front: [0,13]
05-18 12:38:24.952  1000  3369  9012 I wm_task_moved: [13,1,19]
05-18 12:38:24.954  1000  3369  9012 I am_create_activity: [0,161699152,13,com.jx.watchos.contact/.MainActivity,android.intent.action.MAIN,NULL,NULL,274726912]
05-18 12:38:24.984 10089  9980  9980 I am_on_paused_called: [0,com.tencent.mm.plugin.account.ui.WelcomeActivity,handlePauseActivity]
05-18 12:38:25.031  1000  3369  9012 I am_proc_start: [0,10465,1000,com.jx.watchos.contact,activity,com.jx.watchos.contact/.MainActivity]
05-18 12:38:25.072  1000  3369  9947 I am_proc_bound: [0,10465,com.jx.watchos.contact]
05-18 12:38:25.084  1000  3369  9947 I am_restart_activity: [0,161699152,13,com.jx.watchos.contact/.MainActivity]
05-18 12:38:25.093  1000  3369  9947 I am_set_resumed_activity: [0,com.jx.watchos.contact/.MainActivity,minimalResumeActivityLocked]
05-18 12:38:25.154  1000  3369  6840 I am_create_service: [0,152619053,.MainProcessIPCService,10089,9980]
05-18 12:38:25.166  1000  3369  3392 I sysui_multi_action: [319,1441,321,1333,322,1024,325,340,757,761,758,9,759,1,806,com.jx.watchos.contact,871,com.jx.watchos.contact.MainActivity,905,0,945,1372]
05-18 12:38:25.368  1000 10465 10465 I am_on_resume_called: [0,com.jx.watchos.contact.MainActivity,LAUNCH_ACTIVITY]
05-18 12:38:25.406 10020  4188  4289 I sysui_multi_action: [757,1093,758,4,793,6009,1094,738263040,1095,4]
05-18 12:38:25.469  1000  3369  9947 I am_uid_active: 10002
05-18 12:38:25.657  1000  3369  3392 I am_activity_launch_time: [0,161699152,com.jx.watchos.contact/.MainActivity,645,1484]
05-18 12:38:25.779  1000  3369  4120 I am_stop_activity: [0,181778972,com.tencent.mm/.plugin.account.ui.WelcomeActivity]
05-18 12:38:25.780  1000  3369  4120 I am_stop_activity: [0,244217127,com.tencent.mm/.ui.LauncherUI]
05-18 12:38:25.780  1000  3369  4120 I am_stop_activity: [0,12730928,com.goodix.health/.main.BloodOxygenActivity]
05-18 12:38:25.796  1000  9764  9764 I am_on_stop_called: [0,com.goodix.health.main.BloodOxygenActivity,handleStopActivity]
05-18 12:38:25.809 10089  9980  9980 I am_on_stop_called: [0,com.tencent.mm.plugin.account.ui.WelcomeActivity,handleStopActivity]
05-18 12:38:25.850 10089  9980  9980 I am_on_stop_called: [0,com.tencent.mm.ui.LauncherUI,handleStopActivity]
05-18 12:38:26.143  1000  3369  7564 I wm_task_moved: [13,1,19]
05-18 12:38:26.144  1000  3369  7564 I am_create_activity: [0,70404161,13,com.jx.watchos.contact/.AddContactActivity,NULL,NULL,NULL,0]
05-18 12:38:26.145  1000  3369  7564 I am_pause_activity: [0,161699152,com.jx.watchos.contact/.MainActivity]
05-18 12:38:26.158  1000 10465 10465 I am_on_paused_called: [0,com.jx.watchos.contact.MainActivity,handlePauseActivity]
05-18 12:38:26.163  1000  3369  7564 I am_restart_activity: [0,70404161,13,com.jx.watchos.contact/.AddContactActivity]
05-18 12:38:26.168  1000  3369  7564 I am_set_resumed_activity: [0,com.jx.watchos.contact/.AddContactActivity,minimalResumeActivityLocked]
05-18 12:38:26.193  1000  3369  3383 I sysui_count: [window_time_0,2]
05-18 12:38:26.193  1000  3369  3383 I sysui_multi_action: [757,803,799,window_time_0,802,2]
05-18 12:38:26.277  1000 10465 10465 I am_on_resume_called: [0,com.jx.watchos.contact.AddContactActivity,LAUNCH_ACTIVITY]
05-18 12:38:26.456  1000  3369  3392 I am_activity_launch_time: [0,70404161,com.jx.watchos.contact/.AddContactActivity,276,276]
05-18 12:38:26.571 10089 10409 10409 I auditd  : type=1400 audit(0.0:1146): avc: denied { read } for comm="mars::10531" name="u:object_r:net_dns_prop:s0" dev="tmpfs" ino=7885 scontext=u:r:untrusted_app:s0:c512,c768 tcontext=u:object_r:net_dns_prop:s0 tclass=file permissive=0
05-18 12:38:26.571 10089 10409 10409 I auditd  : type=1400 audit(0.0:1147): avc: denied { read } for comm="mars::10531" name="u:object_r:net_dns_prop:s0" dev="tmpfs" ino=7885 scontext=u:r:untrusted_app:s0:c512,c768 tcontext=u:object_r:net_dns_prop:s0 tclass=file permissive=0
05-18 12:38:26.629  1000  3369  7564 I am_new_intent: [0,185492049,15,com.jx.launcher/.Launcher,android.intent.action.MAIN,NULL,NULL,270532608]
05-18 12:38:26.629  1000  3369  7564 I wm_task_moved: [15,1,19]
05-18 12:38:26.635  1000  3369  4120 I force_gc: Binder
05-18 12:38:26.635  1000  3369  7564 I am_pause_activity: [0,70404161,com.jx.watchos.contact/.AddContactActivity]
05-18 12:38:26.640  1000  3369  7564 I am_task_to_front: [0,15]
05-18 12:38:26.658  1000 10465 10465 I am_on_paused_called: [0,com.jx.watchos.contact.AddContactActivity,handlePauseActivity]
05-18 12:38:26.689  1000  3369  4276 I am_set_resumed_activity: [0,com.jx.launcher/.Launcher,resumeTopActivityInnerLocked]
05-18 12:38:26.700  1000  3369  4276 I am_resume_activity: [0,185492049,15,com.jx.launcher/.Launcher]
05-18 12:38:26.753  1000  3369  3382 I am_pss  : [9033,1000,com.android.deskclock,24058880,19451904,149504]
05-18 12:38:26.757  1000  3369  3383 I sysui_count: [window_time_0,1]
05-18 12:38:26.758  1000  3369  3383 I sysui_multi_action: [757,803,799,window_time_0,802,1]
05-18 12:38:26.761 10089 10409 10409 I auditd  : type=1400 audit(0.0:1148): avc: denied { read } for comm="mars::10541" name="u:object_r:net_dns_prop:s0" dev="tmpfs" ino=7885 scontext=u:r:untrusted_app:s0:c512,c768 tcontext=u:object_r:net_dns_prop:s0 tclass=file permissive=0
05-18 12:38:26.761 10089 10409 10409 I auditd  : type=1400 audit(0.0:1149): avc: denied { read } for comm="mars::10541" name="u:object_r:net_dns_prop:s0" dev="tmpfs" ino=7885 scontext=u:r:untrusted_app:s0:c512,c768 tcontext=u:object_r:net_dns_prop:s0 tclass=file permissive=0
05-18 12:38:26.761  1000  3369  3369 I am_uid_stopped: 10083
05-18 12:38:26.761  1000  3369  3369 I am_kill : [0,9804,com.zmapp.chat,800,kill background]
05-18 12:38:26.782  1000  8668  8668 I am_on_resume_called: [0,com.jx.launcher.Launcher,RESUME_ACTIVITY]
05-18 12:38:26.789  1000  3369  3369 I am_finish_activity: [0,200429771,44,com.zmapp.chat/.activity.MainActivity,force-stop]
05-18 12:38:26.829  1000  3369  4120 I am_create_service: [0,191621096,.AlertService,10070,8052]
05-18 12:38:26.830  1000  3369  3383 I sysui_count: [window_time_0,0]
05-18 12:38:26.830  1000  3369  3383 I sysui_multi_action: [757,803,799,window_time_0,802,0]
05-18 12:38:26.830  1000  3369  3383 I am_destroy_activity: [0,200429771,44,com.zmapp.chat/.activity.MainActivity,finish-idle]
05-18 12:38:26.840  1000  3369  3383 I wm_task_removed: [44,removeAppToken: last token]
05-18 12:38:26.860  1000  3369  3383 I wm_task_removed: [44,removeTask]
05-18 12:38:26.866  1000  3369  3398 I am_destroy_service: [0,46157616,8561]
05-18 12:38:26.868  1000  3369  3369 I am_uid_stopped: 10071
05-18 12:38:26.868  1000  3369  3369 I am_kill : [0,9741,com.android.browser,906,kill background]
05-18 12:38:26.909  1000  3369  3369 I am_finish_activity: [0,87222973,17,com.android.browser/.BrowserActivity,force-stop]
05-18 12:38:26.948  1000  3369  3383 I sysui_count: [window_time_0,0]
05-18 12:38:26.948  1000  3369  3383 I sysui_multi_action: [757,803,799,window_time_0,802,0]
05-18 12:38:26.948  1000  3369  3383 I am_destroy_activity: [0,87222973,17,com.android.browser/.BrowserActivity,finish-idle]
05-18 12:38:26.954  1000  3369  3383 I wm_task_removed: [17,removeAppToken: last token]
05-18 12:38:26.957  1000  3369  3383 I wm_task_removed: [17,removeTask]
05-18 12:38:26.986  1000  3369  3382 I am_pss  : [9144,10047,com.sprd.fileexplorer,18226176,13963264,157696]
05-18 12:38:26.988  1000  3369  3369 I am_kill : [0,10409,com.tencent.mm:push,0,stop com.tencent.mm]
05-18 12:38:26.998  1000  3369  3369 I am_destroy_service: [0,152619053,9980]
05-18 12:38:26.999  1000  3369  3369 I am_schedule_service_restart: [0,com.tencent.mm/.booter.CoreService,1000]
05-18 12:38:27.004  1000  3369  3369 I am_uid_stopped: 10089
05-18 12:38:27.004  1000  3369  3369 I am_kill : [0,9980,com.tencent.mm,0,stop com.tencent.mm]
05-18 12:38:27.008  1000  3369  3369 I am_destroy_service: [0,252641954,-1]
05-18 12:38:27.008  1000  3369  3369 I am_destroy_service: [0,241912823,9980]
05-18 12:38:27.017  1000  3369  3369 I am_finish_activity: [0,244217127,47,com.tencent.mm/.ui.LauncherUI,force-stop]
05-18 12:38:27.025  1000  3369  3369 I am_finish_activity: [0,125676339,47,com.tencent.mm/.plugin.account.ui.WelcomeActivity,force-stop]
05-18 12:38:27.027  1000  3369  3369 I am_destroy_activity: [0,125676339,47,com.tencent.mm/.plugin.account.ui.WelcomeActivity,finish-imm]
05-18 12:38:27.038  1000  3369  3369 I am_finish_activity: [0,181778972,47,com.tencent.mm/.plugin.account.ui.WelcomeActivity,force-stop]
05-18 12:38:27.047  1000  3369  3383 I sysui_count: [window_time_0,0]
05-18 12:38:27.048  1000  3369  3383 I sysui_multi_action: [757,803,799,window_time_0,802,0]
05-18 12:38:27.054  1000  3369  3383 I sysui_count: [window_time_0,0]
05-18 12:38:27.057  1000  3369  3383 I sysui_multi_action: [757,803,799,window_time_0,802,0]
05-18 12:38:27.057  1000  3369  3383 I sysui_count: [window_time_0,0]
05-18 12:38:27.059  1000  3369  3383 I sysui_multi_action: [757,803,799,window_time_0,802,0]
05-18 12:38:27.069  1000  3369  3383 I am_destroy_activity: [0,244217127,47,com.tencent.mm/.ui.LauncherUI,finish-idle]
05-18 12:38:27.085  1000  3369  3383 I am_destroy_activity: [0,181778972,47,com.tencent.mm/.plugin.account.ui.WelcomeActivity,finish-idle]
05-18 12:38:27.095  1000  3369  3383 I wm_task_removed: [47,removeAppToken: last token]
05-18 12:38:27.095  1000  3369  3383 I wm_task_removed: [47,removeTask]
05-18 12:38:27.100  1000  3369  3369 I am_uid_stopped: 10081
05-18 12:38:27.100  1000  3369  3369 I am_kill : [0,10138,com.jx.market,800,kill background]
05-18 12:38:27.107  1000  3369  3392 I sysui_multi_action: [319,118,321,83,322,278,325,343,757,761,758,9,759,4,806,com.jx.launcher,871,com.jx.launcher.Launcher,905,0]
05-18 12:38:27.112  1000  3369  3383 I am_stop_activity: [0,161699152,com.jx.watchos.contact/.MainActivity]
05-18 12:38:27.119  1000  3369  3383 I am_stop_activity: [0,70404161,com.jx.watchos.contact/.AddContactActivity]
05-18 12:38:27.124  1000 10465 10465 I am_on_stop_called: [0,com.jx.watchos.contact.MainActivity,handleStopActivity]
05-18 12:38:27.124  1000  3369  3369 I am_finish_activity: [0,56436322,51,com.jx.market/.ui.v2.MainActivity,force-stop]
05-18 12:38:27.129  1000 10465 10465 I am_on_stop_called: [0,com.jx.watchos.contact.AddContactActivity,handleStopActivity]
05-18 12:38:27.143  1000  3369  3383 I sysui_count: [window_time_0,0]
05-18 12:38:27.143  1000  3369  3383 I sysui_multi_action: [757,803,799,window_time_0,802,0]
05-18 12:38:27.147  1000  3369  3383 I am_destroy_activity: [0,56436322,51,com.jx.market/.ui.v2.MainActivity,finish-idle]
05-18 12:38:27.158  1000  3369  3383 I wm_task_removed: [51,removeAppToken: last token]
05-18 12:38:27.161  1000  3369  3383 I wm_task_removed: [51,removeTask]
05-18 12:38:27.174  1000  3369  3369 I am_uid_stopped: 10082
05-18 12:38:27.174  1000  3369  3369 I am_kill : [0,10185,com.ztapp.themestore,800,kill background]
05-18 12:38:27.246  1000  3369  3369 I notification_cancel_all: [1000,3369,com.zmapp.chat,0,0,0,5,NULL]
05-18 12:38:27.246  1000  3369  3369 I notification_cancel_all: [1000,3369,com.android.browser,0,0,0,5,NULL]
05-18 12:38:27.246  1000  3369  3369 I notification_cancel_all: [1000,3369,com.tencent.mm,0,0,0,5,NULL]
05-18 12:38:27.246  1000  3369  3369 I notification_cancel_all: [1000,3369,com.jx.market,0,0,0,5,NULL]
05-18 12:38:27.246  1000  3369  3369 I notification_cancel_all: [1000,3369,com.ztapp.themestore,0,0,0,5,NULL]
05-18 12:38:27.296  1000  8668  8668 I menu_opened: 0
05-18 12:38:27.335  1000  3369  6929 I wm_task_created: [52,1]
05-18 12:38:27.335  1000  3369  6929 I wm_task_moved: [52,1,16]
05-18 12:38:27.336  1000  3369  6929 I wm_task_moved: [52,1,16]
05-18 12:38:27.337  1000  3369  6929 I am_create_task: [0,52]
05-18 12:38:27.337  1000  3369  6929 I am_create_activity: [0,26617914,52,com.android.settings/.Settings2,android.intent.action.MAIN,NULL,NULL,270532608]
05-18 12:38:27.338  1000  3369  6929 I wm_task_moved: [52,1,16]
05-18 12:38:27.341  1000  3369  6929 I am_pause_activity: [0,185492049,com.jx.launcher/.Launcher]
05-18 12:38:27.365  1000  8668  8668 I am_on_paused_called: [0,com.jx.launcher.Launcher,handlePauseActivity]
05-18 12:38:27.372  1000  3369 10559 I am_restart_activity: [0,26617914,52,com.android.settings/.Settings2]
05-18 12:38:27.375  1000  3369 10559 I am_set_resumed_activity: [0,com.android.settings/.Settings2,minimalResumeActivityLocked]
05-18 12:38:27.389  1000  3369  3383 I sysui_count: [window_time_0,0]
05-18 12:38:27.390  1000  3369  3383 I sysui_multi_action: [757,803,799,window_time_0,802,0]
05-18 12:38:27.449  1000  4340  4340 I am_on_resume_called: [0,com.android.settings.Settings2,LAUNCH_ACTIVITY]
05-18 12:38:27.586  1000  3369  3392 I am_activity_launch_time: [0,26617914,com.android.settings/.Settings2,191,191]
05-18 12:38:27.586  1000  3369  3392 I sysui_multi_action: [319,250,322,233,325,343,757,761,758,8,759,2,806,com.android.settings,871,com.android.settings.Settings2,905,0]
05-18 12:38:27.596  1000  3369  3383 I am_stop_activity: [0,185492049,com.jx.launcher/.Launcher]
05-18 12:38:27.600  1000  8668  8668 I am_on_stop_called: [0,com.jx.launcher.Launcher,handleStopActivity]
05-18 12:38:27.721  1000  3369  4276 I wm_task_moved: [52,1,16]
05-18 12:38:27.722  1000  3369  4276 I wm_task_moved: [52,1,16]
05-18 12:38:27.723  1000  3369  4276 I am_create_activity: [0,267392175,52,com.android.settings/.Settings$NetworkDashboardActivity,NULL,NULL,NULL,268435456]
05-18 12:38:27.725  1000  3369  4276 I am_pause_activity: [0,26617914,com.android.settings/.Settings2]
05-18 12:38:27.739  1000  4340  4340 I am_on_paused_called: [0,com.android.settings.Settings2,handlePauseActivity]
05-18 12:38:27.741  1000  3369  9012 I am_restart_activity: [0,267392175,52,com.android.settings/.Settings$NetworkDashboardActivity]
05-18 12:38:27.744  1000  3369  9012 I am_set_resumed_activity: [0,com.android.settings/.Settings$NetworkDashboardActivity,minimalResumeActivityLocked]
05-18 12:38:27.751  1000  3369  3383 I sysui_count: [window_time_0,1]
05-18 12:38:27.751  1000  3369  3383 I sysui_multi_action: [757,803,799,window_time_0,802,1]
05-18 12:38:27.849  1000  4340  4340 I sysui_multi_action: [757,746,758,1,833,0]
05-18 12:38:27.875  1000  4340  4340 I am_on_resume_called: [0,com.android.settings.Settings$NetworkDashboardActivity,LAUNCH_ACTIVITY]
05-18 12:38:28.063  1000  3369  3392 I am_activity_launch_time: [0,267392175,com.android.settings/.Settings$NetworkDashboardActivity,299,299]
05-18 12:38:28.137  1000  3369  6927 I am_stop_activity: [0,26617914,com.android.settings/.Settings2]
05-18 12:38:28.163  1000  4340  4340 I am_on_stop_called: [0,com.android.settings.Settings2,handleStopActivity]
05-18 12:38:28.292  1000  3369  6927 I wm_task_moved: [52,1,16]
05-18 12:38:28.294  1000  3369  6927 I am_create_activity: [0,225741789,52,com.android.settings/.SubSettings,android.intent.action.MAIN,NULL,NULL,0]
05-18 12:38:28.294  1000  3369  6927 I am_pause_activity: [0,267392175,com.android.settings/.Settings$NetworkDashboardActivity]
05-18 12:38:28.321  1000  4340  4340 I sysui_view_visibility: [746,0]
05-18 12:38:28.321  1000  4340  4340 I sysui_multi_action: [757,746,758,2]
05-18 12:38:28.329  1000  4340  4340 I am_on_paused_called: [0,com.android.settings.Settings$NetworkDashboardActivity,handlePauseActivity]
05-18 12:38:28.331  1000  3369  4276 I am_restart_activity: [0,225741789,52,com.android.settings/.SubSettings]
05-18 12:38:28.334  1000  3369  4276 I am_set_resumed_activity: [0,com.android.settings/.SubSettings,minimalResumeActivityLocked]
05-18 12:38:28.338  1000  3369  3383 I sysui_count: [window_time_0,0]
05-18 12:38:28.338  1000  3369  3383 I sysui_multi_action: [757,803,799,window_time_0,802,0]
05-18 12:38:28.422 10020  4188  4289 I sysui_multi_action: [757,1093,758,4,793,3016,1094,738263040,1095,4]
05-18 12:38:28.423  1000  4340  4340 I sysui_multi_action: [757,83,758,1,833,746]
05-18 12:38:28.423  1000  4340  4340 I am_on_resume_called: [0,com.android.settings.SubSettings,LAUNCH_ACTIVITY]
05-18 12:38:28.516  1000  3369  3392 I am_activity_launch_time: [0,225741789,com.android.settings/.SubSettings,180,180]
05-18 12:38:28.576  1000  3369  3380 I am_stop_activity: [0,267392175,com.android.settings/.Settings$NetworkDashboardActivity]
05-18 12:38:28.627  1000  3369  3380 I am_finish_activity: [0,267392175,52,com.android.settings/.Settings$NetworkDashboardActivity,app-request]
05-18 12:38:28.629  1000  3369  3380 I am_destroy_activity: [0,267392175,52,com.android.settings/.Settings$NetworkDashboardActivity,finish-imm]
05-18 12:38:28.646  1000  3369  3383 I sysui_count: [window_time_0,1]
05-18 12:38:28.646  1000  3369  3383 I sysui_multi_action: [757,803,799,window_time_0,802,1]
05-18 12:38:28.646  1000  4340  4340 I am_on_stop_called: [0,com.android.settings.Settings$NetworkDashboardActivity,handleStopActivity]
05-18 12:38:28.946  1000  3369  6927 I wm_task_moved: [52,1,16]
05-18 12:38:28.948  1000  3369  6927 I am_create_activity: [0,202115622,52,com.android.settings/.SubSettings,android.intent.action.MAIN,NULL,NULL,0]
05-18 12:38:28.949  1000  3369  6927 I am_pause_activity: [0,225741789,com.android.settings/.SubSettings]
05-18 12:38:28.957  1000  4340  4340 I sysui_view_visibility: [83,0]
05-18 12:38:28.957  1000  4340  4340 I sysui_multi_action: [757,83,758,2]
05-18 12:38:28.959  1000  4340  4340 I am_on_paused_called: [0,com.android.settings.SubSettings,handlePauseActivity]
05-18 12:38:28.960  1000  3369  6929 I am_restart_activity: [0,202115622,52,com.android.settings/.SubSettings]
05-18 12:38:28.963  1000  3369  6929 I am_set_resumed_activity: [0,com.android.settings/.SubSettings,minimalResumeActivityLocked]
05-18 12:38:28.973  1000  3369  3383 I sysui_count: [window_time_0,0]
05-18 12:38:28.973  1000  3369  3383 I sysui_multi_action: [757,803,799,window_time_0,802,0]
05-18 12:38:29.020  1000  4340  4340 I sysui_multi_action: [757,84,758,1,833,83]
05-18 12:38:29.021  1000  4340  4340 I am_on_resume_called: [0,com.android.settings.SubSettings,LAUNCH_ACTIVITY]
05-18 12:38:29.114  1000  3369  3392 I am_activity_launch_time: [0,202115622,com.android.settings/.SubSettings,147,147]
05-18 12:38:29.174  1000  3369  6927 I am_stop_activity: [0,225741789,com.android.settings/.SubSettings]
05-18 12:38:29.175  1000  3369  6929 I sysui_count: [key_back_down,1]
05-18 12:38:29.175  1000  3369  6929 I sysui_multi_action: [757,803,799,key_back_down,802,1]
05-18 12:38:29.205  1000  3369  6927 I am_finish_activity: [0,225741789,52,com.android.settings/.SubSettings,app-request]
05-18 12:38:29.206  1000  3369  6927 I am_destroy_activity: [0,225741789,52,com.android.settings/.SubSettings,finish-imm]
05-18 12:38:29.209  1000  3369  3383 I sysui_count: [window_time_0,0]
05-18 12:38:29.209  1000  3369  3383 I sysui_multi_action: [757,803,799,window_time_0,802,0]
05-18 12:38:29.209  1000  4340  4340 I am_on_stop_called: [0,com.android.settings.SubSettings,handleStopActivity]
05-18 12:38:29.275  1000  3369  3380 I am_finish_activity: [0,202115622,52,com.android.settings/.SubSettings,app-request]
05-18 12:38:29.276  1000  3369  3380 I am_pause_activity: [0,202115622,com.android.settings/.SubSettings]
05-18 12:38:29.279  1000  3369  3383 I sysui_count: [window_time_0,0]
05-18 12:38:29.279  1000  3369  3383 I sysui_multi_action: [757,803,799,window_time_0,802,0]
05-18 12:38:29.288  1000  4340  4340 I sysui_view_visibility: [84,0]
05-18 12:38:29.288  1000  4340  4340 I sysui_multi_action: [757,84,758,2]
05-18 12:38:29.290  1000  4340  4340 I am_on_paused_called: [0,com.android.settings.SubSettings,handlePauseActivity]
05-18 12:38:29.297  1000  3369  3380 I am_set_resumed_activity: [0,com.android.settings/.Settings2,resumeTopActivityInnerLocked]
05-18 12:38:29.298  1000  3369  3380 I am_resume_activity: [0,26617914,52,com.android.settings/.Settings2]
05-18 12:38:29.302  1000  3369  3383 I sysui_count: [window_time_0,0]
05-18 12:38:29.302  1000  3369  3383 I sysui_multi_action: [757,803,799,window_time_0,802,0]
05-18 12:38:29.306  1000  4340  4340 I am_on_resume_called: [0,com.android.settings.Settings2,RESUME_ACTIVITY]
05-18 12:38:29.427 10020  4188  4289 I sysui_multi_action: [757,1093,758,4,793,1005,1094,738263040,1095,4]
05-18 12:38:29.454  1000  3369  6596 I am_destroy_activity: [0,202115622,52,com.android.settings/.SubSettings,finish-imm]
05-18 12:38:29.457  1000  4340  4340 I am_on_stop_called: [0,com.android.settings.SubSettings,destroy]
05-18 12:38:29.497  1000  3369  3540 I wm_task_created: [53,1]
05-18 12:38:29.498  1000  3369  3540 I wm_task_moved: [53,1,17]
05-18 12:38:29.498  1000  3369  3540 I wm_task_moved: [53,1,17]
05-18 12:38:29.500  1000  3369  3540 I am_create_task: [0,53]
05-18 12:38:29.500  1000  3369  3540 I am_create_activity: [0,245075294,53,com.android.browser/.BrowserActivity,android.intent.action.MAIN,NULL,NULL,268435456]
05-18 12:38:29.500  1000  3369  3540 I wm_task_moved: [53,1,17]
05-18 12:38:29.502  1000  3369  3540 I am_pause_activity: [0,26617914,com.android.settings/.Settings2]
05-18 12:38:29.507  1000  4340  4340 I am_on_paused_called: [0,com.android.settings.Settings2,handlePauseActivity]
05-18 12:38:29.512  1000  3369  4203 I am_uid_running: 10071
05-18 12:38:29.523  1000  3369  4203 I am_proc_start: [0,10583,10071,com.android.browser,activity,com.android.browser/.BrowserActivity]
05-18 12:38:29.549  1000  3369  4203 I am_proc_bound: [0,10583,com.android.browser]
05-18 12:38:29.562  1000  3369  4203 I am_uid_active: 10071
05-18 12:38:29.562  1000  3369  4203 I am_restart_activity: [0,245075294,53,com.android.browser/.BrowserActivity]
05-18 12:38:29.573  1000  3369  4203 I am_set_resumed_activity: [0,com.android.browser/.BrowserActivity,minimalResumeActivityLocked]
05-18 12:38:30.332 10071 10583 10583 I am_on_resume_called: [0,com.android.browser.BrowserActivity,LAUNCH_ACTIVITY]
05-18 12:38:30.484  1000  3369  3392 I sysui_multi_action: [319,96,321,60,322,985,325,345,757,761,758,7,759,1,806,com.android.browser,871,com.android.browser.BrowserActivity,904,android,905,0,945,57]
05-18 12:38:30.484  1000  3369  3392 I am_activity_launch_time: [0,245075294,com.android.browser/.BrowserActivity,967,967]
05-18 12:38:30.561  1000  3369  3380 I am_stop_activity: [0,26617914,com.android.settings/.Settings2]
05-18 12:38:30.562  1000  4340  4340 I am_on_stop_called: [0,com.android.settings.Settings2,handleStopActivity]
05-18 12:38:30.666  1000  3369  5122 I sysui_count: [key_back_down,1]
05-18 12:38:30.666  1000  3369  5122 I sysui_multi_action: [757,803,799,key_back_down,802,1]
05-18 12:38:30.706  1000  3369  6914 I wm_task_moved: [53,0,0]
05-18 12:38:30.712  1000  3369  6914 I am_pause_activity: [0,245075294,com.android.browser/.BrowserActivity]
05-18 12:38:30.720 10071 10583 10583 I am_on_paused_called: [0,com.android.browser.BrowserActivity,handlePauseActivity]
05-18 12:38:30.723  1000  3369  3380 I am_set_resumed_activity: [0,com.android.settings/.Settings2,resumeTopActivityInnerLocked]
05-18 12:38:30.732  1000  3369  3380 I am_resume_activity: [0,26617914,52,com.android.settings/.Settings2]
05-18 12:38:30.750  1000  3369  3383 I sysui_count: [window_time_0,2]
05-18 12:38:30.750  1000  3369  3383 I sysui_multi_action: [757,803,799,window_time_0,802,2]
05-18 12:38:30.752  1000  4340  4340 I am_on_resume_called: [0,com.android.settings.Settings2,RESUME_ACTIVITY]
05-18 12:38:30.916  1000  3369  3383 I am_stop_activity: [0,245075294,com.android.browser/.BrowserActivity]
05-18 12:38:30.956 10071 10583 10583 I am_on_stop_called: [0,com.android.browser.BrowserActivity,handleStopActivity]
05-18 12:38:30.983  1000  3369  9012 I wm_task_created: [54,1]
05-18 12:38:30.983  1000  3369  9012 I wm_task_moved: [54,1,18]
05-18 12:38:30.984  1000  3369  9012 I wm_task_moved: [54,1,18]
05-18 12:38:30.986  1000  3369  9012 I am_create_task: [0,54]
05-18 12:38:30.986  1000  3369  9012 I am_create_activity: [0,227761163,54,com.android.settings/.Settings$DisplaySettingsActivity,NULL,NULL,NULL,268435456]
05-18 12:38:30.986  1000  3369  9012 I wm_task_moved: [54,1,18]
05-18 12:38:30.990  1000  3369  9012 I am_pause_activity: [0,26617914,com.android.settings/.Settings2]
05-18 12:38:31.018  1000  4340  4340 I am_on_paused_called: [0,com.android.settings.Settings2,handlePauseActivity]
05-18 12:38:31.023  1000  3369  9012 I am_restart_activity: [0,227761163,54,com.android.settings/.Settings$DisplaySettingsActivity]
05-18 12:38:31.026  1000  3369  9012 I am_set_resumed_activity: [0,com.android.settings/.Settings$DisplaySettingsActivity,minimalResumeActivityLocked]
05-18 12:38:31.049  1000  3369  3383 I sysui_count: [window_time_0,0]
05-18 12:38:31.049  1000  3369  3383 I sysui_multi_action: [757,803,799,window_time_0,802,0]
05-18 12:38:31.190  1000  4340 10574 I sysui_count: [DisplaySettings/screenSize|10,1]
05-18 12:38:31.191  1000  4340 10574 I sysui_multi_action: [757,803,799,DisplaySettings/screenSize|10,802,1]
05-18 12:38:31.193  1000  4340 10575 I sysui_count: [DisplaySettings/screen_timeout|30000,1]
05-18 12:38:31.194  1000  4340 10575 I sysui_multi_action: [757,803,799,DisplaySettings/screen_timeout|30000,802,1]
05-18 12:38:31.231  1000  4340  4340 I sysui_multi_action: [757,46,758,1,833,0]
05-18 12:38:31.241  1000  4340  4340 I am_on_resume_called: [0,com.android.settings.Settings$DisplaySettingsActivity,LAUNCH_ACTIVITY]
05-18 12:38:31.367  1000  3369  3392 I am_activity_launch_time: [0,227761163,com.android.settings/.Settings$DisplaySettingsActivity,341,341]
05-18 12:38:31.390  1000  4340  4340 I sysui_multi_action: [757,830,758,4,806,com.android.intent.action.SHOW_BRIGHTNESS_DIALOG,833,46]
05-18 12:38:31.396  1000  3369  4203 I wm_task_created: [55,1]
05-18 12:38:31.397  1000  3369  4203 I wm_task_moved: [55,1,19]
05-18 12:38:31.397  1000  3369  4203 I wm_task_moved: [55,1,19]
05-18 12:38:31.400  1000  3369  4203 I am_create_task: [0,55]
05-18 12:38:31.401  1000  3369  4203 I am_create_activity: [0,46451903,55,com.android.systemui/.settings.BrightnessDialog,com.android.intent.action.SHOW_BRIGHTNESS_DIALOG,NULL,NULL,276824064]
05-18 12:38:31.405  1000  3369  4203 I wm_task_moved: [55,1,19]
05-18 12:38:31.410  1000  3369  4203 I am_pause_activity: [0,227761163,com.android.settings/.Settings$DisplaySettingsActivity]
05-18 12:38:31.420  1000  4340  4340 I sysui_view_visibility: [46,0]
05-18 12:38:31.420  1000  4340  4340 I sysui_multi_action: [757,46,758,2]
05-18 12:38:31.424  1000  4340  4340 I am_on_paused_called: [0,com.android.settings.Settings$DisplaySettingsActivity,handlePauseActivity]
05-18 12:38:31.431  1000  3369  6927 I am_restart_activity: [0,46451903,55,com.android.systemui/.settings.BrightnessDialog]
05-18 12:38:31.434  1000  3369  6927 I am_set_resumed_activity: [0,com.android.systemui/.settings.BrightnessDialog,minimalResumeActivityLocked]
05-18 12:38:31.440  1000  3369  3383 I sysui_count: [window_time_0,0]
05-18 12:38:31.440  1000  3369  3383 I sysui_multi_action: [757,803,799,window_time_0,802,0]
05-18 12:38:31.452  1000  3369  3380 I am_stop_activity: [0,26617914,com.android.settings/.Settings2]
05-18 12:38:31.455  1000  4340  4340 I am_on_stop_called: [0,com.android.settings.Settings2,handleStopActivity]
05-18 12:38:31.499 10020  4188  4188 I sysui_view_visibility: [220,100]
05-18 12:38:31.499 10020  4188  4188 I sysui_multi_action: [757,220,758,1]
05-18 12:38:31.503 10020  4188  4188 I am_on_resume_called: [0,com.android.systemui.settings.BrightnessDialog,LAUNCH_ACTIVITY]
05-18 12:38:31.619 10020  4188  4289 I sysui_multi_action: [757,1093,758,4,793,2192,1094,738263040,1095,4]
05-18 12:38:31.658  1000  3369  3392 I am_activity_launch_time: [0,46451903,com.android.systemui/.settings.BrightnessDialog,219,219]
05-18 12:38:31.663  1000  3369  3392 I sysui_multi_action: [319,253,322,252,325,347,757,761,758,8,759,2,806,com.android.systemui,871,com.android.systemui.settings.BrightnessDialog,904,com.android.settings,905,0]
05-18 12:38:31.774  1000  3369  3382 I am_pss  : [8117,1000,com.zmapp.album,24978432,20770816,154624]
05-18 12:38:31.921  1000  3369  6914 I am_finish_activity: [0,46451903,55,com.android.systemui/.settings.BrightnessDialog,app-request]
05-18 12:38:31.927  1000  3369  6914 I am_pause_activity: [0,46451903,com.android.systemui/.settings.BrightnessDialog]
05-18 12:38:31.932  1000  3369  3383 I sysui_count: [window_time_0,1]
05-18 12:38:31.932  1000  3369  3383 I sysui_multi_action: [757,803,799,window_time_0,802,1]
05-18 12:38:31.961 10020  4188  4188 I am_on_paused_called: [0,com.android.systemui.settings.BrightnessDialog,handlePauseActivity]
05-18 12:38:31.978  1000  3369  6199 I am_set_resumed_activity: [0,com.android.settings/.Settings$DisplaySettingsActivity,resumeTopActivityInnerLocked]
05-18 12:38:31.985  1000  3369  6199 I am_resume_activity: [0,227761163,54,com.android.settings/.Settings$DisplaySettingsActivity]
05-18 12:38:32.033  1000  3369  3383 I sysui_count: [window_time_0,0]
05-18 12:38:32.033  1000  3369  3383 I sysui_multi_action: [757,803,799,window_time_0,802,0]
05-18 12:38:32.078  1000  3369  4276 I force_gc: Binder
05-18 12:38:32.085  1000  4340  4340 I sysui_multi_action: [757,46,758,1,833,0]
05-18 12:38:32.125  1000  4340  4340 I am_on_resume_called: [0,com.android.settings.Settings$DisplaySettingsActivity,RESUME_ACTIVITY]
05-18 12:38:32.145  1000  3369  3540 I am_new_intent: [0,76299313,4,com.jx.launcher/.Launcher,android.intent.action.MAIN,NULL,NULL,268435712]
05-18 12:38:32.145  1000  3369  3540 I wm_task_moved: [4,1,0]
05-18 12:38:32.150  1000  3369  3540 I am_focused_stack: [0,0,1,bringingFoundTaskToFront]
05-18 12:38:32.150  1000  3369  3540 I wm_task_moved: [4,1,0]
05-18 12:38:32.153  1000  3369  3540 I am_pause_activity: [0,227761163,com.android.settings/.Settings$DisplaySettingsActivity]
05-18 12:38:32.157  1000  3369  3540 I am_task_to_front: [0,4]
05-18 12:38:32.210  1000  4340  4340 I sysui_view_visibility: [46,0]
05-18 12:38:32.210  1000  4340  4340 I sysui_multi_action: [757,46,758,2]
05-18 12:38:32.219  1000  4340  4340 I am_on_paused_called: [0,com.android.settings.Settings$DisplaySettingsActivity,handlePauseActivity]
05-18 12:38:32.222  1000  3369  9012 I am_set_resumed_activity: [0,com.jx.launcher/.Launcher,resumeTopActivityInnerLocked]
05-18 12:38:32.230  1000  3369  9012 I am_resume_activity: [0,76299313,4,com.jx.launcher/.Launcher]
05-18 12:38:32.241  1000  3369  3369 I am_uid_stopped: 10071
05-18 12:38:32.242  1000  3369  3369 I am_kill : [0,10583,com.android.browser,900,kill background]
05-18 12:38:32.264  1000  3369  3369 I am_finish_activity: [0,245075294,53,com.android.browser/.BrowserActivity,force-stop]
05-18 12:38:32.275  1000  3369  3383 I am_destroy_activity: [0,46451903,55,com.android.systemui/.settings.BrightnessDialog,finish-idle]
05-18 12:38:32.280  1000  3369  3383 I am_destroy_activity: [0,245075294,53,com.android.browser/.BrowserActivity,finish-idle]
05-18 12:38:32.281 10020  4188  4188 I sysui_view_visibility: [220,0]
05-18 12:38:32.281 10020  4188  4188 I sysui_multi_action: [757,220,758,2]
05-18 12:38:32.282 10020  4188  4188 I am_on_stop_called: [0,com.android.systemui.settings.BrightnessDialog,destroy]
05-18 12:38:32.293  1000  3369  4276 I wm_task_removed: [55,removeAppToken: last token]
05-18 12:38:32.293  1000  3369  4276 I wm_task_removed: [55,removeTask]
05-18 12:38:32.303  1000  8668  8668 I am_on_resume_called: [0,com.jx.launcher.Launcher,RESUME_ACTIVITY]
05-18 12:38:32.310  1000  3369  3383 I sysui_count: [window_time_0,0]
05-18 12:38:32.310  1000  3369  3383 I sysui_multi_action: [757,803,799,window_time_0,802,0]
05-18 12:38:32.311  1000  3369  3383 I sysui_count: [window_time_0,0]
05-18 12:38:32.311  1000  3369  3383 I sysui_multi_action: [757,803,799,window_time_0,802,0]
05-18 12:38:32.314  1000  3369  3369 I notification_cancel_all: [1000,3369,com.android.browser,0,0,0,5,NULL]
05-18 12:38:32.454  1000  3369  3392 I sysui_multi_action: [319,285,322,248,325,348,757,761,758,9,759,2,806,com.jx.launcher,871,com.jx.launcher.Launcher,905,0]
05-18 12:38:32.470  1000  3369  3526 I wm_task_removed: [53,removeAppToken: last token]
05-18 12:38:32.470  1000  3369  3526 I wm_task_removed: [53,removeTask]
05-18 12:38:32.485  1000  3369  3383 I am_stop_activity: [0,227761163,com.android.settings/.Settings$DisplaySettingsActivity]
05-18 12:38:32.627  1000  3369  6199 I wm_task_created: [56,1]
05-18 12:38:32.627  1000  3369  6199 I wm_task_moved: [56,1,18]
05-18 12:38:32.627  1000  3369  6199 I am_focused_stack: [0,1,0,reuseOrNewTask]
05-18 12:38:32.627  1000  3369  6199 I wm_task_moved: [56,1,18]
05-18 12:38:32.629  1000  3369  6199 I am_create_task: [0,56]
05-18 12:38:32.629  1000  3369  6199 I am_create_activity: [0,158123045,56,com.tencent.mm/.ui.LauncherUI,android.intent.action.MAIN,NULL,NULL,270532608]
05-18 12:38:32.629  1000  3369  6199 I wm_task_moved: [56,1,18]
05-18 12:38:32.632  1000  3369  6199 I am_pause_activity: [0,76299313,com.jx.launcher/.Launcher]
05-18 12:38:32.645  1000  8668  8668 I am_on_paused_called: [0,com.jx.launcher.Launcher,handlePauseActivity]
05-18 12:38:32.657  1000  3369  6914 I am_uid_running: 10089
05-18 12:38:32.668  1000  3369  6914 I am_proc_start: [0,10701,10089,com.tencent.mm,activity,com.tencent.mm/.ui.LauncherUI]
05-18 12:38:32.673  1000  3369  3383 I sysui_count: [window_time_0,1]
05-18 12:38:32.673  1000  3369  3383 I sysui_multi_action: [757,803,799,window_time_0,802,1]
05-18 12:38:32.709  1000  3369 10551 I am_proc_bound: [0,10701,com.tencent.mm]
05-18 12:38:32.729  1000  3369 10551 I am_uid_active: 10089
05-18 12:38:32.729  1000  3369 10551 I am_restart_activity: [0,158123045,56,com.tencent.mm/.ui.LauncherUI]
05-18 12:38:32.730  1000  3369 10551 I am_set_resumed_activity: [0,com.tencent.mm/.ui.LauncherUI,minimalResumeActivityLocked]
05-18 12:38:32.739  1000  4340  4340 I am_on_stop_called: [0,com.android.settings.Settings$DisplaySettingsActivity,handleStopActivity]
05-18 12:38:33.194  1000  3369  6199 I am_wtf  : [0,10701,com.tencent.mm,951598660,FirebaseApp,Failed to find provider com.google.android.gms.phenotype for user 0; expected to find a valid ContentProvider for this authority]
05-18 12:38:33.280  1000  3369  6199 I wm_task_moved: [56,1,18]
05-18 12:38:33.282  1000  3369  6199 I am_create_activity: [0,37556497,56,com.tencent.mm/.app.WeChatSplashActivity,NULL,NULL,NULL,0]
05-18 12:38:33.282  1000  3369  6199 I am_pause_activity: [0,158123045,com.tencent.mm/.ui.LauncherUI]
05-18 12:38:33.305 10089 10701 10701 I am_on_resume_called: [0,com.tencent.mm.ui.LauncherUI,LAUNCH_ACTIVITY]
05-18 12:38:33.526  1000  3369 10551 I am_new_intent: [0,136696320,14,com.jx.watchos.setting/.theme.activity.WatchDialModelActivity,NULL,NULL,NULL,268468224]
05-18 12:38:33.527  1000  3369 10551 I wm_task_moved: [56,1,18]
05-18 12:38:33.529  1000  3369 10551 I am_finish_activity: [0,136696320,14,com.jx.watchos.setting/.theme.activity.WatchDialModelActivity,clear-task-index]
05-18 12:38:33.531  1000  3369 10551 I wm_task_moved: [56,1,18]
05-18 12:38:33.533  1000  3369 10551 I am_create_task: [0,14]
05-18 12:38:33.534  1000  3369 10551 I am_create_activity: [0,162885634,14,com.jx.watchos.setting/.theme.activity.WatchDialModelActivity,NULL,NULL,NULL,272662528]
05-18 12:38:33.534  1000  3369 10551 I wm_task_moved: [14,1,18]
05-18 12:38:33.542  1000  3369  3383 I sysui_count: [window_time_0,0]
05-18 12:38:33.542  1000  3369  3383 I sysui_multi_action: [757,803,799,window_time_0,802,0]
05-18 12:38:33.796  1000  3369  3383 I am_proc_start: [0,10764,1000,com.jx.watchos.setting,activity,com.jx.watchos.setting/.theme.activity.WatchDialModelActivity]
05-18 12:38:33.801  1000  3369  3383 I am_restart_activity: [0,37556497,56,com.tencent.mm/.app.WeChatSplashActivity]
05-18 12:38:33.807  1000  3369  3383 I sysui_count: [window_time_0,1]
05-18 12:38:33.807  1000  3369  3383 I sysui_multi_action: [757,803,799,window_time_0,802,1]
05-18 12:38:33.807  1000  3369  3383 I am_destroy_activity: [0,136696320,14,com.jx.watchos.setting/.theme.activity.WatchDialModelActivity,finish-idle]
05-18 12:38:33.838  1000  3369 10551 I am_proc_bound: [0,10764,com.jx.watchos.setting]
05-18 12:38:33.847  1000  3369 10551 I am_restart_activity: [0,162885634,14,com.jx.watchos.setting/.theme.activity.WatchDialModelActivity]
05-18 12:38:33.848  1000  3369 10551 I am_set_resumed_activity: [0,com.jx.watchos.setting/.theme.activity.WatchDialModelActivity,minimalResumeActivityLocked]
05-18 12:38:33.897  1000  3369 10551 I am_create_service: [0,39330558,.ProcessService$MMProcessService,10089,10701]
05-18 12:38:33.946 10089 10701 10701 I am_on_paused_called: [0,com.tencent.mm.ui.LauncherUI,handlePauseActivity]
05-18 12:38:33.952  1000  3369  6199 I am_failed_to_pause: [0,158123045,com.tencent.mm/.ui.LauncherUI,(none)]
05-18 12:38:34.186  1000  3369 10551 I am_create_service: [0,154326573,.WatchPluginService,1000,8668]
05-18 12:38:34.255  1000 10764 10764 I am_on_resume_called: [0,com.jx.watchos.setting.theme.activity.WatchDialModelActivity,LAUNCH_ACTIVITY]
05-18 12:38:34.388  1000  3369  3392 I am_activity_launch_time: [0,162885634,com.jx.watchos.setting/.theme.activity.WatchDialModelActivity,597,1725]
05-18 12:38:34.409  1000 10764 10764 I menu_opened: 0
05-18 12:38:34.473  1000 10764 10764 I chatty  : uid=1000(system) com.jx.watchos.setting identical 1 line
05-18 12:38:34.731  1000 10764 10764 I menu_opened: 0
05-18 12:38:35.102  1000  3369  6927 I wm_task_created: [57,1]
05-18 12:38:35.103  1000  3369  6927 I wm_task_moved: [57,1,19]
05-18 12:38:35.103 10089 10701 10701 I am_on_resume_called: [0,com.tencent.mm.app.WeChatSplashActivity,LAUNCH_ACTIVITY]
05-18 12:38:35.104  1000  3369  6927 I wm_task_moved: [57,1,19]
05-18 12:38:35.106  1000  3369  6927 I am_create_task: [0,57]
05-18 12:38:35.106  1000  3369  6927 I am_create_activity: [0,24114387,57,com.jx.market/.ui.SplashActivity,android.intent.action.MAIN,NULL,NULL,278921216]
05-18 12:38:35.114  1000  3369  6927 I wm_task_moved: [57,1,19]
05-18 12:38:35.117  1000  3369  6927 I am_pause_activity: [0,162885634,com.jx.watchos.setting/.theme.activity.WatchDialModelActivity]
05-18 12:38:35.137  1000 10764 10764 I am_on_paused_called: [0,com.jx.watchos.setting.theme.activity.WatchDialModelActivity,handlePauseActivity]
05-18 12:38:35.138  1000  3369  4276 I am_uid_running: 10081
05-18 12:38:35.158  1000  3369  4276 I am_proc_start: [0,10841,10081,com.jx.market,activity,com.jx.market/.ui.SplashActivity]
05-18 12:38:35.167  1000  3369  3383 I sysui_count: [window_time_0,1]
05-18 12:38:35.167  1000  3369  3383 I sysui_multi_action: [757,803,799,window_time_0,802,1]
05-18 12:38:35.191 10089 10701 10701 I am_on_paused_called: [0,com.tencent.mm.app.WeChatSplashActivity,LAUNCH_ACTIVITY]
05-18 12:38:35.216  1000  3369  4276 I am_proc_bound: [0,10841,com.jx.market]
05-18 12:38:35.234  1000  3369  4276 I am_uid_active: 10081
05-18 12:38:35.234  1000  3369  4276 I am_restart_activity: [0,24114387,57,com.jx.market/.ui.SplashActivity]
05-18 12:38:35.241  1000  3369  4276 I am_set_resumed_activity: [0,com.jx.market/.ui.SplashActivity,minimalResumeActivityLocked]
05-18 12:38:35.342  1000  3369  4276 I am_destroy_service: [0,191621096,8052]
05-18 12:38:35.484 10020  4188  4289 I sysui_multi_action: [757,1093,758,4,793,3864,1094,738263040,1095,4]
05-18 12:38:35.847 10081 10841 10841 I am_on_resume_called: [0,com.jx.market.ui.SplashActivity,LAUNCH_ACTIVITY]
05-18 12:38:35.964  1000  3369  3392 I am_activity_launch_time: [0,37556497,com.tencent.mm/.app.WeChatSplashActivity,2164,823]
05-18 12:38:36.165  1000  3369  3383 I am_stop_activity: [0,158123045,com.tencent.mm/.ui.LauncherUI]
05-18 12:38:36.166  1000  3369  3383 I am_stop_activity: [0,76299313,com.jx.launcher/.Launcher]
05-18 12:38:36.168  1000  3369  3392 I am_activity_launch_time: [0,24114387,com.jx.market/.ui.SplashActivity,970,970]
05-18 12:38:36.168  1000  3369  3392 I sysui_multi_action: [319,3488,322,1760,325,349,757,761,758,7,759,2,806,com.jx.market,871,com.jx.market.ui.SplashActivity,905,0,945,2596]
05-18 12:38:36.187  1000  8668  8668 I am_on_stop_called: [0,com.jx.launcher.Launcher,handleStopActivity]
05-18 12:38:36.192 10089 10701 10701 I am_on_stop_called: [0,com.tencent.mm.ui.LauncherUI,handleStopActivity]
05-18 12:38:36.307  1000  3369  6914 I am_finish_activity: [0,24114387,57,com.jx.market/.ui.SplashActivity,app-request]
05-18 12:38:36.311  1000  3369  6914 I am_pause_activity: [0,24114387,com.jx.market/.ui.SplashActivity]
05-18 12:38:36.315  1000  3369  3383 I sysui_count: [window_time_0,1]
05-18 12:38:36.315  1000  3369  3383 I sysui_multi_action: [757,803,799,window_time_0,802,1]
05-18 12:38:36.326 10081 10841 10841 I am_on_paused_called: [0,com.jx.market.ui.SplashActivity,handlePauseActivity]
05-18 12:38:36.333  1000  3369  5122 I am_set_resumed_activity: [0,com.jx.watchos.setting/.theme.activity.WatchDialModelActivity,resumeTopActivityInnerLocked]
05-18 12:38:36.339  1000  3369  5122 I am_resume_activity: [0,162885634,14,com.jx.watchos.setting/.theme.activity.WatchDialModelActivity]
05-18 12:38:36.373  1000  3369  3383 I sysui_count: [window_time_0,0]
05-18 12:38:36.373  1000  3369  3383 I sysui_multi_action: [757,803,799,window_time_0,802,0]
05-18 12:38:36.404  1000 10764 10764 I am_on_resume_called: [0,com.jx.watchos.setting.theme.activity.WatchDialModelActivity,RESUME_ACTIVITY]
05-18 12:38:36.434  1000  3369  6914 I am_destroy_activity: [0,24114387,57,com.jx.market/.ui.SplashActivity,finish-idle]
05-18 12:38:36.444 10081 10841 10841 I am_on_stop_called: [0,com.jx.market.ui.SplashActivity,destroy]
05-18 12:38:36.458  1000 10764 10764 I menu_opened: 0
05-18 12:38:36.460  1000  3369  9947 I wm_task_removed: [57,removeAppToken: last token]
05-18 12:38:36.460  1000  3369  9947 I wm_task_removed: [57,removeTask]
05-18 12:38:36.779  1000 10764 10764 I menu_opened: 0
05-18 12:38:36.843  1000  3369  3382 I am_pss  : [9929,10054,com.android.music,21449728,16592896,150528]
05-18 12:38:36.974  1000  3369  3540 I wm_task_created: [58,1]
05-18 12:38:36.975  1000  3369  3540 I wm_task_moved: [58,1,19]
05-18 12:38:36.975  1000  3369  3540 I wm_task_moved: [58,1,19]
05-18 12:38:36.977  1000  3369  3540 I am_create_task: [0,58]
05-18 12:38:36.977  1000  3369  3540 I am_create_activity: [0,116578982,58,com.android.systemui/.settings.BrightnessDialog,com.android.intent.action.SHOW_BRIGHTNESS_DIALOG,NULL,NULL,276824064]
05-18 12:38:36.977  1000  3369  3540 I wm_task_moved: [58,1,19]
05-18 12:38:36.980  1000  3369  3540 I am_pause_activity: [0,162885634,com.jx.watchos.setting/.theme.activity.WatchDialModelActivity]
05-18 12:38:36.982  1000 10764 10764 I am_on_paused_called: [0,com.jx.watchos.setting.theme.activity.WatchDialModelActivity,handlePauseActivity]
05-18 12:38:37.003  1000  3369  4276 I am_restart_activity: [0,116578982,58,com.android.systemui/.settings.BrightnessDialog]
05-18 12:38:37.009  1000  3369  4276 I am_set_resumed_activity: [0,com.android.systemui/.settings.BrightnessDialog,minimalResumeActivityLocked]
05-18 12:38:37.023  1000  3369  3382 I am_pss  : [4847,10008,android.process.media,16354304,8675328,3499008]
05-18 12:38:37.027  1000  3369  3383 I sysui_count: [window_time_0,1]
05-18 12:38:37.027  1000  3369  3383 I sysui_multi_action: [757,803,799,window_time_0,802,1]
05-18 12:38:37.050 10020  4188  4188 I sysui_view_visibility: [220,100]
05-18 12:38:37.050 10020  4188  4188 I sysui_multi_action: [757,220,758,1]
05-18 12:38:37.055 10020  4188  4188 I am_on_resume_called: [0,com.android.systemui.settings.BrightnessDialog,LAUNCH_ACTIVITY]
05-18 12:38:37.148  1000  3369  3392 I am_activity_launch_time: [0,116578982,com.android.systemui/.settings.BrightnessDialog,124,124]
05-18 12:38:37.148  1000  3369  3392 I sysui_multi_action: [319,164,322,164,325,353,757,761,758,8,759,2,806,com.android.systemui,871,com.android.systemui.settings.BrightnessDialog,904,android,905,0]
05-18 12:38:37.154  1000  3369  6963 I am_finish_activity: [0,116578982,58,com.android.systemui/.settings.BrightnessDialog,app-request]
05-18 12:38:37.155  1000  3369  6963 I am_pause_activity: [0,116578982,com.android.systemui/.settings.BrightnessDialog]
05-18 12:38:37.169  1000  3369  3383 I sysui_count: [window_time_0,0]
05-18 12:38:37.169  1000  3369  3383 I sysui_multi_action: [757,803,799,window_time_0,802,0]
05-18 12:38:37.172 10020  4188  4188 I am_on_paused_called: [0,com.android.systemui.settings.BrightnessDialog,handlePauseActivity]
05-18 12:38:37.180  1000  3369 10551 I am_set_resumed_activity: [0,com.jx.watchos.setting/.theme.activity.WatchDialModelActivity,resumeTopActivityInnerLocked]
05-18 12:38:37.189  1000  3369 10551 I am_resume_activity: [0,162885634,14,com.jx.watchos.setting/.theme.activity.WatchDialModelActivity]
05-18 12:38:37.243  1000  3369  3383 I sysui_count: [window_time_0,0]
05-18 12:38:37.243  1000  3369  3383 I sysui_multi_action: [757,803,799,window_time_0,802,0]
05-18 12:38:37.248  1000 10764 10764 I am_on_resume_called: [0,com.jx.watchos.setting.theme.activity.WatchDialModelActivity,RESUME_ACTIVITY]
