05-18 12:36:17.676  1000  6644  6644 I am_on_stop_called: [0,com.jx.watchos.setting.theme.activity.WatchDialModelActivity,handleStopActivity]
05-18 12:36:17.677  1000  4621  4621 I am_on_stop_called: [0,com.zmapp.activity.ChargeActivity2,destroy]
05-18 12:36:17.692  1000  3369  4276 I wm_task_removed: [16,removeAppToken: last token]
05-18 12:36:17.693  1000  3369  4276 I wm_task_removed: [16,removeTask]
05-18 12:36:17.711  1000  3369  4202 I wm_task_created: [17,1]
05-18 12:36:17.713  1000  3369  4202 I wm_task_moved: [17,1,4]
05-18 12:36:17.717  1000  3369  4202 I wm_task_moved: [17,1,4]
05-18 12:36:17.718  1000  3369  4202 I am_create_task: [0,17]
05-18 12:36:17.718  1000  3369  4202 I am_create_activity: [0,87222973,17,com.android.browser/.BrowserActivity,android.intent.action.MAIN,NULL,NULL,270532608]
05-18 12:36:17.719  1000  3369  4202 I wm_task_moved: [17,1,4]
05-18 12:36:17.725  1000  3369  4202 I am_pause_activity: [0,185492049,com.jx.launcher/.Launcher]
05-18 12:36:17.729  1000  4621  4621 I am_on_paused_called: [0,com.jx.launcher.Launcher,handlePauseActivity]
05-18 12:36:17.734  1000  3369  4292 I am_uid_running: 10071
05-18 12:36:17.750  1000  3369  4292 I am_proc_start: [0,6701,10071,com.android.browser,activity,com.android.browser/.BrowserActivity]
05-18 12:36:17.757  1000  3369  3383 I sysui_count: [window_time_0,0]
05-18 12:36:17.757  1000  3369  3383 I sysui_multi_action: [757,803,799,window_time_0,802,0]
05-18 12:36:17.817  1000  3369  6596 I am_proc_bound: [0,6701,com.android.browser]
05-18 12:36:17.827  1000  3369  6596 I am_uid_active: 10071
05-18 12:36:17.827  1000  3369  6596 I am_restart_activity: [0,87222973,17,com.android.browser/.BrowserActivity]
05-18 12:36:17.833  1000  3369  6596 I am_set_resumed_activity: [0,com.android.browser/.BrowserActivity,minimalResumeActivityLocked]
05-18 12:36:18.491 10020  4188  4289 I sysui_multi_action: [757,1093,758,4,793,6023,1094,603979777,1095,3]
05-18 12:36:18.889 10071  6701  6701 I am_on_resume_called: [0,com.android.browser.BrowserActivity,LAUNCH_ACTIVITY]
05-18 12:36:19.166  1000  3369  3392 I sysui_multi_action: [319,174,321,106,322,1452,325,214,757,761,758,7,759,1,806,com.android.browser,871,com.android.browser.BrowserActivity,905,0,945,121]
05-18 12:36:19.166  1000  3369  3392 I am_activity_launch_time: [0,87222973,com.android.browser/.BrowserActivity,1416,2259]
05-18 12:36:19.266  1000  3369  5122 I am_stop_activity: [0,185492049,com.jx.launcher/.Launcher]
05-18 12:36:19.269  1000  4621  4621 I am_on_stop_called: [0,com.jx.launcher.Launcher,handleStopActivity]
05-18 12:36:19.501 10020  4188  4289 I sysui_multi_action: [757,1093,758,4,793,1010,1094,603979777,1095,3]
05-18 12:36:19.900  1000  3369  3369 I notification_enqueue: [1000,3369,android,8,NULL,-1,Notification(channel=VIRTUAL_KEYBOARD pri=0 contentView=null vibrate=null sound=null defaults=0x0 flags=0x2 color=0xff607d8b category=sys vis=PRIVATE),0]
05-18 12:36:19.910  1000  3369  3369 I notification_enqueue: [1000,3369,android,8,NULL,-1,Notification(channel=VIRTUAL_KEYBOARD pri=0 contentView=null vibrate=null sound=null defaults=0x0 flags=0x2 color=0xff607d8b category=sys vis=PRIVATE),1]
05-18 12:36:20.132  1000  3369  3369 I notification_enqueue: [1000,3369,android,8,NULL,-1,Notification(channel=VIRTUAL_KEYBOARD pri=0 contentView=null vibrate=null sound=null defaults=0x0 flags=0x2 color=0xff607d8b category=sys vis=PRIVATE),1]
05-18 12:36:20.192  1000  3369  4292 I wm_task_created: [18,1]
05-18 12:36:20.193  1000  3369  4292 I wm_task_moved: [18,1,5]
05-18 12:36:20.193  1000  3369  4292 I wm_task_moved: [18,1,5]
05-18 12:36:20.194  1000  3369  4292 I am_create_task: [0,18]
05-18 12:36:20.194  1000  3369  4292 I am_create_activity: [0,117939848,18,com.zmapp.plugin.addfriend/.activity.MainActivity,android.intent.action.MAIN,NULL,NULL,270532608]
05-18 12:36:20.215  1000  3369  4292 I wm_task_moved: [18,1,5]
05-18 12:36:20.222  1000  3369  4292 I am_pause_activity: [0,87222973,com.android.browser/.BrowserActivity]
05-18 12:36:20.224  1000  3369  3369 I sysui_multi_action: [757,128,758,5,759,8,793,324,794,0,795,91,796,8,806,android,857,VIRTUAL_KEYBOARD,858,2,947,0]
05-18 12:36:20.224  1000  3369  3369 I notification_canceled: [-1|android|8|null|1000,8,324,91,0,NULL]
05-18 12:36:20.229  1000  3369  4120 I notification_expansion: [-1|android|26|null|1000,0,0,39581,39581,0]
05-18 12:36:20.242 10071  6701  6701 I am_on_paused_called: [0,com.android.browser.BrowserActivity,handlePauseActivity]
05-18 12:36:20.243  1000  3369  4292 I am_uid_running: 10077
05-18 12:36:20.266  1000  3369  4292 I am_proc_start: [0,6797,10077,com.zmapp.plugin.addfriend,activity,com.zmapp.plugin.addfriend/.activity.MainActivity]
05-18 12:36:20.270  1000  3369  3383 I sysui_count: [window_time_0,2]
05-18 12:36:20.270  1000  3369  3383 I sysui_multi_action: [757,803,799,window_time_0,802,2]
05-18 12:36:20.295  1000  3369  4292 I am_proc_bound: [0,6797,com.zmapp.plugin.addfriend]
05-18 12:36:20.312  1000  3369  4292 I am_uid_active: 10077
05-18 12:36:20.312  1000  3369  4292 I am_restart_activity: [0,117939848,18,com.zmapp.plugin.addfriend/.activity.MainActivity]
05-18 12:36:20.317  1000  3369  4292 I am_set_resumed_activity: [0,com.zmapp.plugin.addfriend/.activity.MainActivity,minimalResumeActivityLocked]
05-18 12:36:20.355  1000  3369  3380 I notification_expansion: [0|android|40|null|1000,0,1,9028,9028,0]
05-18 12:36:20.521 10077  6797  6797 I am_on_resume_called: [0,com.zmapp.plugin.addfriend.activity.MainActivity,LAUNCH_ACTIVITY]
05-18 12:36:20.820  1000  3369  3392 I am_activity_launch_time: [0,117939848,com.zmapp.plugin.addfriend/.activity.MainActivity,571,571]
05-18 12:36:20.820  1000  3369  3392 I sysui_multi_action: [319,632,322,631,325,216,757,761,758,7,759,2,806,com.zmapp.plugin.addfriend,871,com.zmapp.plugin.addfriend.activity.MainActivity,905,0,945,113]
05-18 12:36:20.856 10077  6797  6797 I menu_opened: 0
05-18 12:36:21.062  1000  3369  4276 I wm_task_created: [19,1]
05-18 12:36:21.063  1000  3369  4276 I wm_task_moved: [19,1,6]
05-18 12:36:21.064  1000  3369  4276 I wm_task_moved: [19,1,6]
05-18 12:36:21.066  1000  3369  4276 I am_create_task: [0,19]
05-18 12:36:21.066  1000  3369  4276 I am_create_activity: [0,254174682,19,com.android.settings/.Settings,android.intent.action.MAIN,NULL,NULL,270532608]
05-18 12:36:21.067  1000  3369  4276 I wm_task_moved: [19,1,6]
05-18 12:36:21.071 10077  6797  6797 I menu_opened: 0
05-18 12:36:21.075  1000  3369  4276 I am_pause_activity: [0,117939848,com.zmapp.plugin.addfriend/.activity.MainActivity]
05-18 12:36:21.135 10077  6797  6797 I am_on_paused_called: [0,com.zmapp.plugin.addfriend.activity.MainActivity,handlePauseActivity]
05-18 12:36:21.145  1000  3369  5122 I am_restart_activity: [0,254174682,19,com.android.settings/.Settings]
05-18 12:36:21.152  1000  3369  5122 I am_set_resumed_activity: [0,com.android.settings/.Settings,minimalResumeActivityLocked]
05-18 12:36:21.168  1000  3369  3383 I sysui_count: [window_time_0,1]
05-18 12:36:21.168  1000  3369  3383 I sysui_multi_action: [757,803,799,window_time_0,802,1]
05-18 12:36:21.302  1000  3369  4203 I am_proc_died: [0,5540,com.goodix.health,904,17]
05-18 12:36:21.303  1000  3369  4203 I am_destroy_service: [0,159497995,5540]
05-18 12:36:21.317  1000  3369  6199 I am_proc_died: [0,5500,com.android.packageinstaller,906,17]
05-18 12:36:21.317  1000  3369  6199 I am_uid_stopped: 10022
05-18 12:36:21.327  1000  3369  6596 I am_proc_died: [0,5433,com.android.gallery3d,906,17]
05-18 12:36:21.327  1000  3369  6596 I am_uid_stopped: 10026
05-18 12:36:21.611  1000  4340  4340 I sysui_multi_action: [757,35,758,1,833,0]
05-18 12:36:21.612  1000  4340  4340 I am_on_resume_called: [0,com.android.settings.Settings,LAUNCH_ACTIVITY]
05-18 12:36:21.773  1000  3369  4292 I sysui_count: [key_back_down,1]
05-18 12:36:21.773  1000  3369  4292 I sysui_multi_action: [757,803,799,key_back_down,802,1]
05-18 12:36:21.795  1000  3369  4276 I sysui_count: [fingerprintd_openhal_error,1]
05-18 12:36:21.795  1000  3369  4276 I sysui_multi_action: [757,803,799,fingerprintd_openhal_error,802,1]
05-18 12:36:21.890  1000  3369  4276 I sysui_count: [fingerprintd_openhal_error,1]
05-18 12:36:21.890  1000  3369  4276 I sysui_multi_action: [757,803,799,fingerprintd_openhal_error,802,1]
05-18 12:36:21.946  1000  3369  3392 I sysui_multi_action: [319,199,321,159,322,894,325,217,757,761,758,8,759,1,806,com.android.settings,871,com.android.settings.Settings,905,0]
05-18 12:36:21.946  1000  3369  3392 I am_activity_launch_time: [0,254174682,com.android.settings/.Settings,802,802]
05-18 12:36:21.990  1000  3369  3369 I notification_enqueue: [1000,3369,android,8,NULL,-1,Notification(channel=VIRTUAL_KEYBOARD pri=0 contentView=null vibrate=null sound=null defaults=0x0 flags=0x2 color=0xff607d8b category=sys vis=PRIVATE),0]
05-18 12:36:21.998  1000  3369  3369 I notification_enqueue: [1000,3369,android,8,NULL,-1,Notification(channel=VIRTUAL_KEYBOARD pri=0 contentView=null vibrate=null sound=null defaults=0x0 flags=0x2 color=0xff607d8b category=sys vis=PRIVATE),1]
05-18 12:36:22.341  1000  3369  3369 I chatty  : uid=1000 system_server identical 3 lines
05-18 12:36:22.363  1000  3369  3369 I notification_enqueue: [1000,3369,android,8,NULL,-1,Notification(channel=VIRTUAL_KEYBOARD pri=0 contentView=null vibrate=null sound=null defaults=0x0 flags=0x2 color=0xff607d8b category=sys vis=PRIVATE),1]
05-18 12:36:22.421  1000  3369  3369 I sysui_multi_action: [757,128,758,5,759,8,793,467,794,0,795,61,796,8,806,android,857,VIRTUAL_KEYBOARD,858,2,947,0]
05-18 12:36:22.421  1000  3369  3369 I notification_canceled: [-1|android|8|null|1000,8,467,61,0,NULL]
05-18 12:36:22.659  1000  3369  4203 I am_stop_activity: [0,87222973,com.android.browser/.BrowserActivity]
05-18 12:36:22.659  1000  3369  4203 I am_stop_activity: [0,117939848,com.zmapp.plugin.addfriend/.activity.MainActivity]
05-18 12:36:22.663  1000  3369  6199 I sysui_count: [fingerprintd_openhal_error,1]
05-18 12:36:22.663  1000  3369  6199 I sysui_multi_action: [757,803,799,fingerprintd_openhal_error,802,1]
05-18 12:36:22.669 10077  6797  6797 I am_on_stop_called: [0,com.zmapp.plugin.addfriend.activity.MainActivity,handleStopActivity]
05-18 12:36:22.672 10071  6701  6701 I am_on_stop_called: [0,com.android.browser.BrowserActivity,handleStopActivity]
05-18 12:36:22.699  1000  3369  6199 I sysui_count: [fingerprintd_openhal_error,1]
05-18 12:36:22.699  1000  3369  6199 I sysui_multi_action: [757,803,799,fingerprintd_openhal_error,802,1]
05-18 12:36:22.748  1000  3369  4276 I wm_task_moved: [19,1,6]
05-18 12:36:22.750  1000  3369  4276 I am_create_activity: [0,1820774,19,com.android.settings/.Settings$NetworkDashboardActivity,NULL,NULL,NULL,32768]
05-18 12:36:22.752  1000  3369  4276 I am_pause_activity: [0,254174682,com.android.settings/.Settings]
05-18 12:36:22.781  1000  4340  4340 I sysui_view_visibility: [35,0]
05-18 12:36:22.781  1000  4340  4340 I sysui_multi_action: [757,35,758,2]
05-18 12:36:22.786  1000  4340  4340 I am_on_paused_called: [0,com.android.settings.Settings,handlePauseActivity]
05-18 12:36:22.789  1000  3369  4120 I am_restart_activity: [0,1820774,19,com.android.settings/.Settings$NetworkDashboardActivity]
05-18 12:36:22.791  1000  3369  4120 I am_set_resumed_activity: [0,com.android.settings/.Settings$NetworkDashboardActivity,minimalResumeActivityLocked]
05-18 12:36:22.796  1000  3369  3383 I sysui_count: [window_time_0,2]
05-18 12:36:22.796  1000  3369  3383 I sysui_multi_action: [757,803,799,window_time_0,802,2]
05-18 12:36:22.904  1000  3369  4120 I force_gc: Binder
05-18 12:36:22.971  1000  3369  4120 I sysui_count: [fingerprintd_openhal_error,1]
05-18 12:36:22.972  1000  3369  4120 I sysui_multi_action: [757,803,799,fingerprintd_openhal_error,802,1]
05-18 12:36:23.189  1000  4340  4340 I sysui_multi_action: [757,746,758,1,833,35]
05-18 12:36:23.226  1000  4340  4340 I am_on_resume_called: [0,com.android.settings.Settings$NetworkDashboardActivity,LAUNCH_ACTIVITY]
05-18 12:36:23.621  1000  3369  3392 I am_activity_launch_time: [0,1820774,com.android.settings/.Settings$NetworkDashboardActivity,828,828]
05-18 12:36:23.925  1000  3369  4119 I netstats_mobile_sample: [1935428,1887,177399,1588,1935271,1886,177336,1587,1929296,1881,177136,1582,1684384584067]
05-18 12:36:23.925  1000  3369  4119 I netstats_wifi_sample: [0,0,0,0,0,0,0,0,0,0,0,0,1684384584067]
05-18 12:36:24.233  1000  3369  3383 I am_uid_idle: 10059
05-18 12:36:24.454  1000  3369  4453 I wm_task_moved: [19,1,6]
05-18 12:36:24.455  1000  3369  4453 I am_create_activity: [0,197839318,19,com.android.settings/.SubSettings,android.intent.action.MAIN,NULL,NULL,0]
05-18 12:36:24.456  1000  3369  4453 I am_pause_activity: [0,1820774,com.android.settings/.Settings$NetworkDashboardActivity]
05-18 12:36:24.492  1000  4340  4340 I sysui_view_visibility: [746,0]
05-18 12:36:24.492  1000  4340  4340 I sysui_multi_action: [757,746,758,2]
05-18 12:36:24.503  1000  4340  4340 I am_on_paused_called: [0,com.android.settings.Settings$NetworkDashboardActivity,handlePauseActivity]
05-18 12:36:24.505  1000  3369  3379 I am_restart_activity: [0,197839318,19,com.android.settings/.SubSettings]
05-18 12:36:24.508  1000  3369  3379 I am_set_resumed_activity: [0,com.android.settings/.SubSettings,minimalResumeActivityLocked]
05-18 12:36:24.513  1000  3369  3383 I am_stop_activity: [0,254174682,com.android.settings/.Settings]
05-18 12:36:24.513  1000  3369  3383 I sysui_count: [window_time_0,1]
05-18 12:36:24.514  1000  3369  3383 I sysui_multi_action: [757,803,799,window_time_0,802,1]
05-18 12:36:24.761  1000  4340  4340 I sysui_multi_action: [757,37,758,1,833,746]
05-18 12:36:24.768  1000  3369  6199 I am_proc_died: [0,4989,com.android.providers.calendar,904,17]
05-18 12:36:24.769  1000  3369  6199 I am_uid_stopped: 10019
05-18 12:36:24.913  1000  4340  4340 I am_on_resume_called: [0,com.android.settings.SubSettings,LAUNCH_ACTIVITY]
05-18 12:36:24.922  1000  3369  4276 I am_proc_died: [0,5372,com.sprd.systemupdate,906,17]
05-18 12:36:25.026  1000  3369  6199 I am_finish_activity: [0,254174682,19,com.android.settings/.Settings,app-request]
05-18 12:36:25.029  1000  3369  6199 I am_destroy_activity: [0,254174682,19,com.android.settings/.Settings,finish-imm]
05-18 12:36:25.031  1000  3369  3383 I sysui_count: [window_time_0,1]
05-18 12:36:25.031  1000  4340  4340 I am_on_stop_called: [0,com.android.settings.Settings,handleStopActivity]
05-18 12:36:25.032  1000  3369  3383 I sysui_multi_action: [757,803,799,window_time_0,802,1]
05-18 12:36:25.091  1000  3369  3392 I am_activity_launch_time: [0,197839318,com.android.settings/.SubSettings,582,582]
05-18 12:36:25.247  1000  3369  4292 I am_stop_activity: [0,1820774,com.android.settings/.Settings$NetworkDashboardActivity]
05-18 12:36:25.269  1000  3369  4203 I am_finish_activity: [0,1820774,19,com.android.settings/.Settings$NetworkDashboardActivity,app-request]
05-18 12:36:25.270  1000  3369  4203 I am_destroy_activity: [0,1820774,19,com.android.settings/.Settings$NetworkDashboardActivity,finish-imm]
05-18 12:36:25.274  1000  3369  3383 I sysui_count: [window_time_0,0]
05-18 12:36:25.274  1000  4340  4340 I am_on_stop_called: [0,com.android.settings.Settings$NetworkDashboardActivity,handleStopActivity]
05-18 12:36:25.275  1000  3369  3383 I sysui_multi_action: [757,803,799,window_time_0,802,0]
05-18 12:36:25.783  1000  3369  4453 I wm_task_moved: [19,1,6]
05-18 12:36:25.784  1000  3369  4453 I am_create_activity: [0,90294575,19,com.android.settings/.SubSettings,android.intent.action.MAIN,NULL,NULL,0]
05-18 12:36:25.787  1000  3369  4453 I am_pause_activity: [0,197839318,com.android.settings/.SubSettings]
05-18 12:36:25.795  1000  4340  4340 I sysui_view_visibility: [37,0]
05-18 12:36:25.795  1000  4340  4340 I sysui_multi_action: [757,37,758,2]
05-18 12:36:25.798  1000  4340  4340 I am_on_paused_called: [0,com.android.settings.SubSettings,handlePauseActivity]
05-18 12:36:25.802  1000  3369  4453 I am_restart_activity: [0,90294575,19,com.android.settings/.SubSettings]
05-18 12:36:25.809  1000  3369  4453 I am_set_resumed_activity: [0,com.android.settings/.SubSettings,minimalResumeActivityLocked]
05-18 12:36:25.823  1000  3369  3383 I sysui_count: [window_time_0,1]
05-18 12:36:25.823  1000  3369  3383 I sysui_multi_action: [757,803,799,window_time_0,802,1]
05-18 12:36:25.942  1000  4340  4340 I sysui_multi_action: [757,348,758,1,833,37]
05-18 12:36:25.976  1000  4340  4340 I am_on_resume_called: [0,com.android.settings.SubSettings,LAUNCH_ACTIVITY]
05-18 12:36:26.238  1000  3369  3392 I am_activity_launch_time: [0,90294575,com.android.settings/.SubSettings,424,424]
05-18 12:36:26.247  1000  3369  5121 I am_meminfo: [570470400,20205568,20353024,146825216,408048640]
05-18 12:36:26.406  1000  3369  3379 I am_stop_activity: [0,197839318,com.android.settings/.SubSettings]
05-18 12:36:26.421  1041  2982  2982 I auditd  : type=1400 audit(0.0:757): avc: denied { read } for comm="audio@2.0-servi" name="corefile" dev="mmcblk0p38" ino=100 scontext=u:r:hal_audio_default:s0 tcontext=u:object_r:coredump_file:s0 tclass=dir permissive=0
05-18 12:36:26.437  1000  3369  3379 I am_finish_activity: [0,197839318,19,com.android.settings/.SubSettings,app-request]
05-18 12:36:26.438  1000  3369  3379 I am_destroy_activity: [0,197839318,19,com.android.settings/.SubSettings,finish-imm]
05-18 12:36:26.441  1000  3369  3383 I sysui_count: [window_time_0,0]
05-18 12:36:26.441  1000  4340  4340 I am_on_stop_called: [0,com.android.settings.SubSettings,handleStopActivity]
05-18 12:36:26.441  1000  3369  3383 I sysui_multi_action: [757,803,799,window_time_0,802,0]
05-18 12:36:26.477  1000  3369  4453 I am_proc_died: [0,5205,com.android.messaging,904,17]
05-18 12:36:26.477  1000  3369  4453 I am_uid_stopped: 10059
05-18 12:36:26.497  1000  3369  4453 I am_proc_died: [0,5750,com.android.keychain,904,17]
05-18 12:36:26.517  1000  3369  4453 I am_proc_died: [0,5055,com.android.dialer,906,17]
05-18 12:36:26.539  1000  3369  4453 I am_proc_died: [0,5523,com.android.soundrecorder,906,17]
05-18 12:36:26.539  1000  3369  4453 I am_uid_stopped: 10043
05-18 12:36:26.552  1000  3369  4720 I am_proc_died: [0,6597,com.jx.watchos.contact,903,15]
05-18 12:36:26.571  logd  6913  6913 I auditd  : type=1400 audit(0.0:758): avc: denied { read } for comm="crash_dump32" name="corefile" dev="mmcblk0p38" ino=100 scontext=u:r:crash_dump:s0 tcontext=u:object_r:coredump_file:s0 tclass=dir permissive=0
05-18 12:36:26.646  1000  4340  4340 I sysui_action: [394,1]
05-18 12:36:26.646  1000  4340  4340 I sysui_multi_action: [757,394,758,4,806,1]
05-18 12:36:26.687  1000  3369  4453 I am_proc_died: [0,5557,com.sprd.engineermode,904,17]
05-18 12:36:26.861  1002  2983  2983 I auditd  : type=1400 audit(0.0:759): avc: denied { read } for comm="bluetooth@1.0-s" name="corefile" dev="mmcblk0p38" ino=100 scontext=u:r:hal_bluetooth_default:s0 tcontext=u:object_r:coredump_file:s0 tclass=dir permissive=0
05-18 12:36:26.941  1002  6917  6917 I auditd  : type=1400 audit(0.0:760): avc: denied { read } for comm="crash_dump64" name="corefile" dev="mmcblk0p38" ino=100 scontext=u:r:crash_dump:s0 tcontext=u:object_r:coredump_file:s0 tclass=dir permissive=0
05-18 12:36:27.001  1047  2984  2984 I auditd  : type=1400 audit(0.0:761): avc: denied { read } for comm="provider@2.4-se" name="corefile" dev="mmcblk0p38" ino=100 scontext=u:r:hal_camera_default:s0 tcontext=u:object_r:coredump_file:s0 tclass=dir permissive=0
05-18 12:36:27.051  1047  6921  6921 I auditd  : type=1400 audit(0.0:762): avc: denied { read } for comm="crash_dump32" name="corefile" dev="mmcblk0p38" ino=100 scontext=u:r:crash_dump:s0 tcontext=u:object_r:coredump_file:s0 tclass=dir permissive=0
05-18 12:36:27.132  1000  4340  4340 I sysui_count: [datausage.DataSaverSummary/switch_bar|false,1]
05-18 12:36:27.132  1000  4340  4340 I sysui_multi_action: [757,803,799,datausage.DataSaverSummary/switch_bar|false,802,1]
05-18 12:36:27.188  1000  4340  4340 I sysui_action: [394,0]
05-18 12:36:27.188  1000  4340  4340 I sysui_multi_action: [757,394,758,4,806,0]
05-18 12:36:27.251  1000  2991  2991 I auditd  : type=1400 audit(0.0:763): avc: denied { read } for comm="composer@2.1-se" name="corefile" dev="mmcblk0p38" ino=100 scontext=u:r:hal_graphics_composer_default:s0 tcontext=u:object_r:coredump_file:s0 tclass=dir permissive=0
05-18 12:36:27.302  1000  3369  6596 I am_proc_died: [0,5663,com.divo.phone,902,17]
05-18 12:36:27.321  1000  6925  6925 I auditd  : type=1400 audit(0.0:764): avc: denied { read } for comm="crash_dump64" name="corefile" dev="mmcblk0p38" ino=100 scontext=u:r:crash_dump:s0 tcontext=u:object_r:coredump_file:s0 tclass=dir permissive=0
05-18 12:36:27.393  1000  3369  5122 I am_proc_died: [0,6644,com.jx.watchos.setting,901,15]
05-18 12:36:27.393  1000  3369  5122 I am_destroy_service: [0,133530537,4621]
05-18 12:36:27.579  1000  3369  3380 I am_proc_died: [0,6701,com.android.browser,900,15]
05-18 12:36:27.579  1000  3369  3380 I am_uid_stopped: 10071
05-18 12:36:27.691  1000  2995  2995 I auditd  : type=1400 audit(0.0:765): avc: denied { read } for comm="sensors@1.0-ser" name="corefile" dev="mmcblk0p38" ino=100 scontext=u:r:hal_sensors_default:s0 tcontext=u:object_r:coredump_file:s0 tclass=dir permissive=0
05-18 12:36:27.707 10020  4188  4289 I sysui_multi_action: [757,1093,758,4,793,8206,1094,603979777,1095,3]
05-18 12:36:27.731  1000  6932  6932 I auditd  : type=1400 audit(0.0:766): avc: denied { read } for comm="crash_dump64" name="corefile" dev="mmcblk0p38" ino=100 scontext=u:r:crash_dump:s0 tcontext=u:object_r:coredump_file:s0 tclass=dir permissive=0
05-18 12:36:27.784  1000  3369  4292 I wm_task_moved: [19,1,6]
05-18 12:36:27.785  1000  3369  4292 I am_create_activity: [0,54162428,19,com.android.settings/.SubSettings,android.intent.action.MAIN,NULL,NULL,0]
05-18 12:36:27.791  1000  3011  3011 I auditd  : type=1400 audit(0.0:767): avc: denied { read } for comm="surfaceflinger" name="corefile" dev="mmcblk0p38" ino=100 scontext=u:r:surfaceflinger:s0 tcontext=u:object_r:coredump_file:s0 tclass=dir permissive=0
05-18 12:36:27.797  1000  3369  4292 I am_pause_activity: [0,90294575,com.android.settings/.SubSettings]
05-18 12:36:27.807  1000  4340  4340 I sysui_view_visibility: [348,0]
05-18 12:36:27.807  1000  4340  4340 I sysui_multi_action: [757,348,758,2]
05-18 12:36:27.811  1000  6935  6935 I auditd  : type=1400 audit(0.0:768): avc: denied { read } for comm="crash_dump64" name="corefile" dev="mmcblk0p38" ino=100 scontext=u:r:crash_dump:s0 tcontext=u:object_r:coredump_file:s0 tclass=dir permissive=0
05-18 12:36:27.811  1000  4340  4340 I am_on_paused_called: [0,com.android.settings.SubSettings,handlePauseActivity]
05-18 12:36:27.813  1000  3369  4292 I am_restart_activity: [0,54162428,19,com.android.settings/.SubSettings]
05-18 12:36:27.816  1000  3369  4292 I am_set_resumed_activity: [0,com.android.settings/.SubSettings,minimalResumeActivityLocked]
05-18 12:36:27.831  1000  3369  3383 I sysui_count: [window_time_0,2]
05-18 12:36:27.831  1000  3369  3383 I sysui_multi_action: [757,803,799,window_time_0,802,2]
05-18 12:36:28.111  1041  3037  3037 I auditd  : type=1400 audit(0.0:769): avc: denied { read } for comm="audioserver" name="corefile" dev="mmcblk0p38" ino=100 scontext=u:r:audioserver:s0 tcontext=u:object_r:coredump_file:s0 tclass=dir permissive=0
05-18 12:36:28.141  1041  6938  6938 I auditd  : type=1400 audit(0.0:770): avc: denied { read } for comm="crash_dump32" name="corefile" dev="mmcblk0p38" ino=100 scontext=u:r:crash_dump:s0 tcontext=u:object_r:coredump_file:s0 tclass=dir permissive=0
05-18 12:36:28.210  1000  4340  4340 I sysui_multi_action: [757,349,758,1,833,348]
05-18 12:36:28.249  1000  4340  4340 I am_on_resume_called: [0,com.android.settings.SubSettings,LAUNCH_ACTIVITY]
05-18 12:36:28.271  1047  3038  3038 I auditd  : type=1400 audit(0.0:771): avc: denied { read } for comm="cameraserver" name="corefile" dev="mmcblk0p38" ino=100 scontext=u:r:cameraserver:s0 tcontext=u:object_r:coredump_file:s0 tclass=dir permissive=0
05-18 12:36:28.311  1047  6946  6946 I auditd  : type=1400 audit(0.0:772): avc: denied { read } for comm="crash_dump32" name="corefile" dev="mmcblk0p38" ino=100 scontext=u:r:crash_dump:s0 tcontext=u:object_r:coredump_file:s0 tclass=dir permissive=0
05-18 12:36:28.332  1000  3369  3392 I am_activity_launch_time: [0,54162428,com.android.settings/.SubSettings,513,513]
05-18 12:36:28.375  1000  3369  3383 I am_stop_activity: [0,90294575,com.android.settings/.SubSettings]
05-18 12:36:28.391   drm  3039  3039 I auditd  : type=1400 audit(0.0:773): avc: denied { read } for comm="drmserver" name="corefile" dev="mmcblk0p38" ino=100 scontext=u:r:drmserver:s0 tcontext=u:object_r:coredump_file:s0 tclass=dir permissive=0
05-18 12:36:28.398  1000  3369  6930 I am_finish_activity: [0,90294575,19,com.android.settings/.SubSettings,app-request]
05-18 12:36:28.399  1000  3369  6930 I am_destroy_activity: [0,90294575,19,com.android.settings/.SubSettings,finish-imm]
05-18 12:36:28.402  1000  3369  3383 I sysui_count: [window_time_0,0]
05-18 12:36:28.402  1000  4340  4340 I am_on_stop_called: [0,com.android.settings.SubSettings,handleStopActivity]
05-18 12:36:28.402  1000  3369  3383 I sysui_multi_action: [757,803,799,window_time_0,802,0]
05-18 12:36:28.431   drm  6952  6952 I auditd  : type=1400 audit(0.0:774): avc: denied { read } for comm="crash_dump64" name="corefile" dev="mmcblk0p38" ino=100 scontext=u:r:crash_dump:s0 tcontext=u:object_r:coredump_file:s0 tclass=dir permissive=0
05-18 12:36:28.467 10020  4188  4188 I sysui_view_visibility: [207,100]
05-18 12:36:28.467 10020  4188  4188 I sysui_multi_action: [757,207,758,1]
05-18 12:36:28.467 10020  4188  4188 I sysui_histogram: [volume_from_keyguard,0]
05-18 12:36:28.467 10020  4188  4188 I sysui_multi_action: [757,804,799,volume_from_keyguard,801,0,802,1]
05-18 12:36:28.551 media  3045  3045 I auditd  : type=1400 audit(0.0:775): avc: denied { read } for comm="mediadrmserver" name="corefile" dev="mmcblk0p38" ino=100 scontext=u:r:mediadrmserver:s0 tcontext=u:object_r:coredump_file:s0 tclass=dir permissive=0
05-18 12:36:28.581  logd  6956  6956 I auditd  : type=1400 audit(0.0:776): avc: denied { read } for comm="crash_dump32" name="corefile" dev="mmcblk0p38" ino=100 scontext=u:r:crash_dump:s0 tcontext=u:object_r:coredump_file:s0 tclass=dir permissive=0
05-18 12:36:28.618  1000  3369  6930 I volume_changed: [2,5,6,7,com.android.systemui]
05-18 12:36:28.671  1040  3047  3047 I auditd  : type=1400 audit(0.0:777): avc: denied { read } for comm="mediaextractor" name="corefile" dev="mmcblk0p38" ino=100 scontext=u:r:mediaextractor:s0 tcontext=u:object_r:coredump_file:s0 tclass=dir permissive=0
05-18 12:36:28.691  1040  3047  3047 I auditd  : type=1400 audit(0.0:778): avc: denied { read } for comm="Binder:3047_1" name="corefile" dev="mmcblk0p38" ino=100 scontext=u:r:mediaextractor:s0 tcontext=u:object_r:coredump_file:s0 tclass=dir permissive=0
05-18 12:36:28.701  1040  3047  3047 I auditd  : type=1400 audit(0.0:779): avc: denied { read } for comm="Binder:3047_2" name="corefile" dev="mmcblk0p38" ino=100 scontext=u:r:mediaextractor:s0 tcontext=u:object_r:coredump_file:s0 tclass=dir permissive=0
05-18 12:36:28.721  1040  3047  3047 I auditd  : type=1400 audit(0.0:780): avc: denied { read } for comm="Binder:3047_3" name="corefile" dev="mmcblk0p38" ino=100 scontext=u:r:mediaextractor:s0 tcontext=u:object_r:coredump_file:s0 tclass=dir permissive=0
05-18 12:36:28.731  1040  3047  3047 I auditd  : type=1400 audit(0.0:781): avc: denied { read } for comm="Binder:3047_4" name="corefile" dev="mmcblk0p38" ino=100 scontext=u:r:mediaextractor:s0 tcontext=u:object_r:coredump_file:s0 tclass=dir permissive=0
05-18 12:36:28.741 media  3049  3049 I auditd  : type=1400 audit(0.0:782): avc: denied { read } for comm="mediaserver" name="corefile" dev="mmcblk0p38" ino=100 scontext=u:r:mediaserver:s0 tcontext=u:object_r:coredump_file:s0 tclass=dir permissive=0
05-18 12:36:28.801 media  6959  6959 I auditd  : type=1400 audit(0.0:783): avc: denied { read } for comm="crash_dump32" name="corefile" dev="mmcblk0p38" ino=100 scontext=u:r:crash_dump:s0 tcontext=u:object_r:coredump_file:s0 tclass=dir permissive=0
05-18 12:36:28.885  1000  4340  4340 I sysui_action: [781,com.ss.android.ugc.aweme]
05-18 12:36:28.885  1000  4340  4340 I sysui_multi_action: [757,781,758,4,806,com.ss.android.ugc.aweme]
05-18 12:36:28.891  1046  3072  3072 I auditd  : type=1400 audit(0.0:784): avc: denied { read } for comm="omx@1.0-service" name="corefile" dev="mmcblk0p38" ino=100 scontext=u:r:mediacodec:s0 tcontext=u:object_r:coredump_file:s0 tclass=dir permissive=0
05-18 12:36:28.891  1000  4340  4340 I sysui_action: [395,com.ss.android.ugc.aweme]
05-18 12:36:28.891  1000  4340  4340 I sysui_multi_action: [757,395,758,4,806,com.ss.android.ugc.aweme]
05-18 12:36:28.928  1000  4340  4340 I sysui_action: [782,com.ss.android.ugc.aweme]
05-18 12:36:28.928  1000  4340  4340 I sysui_multi_action: [757,782,758,4,806,com.ss.android.ugc.aweme]
05-18 12:36:28.931  1046  3072  3072 I auditd  : type=1400 audit(0.0:785): avc: denied { read } for comm="HwBinder:3072_1" name="corefile" dev="mmcblk0p38" ino=100 scontext=u:r:mediacodec:s0 tcontext=u:object_r:coredump_file:s0 tclass=dir permissive=0
05-18 12:36:28.931  1000  4340  4340 I sysui_count: [datausage.UnrestrictedDataAccess/com.ss.android.ugc.aweme|10084|false,1]
05-18 12:36:28.931  1000  4340  4340 I sysui_multi_action: [757,803,799,datausage.UnrestrictedDataAccess/com.ss.android.ugc.aweme|10084|false,802,1]
05-18 12:36:28.931  1000  4340  4340 I sysui_multi_action: [757,853,758,4,806,,854,datausage.UnrestrictedDataAccess/com.ss.android.ugc.aweme|10084,1089,0]
05-18 12:36:28.932  1000  4340  4340 I sysui_count: [datausage.UnrestrictedDataAccess/com.ss.android.ugc.aweme|10084|true,1]
05-18 12:36:28.932  1000  4340  4340 I sysui_multi_action: [757,803,799,datausage.UnrestrictedDataAccess/com.ss.android.ugc.aweme|10084|true,802,1]
05-18 12:36:28.933  1000  4340  4340 I sysui_multi_action: [757,853,758,4,806,,854,datausage.UnrestrictedDataAccess/com.ss.android.ugc.aweme|10084,1089,1]
05-18 12:36:28.941  1046  3072  3072 I auditd  : type=1400 audit(0.0:786): avc: denied { read } for comm="HwBinder:3072_2" name="corefile" dev="mmcblk0p38" ino=100 scontext=u:r:mediacodec:s0 tcontext=u:object_r:coredump_file:s0 tclass=dir permissive=0
05-18 12:36:28.951  1046  3072  3072 I auditd  : type=1400 audit(0.0:787): avc: denied { read } for comm="Binder:3072_1" name="corefile" dev="mmcblk0p38" ino=100 scontext=u:r:mediacodec:s0 tcontext=u:object_r:coredump_file:s0 tclass=dir permissive=0
05-18 12:36:28.961  1046  3072  3072 I auditd  : type=1400 audit(0.0:788): avc: denied { read } for comm="HwBinder:3072_3" name="corefile" dev="mmcblk0p38" ino=100 scontext=u:r:mediacodec:s0 tcontext=u:object_r:coredump_file:s0 tclass=dir permissive=0
05-18 12:36:28.988  1000  4340  4340 I sysui_count: [datausage.UnrestrictedDataAccess/com.ss.android.ugc.aweme|10084|false,1]
05-18 12:36:28.988  1000  4340  4340 I sysui_multi_action: [757,803,799,datausage.UnrestrictedDataAccess/com.ss.android.ugc.aweme|10084|false,802,1]
05-18 12:36:28.989  1000  4340  4340 I sysui_multi_action: [757,853,758,4,806,,854,datausage.UnrestrictedDataAccess/com.ss.android.ugc.aweme|10084,1089,0]
05-18 12:36:28.991  1046  3072  3072 I auditd  : type=1400 audit(0.0:789): avc: denied { read } for comm="HwBinder:3072_4" name="corefile" dev="mmcblk0p38" ino=100 scontext=u:r:mediacodec:s0 tcontext=u:object_r:coredump_file:s0 tclass=dir permissive=0
05-18 12:36:29.040 10020  4188  4188 I sysui_view_visibility: [207,0]
05-18 12:36:29.041 10020  4188  4188 I sysui_multi_action: [757,207,758,2]
05-18 12:36:29.043 10020  4188  4288 I sysui_action: [210,-1]
05-18 12:36:29.043 10020  4188  4288 I sysui_multi_action: [757,210,758,4,759,-1]
05-18 12:36:29.048  1000  3369  3540 I am_new_intent: [0,76299313,4,com.jx.launcher/.Launcher,android.intent.action.MAIN,NULL,NULL,268435712]
05-18 12:36:29.048  1000  3369  3540 I wm_task_moved: [4,1,0]
05-18 12:36:29.049  1000  3369  3540 I am_focused_stack: [0,0,1,bringingFoundTaskToFront]
05-18 12:36:29.049  1000  3369  3540 I wm_task_moved: [4,1,0]
05-18 12:36:29.050  1000  3369  3540 I am_pause_activity: [0,54162428,com.android.settings/.SubSettings]
05-18 12:36:29.051  1000  3369  3540 I am_task_to_front: [0,4]
05-18 12:36:29.054  1000  4340  4340 I sysui_view_visibility: [349,0]
05-18 12:36:29.055  1000  4340  4340 I sysui_multi_action: [757,349,758,2]
05-18 12:36:29.064  1000  4340  4340 I am_on_paused_called: [0,com.android.settings.SubSettings,handlePauseActivity]
05-18 12:36:29.066 10020  4188  4188 I sysui_action: [209,6]
05-18 12:36:29.066 10020  4188  4188 I sysui_multi_action: [757,209,758,4,759,6]
05-18 12:36:29.067  1000  3369  4720 I am_set_resumed_activity: [0,com.jx.launcher/.Launcher,resumeTopActivityInnerLocked]
05-18 12:36:29.075  1000  3369  4720 I am_resume_activity: [0,76299313,4,com.jx.launcher/.Launcher]
05-18 12:36:29.089  1000  3369  3383 I sysui_count: [window_time_0,1]
05-18 12:36:29.089  1000  3369  3383 I sysui_multi_action: [757,803,799,window_time_0,802,1]
05-18 12:36:29.095  1000  4621  4621 I am_on_resume_called: [0,com.jx.launcher.Launcher,RESUME_ACTIVITY]
05-18 12:36:29.118  1000  3369  3379 I sysui_count: [key_back_down,1]
05-18 12:36:29.118  1000  3369  3379 I sysui_multi_action: [757,803,799,key_back_down,802,1]
05-18 12:36:29.192 10020  4188  4188 I sysui_action: [212,1]
05-18 12:36:29.192 10020  4188  4188 I sysui_multi_action: [757,212,758,4,759,1]
05-18 12:36:29.399  1000  3369  3369 I am_uid_stopped: 10077
05-18 12:36:29.400  1000  3369  3369 I am_kill : [0,6797,com.zmapp.plugin.addfriend,700,kill background]
05-18 12:36:29.753 10020  4188  4288 I sysui_action: [210,2]
05-18 12:36:29.753 10020  4188  4288 I sysui_multi_action: [757,210,758,4,759,2]
05-18 12:36:29.767  1000  3369  3369 I am_finish_activity: [0,117939848,18,com.zmapp.plugin.addfriend/.activity.MainActivity,force-stop]
05-18 12:36:29.785  1000  3369  3383 I sysui_count: [window_time_0,1]
05-18 12:36:29.785  1000  3369  3383 I sysui_multi_action: [757,803,799,window_time_0,802,1]
05-18 12:36:29.786  1000  3369  5516 I am_destroy_activity: [0,117939848,18,com.zmapp.plugin.addfriend/.activity.MainActivity,finish-idle]
05-18 12:36:29.786  1000  3369  5516 I wm_task_removed: [18,removeAppToken: last token]
05-18 12:36:29.787  1000  3369  5516 I wm_task_removed: [18,removeTask]
05-18 12:36:29.795  1000  3369  3392 I sysui_multi_action: [319,373,322,110,325,225,757,761,758,9,759,2,806,com.jx.launcher,871,com.jx.launcher.Launcher,905,0]
05-18 12:36:29.809  1000  3369  3383 I am_stop_activity: [0,54162428,com.android.settings/.SubSettings]
05-18 12:36:29.833  1000  3369  3540 I am_new_intent: [0,76299313,4,com.jx.launcher/.Launcher,android.intent.action.MAIN,NULL,NULL,268435712]
05-18 12:36:29.834  1000  3369  3540 I wm_task_moved: [4,1,0]
05-18 12:36:29.850  1000  3369  5516 I am_finish_activity: [0,54162428,19,com.android.settings/.SubSettings,app-request]
05-18 12:36:29.853  1000  3369  5516 I am_destroy_activity: [0,54162428,19,com.android.settings/.SubSettings,finish-imm]
05-18 12:36:29.867  1000  4340  4340 I am_on_stop_called: [0,com.android.settings.SubSettings,handleStopActivity]
05-18 12:36:29.872  1000  3369  3383 I sysui_count: [window_time_0,0]
05-18 12:36:29.873  1000  3369  3383 I sysui_multi_action: [757,803,799,window_time_0,802,0]
05-18 12:36:29.875  1000  3369  3369 I notification_cancel_all: [1000,3369,com.zmapp.plugin.addfriend,0,0,0,5,NULL]
05-18 12:36:29.889 10020  4188  4288 I sysui_action: [213,1]
05-18 12:36:29.889 10020  4188  4288 I sysui_multi_action: [757,213,758,4,759,1]
05-18 12:36:29.918  1000  3369  4292 I wm_task_removed: [19,removeAppToken: last token]
05-18 12:36:29.918  1000  3369  4292 I wm_task_removed: [19,removeTask]
05-18 12:36:30.148  1000  4621  4621 I menu_opened: 0
05-18 12:36:30.227  1000  3369  3540 I am_new_intent: [0,76299313,4,com.jx.launcher/.Launcher,android.intent.action.MAIN,NULL,NULL,268435712]
05-18 12:36:30.227  1000  3369  3540 I wm_task_moved: [4,1,0]
05-18 12:36:30.324  1000  3369  6914 I sysui_count: [key_back_down,1]
05-18 12:36:30.324  1000  3369  6914 I sysui_multi_action: [757,803,799,key_back_down,802,1]
05-18 12:36:30.372  1000  4621  4621 I menu_opened: 0
05-18 12:36:30.406  1000  3369  6914 I wm_task_created: [20,1]
05-18 12:36:30.407  1000  3369  6914 I wm_task_moved: [20,1,5]
05-18 12:36:30.407  1000  3369  6914 I am_focused_stack: [0,1,0,reuseOrNewTask]
05-18 12:36:30.408  1000  3369  6914 I wm_task_moved: [20,1,5]
05-18 12:36:30.408  1000  3369  6914 I am_create_task: [0,20]
05-18 12:36:30.409  1000  3369  6914 I am_create_activity: [0,180331169,20,com.sprd.bootres/com.sprd.settings.newsettings.SuperPower,android.intent.action.MAIN,NULL,NULL,270532608]
05-18 12:36:30.411  1000  3369  6914 I wm_task_moved: [20,1,5]
05-18 12:36:30.412  1000  3369  6914 I am_pause_activity: [0,76299313,com.jx.launcher/.Launcher]
05-18 12:36:30.431  1000  4621  4621 I am_on_paused_called: [0,com.jx.launcher.Launcher,handlePauseActivity]
05-18 12:36:30.464  1000  3369  5516 I am_proc_start: [0,6968,1000,com.sprd.bootres,activity,com.sprd.bootres/com.sprd.settings.newsettings.SuperPower]
05-18 12:36:30.470  1000  3369  3383 I sysui_count: [window_time_0,0]
05-18 12:36:30.470  1000  3369  3383 I sysui_multi_action: [757,803,799,window_time_0,802,0]
05-18 12:36:30.486  1000  3369  5516 I am_proc_bound: [0,6968,com.sprd.bootres]
05-18 12:36:30.501  1000  3369  5516 I am_restart_activity: [0,180331169,20,com.sprd.bootres/com.sprd.settings.newsettings.SuperPower]
05-18 12:36:30.505  1000  3369  5516 I am_set_resumed_activity: [0,com.sprd.bootres/com.sprd.settings.newsettings.SuperPower,minimalResumeActivityLocked]
05-18 12:36:30.567  1000  3369  6930 I am_finish_activity: [0,180331169,20,com.sprd.bootres/com.sprd.settings.newsettings.SuperPower,app-request]
05-18 12:36:30.568  1000  3369  6930 I am_focused_stack: [0,0,1,finishActivity adjustFocus]
05-18 12:36:30.568  1000  3369  6930 I wm_task_moved: [4,1,0]
05-18 12:36:30.571  1000  3369  6930 I am_pause_activity: [0,180331169,com.sprd.bootres/com.sprd.settings.newsettings.SuperPower]
05-18 12:36:30.579  1000  3369  3383 I sysui_count: [window_time_0,0]
05-18 12:36:30.580  1000  3369  3383 I sysui_multi_action: [757,803,799,window_time_0,802,0]
05-18 12:36:30.605  1000  3369  6930 I am_destroy_activity: [0,180331169,20,com.sprd.bootres/com.sprd.settings.newsettings.SuperPower,finish-imm]
05-18 12:36:30.616  1000  3369  6930 I am_set_resumed_activity: [0,com.jx.launcher/.Launcher,resumeTopActivityInnerLocked]
05-18 12:36:30.618  1000  3369  6930 I am_resume_activity: [0,76299313,4,com.jx.launcher/.Launcher]
05-18 12:36:30.639  1000  3369  6929 I wm_task_removed: [20,removeAppToken: last token]
05-18 12:36:30.640  1000  3369  6929 I wm_task_removed: [20,removeTask]
05-18 12:36:30.642  1000  3369  3383 I sysui_count: [window_time_0,1]
05-18 12:36:30.642  1000  3369  3383 I sysui_multi_action: [757,803,799,window_time_0,802,1]
05-18 12:36:30.645  1000  4621  4621 I am_on_resume_called: [0,com.jx.launcher.Launcher,RESUME_ACTIVITY]
05-18 12:36:30.887 10020  4188  4289 I sysui_multi_action: [757,1093,758,4,793,3180,1094,604045313,1095,4]
05-18 12:36:31.169  1000  3369  6927 I wm_task_created: [21,1]
05-18 12:36:31.170  1000  3369  6927 I wm_task_moved: [21,1,5]
05-18 12:36:31.171  1000  3369  6927 I am_focused_stack: [0,1,0,reuseOrNewTask]
05-18 12:36:31.171  1000  3369  6927 I wm_task_moved: [21,1,5]
05-18 12:36:31.172  1000  3369  6927 I am_create_task: [0,21]
05-18 12:36:31.172  1000  3369  6927 I am_create_activity: [0,59989974,21,com.android.gallery3d/com.sprd.gallery3d.app.NewVideoActivity,android.intent.action.MAIN,NULL,NULL,270532608]
05-18 12:36:31.172  1000  3369  6927 I wm_task_moved: [21,1,5]
05-18 12:36:31.174  1000  3369  6927 I am_pause_activity: [0,76299313,com.jx.launcher/.Launcher]
05-18 12:36:31.187  1000  4621  4621 I am_on_paused_called: [0,com.jx.launcher.Launcher,handlePauseActivity]
05-18 12:36:31.213  1000  3369  6840 I am_uid_running: 10026
05-18 12:36:31.233  1000  3369  6840 I am_proc_start: [0,6987,10026,com.android.gallery3d,activity,com.android.gallery3d/com.sprd.gallery3d.app.NewVideoActivity]
05-18 12:36:31.252  1000  3369  6927 I am_proc_bound: [0,6987,com.android.gallery3d]
05-18 12:36:31.283  1000  3369  6927 I am_uid_active: 10026
05-18 12:36:31.283  1000  3369  6927 I am_restart_activity: [0,59989974,21,com.android.gallery3d/com.sprd.gallery3d.app.NewVideoActivity]
05-18 12:36:31.284  1000  3369  6927 I am_set_resumed_activity: [0,com.android.gallery3d/com.sprd.gallery3d.app.NewVideoActivity,minimalResumeActivityLocked]
05-18 12:36:31.462 10026  6987  6987 I am_on_resume_called: [0,com.sprd.gallery3d.app.NewVideoActivity,LAUNCH_ACTIVITY]
05-18 12:36:31.611  1000  3369  3382 I am_pss  : [6242,10073,com.baidu.voicesearch,104387584,72167424,534528]
05-18 12:36:31.698  1000  3369  3392 I am_activity_launch_time: [0,59989974,com.android.gallery3d/com.sprd.gallery3d.app.NewVideoActivity,481,1256]
05-18 12:36:31.931 media  3049  3049 I auditd  : type=1400 audit(0.0:791): avc: denied { read } for comm="Binder:3049_8" name="u:object_r:media_prop:s0" dev="tmpfs" ino=7887 scontext=u:r:mediaserver:s0 tcontext=u:object_r:media_prop:s0 tclass=file permissive=0
05-18 12:36:31.941  1000  3369  6929 I am_stop_activity: [0,76299313,com.jx.launcher/.Launcher]
05-18 12:36:31.956 10020  4188  4188 I sysui_view_visibility: [207,100]
05-18 12:36:31.956 10020  4188  4188 I sysui_multi_action: [757,207,758,1]
05-18 12:36:31.956 10020  4188  4188 I sysui_histogram: [volume_from_keyguard,0]
05-18 12:36:31.956 10020  4188  4188 I sysui_multi_action: [757,804,799,volume_from_keyguard,801,0,802,1]
05-18 12:36:31.961  1040  3047  3047 I auditd  : type=1400 audit(0.0:792): avc: denied { read } for comm="mediaextractor" name="u:object_r:media_prop:s0" dev="tmpfs" ino=7887 scontext=u:r:mediaextractor:s0 tcontext=u:object_r:media_prop:s0 tclass=file permissive=0
05-18 12:36:31.991 media  3049  3049 I auditd  : type=1400 audit(0.0:793): avc: denied { read } for comm="Binder:3049_8" name="u:object_r:media_prop:s0" dev="tmpfs" ino=7887 scontext=u:r:mediaserver:s0 tcontext=u:object_r:media_prop:s0 tclass=file permissive=0
05-18 12:36:32.017  1000  3369  6840 I wm_task_moved: [21,1,5]
05-18 12:36:32.018  1000  3369  6840 I am_create_activity: [0,57307713,21,com.android.gallery3d/.app.MovieActivity,NULL,video/*,content://media/external/video/media/37,536870912]
05-18 12:36:32.019  1000  3369  6840 I am_pause_activity: [0,59989974,com.android.gallery3d/com.sprd.gallery3d.app.NewVideoActivity]
05-18 12:36:32.027 10026  6987  6987 I am_on_paused_called: [0,com.sprd.gallery3d.app.NewVideoActivity,handlePauseActivity]
05-18 12:36:32.030  1000  3369  6929 I am_restart_activity: [0,57307713,21,com.android.gallery3d/.app.MovieActivity]
05-18 12:36:32.033  1000  3369  6929 I am_set_resumed_activity: [0,com.android.gallery3d/.app.MovieActivity,minimalResumeActivityLocked]
05-18 12:36:32.043  1000  3369  3383 I sysui_count: [window_time_0,1]
05-18 12:36:32.043  1000  3369  3383 I sysui_multi_action: [757,803,799,window_time_0,802,1]
05-18 12:36:32.151 media  3049  3049 I auditd  : type=1400 audit(0.0:794): avc: denied { read } for comm="Binder:3049_8" name="u:object_r:media_prop:s0" dev="tmpfs" ino=7887 scontext=u:r:mediaserver:s0 tcontext=u:object_r:media_prop:s0 tclass=file permissive=0
05-18 12:36:32.181  1040  3047  3047 I auditd  : type=1400 audit(0.0:795): avc: denied { read } for comm="mediaextractor" name="u:object_r:media_prop:s0" dev="tmpfs" ino=7887 scontext=u:r:mediaextractor:s0 tcontext=u:object_r:media_prop:s0 tclass=file permissive=0
05-18 12:36:32.222 10026  6987  6987 I am_on_resume_called: [0,com.android.gallery3d.app.MovieActivity,LAUNCH_ACTIVITY]
05-18 12:36:32.261 media  3049  3049 I auditd  : type=1400 audit(0.0:796): avc: denied { read } for comm="Binder:3049_8" name="u:object_r:media_prop:s0" dev="tmpfs" ino=7887 scontext=u:r:mediaserver:s0 tcontext=u:object_r:media_prop:s0 tclass=file permissive=0
05-18 12:36:32.281 media  3049  3049 I auditd  : type=1400 audit(0.0:797): avc: denied { read } for comm="generic" name="u:object_r:media_prop:s0" dev="tmpfs" ino=7887 scontext=u:r:mediaserver:s0 tcontext=u:object_r:media_prop:s0 tclass=file permissive=0
05-18 12:36:32.281 media  3049  3049 I auditd  : type=1400 audit(0.0:798): avc: denied { read } for comm="generic" path="/storage/emulated/0/Movies/girls_generation.mp4" dev="sdcardfs" ino=4288 scontext=u:r:mediaextractor:s0 tcontext=u:object_r:sdcardfs:s0 tclass=file permissive=0
05-18 12:36:32.281 media  3049  3049 I auditd  : type=1400 audit(0.0:799): avc: denied { read } for comm="generic" name="u:object_r:media_prop:s0" dev="tmpfs" ino=7887 scontext=u:r:mediaserver:s0 tcontext=u:object_r:media_prop:s0 tclass=file permissive=0
05-18 12:36:32.321  1040  3047  3047 I auditd  : type=1400 audit(0.0:800): avc: denied { read } for comm="mediaextractor" name="u:object_r:media_prop:s0" dev="tmpfs" ino=7887 scontext=u:r:mediaextractor:s0 tcontext=u:object_r:media_prop:s0 tclass=file permissive=0
05-18 12:36:32.373  1000  3369  3392 I am_activity_launch_time: [0,57307713,com.android.gallery3d/.app.MovieActivity,337,337]
05-18 12:36:32.401 10020  4188  4188 I sysui_action: [209,3]
05-18 12:36:32.401 10020  4188  4188 I sysui_multi_action: [757,209,758,4,759,3]
05-18 12:36:32.416  1000  3369  6914 I volume_changed: [2,6,3,7,com.android.systemui]
05-18 12:36:32.450  1000  3369  6840 I am_stop_activity: [0,59989974,com.android.gallery3d/com.sprd.gallery3d.app.NewVideoActivity]
05-18 12:36:32.451 media  3049  3049 I auditd  : type=1400 audit(0.0:801): avc: denied { read } for comm="NPDecoder" name="u:object_r:media_prop:s0" dev="tmpfs" ino=7887 scontext=u:r:mediaserver:s0 tcontext=u:object_r:media_prop:s0 tclass=file permissive=0
05-18 12:36:32.451 media  3049  3049 I auditd  : type=1400 audit(0.0:802): avc: denied { read } for comm="NPDecoder" name="u:object_r:media_prop:s0" dev="tmpfs" ino=7887 scontext=u:r:mediaserver:s0 tcontext=u:object_r:media_prop:s0 tclass=file permissive=0
05-18 12:36:32.454 10026  6987  6987 I am_on_stop_called: [0,com.sprd.gallery3d.app.NewVideoActivity,handleStopActivity]
05-18 12:36:32.458 10020  4188  4288 I sysui_action: [213,2]
05-18 12:36:32.458 10020  4188  4288 I sysui_multi_action: [757,213,758,4,759,2]
05-18 12:36:32.494 10020  4188  4188 I sysui_view_visibility: [207,0]
05-18 12:36:32.495 10020  4188  4188 I sysui_multi_action: [757,207,758,2]
05-18 12:36:32.497 10020  4188  4288 I sysui_action: [210,-1]
05-18 12:36:32.497 10020  4188  4288 I sysui_multi_action: [757,210,758,4,759,-1]
05-18 12:36:32.521 media  3049  3049 I auditd  : type=1400 audit(0.0:803): avc: denied { read } for comm="CodecLooper" name="libbase.so" dev="dm-1" ino=662 scontext=u:r:mediaserver:s0 tcontext=u:object_r:vendor_file:s0 tclass=file permissive=0
05-18 12:36:32.521 media  3049  3049 I auditd  : type=1400 audit(0.0:804): avc: denied { read } for comm="CodecLooper" name="libhidlbase.so" dev="dm-1" ino=707 scontext=u:r:mediaserver:s0 tcontext=u:object_r:vendor_file:s0 tclass=file permissive=0
05-18 12:36:32.521 media  3049  3049 I auditd  : type=1400 audit(0.0:805): avc: denied { read } for comm="CodecLooper" name="libhidltransport.so" dev="dm-1" ino=709 scontext=u:r:mediaserver:s0 tcontext=u:object_r:vendor_file:s0 tclass=file permissive=0
05-18 12:36:32.521 media  3049  3049 I auditd  : type=1400 audit(0.0:806): avc: denied { read } for comm="NPDecoder" name="u:object_r:media_prop:s0" dev="tmpfs" ino=7887 scontext=u:r:mediaserver:s0 tcontext=u:object_r:media_prop:s0 tclass=file permissive=0
05-18 12:36:32.521 media  3049  3049 I auditd  : type=1400 audit(0.0:807): avc: denied { read } for comm="NuPlayerRendere" name="u:object_r:media_prop:s0" dev="tmpfs" ino=7887 scontext=u:r:mediaserver:s0 tcontext=u:object_r:media_prop:s0 tclass=file permissive=0
05-18 12:36:32.521 media  3049  3049 I auditd  : type=1400 audit(0.0:808): avc: denied { read } for comm="NuPlayerRendere" name="u:object_r:media_prop:s0" dev="tmpfs" ino=7887 scontext=u:r:mediaserver:s0 tcontext=u:object_r:media_prop:s0 tclass=file permissive=0
05-18 12:36:32.561  1040  3047  3047 I auditd  : type=1400 audit(0.0:809): avc: denied { read } for comm="Binder:3047_3" name="u:object_r:media_prop:s0" dev="tmpfs" ino=7887 scontext=u:r:mediaextractor:s0 tcontext=u:object_r:media_prop:s0 tclass=file permissive=0
05-18 12:36:32.863 10020  4188  4289 I sysui_multi_action: [757,1093,758,4,793,1976,1094,603979777,1095,3]
05-18 12:36:33.001 media  3049  3049 I auditd  : type=1400 audit(0.0:810): avc: denied { read } for comm="NPDecoder" name="u:object_r:media_prop:s0" dev="tmpfs" ino=7887 scontext=u:r:mediaserver:s0 tcontext=u:object_r:media_prop:s0 tclass=file permissive=0
05-18 12:36:33.151  1000  3369  4292 I am_finish_activity: [0,57307713,21,com.android.gallery3d/.app.MovieActivity,app-request]
05-18 12:36:33.152  1000  3369  4292 I am_pause_activity: [0,57307713,com.android.gallery3d/.app.MovieActivity]
05-18 12:36:33.156  1000  3369  3383 I sysui_count: [window_time_0,1]
05-18 12:36:33.156  1000  3369  3383 I sysui_multi_action: [757,803,799,window_time_0,802,1]
05-18 12:36:33.173 10020  4188  4288 I sysui_action: [210,3]
05-18 12:36:33.173 10020  4188  4288 I sysui_multi_action: [757,210,758,4,759,3]
05-18 12:36:33.196  1000  3369  3383 I am_proc_start: [0,7066,1000,com.android.deskclock,broadcast,com.android.deskclock/.alarms.AlarmStateManager]
05-18 12:36:33.200 10020  4188  4288 I sysui_action: [211,15]
05-18 12:36:33.200 10020  4188  4288 I sysui_multi_action: [757,211,758,4,759,15]
