05-18 12:35:22.298 radio  4156  4665 D UsimPhoneBookManagerEx: anrRec[0] == 0anr
05-18 12:35:22.298 radio  4156  4665 D UsimPhoneBookManagerEx: anrGroup[0] == , aasGroup[0] == null ,mDoneAdnCount  += 250 , record == [B@400c5f8
05-18 12:35:22.298 radio  4156  4665 D UsimPhoneBookManagerEx: setEmailandAnr AdnRecordEx  anr
05-18 12:35:22.298 radio  4156  4665 D UsimPhoneBookManagerEx: getAnr adnNum: 233num 1
05-18 12:35:22.298 radio  4156  4665 D UsimPhoneBookManagerEx: anrRec[0] == 0anr
05-18 12:35:22.298 radio  4156  4665 D UsimPhoneBookManagerEx: anrGroup[0] == , aasGroup[0] == null ,mDoneAdnCount  += 250 , record == [B@6760ad1
05-18 12:35:22.298 radio  4156  4665 D UsimPhoneBookManagerEx: setEmailandAnr AdnRecordEx  anr
05-18 12:35:22.299 radio  4156  4665 D UsimPhoneBookManagerEx: getAnr adnNum: 234num 1
05-18 12:35:22.299 radio  4156  4665 D UsimPhoneBookManagerEx: anrRec[0] == 0anr
05-18 12:35:22.299 radio  4156  4665 D UsimPhoneBookManagerEx: anrGroup[0] == , aasGroup[0] == null ,mDoneAdnCount  += 250 , record == [B@6347936
05-18 12:35:22.299 radio  4156  4665 D UsimPhoneBookManagerEx: setEmailandAnr AdnRecordEx  anr
05-18 12:35:22.299 radio  4156  4665 D UsimPhoneBookManagerEx: getAnr adnNum: 235num 1
05-18 12:35:22.299 radio  4156  4665 D UsimPhoneBookManagerEx: anrRec[0] == 0anr
05-18 12:35:22.299 radio  4156  4665 D UsimPhoneBookManagerEx: anrGroup[0] == , aasGroup[0] == null ,mDoneAdnCount  += 250 , record == [B@70a4037
05-18 12:35:22.299 radio  4156  4665 D UsimPhoneBookManagerEx: setEmailandAnr AdnRecordEx  anr
05-18 12:35:22.299 radio  4156  4665 D UsimPhoneBookManagerEx: getAnr adnNum: 236num 1
05-18 12:35:22.299 radio  4156  4665 D UsimPhoneBookManagerEx: anrRec[0] == 0anr
05-18 12:35:22.299 radio  4156  4665 D UsimPhoneBookManagerEx: anrGroup[0] == , aasGroup[0] == null ,mDoneAdnCount  += 250 , record == [B@7849a4
05-18 12:35:22.299 radio  4156  4665 D UsimPhoneBookManagerEx: setEmailandAnr AdnRecordEx  anr
05-18 12:35:22.299 radio  4156  4665 D UsimPhoneBookManagerEx: getAnr adnNum: 237num 1
05-18 12:35:22.299 radio  4156  4665 D UsimPhoneBookManagerEx: anrRec[0] == 0anr
05-18 12:35:22.300 radio  4156  4665 D UsimPhoneBookManagerEx: anrGroup[0] == , aasGroup[0] == null ,mDoneAdnCount  += 250 , record == [B@27f830d
05-18 12:35:22.300 radio  4156  4665 D UsimPhoneBookManagerEx: setEmailandAnr AdnRecordEx  anr
05-18 12:35:22.300 radio  4156  4665 D UsimPhoneBookManagerEx: getAnr adnNum: 238num 1
05-18 12:35:22.300 radio  4156  4665 D UsimPhoneBookManagerEx: anrRec[0] == 0anr
05-18 12:35:22.300 radio  4156  4665 D UsimPhoneBookManagerEx: anrGroup[0] == , aasGroup[0] == null ,mDoneAdnCount  += 250 , record == [B@346f2c2
05-18 12:35:22.300 radio  4156  4665 D UsimPhoneBookManagerEx: setEmailandAnr AdnRecordEx  anr
05-18 12:35:22.300 radio  4156  4665 D UsimPhoneBookManagerEx: getAnr adnNum: 239num 1
05-18 12:35:22.300 radio  4156  4665 D UsimPhoneBookManagerEx: anrRec[0] == 0anr
05-18 12:35:22.300 radio  4156  4665 D UsimPhoneBookManagerEx: anrGroup[0] == , aasGroup[0] == null ,mDoneAdnCount  += 250 , record == [B@738a8d3
05-18 12:35:22.300 radio  4156  4665 D UsimPhoneBookManagerEx: setEmailandAnr AdnRecordEx  anr
05-18 12:35:22.301 radio  4156  4665 D UsimPhoneBookManagerEx: getAnr adnNum: 240num 1
05-18 12:35:22.301 radio  4156  4665 D UsimPhoneBookManagerEx: anrRec[0] == 0anr
05-18 12:35:22.301 radio  4156  4665 D UsimPhoneBookManagerEx: anrGroup[0] == , aasGroup[0] == null ,mDoneAdnCount  += 250 , record == [B@cc25c10
05-18 12:35:22.301 radio  4156  4665 D UsimPhoneBookManagerEx: setEmailandAnr AdnRecordEx  anr
05-18 12:35:22.301 radio  4156  4665 D UsimPhoneBookManagerEx: getAnr adnNum: 241num 1
05-18 12:35:22.301 radio  4156  4665 D UsimPhoneBookManagerEx: anrRec[0] == 0anr
05-18 12:35:22.302 radio  4156  4665 D UsimPhoneBookManagerEx: anrGroup[0] == , aasGroup[0] == null ,mDoneAdnCount  += 250 , record == [B@b2e4309
05-18 12:35:22.302 radio  4156  4665 D UsimPhoneBookManagerEx: setEmailandAnr AdnRecordEx  anr
05-18 12:35:22.302 radio  4156  4665 D UsimPhoneBookManagerEx: getAnr adnNum: 242num 1
05-18 12:35:22.302 radio  4156  4665 D UsimPhoneBookManagerEx: anrRec[0] == 0anr
05-18 12:35:22.302 radio  4156  4665 D UsimPhoneBookManagerEx: anrGroup[0] == , aasGroup[0] == null ,mDoneAdnCount  += 250 , record == [B@d15790e
05-18 12:35:22.302 radio  4156  4665 D UsimPhoneBookManagerEx: setEmailandAnr AdnRecordEx  anr
05-18 12:35:22.302 radio  4156  4665 D UsimPhoneBookManagerEx: getAnr adnNum: 243num 1
05-18 12:35:22.302 radio  4156  4665 D UsimPhoneBookManagerEx: anrRec[0] == 0anr
05-18 12:35:22.302 radio  4156  4665 D UsimPhoneBookManagerEx: anrGroup[0] == , aasGroup[0] == null ,mDoneAdnCount  += 250 , record == [B@bdaff2f
05-18 12:35:22.302 radio  4156  4665 D UsimPhoneBookManagerEx: setEmailandAnr AdnRecordEx  anr
05-18 12:35:22.302 radio  4156  4665 D UsimPhoneBookManagerEx: getAnr adnNum: 244num 1
05-18 12:35:22.302 radio  4156  4665 D UsimPhoneBookManagerEx: anrRec[0] == 0anr
05-18 12:35:22.302 radio  4156  4665 D UsimPhoneBookManagerEx: anrGroup[0] == , aasGroup[0] == null ,mDoneAdnCount  += 250 , record == [B@359293c
05-18 12:35:22.302 radio  4156  4665 D UsimPhoneBookManagerEx: setEmailandAnr AdnRecordEx  anr
05-18 12:35:22.302 radio  4156  4665 D UsimPhoneBookManagerEx: getAnr adnNum: 245num 1
05-18 12:35:22.302 radio  4156  4665 D UsimPhoneBookManagerEx: anrRec[0] == 0anr
05-18 12:35:22.302 radio  4156  4665 D UsimPhoneBookManagerEx: anrGroup[0] == , aasGroup[0] == null ,mDoneAdnCount  += 250 , record == [B@7ef06c5
05-18 12:35:22.302 radio  4156  4665 D UsimPhoneBookManagerEx: setEmailandAnr AdnRecordEx  anr
05-18 12:35:22.304 radio  4156  4665 D UsimPhoneBookManagerEx: getAnr adnNum: 246num 1
05-18 12:35:22.304 radio  4156  4665 D UsimPhoneBookManagerEx: anrRec[0] == 0anr
05-18 12:35:22.304 radio  4156  4665 D UsimPhoneBookManagerEx: anrGroup[0] == , aasGroup[0] == null ,mDoneAdnCount  += 250 , record == [B@634181a
05-18 12:35:22.304 radio  4156  4665 D UsimPhoneBookManagerEx: setEmailandAnr AdnRecordEx  anr
05-18 12:35:22.304 radio  4156  4665 D UsimPhoneBookManagerEx: getAnr adnNum: 247num 1
05-18 12:35:22.304 radio  4156  4665 D UsimPhoneBookManagerEx: anrRec[0] == 0anr
05-18 12:35:22.304 radio  4156  4665 D UsimPhoneBookManagerEx: anrGroup[0] == , aasGroup[0] == null ,mDoneAdnCount  += 250 , record == [B@1a25f4b
05-18 12:35:22.304 radio  4156  4665 D UsimPhoneBookManagerEx: setEmailandAnr AdnRecordEx  anr
05-18 12:35:22.304 radio  4156  4665 D UsimPhoneBookManagerEx: getAnr adnNum: 248num 1
05-18 12:35:22.304 radio  4156  4665 D UsimPhoneBookManagerEx: anrRec[0] == 0anr
05-18 12:35:22.304 radio  4156  4665 D UsimPhoneBookManagerEx: anrGroup[0] == , aasGroup[0] == null ,mDoneAdnCount  += 250 , record == [B@a2d9d28
05-18 12:35:22.304 radio  4156  4665 D UsimPhoneBookManagerEx: setEmailandAnr AdnRecordEx  anr
05-18 12:35:22.304 radio  4156  4665 D UsimPhoneBookManagerEx: getAnr adnNum: 249num 1
05-18 12:35:22.304 radio  4156  4665 D UsimPhoneBookManagerEx: anrRec[0] == 0anr
05-18 12:35:22.304 radio  4156  4665 D UsimPhoneBookManagerEx: anrGroup[0] == , aasGroup[0] == null ,mDoneAdnCount  += 250 , record == [B@3e4a41
05-18 12:35:22.304 radio  4156  4665 D UsimPhoneBookManagerEx: setEmailandAnr AdnRecordEx  anr
05-18 12:35:22.304 radio  4156  4665 D UsimPhoneBookManagerEx: getType2Ef size 2
05-18 12:35:22.305 radio  4156  4665 D UsimPhoneBookManagerEx: getType2Ef  type 0 efs [20337, 20338]
05-18 12:35:22.305 radio  4156  4665 D UsimPhoneBookManagerEx: CheckRepeatType2Ef 
05-18 12:35:22.305 radio  4156  4665 D UsimPhoneBookManagerEx: SetMapOfRepeatEfid  count 100
05-18 12:35:22.305 radio  4156  4665 D UsimPhoneBookManagerEx: getUsedNumSetIndex index.type[k] 169
05-18 12:35:22.305 radio  4156  4665 D UsimPhoneBookManagerEx: getUsedNumSetIndex count 0
05-18 12:35:22.305 radio  4156  4665 D UsimPhoneBookManagerEx: SetMapOfRepeatEfid  size 0
05-18 12:35:22.305 radio  4156  4665 D UsimPhoneBookManagerEx: SetMapOfRepeatEfid  size 0
05-18 12:35:22.305 radio  4156  4665 D UsimPhoneBookManagerEx: getUsedNumSetIndex index.type[k] 169
05-18 12:35:22.305 radio  4156  4665 D UsimPhoneBookManagerEx: getUsedNumSetIndex count 0
05-18 12:35:22.305 radio  4156  4665 D UsimPhoneBookManagerEx:  SetRepeatUsedNumSet efid  20337 num  0  totalSet.size  0
05-18 12:35:22.305 radio  4156  4665 D UsimPhoneBookManagerEx: getUsedNumSetIndex index.type[k] 169
05-18 12:35:22.305 radio  4156  4665 D UsimPhoneBookManagerEx: SetMapOfRepeatEfid  count 100
05-18 12:35:22.306 radio  4156  4665 D UsimPhoneBookManagerEx: getUsedNumSetIndex index.type[k] 169
05-18 12:35:22.306 radio  4156  4665 D UsimPhoneBookManagerEx: getUsedNumSetIndex count 0
05-18 12:35:22.306 radio  4156  4665 D UsimPhoneBookManagerEx: SetMapOfRepeatEfid  size 0
05-18 12:35:22.306 radio  4156  4665 D UsimPhoneBookManagerEx: SetMapOfRepeatEfid  size 0
05-18 12:35:22.306 radio  4156  4665 D UsimPhoneBookManagerEx: getUsedNumSetIndex index.type[k] 169
05-18 12:35:22.306 radio  4156  4665 D UsimPhoneBookManagerEx: getUsedNumSetIndex index.type[k] 169
05-18 12:35:22.306 radio  4156  4665 D UsimPhoneBookManagerEx: getUsedNumSetIndex count 0
05-18 12:35:22.306 radio  4156  4665 D UsimPhoneBookManagerEx:  SetRepeatUsedNumSet efid  20338 num  0  totalSet.size  0
05-18 12:35:22.306 radio  4156  4665 D UsimPhoneBookManagerEx: getType2Ef size 2
05-18 12:35:22.306 radio  4156  4665 D UsimPhoneBookManagerEx: getType2Ef  type 1 efs []
05-18 12:35:22.306 radio  4156  4665 D UsimPhoneBookManagerEx: updateAdnRecord Num and grp info, adn size:500
05-18 12:35:22.310 radio  4156  4665 D UsimPhoneBookManagerEx: update EFpbc begin
05-18 12:35:22.310 radio  4156  4665 D UsimPhoneBookManagerEx:  USIM_EFPBC_TAG = 0x4F41
05-18 12:35:22.310 radio  4156  4665 D UsimPhoneBookManagerEx: readFileSizeAndWait20289
05-18 12:35:22.311 radio  4156  4665 D RILJ    : [4574]> iccIO: SIM_IO command = 0xc0 fileId = 0x4f41 path = 3F007F105F3A p1 = 0 p2 = 0 p3 =  data = null aid =  [SUB0]
05-18 12:35:22.312 radio  3351  3351 D RILC    : iccIOForApp: serial 926
05-18 12:35:22.312 radio  3351  3356 D RIL     : onRequest: SIM_IO radioState=4
05-18 12:35:22.312 radio  3351  3356 D REQ_THDS: get Channel1
05-18 12:35:22.317 radio  4156  4156 D CAT     : CatServiceSprd: handleMessage[60]
05-18 12:35:22.318 radio  4156  4156 D CAT     : CatServiceSprd: broadcastCatCmdIntent isStkAppInstalled: false
05-18 12:35:22.320 radio  3351  3356 D RIL     : usim card, change to sim format
05-18 12:35:22.320 radio  3351  3356 D RIL     : sr.simResponse NOT NULL, convert to sim
05-18 12:35:22.320 radio  3351  3356 E RIL     : TYPE_FCP_DES index = 2
05-18 12:35:22.320 radio  3351  3356 E RIL     : TYPE_FCP_SIZE index = 21 
05-18 12:35:22.320 radio  3351  3356 E RIL     : EF_TYPE_LINEAR_FIXED
05-18 12:35:22.320 radio  3351  3356 D RILC    : RequestComplete, RIL_SOCKET_1
05-18 12:35:22.320 radio  3351  3356 E RILC    : Calling responseFunction() for token 926
05-18 12:35:22.320 radio  3351  3356 D RILC    : iccIOForAppResponse: serial 926
05-18 12:35:22.320 radio  3351  3356 D REQ_THDS: put Channel1
05-18 12:35:22.320 radio  3351  3356 I REQ_THDS: -->normalDispatch [3356] free one command
05-18 12:35:22.320 radio  4156  4156 D UsimFileHandlerEx: msg.what = 8
05-18 12:35:22.320 radio  4156  4567 D RILJ    : [4574]< SIM_IO IccIoResult sw1:0x90 sw2:0x0 [SUB0]
05-18 12:35:22.321 radio  4156  4156 D UsimPhoneBookManagerEx: Loading EVENT_GET_RECORDS_COUNT
05-18 12:35:22.321 radio  4156  4665 D UsimPhoneBookManagerEx: readPbcFileAndWait size2250
05-18 12:35:22.324 radio  4156  4665 D UsimPhoneBookManagerEx: update EFpbc end, changeCounter 0
05-18 12:35:22.324 radio  4156  4665 D AdnRecordCacheEx: [AdnRecordCacheEx]Have already loaded ef: 20272
05-18 12:35:22.324 radio  4156  4843 D Phone   : getIccFileHandler: fh=Handler (com.android.internal.telephony.uicc.UsimFileHandlerEx) {1c774d7}
05-18 12:35:22.325 radio  4156  4843 D Phone   : getIccFileHandler: fh=Handler (com.android.internal.telephony.uicc.UsimFileHandlerEx) {1c774d7}
05-18 12:35:22.336 radio  4156  4843 D RILJ    : [4575]> iccIO: SIM_IO command = 0xc0 fileId = 0x4f71 path = 3F007F105F3A p1 = 0 p2 = 0 p3 =  data = null aid =  [SUB0]
05-18 12:35:22.337 radio  3351  3351 D RILC    : iccIOForApp: serial 927
05-18 12:35:22.337 radio  3351  3356 D RIL     : onRequest: SIM_IO radioState=4
05-18 12:35:22.338 radio  3351  3356 D REQ_THDS: get Channel1
05-18 12:35:22.339 radio  4156  4660 D IccPhoneBookIM: [IccPbInterfaceManager] EVENT_LOAD_DONE, ar.exception = null
05-18 12:35:22.339 radio  4156  4660 D IccPhoneBookIM: [IccPbInterfaceManager] EVENT_LOAD_DONE, msg.arg1 = 20272
05-18 12:35:22.339 radio  4156  4665 D IccPhoneBookIM: [IccPbInterfaceManager] getAdnRecordsInEFEx success :efid = 0x4F30
05-18 12:35:22.340 radio  4156  4665 D UsimPhoneBookManagerEx: mIsPbrFileExistingtrue
05-18 12:35:22.340 radio  4156  4665 I UsimPhoneBookManagerEx: isContainAdnInPbrtrue
05-18 12:35:22.340 radio  4156  4665 D IccPhoneBookIM: [IccPbInterfaceManager] getAdnRecordsInEFEx: efid = 0x6F49
05-18 12:35:22.340 radio  4156  4665 D IccPhoneBookIM: [IccPbInterfaceManager] requestLoadAllAdnLike  efid = 0x6F49
05-18 12:35:22.340 radio  4156  4665 I AdnRecordCacheEx: requestLoadAllAdnLike efid:0x6F49
05-18 12:35:22.342 radio  4156  4665 D RILJ    : [4576]> iccIO: SIM_IO command = 0xc0 fileId = 0x6f4c path = 3F007FFF p1 = 0 p2 = 0 p3 =  data = null aid =  [SUB0]
05-18 12:35:22.342 radio  3351  3351 D RILC    : iccIOForApp: serial 928
05-18 12:35:22.346 radio  3351  3356 D RIL     : usim card, change to sim format
05-18 12:35:22.346 radio  3351  3356 D RIL     : sr.simResponse NOT NULL, convert to sim
05-18 12:35:22.346 radio  3351  3356 E RIL     : TYPE_FCP_DES index = 2
05-18 12:35:22.346 radio  3351  3356 E RIL     : TYPE_FCP_SIZE index = 21 
05-18 12:35:22.346 radio  3351  3356 E RIL     : EF_TYPE_LINEAR_FIXED
05-18 12:35:22.346 radio  3351  3356 D RILC    : RequestComplete, RIL_SOCKET_1
05-18 12:35:22.346 radio  3351  3356 E RILC    : Calling responseFunction() for token 927
05-18 12:35:22.346 radio  3351  3356 D RILC    : iccIOForAppResponse: serial 927
05-18 12:35:22.346 radio  3351  3356 D REQ_THDS: put Channel1
05-18 12:35:22.347 radio  3351  3356 I REQ_THDS: -->normalDispatch [3356] free one command
05-18 12:35:22.347 radio  3351  3356 D RIL     : onRequest: SIM_IO radioState=4
05-18 12:35:22.347 radio  3351  3356 D REQ_THDS: get Channel1
05-18 12:35:22.347 radio  4156  4567 D RILJ    : [4575]< SIM_IO IccIoResult sw1:0x90 sw2:0x0 [SUB0]
05-18 12:35:22.348 radio  4156  4156 D UsimFileHandlerEx: msg.what = 8
05-18 12:35:22.349 radio  4156  4660 D IccPhoneBookIM: [IccPbInterfaceManager] GET_RECORD_SIZE Size 40 total 4000 #record 100
05-18 12:35:22.353 radio  3351  3356 D RIL     : usim card, change to sim format
05-18 12:35:22.353 radio  3351  3356 D RIL     : sr.simResponse NOT NULL, convert to sim
05-18 12:35:22.353 radio  3351  3356 E RIL     : TYPE_FCP_DES index = 2
05-18 12:35:22.353 radio  3351  3356 E RIL     : TYPE_FCP_SIZE index = 21 
05-18 12:35:22.353 radio  3351  3356 E RIL     : EF_TYPE_LINEAR_FIXED
05-18 12:35:22.353 radio  3351  3356 D RILC    : RequestComplete, RIL_SOCKET_1
05-18 12:35:22.353 radio  3351  3356 E RILC    : Calling responseFunction() for token 928
05-18 12:35:22.353 radio  3351  3356 D RILC    : iccIOForAppResponse: serial 928
05-18 12:35:22.354 radio  3351  3356 D REQ_THDS: put Channel1
05-18 12:35:22.354 radio  3351  3356 I REQ_THDS: -->normalDispatch [3356] free one command
05-18 12:35:22.354 radio  4156  4567 D RILJ    : [4576]< SIM_IO IccIoResult sw1:0x90 sw2:0x0 [SUB0]
05-18 12:35:22.354 radio  4156  4156 D UsimFileHandlerEx: msg.what = 6
05-18 12:35:22.356 radio  4156  4156 D RILJ    : [4577]> iccIO: SIM_IO command = 0xb2 fileId = 0x6f4c path = 3F007FFF p1 = 1 p2 = 4 p3 =  data = null aid =  [SUB0]
05-18 12:35:22.357 radio  3351  3351 D RILC    : iccIOForApp: serial 929
05-18 12:35:22.357 radio  3351  3356 D RIL     : onRequest: SIM_IO radioState=4
05-18 12:35:22.357 radio  3351  3356 D REQ_THDS: get Channel1
05-18 12:35:22.361 radio  3351  3356 D RILC    : RequestComplete, RIL_SOCKET_1
05-18 12:35:22.361 radio  3351  3356 E RILC    : Calling responseFunction() for token 929
05-18 12:35:22.361 radio  3351  3356 D RILC    : iccIOForAppResponse: serial 929
05-18 12:35:22.361 radio  3351  3356 D REQ_THDS: put Channel1
05-18 12:35:22.361 radio  3351  3356 I REQ_THDS: -->normalDispatch [3356] free one command
05-18 12:35:22.361 radio  4156  4567 D RILJ    : [4577]< SIM_IO IccIoResult sw1:0x90 sw2:0x0 [SUB0]
05-18 12:35:22.362 radio  4156  4156 D UsimFileHandlerEx: EVENT_READ_RECORD_DONE
05-18 12:35:22.363 radio  4156  4156 D RILJ    : [4578]> iccIO: SIM_IO command = 0xb2 fileId = 0x6f4c path = 3F007FFF p1 = 2 p2 = 4 p3 =  data = null aid = null [SUB0]
05-18 12:35:22.364 radio  3351  3351 D RILC    : iccIOForApp: serial 930
05-18 12:35:22.376 radio  3351  3356 D RIL     : onRequest: SIM_IO radioState=4
05-18 12:35:22.376 radio  3351  3356 D REQ_THDS: get Channel1
05-18 12:35:22.379 radio  3351  3356 D RILC    : RequestComplete, RIL_SOCKET_1
05-18 12:35:22.379 radio  3351  3356 E RILC    : Calling responseFunction() for token 930
05-18 12:35:22.379 radio  3351  3356 D RILC    : iccIOForAppResponse: serial 930
05-18 12:35:22.380 radio  3351  3356 D REQ_THDS: put Channel1
05-18 12:35:22.380 radio  3351  3356 I REQ_THDS: -->normalDispatch [3356] free one command
05-18 12:35:22.383 radio  4156  4567 D RILJ    : [4578]< SIM_IO IccIoResult sw1:0x90 sw2:0x0 [SUB0]
05-18 12:35:22.383 radio  4156  4156 D UsimFileHandlerEx: EVENT_READ_RECORD_DONE
05-18 12:35:22.385 radio  4156  4156 D RILJ    : [4579]> iccIO: SIM_IO command = 0xb2 fileId = 0x6f4c path = 3F007FFF p1 = 3 p2 = 4 p3 =  data = null aid = null [SUB0]
05-18 12:35:22.386 radio  3351  3351 D RILC    : iccIOForApp: serial 931
05-18 12:35:22.386 radio  3351  3356 D RIL     : onRequest: SIM_IO radioState=4
05-18 12:35:22.386 radio  3351  3356 D REQ_THDS: get Channel1
05-18 12:35:22.389 radio  4156  4843 D IccPhoneBookIM: [IccPbInterfaceManager] getAdnRecordsSize :28474
05-18 12:35:22.389 radio  4156  4843 D IccPhoneBookIM: [IccPbInterfaceManager] getUsimAdnRecordsSize
05-18 12:35:22.389 radio  4156  4843 D UsimPhoneBookManagerEx: getAdnRecordsSize
05-18 12:35:22.390 radio  3351  3356 D RILC    : RequestComplete, RIL_SOCKET_1
05-18 12:35:22.390 radio  3351  3356 E RILC    : Calling responseFunction() for token 931
05-18 12:35:22.390 radio  3351  3356 D RILC    : iccIOForAppResponse: serial 931
05-18 12:35:22.390 radio  3351  3356 D REQ_THDS: put Channel1
05-18 12:35:22.390 radio  3351  3356 I REQ_THDS: -->normalDispatch [3356] free one command
05-18 12:35:22.390 radio  4156  4567 D RILJ    : [4579]< SIM_IO IccIoResult sw1:0x90 sw2:0x0 [SUB0]
05-18 12:35:22.391 radio  4156  4156 D UsimFileHandlerEx: EVENT_READ_RECORD_DONE
05-18 12:35:22.396 radio  4156  4156 D RILJ    : [4580]> iccIO: SIM_IO command = 0xb2 fileId = 0x6f4c path = 3F007FFF p1 = 4 p2 = 4 p3 =  data = null aid = null [SUB0]
05-18 12:35:22.397 radio  3351  3351 D RILC    : iccIOForApp: serial 932
05-18 12:35:22.397 radio  3351  3356 D RIL     : onRequest: SIM_IO radioState=4
05-18 12:35:22.397 radio  3351  3356 D REQ_THDS: get Channel1
05-18 12:35:22.398 radio  4156  4168 D IccPhoneBookIM: [IccPbInterfaceManager] getEmailRecordsSize
05-18 12:35:22.398 radio  4156  4168 D UsimPhoneBookManagerEx: readFileSizeAndWait20337
05-18 12:35:22.400 radio  3351  3356 D RILC    : RequestComplete, RIL_SOCKET_1
05-18 12:35:22.400 radio  3351  3356 E RILC    : Calling responseFunction() for token 932
05-18 12:35:22.400 radio  3351  3356 D RILC    : iccIOForAppResponse: serial 932
05-18 12:35:22.400 radio  3351  3356 D REQ_THDS: put Channel1
05-18 12:35:22.400 radio  3351  3356 I REQ_THDS: -->normalDispatch [3356] free one command
05-18 12:35:22.400 radio  4156  4567 D RILJ    : [4580]< SIM_IO IccIoResult sw1:0x90 sw2:0x0 [SUB0]
05-18 12:35:22.400 radio  4156  4156 D UsimFileHandlerEx: EVENT_READ_RECORD_DONE
05-18 12:35:22.407 radio  4156  4168 D RILJ    : [4581]> iccIO: SIM_IO command = 0xc0 fileId = 0x4f71 path = 3F007F105F3A p1 = 0 p2 = 0 p3 =  data = null aid =  [SUB0]
05-18 12:35:22.407 radio  3351  3351 D RILC    : iccIOForApp: serial 933
05-18 12:35:22.407 radio  3351  3356 D RIL     : onRequest: SIM_IO radioState=4
05-18 12:35:22.407 radio  3351  3356 D REQ_THDS: get Channel1
05-18 12:35:22.408 radio  4156  4156 D RILJ    : [4582]> iccIO: SIM_IO command = 0xb2 fileId = 0x6f4c path = 3F007FFF p1 = 5 p2 = 4 p3 =  data = null aid = null [SUB0]
05-18 12:35:22.408 radio  3351  3351 D RILC    : iccIOForApp: serial 934
05-18 12:35:22.415 radio  3351  3356 D RIL     : usim card, change to sim format
05-18 12:35:22.415 radio  3351  3356 D RIL     : sr.simResponse NOT NULL, convert to sim
05-18 12:35:22.415 radio  3351  3356 E RIL     : TYPE_FCP_DES index = 2
05-18 12:35:22.415 radio  3351  3356 E RIL     : TYPE_FCP_SIZE index = 21 
05-18 12:35:22.415 radio  3351  3356 E RIL     : EF_TYPE_LINEAR_FIXED
05-18 12:35:22.415 radio  3351  3356 D RILC    : RequestComplete, RIL_SOCKET_1
05-18 12:35:22.415 radio  3351  3356 E RILC    : Calling responseFunction() for token 933
05-18 12:35:22.415 radio  3351  3356 D RILC    : iccIOForAppResponse: serial 933
05-18 12:35:22.416 radio  3351  3356 D REQ_THDS: put Channel1
05-18 12:35:22.416 radio  3351  3356 I REQ_THDS: -->normalDispatch [3356] free one command
05-18 12:35:22.416 radio  3351  3356 D RIL     : onRequest: SIM_IO radioState=4
05-18 12:35:22.416 radio  3351  3356 D REQ_THDS: get Channel1
05-18 12:35:22.416 radio  4156  4567 D RILJ    : [4581]< SIM_IO IccIoResult sw1:0x90 sw2:0x0 [SUB0]
05-18 12:35:22.416 radio  4156  4156 D UsimFileHandlerEx: msg.what = 8
05-18 12:35:22.416 radio  4156  4156 D UsimPhoneBookManagerEx: Loading EVENT_GET_RECORDS_COUNT
05-18 12:35:22.418 radio  4156  4168 D UsimPhoneBookManagerEx: readFileSizeAndWait20338
05-18 12:35:22.423 radio  4156  4168 D RILJ    : [4583]> iccIO: SIM_IO command = 0xc0 fileId = 0x4f72 path = 3F007F105F3A p1 = 0 p2 = 0 p3 =  data = null aid =  [SUB0]
05-18 12:35:22.423 radio  3351  3351 D RILC    : iccIOForApp: serial 935
05-18 12:35:22.424 radio  3351  3356 D RILC    : RequestComplete, RIL_SOCKET_1
05-18 12:35:22.424 radio  3351  3356 E RILC    : Calling responseFunction() for token 934
05-18 12:35:22.424 radio  3351  3356 D RILC    : iccIOForAppResponse: serial 934
05-18 12:35:22.425 radio  3351  3356 D REQ_THDS: put Channel1
05-18 12:35:22.425 radio  3351  3356 I REQ_THDS: -->normalDispatch [3356] free one command
05-18 12:35:22.425 radio  3351  3356 D RIL     : onRequest: SIM_IO radioState=4
05-18 12:35:22.425 radio  3351  3356 D REQ_THDS: get Channel1
05-18 12:35:22.425 radio  4156  4156 D UsimFileHandlerEx: EVENT_READ_RECORD_DONE
05-18 12:35:22.425 radio  4156  4567 D RILJ    : [4582]< SIM_IO IccIoResult sw1:0x90 sw2:0x0 [SUB0]
05-18 12:35:22.425 radio  4156  4156 D AdnRecordLoaderEx: AdnRecordLoaderEx handle EVENT_EXT_LOAD_ALL_DONE
05-18 12:35:22.425 radio  4156  4156 D AdnRecordLoaderEx: EVENT_EXT_LOAD_ALL_DONE:28492extDatas[[B@46b9be6, [B@535a527, [B@35363d4, [B@ce4497d, [B@f459072]
05-18 12:35:22.426 radio  4156  4156 D RILJ    : [4584]> iccIO: SIM_IO command = 0xc0 fileId = 0x6f49 path = 3F007FFF p1 = 0 p2 = 0 p3 =  data = null aid =  [SUB0]
05-18 12:35:22.427 radio  3351  3351 D RILC    : iccIOForApp: serial 936
05-18 12:35:22.432 radio  3351  3356 D RIL     : usim card, change to sim format
05-18 12:35:22.432 radio  3351  3356 D RIL     : sr.simResponse NOT NULL, convert to sim
05-18 12:35:22.432 radio  3351  3356 E RIL     : TYPE_FCP_DES index = 2
05-18 12:35:22.432 radio  3351  3356 E RIL     : TYPE_FCP_SIZE index = 21 
05-18 12:35:22.432 radio  3351  3356 E RIL     : EF_TYPE_LINEAR_FIXED
05-18 12:35:22.432 radio  3351  3356 D RILC    : RequestComplete, RIL_SOCKET_1
05-18 12:35:22.432 radio  3351  3356 E RILC    : Calling responseFunction() for token 935
05-18 12:35:22.432 radio  3351  3356 D RILC    : iccIOForAppResponse: serial 935
05-18 12:35:22.433 radio  3351  3356 D REQ_THDS: put Channel1
05-18 12:35:22.433 radio  3351  3356 I REQ_THDS: -->normalDispatch [3356] free one command
05-18 12:35:22.433 radio  3351  3356 D RIL     : onRequest: SIM_IO radioState=4
05-18 12:35:22.433 radio  3351  3356 D REQ_THDS: get Channel1
05-18 12:35:22.433 radio  4156  4567 D RILJ    : [4583]< SIM_IO IccIoResult sw1:0x90 sw2:0x0 [SUB0]
05-18 12:35:22.433 radio  4156  4156 D UsimFileHandlerEx: msg.what = 8
05-18 12:35:22.433 radio  4156  4156 D UsimPhoneBookManagerEx: Loading EVENT_GET_RECORDS_COUNT
05-18 12:35:22.439 radio  3351  3356 D RIL     : usim card, change to sim format
05-18 12:35:22.439 radio  3351  3356 D RIL     : sr.simResponse NOT NULL, convert to sim
05-18 12:35:22.439 radio  3351  3356 E RIL     : TYPE_FCP_DES index = 2
05-18 12:35:22.439 radio  3351  3356 E RIL     : TYPE_FCP_SIZE index = 21 
05-18 12:35:22.439 radio  3351  3356 E RIL     : EF_TYPE_LINEAR_FIXED
05-18 12:35:22.439 radio  3351  3356 D RILC    : RequestComplete, RIL_SOCKET_1
05-18 12:35:22.439 radio  3351  3356 E RILC    : Calling responseFunction() for token 936
05-18 12:35:22.439 radio  3351  3356 D RILC    : iccIOForAppResponse: serial 936
05-18 12:35:22.439 radio  3351  3356 D REQ_THDS: put Channel1
05-18 12:35:22.439 radio  3351  3356 I REQ_THDS: -->normalDispatch [3356] free one command
05-18 12:35:22.440 radio  4156  4567 D RILJ    : [4584]< SIM_IO IccIoResult sw1:0x90 sw2:0x0 [SUB0]
05-18 12:35:22.440 radio  4156  4156 D UsimFileHandlerEx: msg.what = 6
05-18 12:35:22.442 radio  4156  4156 D RILJ    : [4585]> iccIO: SIM_IO command = 0xb2 fileId = 0x6f49 path = 3F007FFF p1 = 1 p2 = 4 p3 =  data = null aid =  [SUB0]
05-18 12:35:22.443 radio  3351  3351 D RILC    : iccIOForApp: serial 937
05-18 12:35:22.443 radio  3351  3356 D RIL     : onRequest: SIM_IO radioState=4
05-18 12:35:22.443 radio  3351  3356 D REQ_THDS: get Channel1
05-18 12:35:22.447 radio  3351  3356 D RILC    : RequestComplete, RIL_SOCKET_1
05-18 12:35:22.447 radio  3351  3356 E RILC    : Calling responseFunction() for token 937
05-18 12:35:22.448 radio  3351  3356 D RILC    : iccIOForAppResponse: serial 937
05-18 12:35:22.448 radio  3351  3356 D REQ_THDS: put Channel1
05-18 12:35:22.448 radio  3351  3356 I REQ_THDS: -->normalDispatch [3356] free one command
05-18 12:35:22.448 radio  4156  4567 D RILJ    : [4585]< SIM_IO IccIoResult sw1:0x90 sw2:0x0 [SUB0]
05-18 12:35:22.448 radio  4156  4156 D UsimFileHandlerEx: EVENT_READ_RECORD_DONE
05-18 12:35:22.451 radio  4156  4156 D RILJ    : [4586]> iccIO: SIM_IO command = 0xb2 fileId = 0x6f49 path = 3F007FFF p1 = 2 p2 = 4 p3 =  data = null aid = null [SUB0]
05-18 12:35:22.456 radio  3351  3351 D RILC    : iccIOForApp: serial 938
05-18 12:35:22.456 radio  3351  3356 D RIL     : onRequest: SIM_IO radioState=4
05-18 12:35:22.456 radio  3351  3356 D REQ_THDS: get Channel1
05-18 12:35:22.460 radio  3351  3356 D RILC    : RequestComplete, RIL_SOCKET_1
05-18 12:35:22.460 radio  3351  3356 E RILC    : Calling responseFunction() for token 938
05-18 12:35:22.460 radio  3351  3356 D RILC    : iccIOForAppResponse: serial 938
05-18 12:35:22.460 radio  3351  3356 D REQ_THDS: put Channel1
05-18 12:35:22.460 radio  3351  3356 I REQ_THDS: -->normalDispatch [3356] free one command
05-18 12:35:22.461 radio  4156  4567 D RILJ    : [4586]< SIM_IO IccIoResult sw1:0x90 sw2:0x0 [SUB0]
05-18 12:35:22.462 radio  4156  4156 D UsimFileHandlerEx: EVENT_READ_RECORD_DONE
05-18 12:35:22.464 radio  4156  4156 D RILJ    : [4587]> iccIO: SIM_IO command = 0xb2 fileId = 0x6f49 path = 3F007FFF p1 = 3 p2 = 4 p3 =  data = null aid = null [SUB0]
05-18 12:35:22.465 radio  3351  3351 D RILC    : iccIOForApp: serial 939
05-18 12:35:22.465 radio  3351  3356 D RIL     : onRequest: SIM_IO radioState=4
05-18 12:35:22.465 radio  3351  3356 D REQ_THDS: get Channel1
05-18 12:35:22.468 radio  3351  3356 D RILC    : RequestComplete, RIL_SOCKET_1
05-18 12:35:22.468 radio  3351  3356 E RILC    : Calling responseFunction() for token 939
05-18 12:35:22.468 radio  3351  3356 D RILC    : iccIOForAppResponse: serial 939
05-18 12:35:22.469 radio  3351  3356 D REQ_THDS: put Channel1
05-18 12:35:22.469 radio  3351  3356 I REQ_THDS: -->normalDispatch [3356] free one command
05-18 12:35:22.469 radio  4156  4567 D RILJ    : [4587]< SIM_IO IccIoResult sw1:0x90 sw2:0x0 [SUB0]
05-18 12:35:22.469 radio  4156  4156 D UsimFileHandlerEx: EVENT_READ_RECORD_DONE
05-18 12:35:22.471 radio  4156  4156 D RILJ    : [4588]> iccIO: SIM_IO command = 0xb2 fileId = 0x6f49 path = 3F007FFF p1 = 4 p2 = 4 p3 =  data = null aid = null [SUB0]
05-18 12:35:22.472 radio  3351  3351 D RILC    : iccIOForApp: serial 940
05-18 12:35:22.472 radio  3351  3356 D RIL     : onRequest: SIM_IO radioState=4
05-18 12:35:22.472 radio  3351  3356 D REQ_THDS: get Channel1
05-18 12:35:22.475 radio  3351  3356 D RILC    : RequestComplete, RIL_SOCKET_1
05-18 12:35:22.475 radio  3351  3356 E RILC    : Calling responseFunction() for token 940
05-18 12:35:22.475 radio  3351  3356 D RILC    : iccIOForAppResponse: serial 940
05-18 12:35:22.476 radio  3351  3356 D REQ_THDS: put Channel1
05-18 12:35:22.476 radio  3351  3356 I REQ_THDS: -->normalDispatch [3356] free one command
05-18 12:35:22.476 radio  4156  4567 D RILJ    : [4588]< SIM_IO IccIoResult sw1:0x90 sw2:0x0 [SUB0]
05-18 12:35:22.476 radio  4156  4168 D UsimPhoneBookManagerEx: getSubjectEfids  length 1
05-18 12:35:22.476 radio  4156  4168 D UsimPhoneBookManagerEx: getAnrNum 1
05-18 12:35:22.476 radio  4156  4156 D UsimFileHandlerEx: EVENT_READ_RECORD_DONE
05-18 12:35:22.479 radio  4156  4156 D RILJ    : [4589]> iccIO: SIM_IO command = 0xb2 fileId = 0x6f49 path = 3F007FFF p1 = 5 p2 = 4 p3 =  data = null aid = null [SUB0]
05-18 12:35:22.479 radio  3351  3351 D RILC    : iccIOForApp: serial 941
05-18 12:35:22.479 radio  3351  3356 D RIL     : onRequest: SIM_IO radioState=4
05-18 12:35:22.479 radio  3351  3356 D REQ_THDS: get Channel1
05-18 12:35:22.483 radio  3351  3356 D RILC    : RequestComplete, RIL_SOCKET_1
05-18 12:35:22.483 radio  3351  3356 E RILC    : Calling responseFunction() for token 941
05-18 12:35:22.483 radio  3351  3356 D RILC    : iccIOForAppResponse: serial 941
05-18 12:35:22.483 radio  3351  3356 D REQ_THDS: put Channel1
05-18 12:35:22.483 radio  3351  3356 I REQ_THDS: -->normalDispatch [3356] free one command
05-18 12:35:22.483 radio  4156  4567 D RILJ    : [4589]< SIM_IO IccIoResult sw1:0x90 sw2:0x0 [SUB0]
05-18 12:35:22.484 radio  4156  4156 D UsimFileHandlerEx: EVENT_READ_RECORD_DONE
05-18 12:35:22.487 radio  4156  4156 D RILJ    : [4590]> iccIO: SIM_IO command = 0xb2 fileId = 0x6f49 path = 3F007FFF p1 = 6 p2 = 4 p3 =  data = null aid = null [SUB0]
05-18 12:35:22.487 radio  3351  3351 D RILC    : iccIOForApp: serial 942
05-18 12:35:22.487 radio  3351  3356 D RIL     : onRequest: SIM_IO radioState=4
05-18 12:35:22.487 radio  3351  3356 D REQ_THDS: get Channel1
05-18 12:35:22.488 radio  4156  4168 D UsimPhoneBookManagerEx: getSubjectEfids  length 1
05-18 12:35:22.488 radio  4156  4168 D UsimPhoneBookManagerEx: getEmailNum 1
05-18 12:35:22.490 radio  4156  4168 D IccPhoneBookIM: [IccPbInterfaceManager] getGroupNameMaxLen
05-18 12:35:22.490 radio  4156  4168 D IccPhoneBookIM: [IccPbInterfaceManager] getRecordsSize: efid = 0x4F4C
05-18 12:35:22.490 radio  4156  4168 D Phone   : getIccFileHandler: fh=Handler (com.android.internal.telephony.uicc.UsimFileHandlerEx) {1c774d7}
05-18 12:35:22.490 radio  4156  4168 D Phone   : getIccFileHandler: fh=Handler (com.android.internal.telephony.uicc.UsimFileHandlerEx) {1c774d7}
05-18 12:35:22.491 radio  4156  4168 D RILJ    : [4591]> iccIO: SIM_IO command = 0xc0 fileId = 0x4f4c path = 3F007F105F3A p1 = 0 p2 = 0 p3 =  data = null aid =  [SUB0]
05-18 12:35:22.491 radio  3351  3356 D RILC    : RequestComplete, RIL_SOCKET_1
05-18 12:35:22.491 radio  3351  3356 E RILC    : Calling responseFunction() for token 942
05-18 12:35:22.491 radio  3351  3356 D RILC    : iccIOForAppResponse: serial 942
05-18 12:35:22.491 radio  3351  3356 D REQ_THDS: put Channel1
05-18 12:35:22.491 radio  3351  3351 D RILC    : iccIOForApp: serial 943
05-18 12:35:22.491 radio  3351  3356 I REQ_THDS: -->normalDispatch [3356] free one command
05-18 12:35:22.491 radio  3351  3356 D RIL     : onRequest: SIM_IO radioState=4
05-18 12:35:22.491 radio  3351  3356 D REQ_THDS: get Channel1
05-18 12:35:22.491 radio  4156  4567 D RILJ    : [4590]< SIM_IO IccIoResult sw1:0x90 sw2:0x0 [SUB0]
05-18 12:35:22.492 radio  4156  4156 D UsimFileHandlerEx: EVENT_READ_RECORD_DONE
05-18 12:35:22.492 radio  4156  4156 D RILJ    : [4592]> iccIO: SIM_IO command = 0xb2 fileId = 0x6f49 path = 3F007FFF p1 = 7 p2 = 4 p3 =  data = null aid = null [SUB0]
05-18 12:35:22.493 radio  3351  3351 D RILC    : iccIOForApp: serial 944
05-18 12:35:22.503 radio  3351  3356 D RIL     : usim card, change to sim format
05-18 12:35:22.503 radio  3351  3356 D RIL     : sr.simResponse NOT NULL, convert to sim
05-18 12:35:22.503 radio  3351  3356 E RIL     : TYPE_FCP_DES index = 2
05-18 12:35:22.503 radio  3351  3356 E RIL     : TYPE_FCP_SIZE index = 21 
05-18 12:35:22.503 radio  3351  3356 E RIL     : EF_TYPE_LINEAR_FIXED
05-18 12:35:22.503 radio  3351  3356 D RILC    : RequestComplete, RIL_SOCKET_1
05-18 12:35:22.503 radio  3351  3356 E RILC    : Calling responseFunction() for token 943
05-18 12:35:22.503 radio  3351  3356 D RILC    : iccIOForAppResponse: serial 943
05-18 12:35:22.503 radio  3351  3356 D REQ_THDS: put Channel1
05-18 12:35:22.503 radio  3351  3356 I REQ_THDS: -->normalDispatch [3356] free one command
05-18 12:35:22.503 radio  3351  3356 D RIL     : onRequest: SIM_IO radioState=4
05-18 12:35:22.503 radio  3351  3356 D REQ_THDS: get Channel1
05-18 12:35:22.503 radio  4156  4567 D RILJ    : [4591]< SIM_IO IccIoResult sw1:0x90 sw2:0x0 [SUB0]
05-18 12:35:22.504 radio  4156  4156 D UsimFileHandlerEx: msg.what = 8
05-18 12:35:22.504 radio  4156  4660 D IccPhoneBookIM: [IccPbInterfaceManager] GET_RECORD_SIZE Size 24 total 96 #record 4
05-18 12:35:22.509 radio  4156  4168 D IccPhoneBookIM: [IccPbInterfaceManager] getUsimGroupCapacity
05-18 12:35:22.509 radio  4156  4168 D IccPhoneBookIM: [IccPbInterfaceManager] getRecordsSize: efid = 0x4F4C
05-18 12:35:22.509 radio  4156  4168 D Phone   : getIccFileHandler: fh=Handler (com.android.internal.telephony.uicc.UsimFileHandlerEx) {1c774d7}
05-18 12:35:22.510 radio  4156  4168 D Phone   : getIccFileHandler: fh=Handler (com.android.internal.telephony.uicc.UsimFileHandlerEx) {1c774d7}
05-18 12:35:22.513 radio  3351  3356 D RILC    : RequestComplete, RIL_SOCKET_1
05-18 12:35:22.513 radio  3351  3356 E RILC    : Calling responseFunction() for token 944
05-18 12:35:22.513 radio  3351  3356 D RILC    : iccIOForAppResponse: serial 944
05-18 12:35:22.513 radio  3351  3356 D REQ_THDS: put Channel1
05-18 12:35:22.513 radio  3351  3356 I REQ_THDS: -->normalDispatch [3356] free one command
05-18 12:35:22.513 radio  4156  4156 D UsimFileHandlerEx: EVENT_READ_RECORD_DONE
05-18 12:35:22.513 radio  4156  4567 D RILJ    : [4592]< SIM_IO IccIoResult sw1:0x90 sw2:0x0 [SUB0]
05-18 12:35:22.518 radio  4156  4168 D RILJ    : [4593]> iccIO: SIM_IO command = 0xc0 fileId = 0x4f4c path = 3F007F105F3A p1 = 0 p2 = 0 p3 =  data = null aid =  [SUB0]
05-18 12:35:22.520 radio  4156  4156 D RILJ    : [4594]> iccIO: SIM_IO command = 0xb2 fileId = 0x6f49 path = 3F007FFF p1 = 8 p2 = 4 p3 =  data = null aid = null [SUB0]
05-18 12:35:22.520 radio  3351  3351 D RILC    : iccIOForApp: serial 946
05-18 12:35:22.521 radio  3351  3356 D RIL     : onRequest: SIM_IO radioState=4
05-18 12:35:22.521 radio  3351  3356 D REQ_THDS: get Channel1
05-18 12:35:22.523 radio  3351  3351 D RILC    : iccIOForApp: serial 945
05-18 12:35:22.524 radio  3351  3356 D RILC    : RequestComplete, RIL_SOCKET_1
05-18 12:35:22.525 radio  3351  3356 E RILC    : Calling responseFunction() for token 946
05-18 12:35:22.525 radio  3351  3356 D RILC    : iccIOForAppResponse: serial 946
05-18 12:35:22.525 radio  3351  3356 D REQ_THDS: put Channel1
05-18 12:35:22.525 radio  3351  3356 I REQ_THDS: -->normalDispatch [3356] free one command
05-18 12:35:22.525 radio  3351  3356 D RIL     : onRequest: SIM_IO radioState=4
05-18 12:35:22.525 radio  3351  3356 D REQ_THDS: get Channel1
05-18 12:35:22.526 radio  4156  4567 D RILJ    : [4594]< SIM_IO IccIoResult sw1:0x90 sw2:0x0 [SUB0]
05-18 12:35:22.526 radio  4156  4156 D UsimFileHandlerEx: EVENT_READ_RECORD_DONE
05-18 12:35:22.527 radio  4156  4156 D RILJ    : [4595]> iccIO: SIM_IO command = 0xb2 fileId = 0x6f49 path = 3F007FFF p1 = 9 p2 = 4 p3 =  data = null aid = null [SUB0]
05-18 12:35:22.528 radio  3351  3351 D RILC    : iccIOForApp: serial 947
05-18 12:35:22.533 radio  3351  3356 D RIL     : usim card, change to sim format
05-18 12:35:22.533 radio  3351  3356 D RIL     : sr.simResponse NOT NULL, convert to sim
05-18 12:35:22.533 radio  3351  3356 E RIL     : TYPE_FCP_DES index = 2
05-18 12:35:22.533 radio  3351  3356 E RIL     : TYPE_FCP_SIZE index = 21 
05-18 12:35:22.533 radio  3351  3356 E RIL     : EF_TYPE_LINEAR_FIXED
05-18 12:35:22.533 radio  3351  3356 D RILC    : RequestComplete, RIL_SOCKET_1
05-18 12:35:22.533 radio  3351  3356 E RILC    : Calling responseFunction() for token 945
05-18 12:35:22.533 radio  3351  3356 D RILC    : iccIOForAppResponse: serial 945
05-18 12:35:22.533 radio  3351  3356 D REQ_THDS: put Channel1
05-18 12:35:22.533 radio  3351  3356 I REQ_THDS: -->normalDispatch [3356] free one command
05-18 12:35:22.533 radio  3351  3356 D RIL     : onRequest: SIM_IO radioState=4
05-18 12:35:22.533 radio  3351  3356 D REQ_THDS: get Channel1
05-18 12:35:22.534 radio  4156  4567 D RILJ    : [4593]< SIM_IO IccIoResult sw1:0x90 sw2:0x0 [SUB0]
05-18 12:35:22.534 radio  4156  4156 D UsimFileHandlerEx: msg.what = 8
05-18 12:35:22.534 radio  4156  4660 D IccPhoneBookIM: [IccPbInterfaceManager] GET_RECORD_SIZE Size 24 total 96 #record 4
05-18 12:35:22.534 radio  4156  4168 I UiccPhoneBookControllerEx: usimGroupCapacity = 4
05-18 12:35:22.542 radio  3351  3356 D RILC    : RequestComplete, RIL_SOCKET_1
05-18 12:35:22.543 radio  3351  3356 E RILC    : Calling responseFunction() for token 947
05-18 12:35:22.543 radio  3351  3356 D RILC    : iccIOForAppResponse: serial 947
05-18 12:35:22.543 radio  3351  3356 D REQ_THDS: put Channel1
05-18 12:35:22.543 radio  3351  3356 I REQ_THDS: -->normalDispatch [3356] free one command
05-18 12:35:22.543 radio  4156  4567 D RILJ    : [4595]< SIM_IO IccIoResult sw1:0x90 sw2:0x0 [SUB0]
05-18 12:35:22.544 radio  4156  4156 D UsimFileHandlerEx: EVENT_READ_RECORD_DONE
05-18 12:35:22.545 radio  4156  4156 D RILJ    : [4596]> iccIO: SIM_IO command = 0xb2 fileId = 0x6f49 path = 3F007FFF p1 = 10 p2 = 4 p3 =  data = null aid = null [SUB0]
05-18 12:35:22.546 radio  3351  3351 D RILC    : iccIOForApp: serial 948
05-18 12:35:22.546 radio  3351  3356 D RIL     : onRequest: SIM_IO radioState=4
05-18 12:35:22.546 radio  3351  3356 D REQ_THDS: get Channel1
05-18 12:35:22.550 radio  3351  3356 D RILC    : RequestComplete, RIL_SOCKET_1
05-18 12:35:22.550 radio  3351  3356 E RILC    : Calling responseFunction() for token 948
05-18 12:35:22.550 radio  3351  3356 D RILC    : iccIOForAppResponse: serial 948
05-18 12:35:22.550 radio  3351  3356 D REQ_THDS: put Channel1
05-18 12:35:22.550 radio  3351  3356 I REQ_THDS: -->normalDispatch [3356] free one command
05-18 12:35:22.550 radio  4156  4567 D RILJ    : [4596]< SIM_IO IccIoResult sw1:0x90 sw2:0x0 [SUB0]
05-18 12:35:22.551 radio  4156  4156 D UsimFileHandlerEx: EVENT_READ_RECORD_DONE
05-18 12:35:22.551 radio  4156  4156 D AdnRecordLoaderEx: AdnRecordLoaderEx handle EVENT_ADN_LOAD_ALL_DONE
05-18 12:35:22.551 radio  4156  4156 D AdnRecordCacheEx: [AdnRecordCacheEx]EVENT_LOAD_ALL_ADN_LIKE_DONE:efid = 28489ar.exception = null
05-18 12:35:22.551 radio  4156  4660 D IccPhoneBookIM: [IccPbInterfaceManager] EVENT_LOAD_DONE, ar.exception = null
05-18 12:35:22.551 radio  4156  4660 D IccPhoneBookIM: [IccPbInterfaceManager] EVENT_LOAD_DONE, msg.arg1 = 28489
05-18 12:35:22.552 radio  4156  4665 D IccPhoneBookIM: [IccPbInterfaceManager] getAdnRecordsInEFEx success :efid = 0x6F49
05-18 12:35:22.820 radio  4156  4156 D CAT     : CatServiceSprd: handleMessage[60]
05-18 12:35:22.821 radio  4156  4156 D CAT     : CatServiceSprd: broadcastCatCmdIntent isStkAppInstalled: false
05-18 12:35:22.850 radio  3351  3362 D RIL     : rxlev[0]=99, rscp[0]=255, rsrp[0]=97
05-18 12:35:22.851 radio  3351  3362 D RILC    : currentSignalStrengthInd
05-18 12:35:22.851 radio  3351  3362 I RILC    : RIL_SOCKET_1 UNSOLICITED: UNSOL_SIGNAL_STRENGTH length:56
05-18 12:35:22.854 radio  4156  4168 D SubscriptionController: [getDefaultDataSubId] subId= 1
05-18 12:35:22.856 radio  4156  4843 D SubscriptionController: [getDefaultDataSubId] subId= 1
05-18 12:35:23.322 radio  4156  4156 D CAT     : CatServiceSprd: handleMessage[60]
05-18 12:35:23.322 radio  4156  4156 D CAT     : CatServiceSprd: broadcastCatCmdIntent isStkAppInstalled: false
05-18 12:35:23.823 radio  4156  4156 D CAT     : CatServiceSprd: handleMessage[60]
05-18 12:35:23.824 radio  4156  4156 D CAT     : CatServiceSprd: broadcastCatCmdIntent isStkAppInstalled: false
05-18 12:35:23.851 radio  3351  3362 D RIL     : rxlev[0]=99, rscp[0]=255, rsrp[0]=95
05-18 12:35:23.851 radio  3351  3362 D RILC    : currentSignalStrengthInd
05-18 12:35:23.851 radio  3351  3362 I RILC    : RIL_SOCKET_1 UNSOLICITED: UNSOL_SIGNAL_STRENGTH length:56
05-18 12:35:23.855 radio  4156  4843 D SubscriptionController: [getDefaultDataSubId] subId= 1
05-18 12:35:23.857 radio  4156  4843 D SubscriptionController: [getDefaultDataSubId] subId= 1
05-18 12:35:24.325 radio  4156  4156 D CAT     : CatServiceSprd: handleMessage[60]
05-18 12:35:24.325 radio  4156  4156 D CAT     : CatServiceSprd: broadcastCatCmdIntent isStkAppInstalled: false
05-18 12:35:24.826 radio  4156  4156 D CAT     : CatServiceSprd: handleMessage[60]
05-18 12:35:24.827 radio  4156  4156 D CAT     : CatServiceSprd: broadcastCatCmdIntent isStkAppInstalled: false
05-18 12:35:24.851 radio  3351  3362 D RIL     : rxlev[0]=99, rscp[0]=255, rsrp[0]=95
05-18 12:35:24.851 radio  3351  3362 D RILC    : currentSignalStrengthInd
05-18 12:35:24.851 radio  3351  3362 I RILC    : RIL_SOCKET_1 UNSOLICITED: UNSOL_SIGNAL_STRENGTH length:56
05-18 12:35:24.853 radio  4156  4843 D SubscriptionController: [getDefaultDataSubId] subId= 1
05-18 12:35:24.854 radio  4156  4843 D SubscriptionController: [getDefaultDataSubId] subId= 1
05-18 12:35:25.327 radio  4156  4156 D CAT     : CatServiceSprd: handleMessage[60]
05-18 12:35:25.328 radio  4156  4156 D CAT     : CatServiceSprd: broadcastCatCmdIntent isStkAppInstalled: false
05-18 12:35:25.829 radio  4156  4156 D CAT     : CatServiceSprd: handleMessage[60]
05-18 12:35:25.830 radio  4156  4156 D CAT     : CatServiceSprd: broadcastCatCmdIntent isStkAppInstalled: false
05-18 12:35:25.852 radio  3351  3362 D RIL     : rxlev[0]=99, rscp[0]=255, rsrp[0]=95
05-18 12:35:25.852 radio  3351  3362 D RILC    : currentSignalStrengthInd
05-18 12:35:25.852 radio  3351  3362 I RILC    : RIL_SOCKET_1 UNSOLICITED: UNSOL_SIGNAL_STRENGTH length:56
05-18 12:35:25.853 radio  4156  4843 D SubscriptionController: [getDefaultDataSubId] subId= 1
05-18 12:35:25.854 radio  4156  4843 D SubscriptionController: [getDefaultDataSubId] subId= 1
05-18 12:35:26.331 radio  4156  4156 D CAT     : CatServiceSprd: handleMessage[60]
05-18 12:35:26.332 radio  4156  4156 D CAT     : CatServiceSprd: broadcastCatCmdIntent isStkAppInstalled: false
05-18 12:35:26.833 radio  4156  4156 D CAT     : CatServiceSprd: handleMessage[60]
05-18 12:35:26.837 radio  4156  4156 D CAT     : CatServiceSprd: broadcastCatCmdIntent isStkAppInstalled: false
05-18 12:35:26.852 radio  3351  3362 D RIL     : rxlev[0]=99, rscp[0]=255, rsrp[0]=95
05-18 12:35:26.852 radio  3351  3362 D RILC    : currentSignalStrengthInd
05-18 12:35:26.852 radio  3351  3362 I RILC    : RIL_SOCKET_1 UNSOLICITED: UNSOL_SIGNAL_STRENGTH length:56
05-18 12:35:26.855 radio  4156  4168 D SubscriptionController: [getDefaultDataSubId] subId= 1
05-18 12:35:26.856 radio  4156  4843 D SubscriptionController: [getDefaultDataSubId] subId= 1
05-18 12:35:27.338 radio  4156  4156 D CAT     : CatServiceSprd: handleMessage[60]
05-18 12:35:27.338 radio  4156  4156 D CAT     : CatServiceSprd: broadcastCatCmdIntent isStkAppInstalled: false
05-18 12:35:27.840 radio  4156  4156 D CAT     : CatServiceSprd: handleMessage[60]
05-18 12:35:27.840 radio  4156  4156 D CAT     : CatServiceSprd: broadcastCatCmdIntent isStkAppInstalled: false
05-18 12:35:27.852 radio  3351  3362 D RIL     : rxlev[0]=99, rscp[0]=255, rsrp[0]=95
05-18 12:35:27.852 radio  3351  3362 D RILC    : currentSignalStrengthInd
05-18 12:35:27.853 radio  3351  3362 I RILC    : RIL_SOCKET_1 UNSOLICITED: UNSOL_SIGNAL_STRENGTH length:56
05-18 12:35:27.854 radio  4156  4168 D SubscriptionController: [getDefaultDataSubId] subId= 1
05-18 12:35:27.855 radio  4156  4843 D SubscriptionController: [getDefaultDataSubId] subId= 1
05-18 12:35:28.341 radio  4156  4156 D CAT     : CatServiceSprd: handleMessage[60]
05-18 12:35:28.342 radio  4156  4156 D CAT     : CatServiceSprd: broadcastCatCmdIntent isStkAppInstalled: false
05-18 12:35:28.843 radio  4156  4156 D CAT     : CatServiceSprd: handleMessage[60]
05-18 12:35:28.844 radio  4156  4156 D CAT     : CatServiceSprd: broadcastCatCmdIntent isStkAppInstalled: false
05-18 12:35:28.853 radio  3351  3362 D RIL     : rxlev[0]=99, rscp[0]=255, rsrp[0]=96
05-18 12:35:28.853 radio  3351  3362 D RILC    : currentSignalStrengthInd
05-18 12:35:28.853 radio  3351  3362 I RILC    : RIL_SOCKET_1 UNSOLICITED: UNSOL_SIGNAL_STRENGTH length:56
05-18 12:35:28.855 radio  4156  4168 D SubscriptionController: [getDefaultDataSubId] subId= 1
05-18 12:35:28.856 radio  4156  4168 D SubscriptionController: [getDefaultDataSubId] subId= 1
05-18 12:35:29.345 radio  4156  4156 D CAT     : CatServiceSprd: handleMessage[60]
05-18 12:35:29.345 radio  4156  4156 D CAT     : CatServiceSprd: broadcastCatCmdIntent isStkAppInstalled: false
05-18 12:35:29.846 radio  4156  4156 D CAT     : CatServiceSprd: handleMessage[60]
05-18 12:35:29.847 radio  4156  4156 D CAT     : CatServiceSprd: broadcastCatCmdIntent isStkAppInstalled: false
05-18 12:35:29.853 radio  3351  3362 D RIL     : rxlev[0]=99, rscp[0]=255, rsrp[0]=97
05-18 12:35:29.853 radio  3351  3362 D RILC    : currentSignalStrengthInd
05-18 12:35:29.853 radio  3351  3362 I RILC    : RIL_SOCKET_1 UNSOLICITED: UNSOL_SIGNAL_STRENGTH length:56
05-18 12:35:29.855 radio  4156  4168 D SubscriptionController: [getDefaultDataSubId] subId= 1
05-18 12:35:29.857 radio  4156  4168 D SubscriptionController: [getDefaultDataSubId] subId= 1
05-18 12:35:30.348 radio  4156  4156 D CAT     : CatServiceSprd: handleMessage[60]
05-18 12:35:30.353 radio  4156  4156 D CAT     : CatServiceSprd: broadcastCatCmdIntent isStkAppInstalled: false
05-18 12:35:30.853 radio  3351  3362 D RIL     : rxlev[0]=99, rscp[0]=255, rsrp[0]=98
05-18 12:35:30.854 radio  3351  3362 D RILC    : currentSignalStrengthInd
05-18 12:35:30.854 radio  3351  3362 I RILC    : RIL_SOCKET_1 UNSOLICITED: UNSOL_SIGNAL_STRENGTH length:56
05-18 12:35:30.854 radio  4156  4156 D CAT     : CatServiceSprd: handleMessage[60]
05-18 12:35:30.855 radio  4156  4156 D CAT     : CatServiceSprd: broadcastCatCmdIntent isStkAppInstalled: false
05-18 12:35:30.866 radio  4156  4168 D SubscriptionController: [getDefaultDataSubId] subId= 1
05-18 12:35:30.873 radio  4156  4168 D SubscriptionController: [getDefaultDataSubId] subId= 1
05-18 12:35:31.355 radio  4156  4156 D CAT     : CatServiceSprd: handleMessage[60]
05-18 12:35:31.356 radio  4156  4156 D CAT     : CatServiceSprd: broadcastCatCmdIntent isStkAppInstalled: false
05-18 12:35:31.854 radio  3351  3362 D RIL     : rxlev[0]=99, rscp[0]=255, rsrp[0]=99
05-18 12:35:31.854 radio  3351  3362 D RILC    : currentSignalStrengthInd
05-18 12:35:31.854 radio  3351  3362 I RILC    : RIL_SOCKET_1 UNSOLICITED: UNSOL_SIGNAL_STRENGTH length:56
05-18 12:35:31.860 radio  4156  4156 D CAT     : CatServiceSprd: handleMessage[60]
05-18 12:35:31.861 radio  4156  4156 D CAT     : CatServiceSprd: broadcastCatCmdIntent isStkAppInstalled: false
05-18 12:35:31.863 radio  4156  4168 D SubscriptionController: [getDefaultDataSubId] subId= 1
05-18 12:35:31.872 radio  4156  4168 D SubscriptionController: [getDefaultDataSubId] subId= 1
05-18 12:35:32.361 radio  4156  4156 D CAT     : CatServiceSprd: handleMessage[60]
05-18 12:35:32.361 radio  4156  4156 D CAT     : CatServiceSprd: broadcastCatCmdIntent isStkAppInstalled: false
05-18 12:35:32.854 radio  3351  3362 D RIL     : rxlev[0]=99, rscp[0]=255, rsrp[0]=100
05-18 12:35:32.854 radio  3351  3362 D RILC    : currentSignalStrengthInd
05-18 12:35:32.854 radio  3351  3362 I RILC    : RIL_SOCKET_1 UNSOLICITED: UNSOL_SIGNAL_STRENGTH length:56
05-18 12:35:32.857 radio  4156  4168 D SubscriptionController: [getDefaultDataSubId] subId= 1
05-18 12:35:32.858 radio  4156  4168 D SubscriptionController: [getDefaultDataSubId] subId= 1
05-18 12:35:32.862 radio  4156  4156 D CAT     : CatServiceSprd: handleMessage[60]
05-18 12:35:32.862 radio  4156  4156 D CAT     : CatServiceSprd: broadcastCatCmdIntent isStkAppInstalled: false
05-18 12:35:33.363 radio  4156  4156 D CAT     : CatServiceSprd: handleMessage[60]
05-18 12:35:33.363 radio  4156  4156 D CAT     : CatServiceSprd: broadcastCatCmdIntent isStkAppInstalled: false
05-18 12:35:33.854 radio  3351  3362 D RIL     : rxlev[0]=99, rscp[0]=255, rsrp[0]=101
05-18 12:35:33.854 radio  3351  3362 D RILC    : currentSignalStrengthInd
05-18 12:35:33.855 radio  3351  3362 I RILC    : RIL_SOCKET_1 UNSOLICITED: UNSOL_SIGNAL_STRENGTH length:56
05-18 12:35:33.939 radio  4156  4156 E SmsApplication: com.sprd.preload does not have system signature
05-18 12:35:34.012 radio  4156  4156 E SmsApplication: com.sprd.preload does not have system signature
