05-18 12:38:04.385 radio  4156  5196 D SubscriptionController: [getActiveSubscriptionInfo]+ subId=1 subInfo={id=1, iccId=898601228[****] simSlotIndex=0 displayName=?????????? carrierName=?????????? nameSource=0 iconTint=-16746133 dataRoaming=0 iconBitmap=android.graphics.Bitmap@9b1dcd1 mcc 460 mnc 1 isEmbedded false accessRules null}
05-18 12:38:04.594 radio  3351  3362 D RIL     : rxlev[0]=99, rscp[0]=255, rsrp[0]=94
05-18 12:38:04.594 radio  3351  3362 D RILC    : currentSignalStrengthInd
05-18 12:38:04.594 radio  3351  3362 I RILC    : RIL_SOCKET_1 UNSOLICITED: UNSOL_SIGNAL_STRENGTH length:56
05-18 12:38:04.604 radio  4156  5196 D SubscriptionController: [getDefaultDataSubId] subId= 1
05-18 12:38:04.615 radio  4156  5196 D SubscriptionController: [getDefaultDataSubId] subId= 1
05-18 12:38:04.784 radio  4156  4156 D CAT     : CatServiceSprd: handleMessage[60]
05-18 12:38:04.785 radio  4156  4156 D CAT     : CatServiceSprd: broadcastCatCmdIntent isStkAppInstalled: false
05-18 12:38:05.285 radio  4156  4156 D CAT     : CatServiceSprd: handleMessage[60]
05-18 12:38:05.286 radio  4156  4156 D CAT     : CatServiceSprd: broadcastCatCmdIntent isStkAppInstalled: false
05-18 12:38:05.382 radio  4156  5196 D DCT     : [0]setPolicyDataEnabled: true
05-18 12:38:05.400 radio  4156  5196 D SubscriptionController: [getActiveSubscriptionInfo]+ subId=1 subInfo={id=1, iccId=898601228[****] simSlotIndex=0 displayName=?????????? carrierName=?????????? nameSource=0 iconTint=-16746133 dataRoaming=0 iconBitmap=android.graphics.Bitmap@9b1dcd1 mcc 460 mnc 1 isEmbedded false accessRules null}
05-18 12:38:05.594 radio  3351  3362 D RIL     : rxlev[0]=99, rscp[0]=255, rsrp[0]=94
05-18 12:38:05.594 radio  3351  3362 D RILC    : currentSignalStrengthInd
05-18 12:38:05.594 radio  3351  3362 I RILC    : RIL_SOCKET_1 UNSOLICITED: UNSOL_SIGNAL_STRENGTH length:56
05-18 12:38:05.601 radio  4156  5196 D SubscriptionController: [getDefaultDataSubId] subId= 1
05-18 12:38:05.603 radio  4156  5203 D SubscriptionController: [getDefaultDataSubId] subId= 1
05-18 12:38:05.787 radio  4156  4156 D CAT     : CatServiceSprd: handleMessage[60]
05-18 12:38:05.788 radio  4156  4156 D CAT     : CatServiceSprd: broadcastCatCmdIntent isStkAppInstalled: false
05-18 12:38:06.271 radio  4156  5196 D DCT     : [0]setPolicyDataEnabled: true
05-18 12:38:06.290 radio  4156  4156 D CAT     : CatServiceSprd: handleMessage[60]
05-18 12:38:06.291 radio  4156  4156 D CAT     : CatServiceSprd: broadcastCatCmdIntent isStkAppInstalled: false
05-18 12:38:06.297 radio  4156  5196 D SubscriptionController: [getActiveSubscriptionInfo]+ subId=1 subInfo={id=1, iccId=898601228[****] simSlotIndex=0 displayName=?????????? carrierName=?????????? nameSource=0 iconTint=-16746133 dataRoaming=0 iconBitmap=android.graphics.Bitmap@9b1dcd1 mcc 460 mnc 1 isEmbedded false accessRules null}
05-18 12:38:06.594 radio  3351  3362 D RIL     : rxlev[0]=99, rscp[0]=255, rsrp[0]=94
05-18 12:38:06.594 radio  3351  3362 D RILC    : currentSignalStrengthInd
05-18 12:38:06.595 radio  3351  3362 I RILC    : RIL_SOCKET_1 UNSOLICITED: UNSOL_SIGNAL_STRENGTH length:56
05-18 12:38:06.606 radio  4156  5196 D SubscriptionController: [getDefaultDataSubId] subId= 1
05-18 12:38:06.636 radio  4156  5196 D SubscriptionController: [getDefaultDataSubId] subId= 1
05-18 12:38:06.793 radio  4156  4156 D CAT     : CatServiceSprd: handleMessage[60]
05-18 12:38:06.793 radio  4156  4156 D CAT     : CatServiceSprd: broadcastCatCmdIntent isStkAppInstalled: false
05-18 12:38:07.263 radio  4156  5196 D DCT     : [0]setPolicyDataEnabled: true
05-18 12:38:07.281 radio  4156  5196 D SubscriptionController: [getActiveSubscriptionInfo]+ subId=1 subInfo={id=1, iccId=898601228[****] simSlotIndex=0 displayName=?????????? carrierName=?????????? nameSource=0 iconTint=-16746133 dataRoaming=0 iconBitmap=android.graphics.Bitmap@9b1dcd1 mcc 460 mnc 1 isEmbedded false accessRules null}
05-18 12:38:07.294 radio  4156  4156 D CAT     : CatServiceSprd: handleMessage[60]
05-18 12:38:07.295 radio  4156  4156 D CAT     : CatServiceSprd: broadcastCatCmdIntent isStkAppInstalled: false
05-18 12:38:07.595 radio  3351  3362 D RIL     : rxlev[0]=99, rscp[0]=255, rsrp[0]=94
05-18 12:38:07.595 radio  3351  3362 D RILC    : currentSignalStrengthInd
05-18 12:38:07.595 radio  3351  3362 I RILC    : RIL_SOCKET_1 UNSOLICITED: UNSOL_SIGNAL_STRENGTH length:56
05-18 12:38:07.600 radio  4156  5196 D SubscriptionController: [getDefaultDataSubId] subId= 1
05-18 12:38:07.601 radio  4156  5196 D SubscriptionController: [getDefaultDataSubId] subId= 1
05-18 12:38:07.804 radio  4156  4156 D CAT     : CatServiceSprd: handleMessage[60]
05-18 12:38:07.805 radio  4156  4156 D CAT     : CatServiceSprd: broadcastCatCmdIntent isStkAppInstalled: false
05-18 12:38:08.037 radio  4156  4156 E SmsApplication: com.sprd.preload does not have system signature
05-18 12:38:08.291 radio  4156  5203 D DCT     : [0]setPolicyDataEnabled: true
05-18 12:38:08.306 radio  4156  4156 D CAT     : CatServiceSprd: handleMessage[60]
05-18 12:38:08.330 radio  4156  4156 D CAT     : CatServiceSprd: broadcastCatCmdIntent isStkAppInstalled: false
05-18 12:38:08.388 radio  4156  5203 D SubscriptionController: [getActiveSubscriptionInfo]+ subId=1 subInfo={id=1, iccId=898601228[****] simSlotIndex=0 displayName=?????????? carrierName=?????????? nameSource=0 iconTint=-16746133 dataRoaming=0 iconBitmap=android.graphics.Bitmap@9b1dcd1 mcc 460 mnc 1 isEmbedded false accessRules null}
05-18 12:38:08.471 radio  4156  4156 D SubscriptionController: [getDefaultDataSubId] subId= 1
05-18 12:38:08.471 radio  4156  4156 D PhoneSwitcher: evaluating due to netReleased
05-18 12:38:08.596 radio  3351  3362 D RIL     : rxlev[0]=99, rscp[0]=255, rsrp[0]=94
05-18 12:38:08.596 radio  3351  3362 D RILC    : currentSignalStrengthInd
05-18 12:38:08.596 radio  3351  3362 I RILC    : RIL_SOCKET_1 UNSOLICITED: UNSOL_SIGNAL_STRENGTH length:56
05-18 12:38:08.604 radio  4156  5196 D SubscriptionController: [getDefaultDataSubId] subId= 1
05-18 12:38:08.610 radio  4156  5196 D SubscriptionController: [getDefaultDataSubId] subId= 1
05-18 12:38:08.831 radio  4156  4156 D CAT     : CatServiceSprd: handleMessage[60]
05-18 12:38:08.832 radio  4156  4156 D CAT     : CatServiceSprd: broadcastCatCmdIntent isStkAppInstalled: false
05-18 12:38:09.333 radio  4156  4156 D CAT     : CatServiceSprd: handleMessage[60]
05-18 12:38:09.335 radio  4156  4156 D CAT     : CatServiceSprd: broadcastCatCmdIntent isStkAppInstalled: false
05-18 12:38:09.596 radio  3351  3362 D RIL     : rxlev[0]=99, rscp[0]=255, rsrp[0]=94
05-18 12:38:09.596 radio  3351  3362 D RILC    : currentSignalStrengthInd
05-18 12:38:09.597 radio  3351  3362 I RILC    : RIL_SOCKET_1 UNSOLICITED: UNSOL_SIGNAL_STRENGTH length:56
05-18 12:38:09.600 radio  4156  5196 D SubscriptionController: [getDefaultDataSubId] subId= 1
05-18 12:38:09.603 radio  4156  5196 D SubscriptionController: [getDefaultDataSubId] subId= 1
05-18 12:38:09.836 radio  4156  4156 D CAT     : CatServiceSprd: handleMessage[60]
05-18 12:38:09.837 radio  4156  4156 D CAT     : CatServiceSprd: broadcastCatCmdIntent isStkAppInstalled: false
05-18 12:38:09.903 radio  4156  5196 D SubscriptionController: [getPhoneId] asked for default subId=1
05-18 12:38:10.338 radio  4156  4156 D CAT     : CatServiceSprd: handleMessage[60]
05-18 12:38:10.338 radio  4156  4156 D CAT     : CatServiceSprd: broadcastCatCmdIntent isStkAppInstalled: false
05-18 12:38:10.597 radio  3351  3362 D RIL     : rxlev[0]=99, rscp[0]=255, rsrp[0]=95
05-18 12:38:10.597 radio  3351  3362 D RILC    : currentSignalStrengthInd
05-18 12:38:10.597 radio  3351  3362 I RILC    : RIL_SOCKET_1 UNSOLICITED: UNSOL_SIGNAL_STRENGTH length:56
05-18 12:38:10.599 radio  4156  5196 D SubscriptionController: [getDefaultDataSubId] subId= 1
05-18 12:38:10.600 radio  4156  5196 D SubscriptionController: [getDefaultDataSubId] subId= 1
05-18 12:38:10.841 radio  4156  4156 D CAT     : CatServiceSprd: handleMessage[60]
05-18 12:38:10.842 radio  4156  4156 D CAT     : CatServiceSprd: broadcastCatCmdIntent isStkAppInstalled: false
05-18 12:38:11.343 radio  4156  4156 D CAT     : CatServiceSprd: handleMessage[60]
05-18 12:38:11.346 radio  4156  4156 D CAT     : CatServiceSprd: broadcastCatCmdIntent isStkAppInstalled: false
05-18 12:38:11.597 radio  3351  3362 D RIL     : rxlev[0]=99, rscp[0]=255, rsrp[0]=96
05-18 12:38:11.597 radio  3351  3362 D RILC    : currentSignalStrengthInd
05-18 12:38:11.597 radio  3351  3362 I RILC    : RIL_SOCKET_1 UNSOLICITED: UNSOL_SIGNAL_STRENGTH length:56
05-18 12:38:11.601 radio  4156  5196 D SubscriptionController: [getDefaultDataSubId] subId= 1
05-18 12:38:11.603 radio  4156  5203 D SubscriptionController: [getDefaultDataSubId] subId= 1
05-18 12:38:11.848 radio  4156  4156 D CAT     : CatServiceSprd: handleMessage[60]
05-18 12:38:11.851 radio  4156  4156 D CAT     : CatServiceSprd: broadcastCatCmdIntent isStkAppInstalled: false
05-18 12:38:12.352 radio  4156  4156 D CAT     : CatServiceSprd: handleMessage[60]
05-18 12:38:12.353 radio  4156  4156 D CAT     : CatServiceSprd: broadcastCatCmdIntent isStkAppInstalled: false
05-18 12:38:12.597 radio  3351  3362 D RIL     : rxlev[0]=99, rscp[0]=255, rsrp[0]=94
05-18 12:38:12.598 radio  3351  3362 D RILC    : currentSignalStrengthInd
05-18 12:38:12.598 radio  3351  3362 I RILC    : RIL_SOCKET_1 UNSOLICITED: UNSOL_SIGNAL_STRENGTH length:56
05-18 12:38:12.599 radio  4156  5203 D SubscriptionController: [getDefaultDataSubId] subId= 1
05-18 12:38:12.600 radio  4156  5203 D SubscriptionController: [getDefaultDataSubId] subId= 1
05-18 12:38:12.853 radio  4156  4156 D CAT     : CatServiceSprd: handleMessage[60]
05-18 12:38:12.853 radio  4156  4156 D CAT     : CatServiceSprd: broadcastCatCmdIntent isStkAppInstalled: false
05-18 12:38:13.355 radio  4156  4156 D CAT     : CatServiceSprd: handleMessage[60]
05-18 12:38:13.355 radio  4156  4156 D CAT     : CatServiceSprd: broadcastCatCmdIntent isStkAppInstalled: false
05-18 12:38:13.598 radio  3351  3362 D RIL     : rxlev[0]=99, rscp[0]=255, rsrp[0]=94
05-18 12:38:13.598 radio  3351  3362 D RILC    : currentSignalStrengthInd
05-18 12:38:13.598 radio  3351  3362 I RILC    : RIL_SOCKET_1 UNSOLICITED: UNSOL_SIGNAL_STRENGTH length:56
05-18 12:38:13.599 radio  4156  5203 D SubscriptionController: [getDefaultDataSubId] subId= 1
05-18 12:38:13.600 radio  4156  5203 D SubscriptionController: [getDefaultDataSubId] subId= 1
05-18 12:38:13.856 radio  4156  4156 D CAT     : CatServiceSprd: handleMessage[60]
05-18 12:38:13.857 radio  4156  4156 D CAT     : CatServiceSprd: broadcastCatCmdIntent isStkAppInstalled: false
05-18 12:38:14.359 radio  4156  4156 D CAT     : CatServiceSprd: handleMessage[60]
05-18 12:38:14.361 radio  4156  4156 D CAT     : CatServiceSprd: broadcastCatCmdIntent isStkAppInstalled: false
05-18 12:38:14.598 radio  3351  3362 D RIL     : rxlev[0]=99, rscp[0]=255, rsrp[0]=94
05-18 12:38:14.598 radio  3351  3362 D RILC    : currentSignalStrengthInd
05-18 12:38:14.599 radio  3351  3362 I RILC    : RIL_SOCKET_1 UNSOLICITED: UNSOL_SIGNAL_STRENGTH length:56
05-18 12:38:14.603 radio  4156  5203 D SubscriptionController: [getDefaultDataSubId] subId= 1
05-18 12:38:14.604 radio  4156  5203 D SubscriptionController: [getDefaultDataSubId] subId= 1
05-18 12:38:14.838 radio  4156  5203 D SubscriptionController: [getPhoneId] asked for default subId=1
05-18 12:38:14.862 radio  4156  4156 D CAT     : CatServiceSprd: handleMessage[60]
05-18 12:38:14.863 radio  4156  4156 D CAT     : CatServiceSprd: broadcastCatCmdIntent isStkAppInstalled: false
05-18 12:38:15.364 radio  4156  4156 D CAT     : CatServiceSprd: handleMessage[60]
05-18 12:38:15.365 radio  4156  4156 D CAT     : CatServiceSprd: broadcastCatCmdIntent isStkAppInstalled: false
05-18 12:38:15.599 radio  3351  3362 D RIL     : rxlev[0]=99, rscp[0]=255, rsrp[0]=95
05-18 12:38:15.599 radio  3351  3362 D RILC    : currentSignalStrengthInd
05-18 12:38:15.599 radio  3351  3362 I RILC    : RIL_SOCKET_1 UNSOLICITED: UNSOL_SIGNAL_STRENGTH length:56
05-18 12:38:15.602 radio  4156  5203 D SubscriptionController: [getDefaultDataSubId] subId= 1
05-18 12:38:15.603 radio  4156  5203 D SubscriptionController: [getDefaultDataSubId] subId= 1
05-18 12:38:15.865 radio  4156  4156 D CAT     : CatServiceSprd: handleMessage[60]
05-18 12:38:15.866 radio  4156  4156 D CAT     : CatServiceSprd: broadcastCatCmdIntent isStkAppInstalled: false
05-18 12:38:16.368 radio  4156  4156 D CAT     : CatServiceSprd: handleMessage[60]
05-18 12:38:16.370 radio  4156  4156 D CAT     : CatServiceSprd: broadcastCatCmdIntent isStkAppInstalled: false
05-18 12:38:16.599 radio  3351  3362 D RIL     : rxlev[0]=99, rscp[0]=255, rsrp[0]=96
05-18 12:38:16.599 radio  3351  3362 D RILC    : currentSignalStrengthInd
05-18 12:38:16.599 radio  3351  3362 I RILC    : RIL_SOCKET_1 UNSOLICITED: UNSOL_SIGNAL_STRENGTH length:56
05-18 12:38:16.603 radio  4156  5203 D SubscriptionController: [getDefaultDataSubId] subId= 1
05-18 12:38:16.605 radio  4156  5203 D SubscriptionController: [getDefaultDataSubId] subId= 1
05-18 12:38:16.873 radio  4156  4156 D CAT     : CatServiceSprd: handleMessage[60]
05-18 12:38:16.874 radio  4156  4156 D CAT     : CatServiceSprd: broadcastCatCmdIntent isStkAppInstalled: false
05-18 12:38:17.376 radio  4156  4156 D CAT     : CatServiceSprd: handleMessage[60]
05-18 12:38:17.381 radio  4156  4156 D CAT     : CatServiceSprd: broadcastCatCmdIntent isStkAppInstalled: false
05-18 12:38:17.600 radio  3351  3362 D RIL     : rxlev[0]=99, rscp[0]=255, rsrp[0]=95
05-18 12:38:17.600 radio  3351  3362 D RILC    : currentSignalStrengthInd
05-18 12:38:17.600 radio  3351  3362 I RILC    : RIL_SOCKET_1 UNSOLICITED: UNSOL_SIGNAL_STRENGTH length:56
05-18 12:38:17.851 radio  4156  5196 D SubscriptionController: [getDefaultDataSubId] subId= 1
05-18 12:38:17.851 radio  4156  4156 D DctEx   : [0]onReceive() action=android.intent.action.BATTERY_CHANGED
05-18 12:38:17.852 radio  4156  5196 D SubscriptionController: [getDefaultDataSubId] subId= 1
05-18 12:38:17.890 radio  4156  4156 D CAT     : CatServiceSprd: handleMessage[60]
05-18 12:38:17.893 radio  4156  4156 D CAT     : CatServiceSprd: broadcastCatCmdIntent isStkAppInstalled: false
05-18 12:38:18.394 radio  4156  4156 D CAT     : CatServiceSprd: handleMessage[60]
05-18 12:38:18.394 radio  4156  4156 D CAT     : CatServiceSprd: broadcastCatCmdIntent isStkAppInstalled: false
05-18 12:38:18.560 radio  4156  5196 D SubscriptionController: [getPhoneId] asked for default subId=1
05-18 12:38:18.600 radio  3351  3362 D RIL     : rxlev[0]=99, rscp[0]=255, rsrp[0]=95
05-18 12:38:18.600 radio  3351  3362 D RILC    : currentSignalStrengthInd
05-18 12:38:18.600 radio  3351  3362 I RILC    : RIL_SOCKET_1 UNSOLICITED: UNSOL_SIGNAL_STRENGTH length:56
05-18 12:38:18.603 radio  4156  5196 D SubscriptionController: [getDefaultDataSubId] subId= 1
05-18 12:38:18.608 radio  4156  5196 D SubscriptionController: [getDefaultDataSubId] subId= 1
05-18 12:38:18.895 radio  4156  4156 D CAT     : CatServiceSprd: handleMessage[60]
05-18 12:38:18.911 radio  4156  4156 D CAT     : CatServiceSprd: broadcastCatCmdIntent isStkAppInstalled: false
05-18 12:38:19.010 radio  4156  5475 D SubscriptionController: [getPhoneId] asked for default subId=1
05-18 12:38:19.420 radio  4156  4156 D CAT     : CatServiceSprd: handleMessage[60]
05-18 12:38:19.421 radio  4156  4156 D CAT     : CatServiceSprd: broadcastCatCmdIntent isStkAppInstalled: false
05-18 12:38:19.600 radio  3351  3362 D RIL     : rxlev[0]=99, rscp[0]=255, rsrp[0]=95
05-18 12:38:19.600 radio  3351  3362 D RILC    : currentSignalStrengthInd
05-18 12:38:19.601 radio  3351  3362 I RILC    : RIL_SOCKET_1 UNSOLICITED: UNSOL_SIGNAL_STRENGTH length:56
05-18 12:38:19.611 radio  4156  5475 D SubscriptionController: [getDefaultDataSubId] subId= 1
05-18 12:38:19.618 radio  4156  5475 D SubscriptionController: [getDefaultDataSubId] subId= 1
05-18 12:38:19.922 radio  4156  4156 D CAT     : CatServiceSprd: handleMessage[60]
05-18 12:38:19.923 radio  4156  4156 D CAT     : CatServiceSprd: broadcastCatCmdIntent isStkAppInstalled: false
05-18 12:38:20.423 radio  4156  4156 D CAT     : CatServiceSprd: handleMessage[60]
05-18 12:38:20.424 radio  4156  4156 D CAT     : CatServiceSprd: broadcastCatCmdIntent isStkAppInstalled: false
05-18 12:38:20.601 radio  3351  3362 D RIL     : rxlev[0]=99, rscp[0]=255, rsrp[0]=95
05-18 12:38:20.602 radio  3351  3362 D RILC    : currentSignalStrengthInd
05-18 12:38:20.602 radio  3351  3362 I RILC    : RIL_SOCKET_1 UNSOLICITED: UNSOL_SIGNAL_STRENGTH length:56
05-18 12:38:20.652 radio  4156  4156 E SmsApplication: com.sprd.preload does not have system signature
05-18 12:38:20.685 radio  4156  5263 D SubscriptionController: [getDefaultDataSubId] subId= 1
05-18 12:38:20.697 radio  4156  5263 D SubscriptionController: [getDefaultDataSubId] subId= 1
05-18 12:38:20.720 radio  4156  4156 E SmsApplication: com.sprd.preload does not have system signature
05-18 12:38:20.756 radio  4156  4156 E SmsApplication: com.sprd.preload does not have system signature
05-18 12:38:20.924 radio  4156  4156 D CAT     : CatServiceSprd: handleMessage[60]
05-18 12:38:20.925 radio  4156  4156 D CAT     : CatServiceSprd: broadcastCatCmdIntent isStkAppInstalled: false
05-18 12:38:21.426 radio  4156  4156 D CAT     : CatServiceSprd: handleMessage[60]
05-18 12:38:21.431 radio  4156  4156 D CAT     : CatServiceSprd: broadcastCatCmdIntent isStkAppInstalled: false
05-18 12:38:21.602 radio  3351  3362 D RIL     : rxlev[0]=99, rscp[0]=255, rsrp[0]=95
05-18 12:38:21.602 radio  3351  3362 D RILC    : currentSignalStrengthInd
05-18 12:38:21.602 radio  3351  3362 I RILC    : RIL_SOCKET_1 UNSOLICITED: UNSOL_SIGNAL_STRENGTH length:56
05-18 12:38:21.605 radio  4156  5196 D SubscriptionController: [getDefaultDataSubId] subId= 1
05-18 12:38:21.616 radio  4156  5196 D SubscriptionController: [getDefaultDataSubId] subId= 1
05-18 12:38:21.932 radio  4156  4156 D CAT     : CatServiceSprd: handleMessage[60]
05-18 12:38:21.933 radio  4156  4156 D CAT     : CatServiceSprd: broadcastCatCmdIntent isStkAppInstalled: false
05-18 12:38:22.434 radio  4156  4156 D CAT     : CatServiceSprd: handleMessage[60]
05-18 12:38:22.434 radio  4156  4156 D CAT     : CatServiceSprd: broadcastCatCmdIntent isStkAppInstalled: false
05-18 12:38:22.602 radio  3351  3362 D RIL     : rxlev[0]=99, rscp[0]=255, rsrp[0]=96
05-18 12:38:22.602 radio  3351  3362 D RILC    : currentSignalStrengthInd
05-18 12:38:22.603 radio  3351  3362 I RILC    : RIL_SOCKET_1 UNSOLICITED: UNSOL_SIGNAL_STRENGTH length:56
05-18 12:38:22.607 radio  4156  5196 D SubscriptionController: [getDefaultDataSubId] subId= 1
05-18 12:38:22.609 radio  4156  5196 D SubscriptionController: [getDefaultDataSubId] subId= 1
05-18 12:38:22.935 radio  4156  4156 D CAT     : CatServiceSprd: handleMessage[60]
05-18 12:38:22.936 radio  4156  4156 D CAT     : CatServiceSprd: broadcastCatCmdIntent isStkAppInstalled: false
05-18 12:38:23.437 radio  4156  4156 D CAT     : CatServiceSprd: handleMessage[60]
05-18 12:38:23.437 radio  4156  4156 D CAT     : CatServiceSprd: broadcastCatCmdIntent isStkAppInstalled: false
05-18 12:38:23.603 radio  3351  3362 D RIL     : rxlev[0]=99, rscp[0]=255, rsrp[0]=97
05-18 12:38:23.603 radio  3351  3362 D RILC    : currentSignalStrengthInd
05-18 12:38:23.603 radio  3351  3362 I RILC    : RIL_SOCKET_1 UNSOLICITED: UNSOL_SIGNAL_STRENGTH length:56
05-18 12:38:23.604 radio  4156  5196 D SubscriptionController: [getDefaultDataSubId] subId= 1
05-18 12:38:23.606 radio  4156  5196 D SubscriptionController: [getDefaultDataSubId] subId= 1
05-18 12:38:23.938 radio  4156  4156 D CAT     : CatServiceSprd: handleMessage[60]
05-18 12:38:23.938 radio  4156  4156 D CAT     : CatServiceSprd: broadcastCatCmdIntent isStkAppInstalled: false
05-18 12:38:24.354 radio  4156  5196 D SubscriptionController: [getPhoneId] asked for default subId=1
05-18 12:38:24.438 radio  4156  4156 D CAT     : CatServiceSprd: handleMessage[60]
05-18 12:38:24.440 radio  4156  4156 D CAT     : CatServiceSprd: broadcastCatCmdIntent isStkAppInstalled: false
05-18 12:38:24.603 radio  3351  3362 D RIL     : rxlev[0]=99, rscp[0]=255, rsrp[0]=97
05-18 12:38:24.603 radio  3351  3362 D RILC    : currentSignalStrengthInd
05-18 12:38:24.604 radio  3351  3362 I RILC    : RIL_SOCKET_1 UNSOLICITED: UNSOL_SIGNAL_STRENGTH length:56
05-18 12:38:24.610 radio  4156  5196 D SubscriptionController: [getDefaultDataSubId] subId= 1
05-18 12:38:24.611 radio  4156  5196 D SubscriptionController: [getDefaultDataSubId] subId= 1
05-18 12:38:24.942 radio  4156  4156 D CAT     : CatServiceSprd: handleMessage[60]
05-18 12:38:24.948 radio  4156  4156 D CAT     : CatServiceSprd: broadcastCatCmdIntent isStkAppInstalled: false
05-18 12:38:25.449 radio  4156  4156 D CAT     : CatServiceSprd: handleMessage[60]
05-18 12:38:25.450 radio  4156  4156 D CAT     : CatServiceSprd: broadcastCatCmdIntent isStkAppInstalled: false
05-18 12:38:25.604 radio  3351  3362 D RIL     : rxlev[0]=99, rscp[0]=255, rsrp[0]=98
05-18 12:38:25.604 radio  3351  3362 D RILC    : currentSignalStrengthInd
05-18 12:38:25.604 radio  3351  3362 I RILC    : RIL_SOCKET_1 UNSOLICITED: UNSOL_SIGNAL_STRENGTH length:56
05-18 12:38:25.610 radio  4156  5196 D SubscriptionController: [getDefaultDataSubId] subId= 1
05-18 12:38:25.611 radio  4156  5196 D SubscriptionController: [getDefaultDataSubId] subId= 1
05-18 12:38:25.951 radio  4156  4156 D CAT     : CatServiceSprd: handleMessage[60]
05-18 12:38:25.952 radio  4156  4156 D CAT     : CatServiceSprd: broadcastCatCmdIntent isStkAppInstalled: false
05-18 12:38:26.418 radio  4156  4156 D TelephonyNetworkFactory[0]: got request NetworkRequest [ TRACK_DEFAULT id=18, [ Capabilities: INTERNET&NOT_RESTRICTED&TRUSTED&NOT_VPN] ] with score 50
05-18 12:38:26.424 radio  4156  4156 D SubscriptionController: [getDefaultDataSubId] subId= 1
05-18 12:38:26.424 radio  4156  4156 D SubscriptionController: [getDefaultDataSubId] subId= 1
05-18 12:38:26.424 radio  4156  4156 D PhoneSwitcher: evaluating due to netRequest
05-18 12:38:26.454 radio  4156  4156 D CAT     : CatServiceSprd: handleMessage[60]
05-18 12:38:26.454 radio  4156  4156 D CAT     : CatServiceSprd: broadcastCatCmdIntent isStkAppInstalled: false
05-18 12:38:26.553 radio  4156  5196 D SubscriptionController: [getDefaultDataSubId] subId= 1
05-18 12:38:26.604 radio  3351  3362 D RIL     : rxlev[0]=99, rscp[0]=255, rsrp[0]=96
05-18 12:38:26.604 radio  3351  3362 D RILC    : currentSignalStrengthInd
05-18 12:38:26.604 radio  3351  3362 I RILC    : RIL_SOCKET_1 UNSOLICITED: UNSOL_SIGNAL_STRENGTH length:56
05-18 12:38:26.607 radio  4156  5196 D SubscriptionController: [getDefaultDataSubId] subId= 1
05-18 12:38:26.609 radio  4156  5196 D SubscriptionController: [getDefaultDataSubId] subId= 1
05-18 12:38:26.955 radio  4156  4156 D CAT     : CatServiceSprd: handleMessage[60]
05-18 12:38:26.956 radio  4156  4156 D CAT     : CatServiceSprd: broadcastCatCmdIntent isStkAppInstalled: false
05-18 12:38:27.142 radio  4156  4156 D SubscriptionController: [getDefaultDataSubId] subId= 1
05-18 12:38:27.142 radio  4156  4156 D PhoneSwitcher: evaluating due to netReleased
05-18 12:38:27.457 radio  4156  4156 D CAT     : CatServiceSprd: handleMessage[60]
05-18 12:38:27.458 radio  4156  4156 D CAT     : CatServiceSprd: broadcastCatCmdIntent isStkAppInstalled: false
05-18 12:38:27.606 radio  3351  3362 D RIL     : rxlev[0]=99, rscp[0]=255, rsrp[0]=99
05-18 12:38:27.607 radio  3351  3362 D RILC    : currentSignalStrengthInd
05-18 12:38:27.609 radio  3351  3362 I RILC    : RIL_SOCKET_1 UNSOLICITED: UNSOL_SIGNAL_STRENGTH length:56
05-18 12:38:27.614 radio  4156  5263 D SubscriptionController: [getDefaultDataSubId] subId= 1
05-18 12:38:27.617 radio  4156  5263 I chatty  : uid=1001(radio) Binder:4156_D identical 1 line
05-18 12:38:27.830 radio  4156  5263 D SubscriptionController: [getDefaultDataSubId] subId= 1
05-18 12:38:27.859 radio  4156  5263 D SubscriptionController: [getPhoneId] asked for default subId=1
05-18 12:38:27.881 radio  4156  5263 D SubscriptionController: [getActiveSubscriptionInfo]+ subId=1 subInfo={id=1, iccId=898601228[****] simSlotIndex=0 displayName=?????????? carrierName=?????????? nameSource=0 iconTint=-16746133 dataRoaming=0 iconBitmap=android.graphics.Bitmap@9b1dcd1 mcc 460 mnc 1 isEmbedded false accessRules null}
05-18 12:38:27.958 radio  4156  4156 D CAT     : CatServiceSprd: handleMessage[60]
05-18 12:38:27.959 radio  4156  4156 D CAT     : CatServiceSprd: broadcastCatCmdIntent isStkAppInstalled: false
05-18 12:38:27.964 radio  4156  5263 D SubscriptionController: [getDefaultDataSubId] subId= 1
05-18 12:38:28.000 radio  4156  5263 D SubscriptionController: [getActiveSubscriptionInfo]+ subId=1 subInfo={id=1, iccId=898601228[****] simSlotIndex=0 displayName=?????????? carrierName=?????????? nameSource=0 iconTint=-16746133 dataRoaming=0 iconBitmap=android.graphics.Bitmap@9b1dcd1 mcc 460 mnc 1 isEmbedded false accessRules null}
05-18 12:38:28.423 radio  4156  5263 D SubscriptionController: [getDefaultDataSubId] subId= 1
05-18 12:38:28.460 radio  4156  4156 D CAT     : CatServiceSprd: handleMessage[60]
05-18 12:38:28.460 radio  4156  4156 D CAT     : CatServiceSprd: broadcastCatCmdIntent isStkAppInstalled: false
05-18 12:38:28.477 radio  4156  5263 D SubscriptionController: [getDefaultDataSubId] subId= 1
05-18 12:38:28.610 radio  3351  3362 D RIL     : rxlev[0]=99, rscp[0]=255, rsrp[0]=99
05-18 12:38:28.610 radio  3351  3362 D RILC    : currentSignalStrengthInd
05-18 12:38:28.610 radio  3351  3362 I RILC    : RIL_SOCKET_1 UNSOLICITED: UNSOL_SIGNAL_STRENGTH length:56
05-18 12:38:28.611 radio  4156  5263 D SubscriptionController: [getDefaultDataSubId] subId= 1
05-18 12:38:28.612 radio  4156  5263 D SubscriptionController: [getDefaultDataSubId] subId= 1
05-18 12:38:28.961 radio  4156  4156 D CAT     : CatServiceSprd: handleMessage[60]
05-18 12:38:28.961 radio  4156  4156 D CAT     : CatServiceSprd: broadcastCatCmdIntent isStkAppInstalled: false
05-18 12:38:29.462 radio  4156  4156 D CAT     : CatServiceSprd: handleMessage[60]
05-18 12:38:29.463 radio  4156  4156 D CAT     : CatServiceSprd: broadcastCatCmdIntent isStkAppInstalled: false
05-18 12:38:29.611 radio  3351  3362 D RIL     : rxlev[0]=99, rscp[0]=255, rsrp[0]=100
05-18 12:38:29.611 radio  3351  3362 D RILC    : currentSignalStrengthInd
05-18 12:38:29.611 radio  3351  3362 I RILC    : RIL_SOCKET_1 UNSOLICITED: UNSOL_SIGNAL_STRENGTH length:56
05-18 12:38:29.616 radio  4156  5263 D SubscriptionController: [getDefaultDataSubId] subId= 1
05-18 12:38:29.619 radio  4156  5196 D SubscriptionController: [getDefaultDataSubId] subId= 1
05-18 12:38:29.838 radio  4156  5263 D SubscriptionController: [getDefaultDataSubId] subId= 1
05-18 12:38:29.965 radio  4156  4156 D CAT     : CatServiceSprd: handleMessage[60]
05-18 12:38:29.966 radio  4156  4156 D CAT     : CatServiceSprd: broadcastCatCmdIntent isStkAppInstalled: false
05-18 12:38:30.466 radio  4156  4156 D CAT     : CatServiceSprd: handleMessage[60]
05-18 12:38:30.467 radio  4156  4156 D CAT     : CatServiceSprd: broadcastCatCmdIntent isStkAppInstalled: false
05-18 12:38:30.611 radio  3351  3362 D RIL     : rxlev[0]=99, rscp[0]=255, rsrp[0]=96
05-18 12:38:30.611 radio  3351  3362 D RILC    : currentSignalStrengthInd
05-18 12:38:30.611 radio  3351  3362 I RILC    : RIL_SOCKET_1 UNSOLICITED: UNSOL_SIGNAL_STRENGTH length:56
05-18 12:38:30.617 radio  4156  5263 D SubscriptionController: [getDefaultDataSubId] subId= 1
05-18 12:38:30.628 radio  4156  5263 D SubscriptionController: [getDefaultDataSubId] subId= 1
05-18 12:38:30.967 radio  4156  4156 D CAT     : CatServiceSprd: handleMessage[60]
05-18 12:38:30.968 radio  4156  4156 D CAT     : CatServiceSprd: broadcastCatCmdIntent isStkAppInstalled: false
05-18 12:38:31.468 radio  4156  4156 D CAT     : CatServiceSprd: handleMessage[60]
05-18 12:38:31.469 radio  4156  4156 D CAT     : CatServiceSprd: broadcastCatCmdIntent isStkAppInstalled: false
05-18 12:38:31.612 radio  3351  3362 D RIL     : rxlev[0]=99, rscp[0]=255, rsrp[0]=95
05-18 12:38:31.612 radio  3351  3362 D RILC    : currentSignalStrengthInd
05-18 12:38:31.612 radio  3351  3362 I RILC    : RIL_SOCKET_1 UNSOLICITED: UNSOL_SIGNAL_STRENGTH length:56
05-18 12:38:31.615 radio  4156  5263 D SubscriptionController: [getDefaultDataSubId] subId= 1
05-18 12:38:31.617 radio  4156  5263 D SubscriptionController: [getDefaultDataSubId] subId= 1
05-18 12:38:31.970 radio  4156  4156 D CAT     : CatServiceSprd: handleMessage[60]
05-18 12:38:31.971 radio  4156  4156 D CAT     : CatServiceSprd: broadcastCatCmdIntent isStkAppInstalled: false
05-18 12:38:32.472 radio  4156  4156 D CAT     : CatServiceSprd: handleMessage[60]
05-18 12:38:32.473 radio  4156  4156 D CAT     : CatServiceSprd: broadcastCatCmdIntent isStkAppInstalled: false
05-18 12:38:32.612 radio  3351  3362 D RIL     : rxlev[0]=99, rscp[0]=255, rsrp[0]=95
05-18 12:38:32.612 radio  3351  3362 D RILC    : currentSignalStrengthInd
05-18 12:38:32.612 radio  3351  3362 I RILC    : RIL_SOCKET_1 UNSOLICITED: UNSOL_SIGNAL_STRENGTH length:56
05-18 12:38:32.614 radio  4156  5263 D SubscriptionController: [getDefaultDataSubId] subId= 1
05-18 12:38:32.626 radio  4156  5263 D SubscriptionController: [getDefaultDataSubId] subId= 1
05-18 12:38:32.975 radio  4156  4156 D CAT     : CatServiceSprd: handleMessage[60]
05-18 12:38:32.975 radio  4156  4156 D CAT     : CatServiceSprd: broadcastCatCmdIntent isStkAppInstalled: false
05-18 12:38:33.019 radio  4156  5263 D SubscriptionController: [getPhoneId] asked for default subId=1
05-18 12:38:33.475 radio  4156  4156 D CAT     : CatServiceSprd: handleMessage[60]
05-18 12:38:33.476 radio  4156  4156 D CAT     : CatServiceSprd: broadcastCatCmdIntent isStkAppInstalled: false
05-18 12:38:33.612 radio  3351  3362 D RIL     : rxlev[0]=99, rscp[0]=255, rsrp[0]=95
05-18 12:38:33.613 radio  3351  3362 D RILC    : currentSignalStrengthInd
05-18 12:38:33.613 radio  3351  3362 I RILC    : RIL_SOCKET_1 UNSOLICITED: UNSOL_SIGNAL_STRENGTH length:56
05-18 12:38:33.615 radio  4156  5263 D SubscriptionController: [getDefaultDataSubId] subId= 1
05-18 12:38:33.617 radio  4156  5263 D SubscriptionController: [getDefaultDataSubId] subId= 1
05-18 12:38:33.977 radio  4156  4156 D CAT     : CatServiceSprd: handleMessage[60]
05-18 12:38:33.979 radio  4156  4156 D CAT     : CatServiceSprd: broadcastCatCmdIntent isStkAppInstalled: false
05-18 12:38:34.485 radio  4156  4156 D CAT     : CatServiceSprd: handleMessage[60]
05-18 12:38:34.485 radio  4156  4156 D CAT     : CatServiceSprd: broadcastCatCmdIntent isStkAppInstalled: false
05-18 12:38:34.613 radio  3351  3362 D RIL     : rxlev[0]=99, rscp[0]=255, rsrp[0]=95
05-18 12:38:34.613 radio  3351  3362 D RILC    : currentSignalStrengthInd
05-18 12:38:34.613 radio  3351  3362 I RILC    : RIL_SOCKET_1 UNSOLICITED: UNSOL_SIGNAL_STRENGTH length:56
05-18 12:38:34.629 radio  4156  5263 D SubscriptionController: [getDefaultDataSubId] subId= 1
05-18 12:38:34.631 radio  4156  5263 D SubscriptionController: [getDefaultDataSubId] subId= 1
05-18 12:38:34.989 radio  4156  4156 D CAT     : CatServiceSprd: handleMessage[60]
05-18 12:38:34.990 radio  4156  4156 D CAT     : CatServiceSprd: broadcastCatCmdIntent isStkAppInstalled: false
05-18 12:38:35.490 radio  4156  4156 D CAT     : CatServiceSprd: handleMessage[60]
05-18 12:38:35.491 radio  4156  4156 D CAT     : CatServiceSprd: broadcastCatCmdIntent isStkAppInstalled: false
05-18 12:38:35.615 radio  3351  3362 D RIL     : rxlev[0]=99, rscp[0]=255, rsrp[0]=95
05-18 12:38:35.615 radio  3351  3362 D RILC    : currentSignalStrengthInd
05-18 12:38:35.616 radio  3351  3362 I RILC    : RIL_SOCKET_1 UNSOLICITED: UNSOL_SIGNAL_STRENGTH length:56
05-18 12:38:35.617 radio  4156  5263 D SubscriptionController: [getDefaultDataSubId] subId= 1
05-18 12:38:35.618 radio  4156  5263 D SubscriptionController: [getDefaultDataSubId] subId= 1
05-18 12:38:35.689 radio  4156  5263 D SubscriptionController: [getPhoneId] asked for default subId=1
05-18 12:38:35.993 radio  4156  4156 D CAT     : CatServiceSprd: handleMessage[60]
05-18 12:38:35.994 radio  4156  4156 D CAT     : CatServiceSprd: broadcastCatCmdIntent isStkAppInstalled: false
05-18 12:38:36.510 radio  4156  4156 D CAT     : CatServiceSprd: handleMessage[60]
05-18 12:38:36.510 radio  4156  4156 D CAT     : CatServiceSprd: broadcastCatCmdIntent isStkAppInstalled: false
05-18 12:38:36.621 radio  3351  3362 D RIL     : rxlev[0]=99, rscp[0]=255, rsrp[0]=95
05-18 12:38:36.621 radio  3351  3362 D RILC    : currentSignalStrengthInd
05-18 12:38:36.621 radio  3351  3362 I RILC    : RIL_SOCKET_1 UNSOLICITED: UNSOL_SIGNAL_STRENGTH length:56
05-18 12:38:36.623 radio  4156  5196 D SubscriptionController: [getDefaultDataSubId] subId= 1
05-18 12:38:36.627 radio  4156  5196 D SubscriptionController: [getDefaultDataSubId] subId= 1
05-18 12:38:37.011 radio  4156  4156 D CAT     : CatServiceSprd: handleMessage[60]
05-18 12:38:37.012 radio  4156  4156 D CAT     : CatServiceSprd: broadcastCatCmdIntent isStkAppInstalled: false
05-18 12:38:37.514 radio  4156  4156 D CAT     : CatServiceSprd: handleMessage[60]
05-18 12:38:37.516 radio  4156  4156 D CAT     : CatServiceSprd: broadcastCatCmdIntent isStkAppInstalled: false
05-18 12:38:37.621 radio  3351  3362 D RIL     : rxlev[0]=99, rscp[0]=255, rsrp[0]=96
05-18 12:38:37.621 radio  3351  3362 D RILC    : currentSignalStrengthInd
05-18 12:38:37.621 radio  3351  3362 I RILC    : RIL_SOCKET_1 UNSOLICITED: UNSOL_SIGNAL_STRENGTH length:56
05-18 12:38:37.624 radio  4156  5196 D SubscriptionController: [getDefaultDataSubId] subId= 1
05-18 12:38:37.626 radio  4156  5196 D SubscriptionController: [getDefaultDataSubId] subId= 1
05-18 12:38:38.018 radio  4156  4156 D CAT     : CatServiceSprd: handleMessage[60]
05-18 12:38:38.019 radio  4156  4156 D CAT     : CatServiceSprd: broadcastCatCmdIntent isStkAppInstalled: false
05-18 12:38:38.521 radio  4156  4156 D CAT     : CatServiceSprd: handleMessage[60]
05-18 12:38:38.522 radio  4156  4156 D CAT     : CatServiceSprd: broadcastCatCmdIntent isStkAppInstalled: false
05-18 12:38:38.621 radio  3351  3362 D RIL     : rxlev[0]=99, rscp[0]=255, rsrp[0]=96
05-18 12:38:38.621 radio  3351  3362 D RILC    : currentSignalStrengthInd
05-18 12:38:38.622 radio  3351  3362 I RILC    : RIL_SOCKET_1 UNSOLICITED: UNSOL_SIGNAL_STRENGTH length:56
05-18 12:38:38.638 radio  4156  5263 D SubscriptionController: [getDefaultDataSubId] subId= 1
05-18 12:38:38.642 radio  4156  5263 D SubscriptionController: [getDefaultDataSubId] subId= 1
05-18 12:38:39.023 radio  4156  4156 D CAT     : CatServiceSprd: handleMessage[60]
05-18 12:38:39.027 radio  4156  4156 D CAT     : CatServiceSprd: broadcastCatCmdIntent isStkAppInstalled: false
05-18 12:38:39.527 radio  4156  4156 D CAT     : CatServiceSprd: handleMessage[60]
05-18 12:38:39.528 radio  4156  4156 D CAT     : CatServiceSprd: broadcastCatCmdIntent isStkAppInstalled: false
05-18 12:38:39.622 radio  3351  3362 D RIL     : rxlev[0]=99, rscp[0]=255, rsrp[0]=95
05-18 12:38:39.622 radio  3351  3362 D RILC    : currentSignalStrengthInd
05-18 12:38:39.622 radio  3351  3362 I RILC    : RIL_SOCKET_1 UNSOLICITED: UNSOL_SIGNAL_STRENGTH length:56
05-18 12:38:39.625 radio  4156  5263 D SubscriptionController: [getDefaultDataSubId] subId= 1
05-18 12:38:39.627 radio  4156  5263 D SubscriptionController: [getDefaultDataSubId] subId= 1
05-18 12:38:40.030 radio  4156  4156 D CAT     : CatServiceSprd: handleMessage[60]
05-18 12:38:40.031 radio  4156  4156 D CAT     : CatServiceSprd: broadcastCatCmdIntent isStkAppInstalled: false
05-18 12:38:40.532 radio  4156  4156 D CAT     : CatServiceSprd: handleMessage[60]
05-18 12:38:40.533 radio  4156  4156 D CAT     : CatServiceSprd: broadcastCatCmdIntent isStkAppInstalled: false
05-18 12:38:40.622 radio  3351  3362 D RIL     : rxlev[0]=99, rscp[0]=255, rsrp[0]=95
05-18 12:38:40.622 radio  3351  3362 D RILC    : currentSignalStrengthInd
05-18 12:38:40.623 radio  3351  3362 I RILC    : RIL_SOCKET_1 UNSOLICITED: UNSOL_SIGNAL_STRENGTH length:56
05-18 12:38:40.624 radio  4156  5263 D SubscriptionController: [getDefaultDataSubId] subId= 1
05-18 12:38:40.625 radio  4156  5263 D SubscriptionController: [getDefaultDataSubId] subId= 1
05-18 12:38:40.639 radio  4156  4156 D DctEx   : [0]onReceive() action=android.intent.action.BATTERY_CHANGED
05-18 12:38:41.034 radio  4156  4156 D CAT     : CatServiceSprd: handleMessage[60]
05-18 12:38:41.039 radio  4156  4156 D CAT     : CatServiceSprd: broadcastCatCmdIntent isStkAppInstalled: false
05-18 12:38:41.446 radio  4156  4156 E SmsApplication: com.sprd.preload does not have system signature
05-18 12:38:41.541 radio  4156  4156 D CAT     : CatServiceSprd: handleMessage[60]
05-18 12:38:41.541 radio  4156  4156 D CAT     : CatServiceSprd: broadcastCatCmdIntent isStkAppInstalled: false
05-18 12:38:41.623 radio  3351  3362 D RIL     : rxlev[0]=99, rscp[0]=255, rsrp[0]=95
05-18 12:38:41.623 radio  3351  3362 D RILC    : currentSignalStrengthInd
05-18 12:38:41.623 radio  3351  3362 I RILC    : RIL_SOCKET_1 UNSOLICITED: UNSOL_SIGNAL_STRENGTH length:56
05-18 12:38:41.626 radio  4156  5263 D SubscriptionController: [getDefaultDataSubId] subId= 1
05-18 12:38:41.627 radio  4156  5263 D SubscriptionController: [getDefaultDataSubId] subId= 1
05-18 12:38:42.043 radio  4156  4156 D CAT     : CatServiceSprd: handleMessage[60]
05-18 12:38:42.043 radio  4156  4156 D CAT     : CatServiceSprd: broadcastCatCmdIntent isStkAppInstalled: false
05-18 12:38:42.544 radio  4156  4156 D CAT     : CatServiceSprd: handleMessage[60]
05-18 12:38:42.545 radio  4156  4156 D CAT     : CatServiceSprd: broadcastCatCmdIntent isStkAppInstalled: false
05-18 12:38:42.623 radio  3351  3362 D RIL     : rxlev[0]=99, rscp[0]=255, rsrp[0]=95
05-18 12:38:42.623 radio  3351  3362 D RILC    : currentSignalStrengthInd
05-18 12:38:42.623 radio  3351  3362 I RILC    : RIL_SOCKET_1 UNSOLICITED: UNSOL_SIGNAL_STRENGTH length:56
05-18 12:38:42.626 radio  4156  5263 D SubscriptionController: [getDefaultDataSubId] subId= 1
05-18 12:38:42.636 radio  4156  5263 D SubscriptionController: [getDefaultDataSubId] subId= 1
05-18 12:38:43.035 radio  4156  4156 D DCT     : [0]Data stall alarm
05-18 12:38:43.044 radio  4156  4156 D CAT     : CatServiceSprd: handleMessage[60]
05-18 12:38:43.045 radio  4156  4156 D CAT     : CatServiceSprd: broadcastCatCmdIntent isStkAppInstalled: false
05-18 12:38:43.546 radio  4156  4156 D CAT     : CatServiceSprd: handleMessage[60]
05-18 12:38:43.546 radio  4156  4156 D CAT     : CatServiceSprd: broadcastCatCmdIntent isStkAppInstalled: false
05-18 12:38:43.624 radio  3351  3362 D RIL     : rxlev[0]=99, rscp[0]=255, rsrp[0]=95
05-18 12:38:43.624 radio  3351  3362 D RILC    : currentSignalStrengthInd
05-18 12:38:43.624 radio  3351  3362 I RILC    : RIL_SOCKET_1 UNSOLICITED: UNSOL_SIGNAL_STRENGTH length:56
05-18 12:38:43.627 radio  4156  5203 D SubscriptionController: [getDefaultDataSubId] subId= 1
05-18 12:38:43.628 radio  4156  5203 D SubscriptionController: [getDefaultDataSubId] subId= 1
05-18 12:38:44.047 radio  4156  4156 D CAT     : CatServiceSprd: handleMessage[60]
05-18 12:38:44.051 radio  4156  4156 D CAT     : CatServiceSprd: broadcastCatCmdIntent isStkAppInstalled: false
05-18 12:38:44.075 radio  4156  5203 D DCT     : [0]setPolicyDataEnabled: true
05-18 12:38:44.102 radio  4156  5203 D SubscriptionController: [getActiveSubscriptionInfo]+ subId=1 subInfo={id=1, iccId=898601228[****] simSlotIndex=0 displayName=?????????? carrierName=?????????? nameSource=0 iconTint=-16746133 dataRoaming=0 iconBitmap=android.graphics.Bitmap@9b1dcd1 mcc 460 mnc 1 isEmbedded false accessRules null}
05-18 12:38:44.551 radio  4156  4156 D CAT     : CatServiceSprd: handleMessage[60]
05-18 12:38:44.553 radio  4156  4156 D CAT     : CatServiceSprd: broadcastCatCmdIntent isStkAppInstalled: false
05-18 12:38:44.624 radio  3351  3362 D RIL     : rxlev[0]=99, rscp[0]=255, rsrp[0]=95
05-18 12:38:44.624 radio  3351  3362 D RILC    : currentSignalStrengthInd
05-18 12:38:44.624 radio  3351  3362 I RILC    : RIL_SOCKET_1 UNSOLICITED: UNSOL_SIGNAL_STRENGTH length:56
05-18 12:38:44.628 radio  4156  5203 D SubscriptionController: [getDefaultDataSubId] subId= 1
05-18 12:38:44.630 radio  4156  5203 D SubscriptionController: [getDefaultDataSubId] subId= 1
05-18 12:38:45.054 radio  4156  4156 D CAT     : CatServiceSprd: handleMessage[60]
05-18 12:38:45.055 radio  4156  4156 D CAT     : CatServiceSprd: broadcastCatCmdIntent isStkAppInstalled: false
05-18 12:38:45.089 radio  4156  5203 D RILJ    : [4660]> REQUEST_SET_LOCATION_UPDATES enable = true [SUB0]
05-18 12:38:45.090 radio  3351  3351 D RILC    : setLocationUpdates: serial 1012
05-18 12:38:45.090 radio  3351  4928 D RIL     : onRequest: SET_LOCATION_UPDATES radioState=4
05-18 12:38:45.090 radio  3351  4928 D REQ_THDS: get Channel1
05-18 12:38:45.091 radio  3351  4928 D RILC    : RequestComplete, RIL_SOCKET_1
05-18 12:38:45.091 radio  3351  4928 E RILC    : Calling responseFunction() for token 1012
05-18 12:38:45.091 radio  3351  4928 D RILC    : setLocationUpdatesResponse: serial 1012
05-18 12:38:45.091 radio  3351  4928 D REQ_THDS: put Channel1
05-18 12:38:45.091 radio  3351  4928 I REQ_THDS: -->CommandThread [4928] free one command
05-18 12:38:45.091 radio  4156  4567 D RILJ    : [4660]< REQUEST_SET_LOCATION_UPDATES  [SUB0]
05-18 12:38:45.095 radio  4156  4156 D RILJ    : [4661]> VOICE_REGISTRATION_STATE [SUB0]
05-18 12:38:45.095 radio  3351  3351 D RILC    : getVoiceRegistrationState: serial 1013
05-18 12:38:45.095 radio  3351  3357 D RIL     : onRequest: VOICE_REGISTRATION_STATE radioState=4
05-18 12:38:45.095 radio  3351  3357 D REQ_THDS: get Channel1
05-18 12:38:45.096 radio  3351  3357 D RIL     : CEREG tac = 2542
05-18 12:38:45.096 radio  3351  3357 D RILC    : RequestComplete, RIL_SOCKET_1
05-18 12:38:45.096 radio  3351  3357 E RILC    : Calling responseFunction() for token 1013
05-18 12:38:45.096 radio  3351  3357 D RILC    : getVoiceRegistrationStateResponse: serial 1013
05-18 12:38:45.096 radio  3351  3357 D REQ_THDS: put Channel1
05-18 12:38:45.096 radio  3351  3357 I REQ_THDS: -->networkDispatch [3357] free one command
05-18 12:38:45.097 radio  4156  4567 D RILJ    : [4661]< VOICE_REGISTRATION_STATE {.regState = REG_HOME, .rat = 14, .cssSupported = false, .roamingIndicator = -1, .systemIsInPrl = 0, .defaultRoamingIndicator = 0, .reasonForDenial = 0, .cellIdentity = {.cellInfoType = LTE, .cellIdentityGsm = [], .cellIdentityWcdma = [], .cellIdentityCdma = [], .cellIdentityLte = [{.mcc = -1, .mnc = -1, .ci = 26806002, .pci = -1, .tac = 9538, .earfcn = -1}], .cellIdentityTdscdma = []}} [SUB0]
05-18 12:38:45.097  1000  3369  6927 D TelephonyRegistry: notifyCellLocationForSubscriber: subId=1 cellLocation=Bundle[mParcelledData.dataSize=64]
05-18 12:38:45.102 radio  4156  4156 D RILJ    : [4662]> REQUEST_SET_LOCATION_UPDATES enable = false [SUB0]
05-18 12:38:45.102 radio  3351  3351 D RILC    : setLocationUpdates: serial 1014
05-18 12:38:45.102 radio  3351  4586 D RIL     : onRequest: SET_LOCATION_UPDATES radioState=4
05-18 12:38:45.102 radio  3351  4586 D REQ_THDS: get Channel1
05-18 12:38:45.103 radio  3351  4586 D RILC    : RequestComplete, RIL_SOCKET_1
05-18 12:38:45.103 radio  3351  4586 E RILC    : Calling responseFunction() for token 1014
05-18 12:38:45.103 radio  3351  4586 D RILC    : setLocationUpdatesResponse: serial 1014
05-18 12:38:45.103 radio  3351  4586 D REQ_THDS: put Channel1
05-18 12:38:45.103 radio  3351  4586 I REQ_THDS: -->CommandThread [4586] free one command
05-18 12:38:45.103 radio  4156  4567 D RILJ    : [4662]< REQUEST_SET_LOCATION_UPDATES  [SUB0]
05-18 12:38:45.557 radio  4156  4156 D CAT     : CatServiceSprd: handleMessage[60]
05-18 12:38:45.557 radio  4156  4156 D CAT     : CatServiceSprd: broadcastCatCmdIntent isStkAppInstalled: false
05-18 12:38:45.625 radio  3351  3362 D RIL     : rxlev[0]=99, rscp[0]=255, rsrp[0]=96
05-18 12:38:45.625 radio  3351  3362 D RILC    : currentSignalStrengthInd
05-18 12:38:45.625 radio  3351  3362 I RILC    : RIL_SOCKET_1 UNSOLICITED: UNSOL_SIGNAL_STRENGTH length:56
05-18 12:38:45.629 radio  4156  5203 D SubscriptionController: [getDefaultDataSubId] subId= 1
05-18 12:38:45.630 radio  4156  5263 D SubscriptionController: [getDefaultDataSubId] subId= 1
05-18 12:38:46.058 radio  4156  4156 D CAT     : CatServiceSprd: handleMessage[60]
05-18 12:38:46.059 radio  4156  4156 D CAT     : CatServiceSprd: broadcastCatCmdIntent isStkAppInstalled: false
05-18 12:38:46.559 radio  4156  4156 D CAT     : CatServiceSprd: handleMessage[60]
05-18 12:38:46.560 radio  4156  4156 D CAT     : CatServiceSprd: broadcastCatCmdIntent isStkAppInstalled: false
05-18 12:38:46.625 radio  3351  3362 D RIL     : rxlev[0]=99, rscp[0]=255, rsrp[0]=94
05-18 12:38:46.625 radio  3351  3362 D RILC    : currentSignalStrengthInd
05-18 12:38:46.625 radio  3351  3362 I RILC    : RIL_SOCKET_1 UNSOLICITED: UNSOL_SIGNAL_STRENGTH length:56
05-18 12:38:46.627 radio  4156  5203 D SubscriptionController: [getDefaultDataSubId] subId= 1
05-18 12:38:46.628 radio  4156  5203 D SubscriptionController: [getDefaultDataSubId] subId= 1
05-18 12:38:47.062 radio  4156  4156 D CAT     : CatServiceSprd: handleMessage[60]
05-18 12:38:47.062 radio  4156  4156 D CAT     : CatServiceSprd: broadcastCatCmdIntent isStkAppInstalled: false
05-18 12:38:47.563 radio  4156  4156 D CAT     : CatServiceSprd: handleMessage[60]
05-18 12:38:47.563 radio  4156  4156 D CAT     : CatServiceSprd: broadcastCatCmdIntent isStkAppInstalled: false
05-18 12:38:47.626 radio  3351  3362 D RIL     : rxlev[0]=99, rscp[0]=255, rsrp[0]=95
05-18 12:38:47.626 radio  3351  3362 D RILC    : currentSignalStrengthInd
05-18 12:38:47.626 radio  3351  3362 I RILC    : RIL_SOCKET_1 UNSOLICITED: UNSOL_SIGNAL_STRENGTH length:56
05-18 12:38:47.627 radio  4156  5203 D SubscriptionController: [getDefaultDataSubId] subId= 1
05-18 12:38:47.628 radio  4156  5203 D SubscriptionController: [getDefaultDataSubId] subId= 1
05-18 12:38:48.064 radio  4156  4156 D CAT     : CatServiceSprd: handleMessage[60]
05-18 12:38:48.065 radio  4156  4156 D CAT     : CatServiceSprd: broadcastCatCmdIntent isStkAppInstalled: false
05-18 12:38:48.565 radio  4156  4156 D CAT     : CatServiceSprd: handleMessage[60]
05-18 12:38:48.566 radio  4156  4156 D CAT     : CatServiceSprd: broadcastCatCmdIntent isStkAppInstalled: false
05-18 12:38:48.626 radio  3351  3362 D RIL     : rxlev[0]=99, rscp[0]=255, rsrp[0]=96
05-18 12:38:48.626 radio  3351  3362 D RILC    : currentSignalStrengthInd
05-18 12:38:48.626 radio  3351  3362 I RILC    : RIL_SOCKET_1 UNSOLICITED: UNSOL_SIGNAL_STRENGTH length:56
05-18 12:38:48.628 radio  4156  5203 D SubscriptionController: [getDefaultDataSubId] subId= 1
05-18 12:38:48.629 radio  4156  5203 D SubscriptionController: [getDefaultDataSubId] subId= 1
05-18 12:38:49.066 radio  4156  4156 D CAT     : CatServiceSprd: handleMessage[60]
05-18 12:38:49.067 radio  4156  4156 D CAT     : CatServiceSprd: broadcastCatCmdIntent isStkAppInstalled: false
05-18 12:38:49.568 radio  4156  4156 D CAT     : CatServiceSprd: handleMessage[60]
05-18 12:38:49.568 radio  4156  4156 D CAT     : CatServiceSprd: broadcastCatCmdIntent isStkAppInstalled: false
05-18 12:38:49.627 radio  3351  3362 D RIL     : rxlev[0]=99, rscp[0]=255, rsrp[0]=95
05-18 12:38:49.627 radio  3351  3362 D RILC    : currentSignalStrengthInd
05-18 12:38:49.627 radio  3351  3362 I RILC    : RIL_SOCKET_1 UNSOLICITED: UNSOL_SIGNAL_STRENGTH length:56
05-18 12:38:49.629 radio  4156  5203 D SubscriptionController: [getDefaultDataSubId] subId= 1
05-18 12:38:49.630 radio  4156  5203 D SubscriptionController: [getDefaultDataSubId] subId= 1
05-18 12:38:50.069 radio  4156  4156 D CAT     : CatServiceSprd: handleMessage[60]
05-18 12:38:50.070 radio  4156  4156 D CAT     : CatServiceSprd: broadcastCatCmdIntent isStkAppInstalled: false
05-18 12:38:50.570 radio  4156  4156 D CAT     : CatServiceSprd: handleMessage[60]
05-18 12:38:50.571 radio  4156  4156 D CAT     : CatServiceSprd: broadcastCatCmdIntent isStkAppInstalled: false
05-18 12:38:50.627 radio  3351  3362 D RIL     : rxlev[0]=99, rscp[0]=255, rsrp[0]=95
05-18 12:38:50.627 radio  3351  3362 D RILC    : currentSignalStrengthInd
05-18 12:38:50.627 radio  3351  3362 I RILC    : RIL_SOCKET_1 UNSOLICITED: UNSOL_SIGNAL_STRENGTH length:56
05-18 12:38:50.630 radio  4156  5203 D SubscriptionController: [getDefaultDataSubId] subId= 1
05-18 12:38:50.635 radio  4156  5203 D SubscriptionController: [getDefaultDataSubId] subId= 1
05-18 12:38:51.073 radio  4156  4156 D CAT     : CatServiceSprd: handleMessage[60]
05-18 12:38:51.073 radio  4156  4156 D CAT     : CatServiceSprd: broadcastCatCmdIntent isStkAppInstalled: false
05-18 12:38:51.575 radio  4156  4156 D CAT     : CatServiceSprd: handleMessage[60]
05-18 12:38:51.576 radio  4156  4156 D CAT     : CatServiceSprd: broadcastCatCmdIntent isStkAppInstalled: false
05-18 12:38:51.628 radio  3351  3362 D RIL     : rxlev[0]=99, rscp[0]=255, rsrp[0]=95
05-18 12:38:51.628 radio  3351  3362 D RILC    : currentSignalStrengthInd
05-18 12:38:51.628 radio  3351  3362 I RILC    : RIL_SOCKET_1 UNSOLICITED: UNSOL_SIGNAL_STRENGTH length:56
05-18 12:38:51.631 radio  4156  5203 D SubscriptionController: [getDefaultDataSubId] subId= 1
05-18 12:38:51.633 radio  4156  5203 D SubscriptionController: [getDefaultDataSubId] subId= 1
05-18 12:38:51.736 radio  4156  5203 D SubscriptionController: [getPhoneId] asked for default subId=1
05-18 12:38:52.077 radio  4156  4156 D CAT     : CatServiceSprd: handleMessage[60]
05-18 12:38:52.078 radio  4156  4156 D CAT     : CatServiceSprd: broadcastCatCmdIntent isStkAppInstalled: false
05-18 12:38:52.579 radio  4156  4156 D CAT     : CatServiceSprd: handleMessage[60]
05-18 12:38:52.580 radio  4156  4156 D CAT     : CatServiceSprd: broadcastCatCmdIntent isStkAppInstalled: false
05-18 12:38:52.628 radio  3351  3362 D RIL     : rxlev[0]=99, rscp[0]=255, rsrp[0]=95
