05-18 12:35:13.127 radio  4156  5328 I chatty  : uid=1001(radio) com.android.phone expire 2 lines
05-18 12:35:13.137 radio  4156  5330 I chatty  : uid=1001(radio) com.android.phone expire 2 lines
05-18 12:35:13.393 radio  3351  4586 I chatty  : uid=1001(radio) /vendor/bin/hw/sprdrild expire 7 lines
05-18 12:35:13.477 radio  3351  3355 I chatty  : uid=1001(radio) /vendor/bin/hw/sprdrild expire 3 lines
05-18 12:35:13.478 radio  4156  4156 I chatty  : uid=1001(radio) com.android.phone expire 44 lines
05-18 12:35:13.478 radio  3351  3351 I chatty  : uid=1001(radio) /vendor/bin/hw/sprdrild expire 15 lines
05-18 12:35:13.478 radio  3351  3356 I chatty  : uid=1001(radio) /vendor/bin/hw/sprdrild expire 56 lines
05-18 12:35:13.481 radio  3351  3363 I chatty  : uid=1001(radio) /vendor/bin/hw/sprdrild expire 1 line
05-18 12:35:13.487 radio  4156  4567 I chatty  : uid=1001(radio) HwBinder:4156_1 expire 17 lines
05-18 12:35:13.535 radio  4156  4843 I chatty  : uid=1001(radio) Binder:4156_5 expire 15 lines
05-18 12:35:13.535 radio  3351  4583 I chatty  : uid=1001(radio) /vendor/bin/hw/sprdrild expire 45 lines
05-18 12:35:13.547 radio  4156  4975 I chatty  : uid=1001(radio) Binder:4156_8 expire 4 lines
05-18 12:35:13.672 radio  3351  4928 I chatty  : uid=1001(radio) /vendor/bin/hw/sprdrild expire 31 lines
05-18 12:35:13.742 radio  3351  4586 I chatty  : uid=1001(radio) /vendor/bin/hw/sprdrild expire 25 lines
05-18 12:35:13.772 radio  4156  4981 I chatty  : uid=1001(radio) Binder:4156_9 expire 2 lines
05-18 12:35:14.039 radio  3351  4583 I chatty  : uid=1001(radio) /vendor/bin/hw/sprdrild expire 40 lines
05-18 12:35:14.040 radio  4156  4156 I chatty  : uid=1001(radio) com.android.phone expire 15 lines
05-18 12:35:14.040 radio  3351  3351 I chatty  : uid=1001(radio) /vendor/bin/hw/sprdrild expire 16 lines
05-18 12:35:14.041 radio  3351  3356 I chatty  : uid=1001(radio) /vendor/bin/hw/sprdrild expire 51 lines
05-18 12:35:14.041 radio  4156  4843 I chatty  : uid=1001(radio) Binder:4156_5 expire 11 lines
05-18 12:35:14.042 radio  3351  4928 I chatty  : uid=1001(radio) /vendor/bin/hw/sprdrild expire 46 lines
05-18 12:35:14.043 radio  4156  4567 I chatty  : uid=1001(radio) HwBinder:4156_1 expire 14 lines
05-18 12:35:14.046 radio  4156  4975 I chatty  : uid=1001(radio) Binder:4156_8 expire 11 lines
05-18 12:35:14.060 radio  3351  4586 I chatty  : uid=1001(radio) /vendor/bin/hw/sprdrild expire 103 lines
05-18 12:35:14.239 radio  3351  3356 I chatty  : uid=1001(radio) /vendor/bin/hw/sprdrild expire 48 lines
05-18 12:35:14.240 radio  4156  4156 I chatty  : uid=1001(radio) com.android.phone expire 14 lines
05-18 12:35:14.240 radio  4156  4567 I chatty  : uid=1001(radio) HwBinder:4156_1 expire 15 lines
05-18 12:35:14.245 radio  3351  3351 I chatty  : uid=1001(radio) /vendor/bin/hw/sprdrild expire 13 lines
05-18 12:35:14.246 radio  4156  4975 I chatty  : uid=1001(radio) Binder:4156_8 expire 7 lines
05-18 12:35:14.247 radio  3351  4583 I chatty  : uid=1001(radio) /vendor/bin/hw/sprdrild expire 47 lines
05-18 12:35:14.254 radio  3351  4928 I chatty  : uid=1001(radio) /vendor/bin/hw/sprdrild expire 49 lines
05-18 12:35:14.267 radio  4156  4843 I chatty  : uid=1001(radio) Binder:4156_5 expire 10 lines
05-18 12:35:14.297 radio  3351  3356 I chatty  : uid=1001(radio) /vendor/bin/hw/sprdrild expire 161 lines
05-18 12:35:14.302 radio  4156  4156 I chatty  : uid=1001(radio) com.android.phone expire 48 lines
05-18 12:35:14.302 radio  4156  4567 I chatty  : uid=1001(radio) HwBinder:4156_1 expire 23 lines
05-18 12:35:14.304 radio  3351  3351 I chatty  : uid=1001(radio) /vendor/bin/hw/sprdrild expire 42 lines
05-18 12:35:14.539 radio  3351  3356 I chatty  : uid=1001(radio) /vendor/bin/hw/sprdrild expire 135 lines
05-18 12:35:14.543 radio  4156  4156 I chatty  : uid=1001(radio) com.android.phone expire 70 lines
05-18 12:35:14.543 radio  4156  4567 I chatty  : uid=1001(radio) HwBinder:4156_1 expire 54 lines
05-18 12:35:14.790 radio  4156  4156 I chatty  : uid=1001(radio) com.android.phone expire 48 lines
05-18 12:35:14.791 radio  3351  3351 I chatty  : uid=1001(radio) /vendor/bin/hw/sprdrild expire 23 lines
05-18 12:35:14.791 radio  3351  3356 I chatty  : uid=1001(radio) /vendor/bin/hw/sprdrild expire 322 lines
05-18 12:35:14.990 radio  4156  4156 I chatty  : uid=1001(radio) com.android.phone expire 47 lines
05-18 12:35:14.991 radio  3351  3351 I chatty  : uid=1001(radio) /vendor/bin/hw/sprdrild expire 24 lines
05-18 12:35:14.995 radio  4156  4567 I chatty  : uid=1001(radio) HwBinder:4156_1 expire 46 lines
05-18 12:35:15.181 radio  3351  3356 I chatty  : uid=1001(radio) /vendor/bin/hw/sprdrild expire 163 lines
05-18 12:35:15.187 radio  4156  4156 I chatty  : uid=1001(radio) com.android.phone expire 46 lines
05-18 12:35:15.188 radio  3351  3351 I chatty  : uid=1001(radio) /vendor/bin/hw/sprdrild expire 46 lines
05-18 12:35:15.358 radio  3351  3356 I chatty  : uid=1001(radio) /vendor/bin/hw/sprdrild expire 161 lines
05-18 12:35:15.359 radio  4156  4567 I chatty  : uid=1001(radio) HwBinder:4156_1 expire 23 lines
05-18 12:35:15.359 radio  4156  4156 I chatty  : uid=1001(radio) com.android.phone expire 94 lines
05-18 12:35:15.520 radio  3351  3356 I chatty  : uid=1001(radio) /vendor/bin/hw/sprdrild expire 161 lines
05-18 12:35:15.520 radio  4156  4567 I chatty  : uid=1001(radio) HwBinder:4156_1 expire 23 lines
05-18 12:35:15.523 radio  3351  3351 I chatty  : uid=1001(radio) /vendor/bin/hw/sprdrild expire 23 lines
05-18 12:35:15.622 radio  4156  4843 I chatty  : uid=1001(radio) Binder:4156_5 expire 2 lines
05-18 12:35:15.685 radio  3351  3356 I chatty  : uid=1001(radio) /vendor/bin/hw/sprdrild expire 163 lines
05-18 12:35:15.686 radio  4156  4567 I chatty  : uid=1001(radio) HwBinder:4156_1 expire 23 lines
05-18 12:35:15.686 radio  4156  4156 I chatty  : uid=1001(radio) com.android.phone expire 46 lines
05-18 12:35:15.689 radio  3351  3351 I chatty  : uid=1001(radio) /vendor/bin/hw/sprdrild expire 43 lines
05-18 12:35:15.880 radio  3351  3356 I chatty  : uid=1001(radio) /vendor/bin/hw/sprdrild expire 153 lines
05-18 12:35:15.880 radio  4156  4156 I chatty  : uid=1001(radio) com.android.phone expire 47 lines
05-18 12:35:15.880 radio  4156  4567 I chatty  : uid=1001(radio) HwBinder:4156_1 expire 21 lines
05-18 12:35:15.887 radio  4156  4843 I chatty  : uid=1001(radio) Binder:4156_5 expire 4 lines
05-18 12:35:16.026 radio  4156  4665 I chatty  : uid=1001(radio) RunningState:Ba expire 10 lines
05-18 12:35:16.099 radio  3351  3351 I chatty  : uid=1001(radio) /vendor/bin/hw/sprdrild expire 23 lines
05-18 12:35:16.099 radio  3351  3356 I chatty  : uid=1001(radio) /vendor/bin/hw/sprdrild expire 161 lines
05-18 12:35:16.104 radio  4156  4156 I chatty  : uid=1001(radio) com.android.phone expire 46 lines
05-18 12:35:16.104 radio  4156  4567 I chatty  : uid=1001(radio) HwBinder:4156_1 expire 23 lines
05-18 12:35:16.184 radio  4156  4843 I chatty  : uid=1001(radio) Binder:4156_5 expire 2 lines
05-18 12:35:16.371 radio  3351  3351 I chatty  : uid=1001(radio) /vendor/bin/hw/sprdrild expire 23 lines
05-18 12:35:16.371 radio  3351  3356 I chatty  : uid=1001(radio) /vendor/bin/hw/sprdrild expire 161 lines
05-18 12:35:16.377 radio  4156  4567 I chatty  : uid=1001(radio) HwBinder:4156_1 expire 23 lines
05-18 12:35:16.378 radio  4156  4156 I chatty  : uid=1001(radio) com.android.phone expire 94 lines
05-18 12:35:16.592 radio  3351  3351 I chatty  : uid=1001(radio) /vendor/bin/hw/sprdrild expire 24 lines
05-18 12:35:16.593 radio  3351  3356 I chatty  : uid=1001(radio) /vendor/bin/hw/sprdrild expire 162 lines
05-18 12:35:16.599 radio  4156  4567 I chatty  : uid=1001(radio) HwBinder:4156_1 expire 46 lines
05-18 12:35:16.841 radio  3351  3356 I chatty  : uid=1001(radio) /vendor/bin/hw/sprdrild expire 161 lines
05-18 12:35:16.846 radio  4156  4156 I chatty  : uid=1001(radio) com.android.phone expire 48 lines
05-18 12:35:16.849 radio  3351  3351 I chatty  : uid=1001(radio) /vendor/bin/hw/sprdrild expire 29 lines
05-18 12:35:17.075 radio  3351  3356 I chatty  : uid=1001(radio) /vendor/bin/hw/sprdrild expire 34 lines
05-18 12:35:17.080 radio  4156  4567 I chatty  : uid=1001(radio) HwBinder:4156_1 expire 7 lines
05-18 12:35:17.081 radio  4156  4156 I chatty  : uid=1001(radio) com.android.phone expire 92 lines
05-18 12:35:17.099  1000  3369  4315 E SmsApplication: com.sprd.preload does not have system signature
05-18 12:35:17.156 radio  4156  5129 I chatty  : uid=1001(radio) Binder:4156_A expire 1 line
05-18 12:35:17.183 radio  4156  5203 I chatty  : uid=1001(radio) Binder:4156_C expire 1 line
05-18 12:35:17.252 radio  4156  5473 I chatty  : uid=1001(radio) com.android.phone expire 4 lines
05-18 12:35:17.265 radio  3351  4583 I chatty  : uid=1001(radio) /vendor/bin/hw/sprdrild expire 7 lines
05-18 12:35:17.266 radio  4156  4795 I chatty  : uid=1001(radio) RadioInteractor expire 6 lines
05-18 12:35:17.271 radio  3351  4928 I chatty  : uid=1001(radio) /vendor/bin/hw/sprdrild expire 7 lines
05-18 12:35:17.307 radio  4156  5477 I chatty  : uid=1001(radio) com.android.phone expire 2 lines
05-18 12:35:17.308 radio  4156  5478 I chatty  : uid=1001(radio) com.android.phone expire 2 lines
05-18 12:35:17.320 radio  4156  4981 I chatty  : uid=1001(radio) Binder:4156_9 expire 2 lines
05-18 12:35:17.473 radio  4156  4665 I chatty  : uid=1001(radio) RunningState:Ba expire 296 lines
05-18 12:35:17.478 radio  4156  4156 I chatty  : uid=1001(radio) com.android.phone expire 15 lines
05-18 12:35:17.491 radio  4156  5496 I chatty  : uid=1001(radio) com.android.phone expire 4 lines
05-18 12:35:17.492 radio  3351  3351 I chatty  : uid=1001(radio) /vendor/bin/hw/sprdrild expire 2 lines
05-18 12:35:17.493 radio  3351  4586 I chatty  : uid=1001(radio) /vendor/bin/hw/sprdrild expire 7 lines
05-18 12:35:17.493 radio  4156  4567 I chatty  : uid=1001(radio) HwBinder:4156_1 expire 2 lines
05-18 12:35:17.493 radio  4156  4795 I chatty  : uid=1001(radio) RadioInteractor expire 6 lines
05-18 12:35:17.500 radio  3351  4583 I chatty  : uid=1001(radio) /vendor/bin/hw/sprdrild expire 7 lines
05-18 12:35:17.510 radio  4156  4665 I chatty  : uid=1001(radio) RunningState:Ba expire 214 lines
05-18 12:35:17.510 radio  4156  4156 I chatty  : uid=1001(radio) com.android.phone expire 13 lines
05-18 12:35:17.531 radio  4156  5498 I chatty  : uid=1001(radio) com.android.phone expire 4 lines
05-18 12:35:17.533 radio  3351  3351 I chatty  : uid=1001(radio) /vendor/bin/hw/sprdrild expire 2 lines
05-18 12:35:17.533 radio  3351  4928 I chatty  : uid=1001(radio) /vendor/bin/hw/sprdrild expire 7 lines
05-18 12:35:17.534 radio  4156  4795 I chatty  : uid=1001(radio) RadioInteractor expire 6 lines
05-18 12:35:17.534 radio  4156  4567 I chatty  : uid=1001(radio) HwBinder:4156_1 expire 2 lines
05-18 12:35:17.539 radio  3351  4586 I chatty  : uid=1001(radio) /vendor/bin/hw/sprdrild expire 7 lines
05-18 12:35:17.544 radio  4156  4665 I chatty  : uid=1001(radio) RunningState:Ba expire 248 lines
05-18 12:35:17.547 radio  4156  4156 I chatty  : uid=1001(radio) com.android.phone expire 18 lines
05-18 12:35:17.597 radio  4156  4665 I chatty  : uid=1001(radio) RunningState:Ba expire 236 lines
05-18 12:35:17.683 radio  3351  3351 I chatty  : uid=1001(radio) /vendor/bin/hw/sprdrild expire 1 line
05-18 12:35:17.683 radio  3351  3356 I chatty  : uid=1001(radio) /vendor/bin/hw/sprdrild expire 7 lines
05-18 12:35:17.725 radio  4156  4665 I chatty  : uid=1001(radio) RunningState:Ba expire 236 lines
05-18 12:35:17.755 radio  4156  4156 I chatty  : uid=1001(radio) com.android.phone expire 17 lines
05-18 12:35:17.767 radio  4156  5518 I chatty  : uid=1001(radio) com.android.phone expire 2 lines
05-18 12:35:17.806 radio  4156  4156 I chatty  : uid=1001(radio) com.android.phone expire 25 lines
05-18 12:35:17.806 radio  4156  4665 I chatty  : uid=1001(radio) RunningState:Ba expire 214 lines
05-18 12:35:17.820 radio  3351  3351 I chatty  : uid=1001(radio) /vendor/bin/hw/sprdrild expire 2 lines
05-18 12:35:17.820 radio  3351  3356 I chatty  : uid=1001(radio) /vendor/bin/hw/sprdrild expire 9 lines
05-18 12:35:17.821 radio  4156  4567 I chatty  : uid=1001(radio) HwBinder:4156_1 expire 1 line
05-18 12:35:17.849 radio  3351  3362 I chatty  : uid=1001(radio) /vendor/bin/hw/sprdrild expire 3 lines
05-18 12:35:17.868 radio  4156  4168 I chatty  : uid=1001(radio) Binder:4156_2 expire 2 lines
05-18 12:35:17.874 radio  3351  3356 I chatty  : uid=1001(radio) /vendor/bin/hw/sprdrild expire 22 lines
05-18 12:35:17.875 radio  4156  4567 I chatty  : uid=1001(radio) HwBinder:4156_1 expire 2 lines
05-18 12:35:17.876 radio  4156  4156 I chatty  : uid=1001(radio) com.android.phone expire 4 lines
05-18 12:35:17.876 radio  4156  4665 I chatty  : uid=1001(radio) RunningState:Ba expire 225 lines
05-18 12:35:17.882 radio  3351  3351 I chatty  : uid=1001(radio) /vendor/bin/hw/sprdrild expire 1 line
05-18 12:35:17.939 radio  4156  4665 I chatty  : uid=1001(radio) RunningState:Ba expire 508 lines
05-18 12:35:18.015 radio  4156  4156 I chatty  : uid=1001(radio) com.android.phone expire 2 lines
05-18 12:35:18.019 radio  4156  4665 I chatty  : uid=1001(radio) RunningState:Ba expire 285 lines
05-18 12:35:18.050 radio  3351  3351 I chatty  : uid=1001(radio) /vendor/bin/hw/sprdrild expire 19 lines
05-18 12:35:18.050 radio  3351  3356 I chatty  : uid=1001(radio) /vendor/bin/hw/sprdrild expire 148 lines
05-18 12:35:18.058 radio  4156  4567 I chatty  : uid=1001(radio) HwBinder:4156_1 expire 19 lines
05-18 12:35:18.058 radio  4156  4156 I chatty  : uid=1001(radio) com.android.phone expire 87 lines
05-18 12:35:18.203 radio  3351  3351 I chatty  : uid=1001(radio) /vendor/bin/hw/sprdrild expire 23 lines
05-18 12:35:18.203 radio  3351  3356 I chatty  : uid=1001(radio) /vendor/bin/hw/sprdrild expire 161 lines
05-18 12:35:18.208 radio  4156  4567 I chatty  : uid=1001(radio) HwBinder:4156_1 expire 46 lines
05-18 12:35:18.382 radio  3351  3351 I chatty  : uid=1001(radio) /vendor/bin/hw/sprdrild expire 23 lines
05-18 12:35:18.383 radio  3351  3356 I chatty  : uid=1001(radio) /vendor/bin/hw/sprdrild expire 161 lines
05-18 12:35:18.388 radio  4156  4156 I chatty  : uid=1001(radio) com.android.phone expire 94 lines
05-18 12:35:18.556 radio  3351  3351 I chatty  : uid=1001(radio) /vendor/bin/hw/sprdrild expire 23 lines
05-18 12:35:18.556 radio  3351  3356 I chatty  : uid=1001(radio) /vendor/bin/hw/sprdrild expire 159 lines
05-18 12:35:18.561 radio  4156  4567 I chatty  : uid=1001(radio) HwBinder:4156_1 expire 22 lines
05-18 12:35:18.849 radio  3351  3362 I chatty  : uid=1001(radio) /vendor/bin/hw/sprdrild expire 3 lines
05-18 12:35:18.937 radio  4156  4168 I chatty  : uid=1001(radio) Binder:4156_2 expire 2 lines
05-18 12:35:19.328 radio  3351  3356 I chatty  : uid=1001(radio) /vendor/bin/hw/sprdrild expire 163 lines
05-18 12:35:19.329 radio  4156  4567 I chatty  : uid=1001(radio) HwBinder:4156_1 expire 23 lines
05-18 12:35:19.329 radio  4156  4156 I chatty  : uid=1001(radio) com.android.phone expire 46 lines
05-18 12:35:19.331 radio  3351  3351 I chatty  : uid=1001(radio) /vendor/bin/hw/sprdrild expire 46 lines
05-18 12:35:19.515 radio  4156  4567 I chatty  : uid=1001(radio) HwBinder:4156_1 expire 24 lines
05-18 12:35:19.515 radio  4156  4156 I chatty  : uid=1001(radio) com.android.phone expire 47 lines
05-18 12:35:19.519 radio  3351  3356 I chatty  : uid=1001(radio) /vendor/bin/hw/sprdrild expire 315 lines
05-18 12:35:19.714 radio  4156  4156 I chatty  : uid=1001(radio) com.android.phone expire 52 lines
05-18 12:35:19.714 radio  3351  3351 I chatty  : uid=1001(radio) /vendor/bin/hw/sprdrild expire 22 lines
05-18 12:35:19.719 radio  4156  4567 I chatty  : uid=1001(radio) HwBinder:4156_1 expire 22 lines
05-18 12:35:19.849 radio  3351  3362 I chatty  : uid=1001(radio) /vendor/bin/hw/sprdrild expire 3 lines
05-18 12:35:19.852 radio  4156  4981 I chatty  : uid=1001(radio) Binder:4156_9 expire 2 lines
05-18 12:35:19.880 radio  4156  4156 I chatty  : uid=1001(radio) com.android.phone expire 47 lines
05-18 12:35:19.881 radio  3351  3351 I chatty  : uid=1001(radio) /vendor/bin/hw/sprdrild expire 24 lines
05-18 12:35:19.881 radio  3351  3356 I chatty  : uid=1001(radio) /vendor/bin/hw/sprdrild expire 161 lines
05-18 12:35:19.885 radio  4156  4567 I chatty  : uid=1001(radio) HwBinder:4156_1 expire 46 lines
05-18 12:35:20.061 radio  3351  3356 I chatty  : uid=1001(radio) /vendor/bin/hw/sprdrild expire 163 lines
05-18 12:35:20.067 radio  4156  4156 I chatty  : uid=1001(radio) com.android.phone expire 46 lines
05-18 12:35:20.073 radio  3351  3351 I chatty  : uid=1001(radio) /vendor/bin/hw/sprdrild expire 46 lines
05-18 12:35:20.246 radio  3351  3356 I chatty  : uid=1001(radio) /vendor/bin/hw/sprdrild expire 161 lines
05-18 12:35:20.246 radio  4156  4567 I chatty  : uid=1001(radio) HwBinder:4156_1 expire 23 lines
05-18 12:35:20.247 radio  4156  4156 I chatty  : uid=1001(radio) com.android.phone expire 94 lines
05-18 12:35:20.430 radio  3351  3356 I chatty  : uid=1001(radio) /vendor/bin/hw/sprdrild expire 163 lines
05-18 12:35:20.431 radio  4156  4567 I chatty  : uid=1001(radio) HwBinder:4156_1 expire 23 lines
05-18 12:35:20.434 radio  3351  3351 I chatty  : uid=1001(radio) /vendor/bin/hw/sprdrild expire 44 lines
05-18 12:35:20.603 radio  3351  3356 I chatty  : uid=1001(radio) /vendor/bin/hw/sprdrild expire 156 lines
05-18 12:35:20.604 radio  4156  4567 I chatty  : uid=1001(radio) HwBinder:4156_1 expire 21 lines
05-18 12:35:20.604 radio  4156  4156 I chatty  : uid=1001(radio) com.android.phone expire 47 lines
05-18 12:35:20.693 radio  4156  4665 I chatty  : uid=1001(radio) RunningState:Ba expire 10 lines
05-18 12:35:20.809 radio  3351  3356 I chatty  : uid=1001(radio) /vendor/bin/hw/sprdrild expire 158 lines
05-18 12:35:20.810 radio  4156  4567 I chatty  : uid=1001(radio) HwBinder:4156_1 expire 23 lines
05-18 12:35:20.810 radio  4156  4156 I chatty  : uid=1001(radio) com.android.phone expire 46 lines
05-18 12:35:20.813 radio  3351  3351 I chatty  : uid=1001(radio) /vendor/bin/hw/sprdrild expire 23 lines
05-18 12:35:20.850 radio  3351  3362 I chatty  : uid=1001(radio) /vendor/bin/hw/sprdrild expire 3 lines
05-18 12:35:20.852 radio  4156  4981 I chatty  : uid=1001(radio) Binder:4156_9 expire 2 lines
05-18 12:35:21.002 radio  3351  3356 I chatty  : uid=1001(radio) /vendor/bin/hw/sprdrild expire 163 lines
05-18 12:35:21.007 radio  4156  4567 I chatty  : uid=1001(radio) HwBinder:4156_1 expire 23 lines
05-18 12:35:21.008 radio  4156  4156 I chatty  : uid=1001(radio) com.android.phone expire 46 lines
05-18 12:35:21.010 radio  3351  3351 I chatty  : uid=1001(radio) /vendor/bin/hw/sprdrild expire 46 lines
05-18 12:35:21.205 radio  3351  3356 I chatty  : uid=1001(radio) /vendor/bin/hw/sprdrild expire 161 lines
05-18 12:35:21.207 radio  4156  4567 I chatty  : uid=1001(radio) HwBinder:4156_1 expire 23 lines
05-18 12:35:21.207 radio  4156  4156 I chatty  : uid=1001(radio) com.android.phone expire 91 lines
05-18 12:35:21.401 radio  3351  3356 I chatty  : uid=1001(radio) /vendor/bin/hw/sprdrild expire 145 lines
05-18 12:35:21.402 radio  4156  4567 I chatty  : uid=1001(radio) HwBinder:4156_1 expire 21 lines
05-18 12:35:21.404 radio  3351  3351 I chatty  : uid=1001(radio) /vendor/bin/hw/sprdrild expire 38 lines
05-18 12:35:21.452  1000  5557  5557 D ATCI    : sendATCmd > AT Command 'AT+SPLOGLEVEL=1,0,"FFFFFFFFFFFFFFFFFFFFFFFFFFFFFFFF","FFFFFFFFFFFFFFFFFFFFFFFFFFFFFFFFFFFFFFFFFFFFFFFFFFFFFFFFFFFFFFFF"'. phoneId = 0. simCount = 1
05-18 12:35:21.477  1000  5557  5587 D ATCI    : sendATCmd > AT Command 'AT+ARMLOG=0'. phoneId = 0. simCount = 1
05-18 12:35:21.773 radio  4156  4981 I chatty  : uid=1001(radio) Binder:4156_9 expire 3 lines
05-18 12:35:21.833 radio  4156  4168 I chatty  : uid=1001(radio) Binder:4156_2 expire 2 lines
05-18 12:35:21.850 radio  3351  3362 I chatty  : uid=1001(radio) /vendor/bin/hw/sprdrild expire 3 lines
05-18 12:35:21.895  1000  5557  5587 D ATCI    : sendATCmd > AT Command 'AT+SPCAPLOG=0'. phoneId = 0. simCount = 1
05-18 12:35:21.998  1000  5557  5587 D ATCI    : sendATCmd > AT Command 'AT+SPDSPOP=0'. phoneId = 0. simCount = 1
05-18 12:35:22.005  1000  5557  5587 D ATCI    : sendATCmd > AT Command 'AT+SPLOGLEVEL=1,0,"",""'. phoneId = 0. simCount = 1
05-18 12:35:22.013  1000  5557  5589 D ATCI    : sendATCmd > AT Command 'AT+ARMLOG?'. phoneId = 0. simCount = 1
05-18 12:35:22.087 radio  4156  4156 I chatty  : uid=1001(radio) com.android.phone expire 8 lines
05-18 12:35:22.087 radio  3351  3351 I chatty  : uid=1001(radio) /vendor/bin/hw/sprdrild expire 3 lines
05-18 12:35:22.087 radio  3351  3356 I chatty  : uid=1001(radio) /vendor/bin/hw/sprdrild expire 21 lines
05-18 12:35:22.093 radio  4156  4567 I chatty  : uid=1001(radio) HwBinder:4156_1 expire 3 lines
05-18 12:35:22.111 radio  4156  4665 I chatty  : uid=1001(radio) RunningState:Ba expire 1240 lines
05-18 12:35:22.194 radio  4156  4665 D UsimPhoneBookManagerEx: getUsedNumSetIndex index.type[k] 169
05-18 12:35:22.194 radio  4156  4665 D UsimPhoneBookManagerEx: getUsedNumSetIndex count 0
05-18 12:35:22.194 radio  4156  4665 D UsimPhoneBookManagerEx: getType2Email  iap recNum == 0
05-18 12:35:22.195 radio  4156  4665 D UsimPhoneBookManagerEx: getType2Email,emails null
05-18 12:35:22.195 radio  4156  4665 D UsimPhoneBookManagerEx: getType2Email,emails ==null
05-18 12:35:22.195 radio  4156  4665 D UsimPhoneBookManagerEx: setIapFileRecord >>  recNum: 1index: 206 numInIap: 0 value: -1
05-18 12:35:22.195 radio  4156  4665 D UsimPhoneBookManagerEx: getUsedNumSetIndex index.type[k] 169
05-18 12:35:22.195 radio  4156  4665 D UsimPhoneBookManagerEx: getUsedNumSetIndex count 0
05-18 12:35:22.195 radio  4156  4665 D UsimPhoneBookManagerEx: getType2Email  iap recNum == 0
05-18 12:35:22.195 radio  4156  4665 D UsimPhoneBookManagerEx: getType2Email,emails null
05-18 12:35:22.195 radio  4156  4665 D UsimPhoneBookManagerEx: getType2Email,emails ==null
05-18 12:35:22.195 radio  4156  4665 D UsimPhoneBookManagerEx: setIapFileRecord >>  recNum: 1index: 207 numInIap: 0 value: -1
05-18 12:35:22.195 radio  4156  4665 D UsimPhoneBookManagerEx: getUsedNumSetIndex index.type[k] 169
05-18 12:35:22.195 radio  4156  4665 D UsimPhoneBookManagerEx: getUsedNumSetIndex count 0
05-18 12:35:22.195 radio  4156  4665 D UsimPhoneBookManagerEx: getType2Email  iap recNum == 0
05-18 12:35:22.195 radio  4156  4665 D UsimPhoneBookManagerEx: getType2Email,emails null
05-18 12:35:22.195 radio  4156  4665 D UsimPhoneBookManagerEx: getType2Email,emails ==null
05-18 12:35:22.195 radio  4156  4665 D UsimPhoneBookManagerEx: setIapFileRecord >>  recNum: 1index: 208 numInIap: 0 value: -1
05-18 12:35:22.195 radio  4156  4665 D UsimPhoneBookManagerEx: getUsedNumSetIndex index.type[k] 169
05-18 12:35:22.195 radio  4156  4665 D UsimPhoneBookManagerEx: getUsedNumSetIndex count 0
05-18 12:35:22.195 radio  4156  4665 D UsimPhoneBookManagerEx: getType2Email  iap recNum == 0
05-18 12:35:22.196 radio  4156  4665 D UsimPhoneBookManagerEx: getType2Email,emails null
05-18 12:35:22.196 radio  4156  4665 D UsimPhoneBookManagerEx: getType2Email,emails ==null
05-18 12:35:22.196 radio  4156  4665 D UsimPhoneBookManagerEx: setIapFileRecord >>  recNum: 1index: 209 numInIap: 0 value: -1
05-18 12:35:22.196 radio  4156  4665 D UsimPhoneBookManagerEx: getUsedNumSetIndex index.type[k] 169
05-18 12:35:22.196 radio  4156  4665 D UsimPhoneBookManagerEx: getUsedNumSetIndex count 0
05-18 12:35:22.196 radio  4156  4665 D UsimPhoneBookManagerEx: getType2Email  iap recNum == 0
05-18 12:35:22.196 radio  4156  4665 D UsimPhoneBookManagerEx: getType2Email,emails null
05-18 12:35:22.196 radio  4156  4665 D UsimPhoneBookManagerEx: getType2Email,emails ==null
05-18 12:35:22.196 radio  4156  4665 D UsimPhoneBookManagerEx: setIapFileRecord >>  recNum: 1index: 210 numInIap: 0 value: -1
05-18 12:35:22.196 radio  4156  4665 D UsimPhoneBookManagerEx: getUsedNumSetIndex index.type[k] 169
05-18 12:35:22.196 radio  4156  4665 D UsimPhoneBookManagerEx: getUsedNumSetIndex count 0
05-18 12:35:22.196 radio  4156  4665 D UsimPhoneBookManagerEx: getType2Email  iap recNum == 0
05-18 12:35:22.198 radio  4156  4665 D UsimPhoneBookManagerEx: getType2Email,emails null
05-18 12:35:22.198 radio  4156  4665 D UsimPhoneBookManagerEx: getType2Email,emails ==null
05-18 12:35:22.198 radio  4156  4665 D UsimPhoneBookManagerEx: setIapFileRecord >>  recNum: 1index: 211 numInIap: 0 value: -1
05-18 12:35:22.198 radio  4156  4665 D UsimPhoneBookManagerEx: getUsedNumSetIndex index.type[k] 169
05-18 12:35:22.198 radio  4156  4665 D UsimPhoneBookManagerEx: getUsedNumSetIndex count 0
05-18 12:35:22.198 radio  4156  4665 D UsimPhoneBookManagerEx: getType2Email  iap recNum == 0
05-18 12:35:22.198 radio  4156  4665 D UsimPhoneBookManagerEx: getType2Email,emails null
05-18 12:35:22.198 radio  4156  4665 D UsimPhoneBookManagerEx: getType2Email,emails ==null
05-18 12:35:22.198 radio  4156  4665 D UsimPhoneBookManagerEx: setIapFileRecord >>  recNum: 1index: 212 numInIap: 0 value: -1
05-18 12:35:22.198 radio  4156  4665 D UsimPhoneBookManagerEx: getUsedNumSetIndex index.type[k] 169
05-18 12:35:22.198 radio  4156  4665 D UsimPhoneBookManagerEx: getUsedNumSetIndex count 0
05-18 12:35:22.198 radio  4156  4665 D UsimPhoneBookManagerEx: getType2Email  iap recNum == 0
05-18 12:35:22.198 radio  4156  4665 D UsimPhoneBookManagerEx: getType2Email,emails null
05-18 12:35:22.198 radio  4156  4665 D UsimPhoneBookManagerEx: getType2Email,emails ==null
05-18 12:35:22.198 radio  4156  4665 D UsimPhoneBookManagerEx: setIapFileRecord >>  recNum: 1index: 213 numInIap: 0 value: -1
05-18 12:35:22.199 radio  4156  4665 D UsimPhoneBookManagerEx: getUsedNumSetIndex index.type[k] 169
05-18 12:35:22.199 radio  4156  4665 D UsimPhoneBookManagerEx: getUsedNumSetIndex count 0
05-18 12:35:22.199 radio  4156  4665 D UsimPhoneBookManagerEx: getType2Email  iap recNum == 0
05-18 12:35:22.199 radio  4156  4665 D UsimPhoneBookManagerEx: getType2Email,emails null
05-18 12:35:22.199 radio  4156  4665 D UsimPhoneBookManagerEx: getType2Email,emails ==null
05-18 12:35:22.199 radio  4156  4665 D UsimPhoneBookManagerEx: setIapFileRecord >>  recNum: 1index: 214 numInIap: 0 value: -1
05-18 12:35:22.199 radio  4156  4665 D UsimPhoneBookManagerEx: getUsedNumSetIndex index.type[k] 169
05-18 12:35:22.199 radio  4156  4665 D UsimPhoneBookManagerEx: getUsedNumSetIndex count 0
05-18 12:35:22.199 radio  4156  4665 D UsimPhoneBookManagerEx: getType2Email  iap recNum == 0
05-18 12:35:22.199 radio  4156  4665 D UsimPhoneBookManagerEx: getType2Email,emails null
05-18 12:35:22.199 radio  4156  4665 D UsimPhoneBookManagerEx: getType2Email,emails ==null
05-18 12:35:22.199 radio  4156  4665 D UsimPhoneBookManagerEx: setIapFileRecord >>  recNum: 1index: 215 numInIap: 0 value: -1
05-18 12:35:22.199 radio  4156  4665 D UsimPhoneBookManagerEx: getUsedNumSetIndex index.type[k] 169
05-18 12:35:22.199 radio  4156  4665 D UsimPhoneBookManagerEx: getUsedNumSetIndex count 0
05-18 12:35:22.199 radio  4156  4665 D UsimPhoneBookManagerEx: getType2Email  iap recNum == 0
05-18 12:35:22.199 radio  4156  4665 D UsimPhoneBookManagerEx: getType2Email,emails null
05-18 12:35:22.199 radio  4156  4665 D UsimPhoneBookManagerEx: getType2Email,emails ==null
05-18 12:35:22.199 radio  4156  4665 D UsimPhoneBookManagerEx: setIapFileRecord >>  recNum: 1index: 216 numInIap: 0 value: -1
05-18 12:35:22.199 radio  4156  4665 D UsimPhoneBookManagerEx: getUsedNumSetIndex index.type[k] 169
05-18 12:35:22.199 radio  4156  4665 D UsimPhoneBookManagerEx: getUsedNumSetIndex count 0
05-18 12:35:22.199 radio  4156  4665 D UsimPhoneBookManagerEx: getType2Email  iap recNum == 0
05-18 12:35:22.200 radio  4156  4665 D UsimPhoneBookManagerEx: getType2Email,emails null
05-18 12:35:22.200 radio  4156  4665 D UsimPhoneBookManagerEx: getType2Email,emails ==null
05-18 12:35:22.200 radio  4156  4665 D UsimPhoneBookManagerEx: setIapFileRecord >>  recNum: 1index: 217 numInIap: 0 value: -1
05-18 12:35:22.200 radio  4156  4665 D UsimPhoneBookManagerEx: getUsedNumSetIndex index.type[k] 169
05-18 12:35:22.200 radio  4156  4665 D UsimPhoneBookManagerEx: getUsedNumSetIndex count 0
05-18 12:35:22.200 radio  4156  4665 D UsimPhoneBookManagerEx: getType2Email  iap recNum == 0
05-18 12:35:22.200 radio  4156  4665 D UsimPhoneBookManagerEx: getType2Email,emails null
05-18 12:35:22.200 radio  4156  4665 D UsimPhoneBookManagerEx: getType2Email,emails ==null
05-18 12:35:22.200 radio  4156  4665 D UsimPhoneBookManagerEx: setIapFileRecord >>  recNum: 1index: 218 numInIap: 0 value: -1
05-18 12:35:22.200 radio  4156  4665 D UsimPhoneBookManagerEx: getUsedNumSetIndex index.type[k] 169
05-18 12:35:22.200 radio  4156  4665 D UsimPhoneBookManagerEx: getUsedNumSetIndex count 0
05-18 12:35:22.200 radio  4156  4665 D UsimPhoneBookManagerEx: getType2Email  iap recNum == 0
05-18 12:35:22.200 radio  4156  4665 D UsimPhoneBookManagerEx: getType2Email,emails null
05-18 12:35:22.200 radio  4156  4665 D UsimPhoneBookManagerEx: getType2Email,emails ==null
05-18 12:35:22.200 radio  4156  4665 D UsimPhoneBookManagerEx: setIapFileRecord >>  recNum: 1index: 219 numInIap: 0 value: -1
05-18 12:35:22.200 radio  4156  4665 D UsimPhoneBookManagerEx: getUsedNumSetIndex index.type[k] 169
05-18 12:35:22.200 radio  4156  4665 D UsimPhoneBookManagerEx: getUsedNumSetIndex count 0
05-18 12:35:22.200 radio  4156  4665 D UsimPhoneBookManagerEx: getType2Email  iap recNum == 0
05-18 12:35:22.200 radio  4156  4665 D UsimPhoneBookManagerEx: getType2Email,emails null
05-18 12:35:22.200 radio  4156  4665 D UsimPhoneBookManagerEx: getType2Email,emails ==null
05-18 12:35:22.201 radio  4156  4665 D UsimPhoneBookManagerEx: setIapFileRecord >>  recNum: 1index: 220 numInIap: 0 value: -1
05-18 12:35:22.201 radio  4156  4665 D UsimPhoneBookManagerEx: getUsedNumSetIndex index.type[k] 169
05-18 12:35:22.201 radio  4156  4665 D UsimPhoneBookManagerEx: getUsedNumSetIndex count 0
05-18 12:35:22.201 radio  4156  4665 D UsimPhoneBookManagerEx: getType2Email  iap recNum == 0
05-18 12:35:22.201 radio  4156  4665 D UsimPhoneBookManagerEx: getType2Email,emails null
05-18 12:35:22.201 radio  4156  4665 D UsimPhoneBookManagerEx: getType2Email,emails ==null
05-18 12:35:22.201 radio  4156  4665 D UsimPhoneBookManagerEx: setIapFileRecord >>  recNum: 1index: 221 numInIap: 0 value: -1
05-18 12:35:22.201 radio  4156  4665 D UsimPhoneBookManagerEx: getUsedNumSetIndex index.type[k] 169
05-18 12:35:22.201 radio  4156  4665 D UsimPhoneBookManagerEx: getUsedNumSetIndex count 0
05-18 12:35:22.201 radio  4156  4665 D UsimPhoneBookManagerEx: getType2Email  iap recNum == 0
05-18 12:35:22.201 radio  4156  4665 D UsimPhoneBookManagerEx: getType2Email,emails null
05-18 12:35:22.201 radio  4156  4665 D UsimPhoneBookManagerEx: getType2Email,emails ==null
05-18 12:35:22.201 radio  4156  4665 D UsimPhoneBookManagerEx: setIapFileRecord >>  recNum: 1index: 222 numInIap: 0 value: -1
05-18 12:35:22.201 radio  4156  4665 D UsimPhoneBookManagerEx: getUsedNumSetIndex index.type[k] 169
05-18 12:35:22.201 radio  4156  4665 D UsimPhoneBookManagerEx: getUsedNumSetIndex count 0
05-18 12:35:22.201 radio  4156  4665 D UsimPhoneBookManagerEx: getType2Email  iap recNum == 0
05-18 12:35:22.201 radio  4156  4665 D UsimPhoneBookManagerEx: getType2Email,emails null
05-18 12:35:22.201 radio  4156  4665 D UsimPhoneBookManagerEx: getType2Email,emails ==null
05-18 12:35:22.201 radio  4156  4665 D UsimPhoneBookManagerEx: setIapFileRecord >>  recNum: 1index: 223 numInIap: 0 value: -1
05-18 12:35:22.201 radio  4156  4665 D UsimPhoneBookManagerEx: getUsedNumSetIndex index.type[k] 169
05-18 12:35:22.201 radio  4156  4665 D UsimPhoneBookManagerEx: getUsedNumSetIndex count 0
05-18 12:35:22.202 radio  4156  4665 D UsimPhoneBookManagerEx: getType2Email  iap recNum == 0
05-18 12:35:22.202 radio  4156  4665 D UsimPhoneBookManagerEx: getType2Email,emails null
05-18 12:35:22.202 radio  4156  4665 D UsimPhoneBookManagerEx: getType2Email,emails ==null
05-18 12:35:22.202 radio  4156  4665 D UsimPhoneBookManagerEx: setIapFileRecord >>  recNum: 1index: 224 numInIap: 0 value: -1
05-18 12:35:22.202 radio  4156  4665 D UsimPhoneBookManagerEx: getUsedNumSetIndex index.type[k] 169
05-18 12:35:22.202 radio  4156  4665 D UsimPhoneBookManagerEx: getUsedNumSetIndex count 0
05-18 12:35:22.202 radio  4156  4665 D UsimPhoneBookManagerEx: getType2Email  iap recNum == 0
05-18 12:35:22.202 radio  4156  4665 D UsimPhoneBookManagerEx: getType2Email,emails null
05-18 12:35:22.202 radio  4156  4665 D UsimPhoneBookManagerEx: getType2Email,emails ==null
05-18 12:35:22.202 radio  4156  4665 D UsimPhoneBookManagerEx: setIapFileRecord >>  recNum: 1index: 225 numInIap: 0 value: -1
05-18 12:35:22.202 radio  4156  4665 D UsimPhoneBookManagerEx: getUsedNumSetIndex index.type[k] 169
05-18 12:35:22.202 radio  4156  4665 D UsimPhoneBookManagerEx: getUsedNumSetIndex count 0
05-18 12:35:22.202 radio  4156  4665 D UsimPhoneBookManagerEx: getType2Email  iap recNum == 0
05-18 12:35:22.202 radio  4156  4665 D UsimPhoneBookManagerEx: getType2Email,emails null
05-18 12:35:22.202 radio  4156  4665 D UsimPhoneBookManagerEx: getType2Email,emails ==null
05-18 12:35:22.202 radio  4156  4665 D UsimPhoneBookManagerEx: setIapFileRecord >>  recNum: 1index: 226 numInIap: 0 value: -1
05-18 12:35:22.202 radio  4156  4665 D UsimPhoneBookManagerEx: getUsedNumSetIndex index.type[k] 169
05-18 12:35:22.202 radio  4156  4665 D UsimPhoneBookManagerEx: getUsedNumSetIndex count 0
05-18 12:35:22.202 radio  4156  4665 D UsimPhoneBookManagerEx: getType2Email  iap recNum == 0
05-18 12:35:22.202 radio  4156  4665 D UsimPhoneBookManagerEx: getType2Email,emails null
05-18 12:35:22.202 radio  4156  4665 D UsimPhoneBookManagerEx: getType2Email,emails ==null
05-18 12:35:22.202 radio  4156  4665 D UsimPhoneBookManagerEx: setIapFileRecord >>  recNum: 1index: 227 numInIap: 0 value: -1
05-18 12:35:22.202 radio  4156  4665 D UsimPhoneBookManagerEx: getUsedNumSetIndex index.type[k] 169
05-18 12:35:22.203 radio  4156  4665 D UsimPhoneBookManagerEx: getUsedNumSetIndex count 0
05-18 12:35:22.203 radio  4156  4665 D UsimPhoneBookManagerEx: getType2Email  iap recNum == 0
05-18 12:35:22.203 radio  4156  4665 D UsimPhoneBookManagerEx: getType2Email,emails null
05-18 12:35:22.203 radio  4156  4665 D UsimPhoneBookManagerEx: getType2Email,emails ==null
05-18 12:35:22.203 radio  4156  4665 D UsimPhoneBookManagerEx: setIapFileRecord >>  recNum: 1index: 228 numInIap: 0 value: -1
05-18 12:35:22.203 radio  4156  4665 D UsimPhoneBookManagerEx: getUsedNumSetIndex index.type[k] 169
05-18 12:35:22.203 radio  4156  4665 D UsimPhoneBookManagerEx: getUsedNumSetIndex count 0
05-18 12:35:22.203 radio  4156  4665 D UsimPhoneBookManagerEx: getType2Email  iap recNum == 0
05-18 12:35:22.203 radio  4156  4665 D UsimPhoneBookManagerEx: getType2Email,emails null
05-18 12:35:22.203 radio  4156  4665 D UsimPhoneBookManagerEx: getType2Email,emails ==null
05-18 12:35:22.203 radio  4156  4665 D UsimPhoneBookManagerEx: setIapFileRecord >>  recNum: 1index: 229 numInIap: 0 value: -1
05-18 12:35:22.203 radio  4156  4665 D UsimPhoneBookManagerEx: getUsedNumSetIndex index.type[k] 169
05-18 12:35:22.203 radio  4156  4665 D UsimPhoneBookManagerEx: getUsedNumSetIndex count 0
05-18 12:35:22.203 radio  4156  4665 D UsimPhoneBookManagerEx: getType2Email  iap recNum == 0
05-18 12:35:22.203 radio  4156  4665 D UsimPhoneBookManagerEx: getType2Email,emails null
05-18 12:35:22.203 radio  4156  4665 D UsimPhoneBookManagerEx: getType2Email,emails ==null
05-18 12:35:22.203 radio  4156  4665 D UsimPhoneBookManagerEx: setIapFileRecord >>  recNum: 1index: 230 numInIap: 0 value: -1
05-18 12:35:22.203 radio  4156  4665 D UsimPhoneBookManagerEx: getUsedNumSetIndex index.type[k] 169
05-18 12:35:22.203 radio  4156  4665 D UsimPhoneBookManagerEx: getUsedNumSetIndex count 0
05-18 12:35:22.203 radio  4156  4665 D UsimPhoneBookManagerEx: getType2Email  iap recNum == 0
05-18 12:35:22.203 radio  4156  4665 D UsimPhoneBookManagerEx: getType2Email,emails null
05-18 12:35:22.203 radio  4156  4665 D UsimPhoneBookManagerEx: getType2Email,emails ==null
05-18 12:35:22.203 radio  4156  4665 D UsimPhoneBookManagerEx: setIapFileRecord >>  recNum: 1index: 231 numInIap: 0 value: -1
05-18 12:35:22.203 radio  4156  4665 D UsimPhoneBookManagerEx: getUsedNumSetIndex index.type[k] 169
05-18 12:35:22.203 radio  4156  4665 D UsimPhoneBookManagerEx: getUsedNumSetIndex count 0
05-18 12:35:22.204 radio  4156  4665 D UsimPhoneBookManagerEx: getType2Email  iap recNum == 0
05-18 12:35:22.204 radio  4156  4665 D UsimPhoneBookManagerEx: getType2Email,emails null
05-18 12:35:22.204 radio  4156  4665 D UsimPhoneBookManagerEx: getType2Email,emails ==null
05-18 12:35:22.204 radio  4156  4665 D UsimPhoneBookManagerEx: setIapFileRecord >>  recNum: 1index: 232 numInIap: 0 value: -1
05-18 12:35:22.204 radio  4156  4665 D UsimPhoneBookManagerEx: getUsedNumSetIndex index.type[k] 169
05-18 12:35:22.204 radio  4156  4665 D UsimPhoneBookManagerEx: getUsedNumSetIndex count 0
05-18 12:35:22.204 radio  4156  4665 D UsimPhoneBookManagerEx: getType2Email  iap recNum == 0
05-18 12:35:22.204 radio  4156  4665 D UsimPhoneBookManagerEx: getType2Email,emails null
05-18 12:35:22.204 radio  4156  4665 D UsimPhoneBookManagerEx: getType2Email,emails ==null
05-18 12:35:22.204 radio  4156  4665 D UsimPhoneBookManagerEx: setIapFileRecord >>  recNum: 1index: 233 numInIap: 0 value: -1
05-18 12:35:22.204 radio  4156  4665 D UsimPhoneBookManagerEx: getUsedNumSetIndex index.type[k] 169
05-18 12:35:22.204 radio  4156  4665 D UsimPhoneBookManagerEx: getUsedNumSetIndex count 0
05-18 12:35:22.204 radio  4156  4665 D UsimPhoneBookManagerEx: getType2Email  iap recNum == 0
05-18 12:35:22.204 radio  4156  4665 D UsimPhoneBookManagerEx: getType2Email,emails null
05-18 12:35:22.204 radio  4156  4665 D UsimPhoneBookManagerEx: getType2Email,emails ==null
05-18 12:35:22.204 radio  4156  4665 D UsimPhoneBookManagerEx: setIapFileRecord >>  recNum: 1index: 234 numInIap: 0 value: -1
05-18 12:35:22.204 radio  4156  4665 D UsimPhoneBookManagerEx: getUsedNumSetIndex index.type[k] 169
05-18 12:35:22.204 radio  4156  4665 D UsimPhoneBookManagerEx: getUsedNumSetIndex count 0
05-18 12:35:22.204 radio  4156  4665 D UsimPhoneBookManagerEx: getType2Email  iap recNum == 0
05-18 12:35:22.204 radio  4156  4665 D UsimPhoneBookManagerEx: getType2Email,emails null
05-18 12:35:22.204 radio  4156  4665 D UsimPhoneBookManagerEx: getType2Email,emails ==null
05-18 12:35:22.204 radio  4156  4665 D UsimPhoneBookManagerEx: setIapFileRecord >>  recNum: 1index: 235 numInIap: 0 value: -1
05-18 12:35:22.205 radio  4156  4665 D UsimPhoneBookManagerEx: getUsedNumSetIndex index.type[k] 169
05-18 12:35:22.205 radio  4156  4665 D UsimPhoneBookManagerEx: getUsedNumSetIndex count 0
05-18 12:35:22.205 radio  4156  4665 D UsimPhoneBookManagerEx: getType2Email  iap recNum == 0
05-18 12:35:22.205 radio  4156  4665 D UsimPhoneBookManagerEx: getType2Email,emails null
05-18 12:35:22.205 radio  4156  4665 D UsimPhoneBookManagerEx: getType2Email,emails ==null
05-18 12:35:22.205 radio  4156  4665 D UsimPhoneBookManagerEx: setIapFileRecord >>  recNum: 1index: 236 numInIap: 0 value: -1
05-18 12:35:22.205 radio  4156  4665 D UsimPhoneBookManagerEx: getUsedNumSetIndex index.type[k] 169
05-18 12:35:22.205 radio  4156  4665 D UsimPhoneBookManagerEx: getUsedNumSetIndex count 0
05-18 12:35:22.205 radio  4156  4665 D UsimPhoneBookManagerEx: getType2Email  iap recNum == 0
05-18 12:35:22.205 radio  4156  4665 D UsimPhoneBookManagerEx: getType2Email,emails null
05-18 12:35:22.205 radio  4156  4665 D UsimPhoneBookManagerEx: getType2Email,emails ==null
05-18 12:35:22.205 radio  4156  4665 D UsimPhoneBookManagerEx: setIapFileRecord >>  recNum: 1index: 237 numInIap: 0 value: -1
05-18 12:35:22.205 radio  4156  4665 D UsimPhoneBookManagerEx: getUsedNumSetIndex index.type[k] 169
05-18 12:35:22.205 radio  4156  4665 D UsimPhoneBookManagerEx: getUsedNumSetIndex count 0
05-18 12:35:22.205 radio  4156  4665 D UsimPhoneBookManagerEx: getType2Email  iap recNum == 0
05-18 12:35:22.205 radio  4156  4665 D UsimPhoneBookManagerEx: getType2Email,emails null
05-18 12:35:22.205 radio  4156  4665 D UsimPhoneBookManagerEx: getType2Email,emails ==null
05-18 12:35:22.205 radio  4156  4665 D UsimPhoneBookManagerEx: setIapFileRecord >>  recNum: 1index: 238 numInIap: 0 value: -1
05-18 12:35:22.205 radio  4156  4665 D UsimPhoneBookManagerEx: getUsedNumSetIndex index.type[k] 169
05-18 12:35:22.205 radio  4156  4665 D UsimPhoneBookManagerEx: getUsedNumSetIndex count 0
05-18 12:35:22.205 radio  4156  4665 D UsimPhoneBookManagerEx: getType2Email  iap recNum == 0
05-18 12:35:22.206 radio  4156  4665 D UsimPhoneBookManagerEx: getType2Email,emails null
05-18 12:35:22.206 radio  4156  4665 D UsimPhoneBookManagerEx: getType2Email,emails ==null
05-18 12:35:22.206 radio  4156  4665 D UsimPhoneBookManagerEx: setIapFileRecord >>  recNum: 1index: 239 numInIap: 0 value: -1
05-18 12:35:22.206 radio  4156  4665 D UsimPhoneBookManagerEx: getUsedNumSetIndex index.type[k] 169
05-18 12:35:22.206 radio  4156  4665 D UsimPhoneBookManagerEx: getUsedNumSetIndex count 0
05-18 12:35:22.206 radio  4156  4665 D UsimPhoneBookManagerEx: getType2Email  iap recNum == 0
05-18 12:35:22.206 radio  4156  4665 D UsimPhoneBookManagerEx: getType2Email,emails null
05-18 12:35:22.206 radio  4156  4665 D UsimPhoneBookManagerEx: getType2Email,emails ==null
05-18 12:35:22.206 radio  4156  4665 D UsimPhoneBookManagerEx: setIapFileRecord >>  recNum: 1index: 240 numInIap: 0 value: -1
05-18 12:35:22.206 radio  4156  4665 D UsimPhoneBookManagerEx: getUsedNumSetIndex index.type[k] 169
05-18 12:35:22.206 radio  4156  4665 D UsimPhoneBookManagerEx: getUsedNumSetIndex count 0
05-18 12:35:22.206 radio  4156  4665 D UsimPhoneBookManagerEx: getType2Email  iap recNum == 0
05-18 12:35:22.207 radio  4156  4665 D UsimPhoneBookManagerEx: getType2Email,emails null
05-18 12:35:22.207 radio  4156  4665 D UsimPhoneBookManagerEx: getType2Email,emails ==null
05-18 12:35:22.207 radio  4156  4665 D UsimPhoneBookManagerEx: setIapFileRecord >>  recNum: 1index: 241 numInIap: 0 value: -1
05-18 12:35:22.207 radio  4156  4665 D UsimPhoneBookManagerEx: getUsedNumSetIndex index.type[k] 169
05-18 12:35:22.207 radio  4156  4665 D UsimPhoneBookManagerEx: getUsedNumSetIndex count 0
05-18 12:35:22.207 radio  4156  4665 D UsimPhoneBookManagerEx: getType2Email  iap recNum == 0
05-18 12:35:22.207 radio  4156  4665 D UsimPhoneBookManagerEx: getType2Email,emails null
05-18 12:35:22.207 radio  4156  4665 D UsimPhoneBookManagerEx: getType2Email,emails ==null
05-18 12:35:22.207 radio  4156  4665 D UsimPhoneBookManagerEx: setIapFileRecord >>  recNum: 1index: 242 numInIap: 0 value: -1
05-18 12:35:22.207 radio  4156  4665 D UsimPhoneBookManagerEx: getUsedNumSetIndex index.type[k] 169
05-18 12:35:22.207 radio  4156  4665 D UsimPhoneBookManagerEx: getUsedNumSetIndex count 0
05-18 12:35:22.207 radio  4156  4665 D UsimPhoneBookManagerEx: getType2Email  iap recNum == 0
05-18 12:35:22.207 radio  4156  4665 D UsimPhoneBookManagerEx: getType2Email,emails null
05-18 12:35:22.207 radio  4156  4665 D UsimPhoneBookManagerEx: getType2Email,emails ==null
05-18 12:35:22.207 radio  4156  4665 D UsimPhoneBookManagerEx: setIapFileRecord >>  recNum: 1index: 243 numInIap: 0 value: -1
05-18 12:35:22.207 radio  4156  4665 D UsimPhoneBookManagerEx: getUsedNumSetIndex index.type[k] 169
05-18 12:35:22.207 radio  4156  4665 D UsimPhoneBookManagerEx: getUsedNumSetIndex count 0
05-18 12:35:22.207 radio  4156  4665 D UsimPhoneBookManagerEx: getType2Email  iap recNum == 0
05-18 12:35:22.208 radio  4156  4665 D UsimPhoneBookManagerEx: getType2Email,emails null
05-18 12:35:22.208 radio  4156  4665 D UsimPhoneBookManagerEx: getType2Email,emails ==null
05-18 12:35:22.208 radio  4156  4665 D UsimPhoneBookManagerEx: setIapFileRecord >>  recNum: 1index: 244 numInIap: 0 value: -1
05-18 12:35:22.208 radio  4156  4665 D UsimPhoneBookManagerEx: getUsedNumSetIndex index.type[k] 169
05-18 12:35:22.208 radio  4156  4665 D UsimPhoneBookManagerEx: getUsedNumSetIndex count 0
05-18 12:35:22.208 radio  4156  4665 D UsimPhoneBookManagerEx: getType2Email  iap recNum == 0
05-18 12:35:22.208 radio  4156  4665 D UsimPhoneBookManagerEx: getType2Email,emails null
05-18 12:35:22.208 radio  4156  4665 D UsimPhoneBookManagerEx: getType2Email,emails ==null
05-18 12:35:22.208 radio  4156  4665 D UsimPhoneBookManagerEx: setIapFileRecord >>  recNum: 1index: 245 numInIap: 0 value: -1
05-18 12:35:22.208 radio  4156  4665 D UsimPhoneBookManagerEx: getUsedNumSetIndex index.type[k] 169
05-18 12:35:22.208 radio  4156  4665 D UsimPhoneBookManagerEx: getUsedNumSetIndex count 0
05-18 12:35:22.208 radio  4156  4665 D UsimPhoneBookManagerEx: getType2Email  iap recNum == 0
05-18 12:35:22.208 radio  4156  4665 D UsimPhoneBookManagerEx: getType2Email,emails null
05-18 12:35:22.208 radio  4156  4665 D UsimPhoneBookManagerEx: getType2Email,emails ==null
05-18 12:35:22.208 radio  4156  4665 D UsimPhoneBookManagerEx: setIapFileRecord >>  recNum: 1index: 246 numInIap: 0 value: -1
05-18 12:35:22.208 radio  4156  4665 D UsimPhoneBookManagerEx: getUsedNumSetIndex index.type[k] 169
05-18 12:35:22.208 radio  4156  4665 D UsimPhoneBookManagerEx: getUsedNumSetIndex count 0
05-18 12:35:22.208 radio  4156  4665 D UsimPhoneBookManagerEx: getType2Email  iap recNum == 0
05-18 12:35:22.209 radio  4156  4665 D UsimPhoneBookManagerEx: getType2Email,emails null
05-18 12:35:22.209 radio  4156  4665 D UsimPhoneBookManagerEx: getType2Email,emails ==null
05-18 12:35:22.209 radio  4156  4665 D UsimPhoneBookManagerEx: setIapFileRecord >>  recNum: 1index: 247 numInIap: 0 value: -1
05-18 12:35:22.209 radio  4156  4665 D UsimPhoneBookManagerEx: getUsedNumSetIndex index.type[k] 169
05-18 12:35:22.209 radio  4156  4665 D UsimPhoneBookManagerEx: getUsedNumSetIndex count 0
05-18 12:35:22.209 radio  4156  4665 D UsimPhoneBookManagerEx: getType2Email  iap recNum == 0
05-18 12:35:22.209 radio  4156  4665 D UsimPhoneBookManagerEx: getType2Email,emails null
05-18 12:35:22.209 radio  4156  4665 D UsimPhoneBookManagerEx: getType2Email,emails ==null
05-18 12:35:22.209 radio  4156  4665 D UsimPhoneBookManagerEx: setIapFileRecord >>  recNum: 1index: 248 numInIap: 0 value: -1
05-18 12:35:22.209 radio  4156  4665 D UsimPhoneBookManagerEx: getUsedNumSetIndex index.type[k] 169
05-18 12:35:22.209 radio  4156  4665 D UsimPhoneBookManagerEx: getUsedNumSetIndex count 0
05-18 12:35:22.209 radio  4156  4665 D UsimPhoneBookManagerEx: getType2Email  iap recNum == 0
05-18 12:35:22.211 radio  4156  4665 D UsimPhoneBookManagerEx: getType2Email,emails null
05-18 12:35:22.211 radio  4156  4665 D UsimPhoneBookManagerEx: getType2Email,emails ==null
05-18 12:35:22.211 radio  4156  4665 D UsimPhoneBookManagerEx: setIapFileRecord >>  recNum: 1index: 249 numInIap: 0 value: -1
05-18 12:35:22.211 radio  4156  4665 D UsimPhoneBookManagerEx: readAnrFileAndWait recNum 1
05-18 12:35:22.211 radio  4156  4665 D UsimPhoneBookManagerEx: readAnrFileAndWait  mAnrInfoFromPBR !=null fileIds.size()11
05-18 12:35:22.211 radio  4156  4665 D UsimPhoneBookManagerEx: readAnrFileAndWait mAnrFileCount 1
05-18 12:35:22.211 radio  4156  4665 D UsimPhoneBookManagerEx: readAnrFileAndWait type168
05-18 12:35:22.211 radio  4156  4665 D UsimPhoneBookManagerEx: readFileSizeAndWait20315
05-18 12:35:22.212 radio  4156  4665 D RILJ    : [4572]> iccIO: SIM_IO command = 0xc0 fileId = 0x4f5b path = 3F007F105F3A p1 = 0 p2 = 0 p3 =  data = null aid =  [SUB0]
05-18 12:35:22.212 radio  3351  3351 D RILC    : iccIOForApp: serial 924
05-18 12:35:22.213 radio  3351  3356 D RIL     : onRequest: SIM_IO radioState=4
05-18 12:35:22.213 radio  3351  3356 D REQ_THDS: get Channel1
05-18 12:35:22.221 radio  3351  3356 D RIL     : usim card, change to sim format
05-18 12:35:22.221 radio  3351  3356 D RIL     : sr.simResponse NOT NULL, convert to sim
05-18 12:35:22.221 radio  3351  3356 E RIL     : TYPE_FCP_DES index = 2
05-18 12:35:22.221 radio  3351  3356 E RIL     : TYPE_FCP_SIZE index = 21 
05-18 12:35:22.221 radio  3351  3356 E RIL     : EF_TYPE_LINEAR_FIXED
05-18 12:35:22.221 radio  3351  3356 D RILC    : RequestComplete, RIL_SOCKET_1
05-18 12:35:22.221 radio  3351  3356 E RILC    : Calling responseFunction() for token 924
05-18 12:35:22.221 radio  3351  3356 D RILC    : iccIOForAppResponse: serial 924
05-18 12:35:22.222 radio  3351  3356 D REQ_THDS: put Channel1
05-18 12:35:22.222 radio  3351  3356 I REQ_THDS: -->normalDispatch [3356] free one command
05-18 12:35:22.222 radio  4156  4567 D RILJ    : [4572]< SIM_IO IccIoResult sw1:0x90 sw2:0x0 [SUB0]
05-18 12:35:22.222 radio  4156  4156 D UsimFileHandlerEx: msg.what = 8
05-18 12:35:22.222 radio  4156  4156 D UsimPhoneBookManagerEx: Loading EVENT_GET_RECORDS_COUNT
05-18 12:35:22.223 radio  4156  4665 D UsimPhoneBookManagerEx: readAnrFileAndWait size[0] = 15 size[2] = 250
05-18 12:35:22.223 radio  4156  4665 D UsimPhoneBookManagerEx: readAnrFileAndWait offSet 250500
05-18 12:35:22.223 radio  4156  4665 D UsimPhoneBookManagerEx: load ANR times ...... 1
05-18 12:35:22.223 radio  4156  4665 D UsimPhoneBookManagerEx: handleReadFileResult  
05-18 12:35:22.223 radio  4156  4665 D UsimPhoneBookManagerEx: handleReadFileResult  efs [20315]
05-18 12:35:22.223 radio  4156  4665 D UsimPhoneBookManagerEx:  setSubjectUsedNum num 1
05-18 12:35:22.223 radio  4156  4665 D UsimPhoneBookManagerEx:  setSubjectUsedNum size 1
05-18 12:35:22.223 radio  4156  4665 D UsimPhoneBookManagerEx: readGrpFileAndWait
05-18 12:35:22.223 radio  4156  4665 D UsimPhoneBookManagerEx: readFileSizeAndWait20306
05-18 12:35:22.226 radio  4156  4665 D RILJ    : [4573]> iccIO: SIM_IO command = 0xc0 fileId = 0x4f52 path = 3F007F105F3A p1 = 0 p2 = 0 p3 =  data = null aid =  [SUB0]
05-18 12:35:22.226 radio  3351  3351 D RILC    : iccIOForApp: serial 925
05-18 12:35:22.226 radio  3351  3356 D RIL     : onRequest: SIM_IO radioState=4
05-18 12:35:22.226 radio  3351  3356 D REQ_THDS: get Channel1
