05-18 12:35:34.025 radio  4156  4156 D CAT     : CatServiceSprd: handleMessage[60]
05-18 12:35:34.025 radio  4156  4156 D CAT     : CatServiceSprd: broadcastCatCmdIntent isStkAppInstalled: false
05-18 12:35:34.027 radio  4156  4843 D SubscriptionController: [getDefaultDataSubId] subId= 1
05-18 12:35:34.028 radio  4156  4843 D SubscriptionController: [getDefaultDataSubId] subId= 1
05-18 12:35:34.063 radio  4156  4156 E SmsApplication: com.sprd.preload does not have system signature
05-18 12:35:34.253 radio  4156  4156 I chatty  : uid=1001(radio) com.android.phone identical 4 lines
05-18 12:35:34.289 radio  4156  4156 E SmsApplication: com.sprd.preload does not have system signature
05-18 12:35:34.526 radio  4156  4156 D CAT     : CatServiceSprd: handleMessage[60]
05-18 12:35:34.527 radio  4156  4156 D CAT     : CatServiceSprd: broadcastCatCmdIntent isStkAppInstalled: false
05-18 12:35:34.856 radio  3351  3362 D RIL     : rxlev[0]=99, rscp[0]=255, rsrp[0]=102
05-18 12:35:34.856 radio  3351  3362 D RILC    : currentSignalStrengthInd
05-18 12:35:34.857 radio  3351  3362 I RILC    : RIL_SOCKET_1 UNSOLICITED: UNSOL_SIGNAL_STRENGTH length:56
05-18 12:35:34.883 radio  4156  4981 D SubscriptionController: [getDefaultDataSubId] subId= 1
05-18 12:35:34.892 radio  4156  4981 D SubscriptionController: [getDefaultDataSubId] subId= 1
05-18 12:35:35.028 radio  4156  4156 D CAT     : CatServiceSprd: handleMessage[60]
05-18 12:35:35.029 radio  4156  4156 D CAT     : CatServiceSprd: broadcastCatCmdIntent isStkAppInstalled: false
05-18 12:35:35.530 radio  4156  4156 D CAT     : CatServiceSprd: handleMessage[60]
05-18 12:35:35.531 radio  4156  4156 D CAT     : CatServiceSprd: broadcastCatCmdIntent isStkAppInstalled: false
05-18 12:35:35.857 radio  3351  3362 D RIL     : rxlev[0]=99, rscp[0]=255, rsrp[0]=96
05-18 12:35:35.857 radio  3351  3362 D RILC    : currentSignalStrengthInd
05-18 12:35:35.857 radio  3351  3362 I RILC    : RIL_SOCKET_1 UNSOLICITED: UNSOL_SIGNAL_STRENGTH length:56
05-18 12:35:35.860 radio  4156  4981 D SubscriptionController: [getDefaultDataSubId] subId= 1
05-18 12:35:35.861 radio  4156  4981 D SubscriptionController: [getDefaultDataSubId] subId= 1
05-18 12:35:36.031 radio  4156  4156 D CAT     : CatServiceSprd: handleMessage[60]
05-18 12:35:36.032 radio  4156  4156 D CAT     : CatServiceSprd: broadcastCatCmdIntent isStkAppInstalled: false
05-18 12:35:36.533 radio  4156  4156 D CAT     : CatServiceSprd: handleMessage[60]
05-18 12:35:36.533 radio  4156  4156 D CAT     : CatServiceSprd: broadcastCatCmdIntent isStkAppInstalled: false
05-18 12:35:36.857 radio  3351  3362 D RIL     : rxlev[0]=99, rscp[0]=255, rsrp[0]=102
05-18 12:35:36.858 radio  3351  3362 D RILC    : currentSignalStrengthInd
05-18 12:35:36.858 radio  3351  3362 I RILC    : RIL_SOCKET_1 UNSOLICITED: UNSOL_SIGNAL_STRENGTH length:56
05-18 12:35:36.860 radio  4156  4981 D SubscriptionController: [getDefaultDataSubId] subId= 1
05-18 12:35:36.861 radio  4156  4981 D SubscriptionController: [getDefaultDataSubId] subId= 1
05-18 12:35:37.034 radio  4156  4156 D CAT     : CatServiceSprd: handleMessage[60]
05-18 12:35:37.035 radio  4156  4156 D CAT     : CatServiceSprd: broadcastCatCmdIntent isStkAppInstalled: false
05-18 12:35:37.536 radio  4156  4156 D CAT     : CatServiceSprd: handleMessage[60]
05-18 12:35:37.537 radio  4156  4156 D CAT     : CatServiceSprd: broadcastCatCmdIntent isStkAppInstalled: false
05-18 12:35:37.557 radio  4156  4156 D DctEx   : [0]onReceive() action=android.intent.action.BATTERY_CHANGED
05-18 12:35:37.617 radio  4156  4156 D RILJ    : [4597]> RIL_REQUEST_SEND_DEVICE_STATE 1:false [SUB0]
05-18 12:35:37.617 radio  3351  3351 D RILC    : sendDeviceState: serial 949
05-18 12:35:37.617 radio  3351  3351 D RILC    : sendDeviceStateResponse: serial 949
05-18 12:35:37.618 radio  4156  4567 D RILJ    : [4597]< RIL_REQUEST_SEND_DEVICE_STATE error 6 [SUB0]
05-18 12:35:37.618 radio  4156  4567 D RilRequest: [4597]< RIL_REQUEST_SEND_DEVICE_STATE error: com.android.internal.telephony.CommandException: REQUEST_NOT_SUPPORTED ret=
05-18 12:35:37.858 radio  3351  3362 D RIL     : rxlev[0]=99, rscp[0]=255, rsrp[0]=103
05-18 12:35:37.858 radio  3351  3362 D RILC    : currentSignalStrengthInd
05-18 12:35:37.858 radio  3351  3362 I RILC    : RIL_SOCKET_1 UNSOLICITED: UNSOL_SIGNAL_STRENGTH length:56
05-18 12:35:37.860 radio  4156  4981 D SubscriptionController: [getDefaultDataSubId] subId= 1
05-18 12:35:37.861 radio  4156  4981 D SubscriptionController: [getDefaultDataSubId] subId= 1
05-18 12:35:38.038 radio  4156  4156 D CAT     : CatServiceSprd: handleMessage[60]
05-18 12:35:38.039 radio  4156  4156 D CAT     : CatServiceSprd: broadcastCatCmdIntent isStkAppInstalled: false
05-18 12:35:38.321 radio  4156  4156 D DctEx   : [0]onReceive() action=android.intent.action.BATTERY_CHANGED
05-18 12:35:38.349 radio  4156  4156 D RILJ    : [4598]> RIL_REQUEST_SEND_DEVICE_STATE 1:true [SUB0]
05-18 12:35:38.349 radio  3351  3351 D RILC    : sendDeviceState: serial 950
05-18 12:35:38.350 radio  3351  3351 D RILC    : sendDeviceStateResponse: serial 950
05-18 12:35:38.350 radio  4156  4567 D RILJ    : [4598]< RIL_REQUEST_SEND_DEVICE_STATE error 6 [SUB0]
05-18 12:35:38.350 radio  4156  4567 D RilRequest: [4598]< RIL_REQUEST_SEND_DEVICE_STATE error: com.android.internal.telephony.CommandException: REQUEST_NOT_SUPPORTED ret=
05-18 12:35:38.540 radio  4156  4156 D CAT     : CatServiceSprd: handleMessage[60]
05-18 12:35:38.540 radio  4156  4156 D CAT     : CatServiceSprd: broadcastCatCmdIntent isStkAppInstalled: false
05-18 12:35:38.858 radio  3351  3362 D RIL     : rxlev[0]=99, rscp[0]=255, rsrp[0]=98
05-18 12:35:38.858 radio  3351  3362 D RILC    : currentSignalStrengthInd
05-18 12:35:38.858 radio  3351  3362 I RILC    : RIL_SOCKET_1 UNSOLICITED: UNSOL_SIGNAL_STRENGTH length:56
05-18 12:35:38.861 radio  4156  5475 D SubscriptionController: [getDefaultDataSubId] subId= 1
05-18 12:35:38.862 radio  4156  5475 D SubscriptionController: [getDefaultDataSubId] subId= 1
05-18 12:35:38.881 radio  4156  4156 D DctEx   : [0]onReceive() action=android.intent.action.BATTERY_CHANGED
05-18 12:35:38.904 radio  4156  4156 D RILJ    : [4599]> RIL_REQUEST_SEND_DEVICE_STATE 1:false [SUB0]
05-18 12:35:38.904 radio  3351  3351 D RILC    : sendDeviceState: serial 951
05-18 12:35:38.904 radio  3351  3351 D RILC    : sendDeviceStateResponse: serial 951
05-18 12:35:38.905 radio  4156  4567 D RILJ    : [4599]< RIL_REQUEST_SEND_DEVICE_STATE error 6 [SUB0]
05-18 12:35:38.905 radio  4156  4567 D RilRequest: [4599]< RIL_REQUEST_SEND_DEVICE_STATE error: com.android.internal.telephony.CommandException: REQUEST_NOT_SUPPORTED ret=
05-18 12:35:39.041 radio  4156  4156 D CAT     : CatServiceSprd: handleMessage[60]
05-18 12:35:39.041 radio  4156  4156 D CAT     : CatServiceSprd: broadcastCatCmdIntent isStkAppInstalled: false
05-18 12:35:39.542 radio  4156  4156 D CAT     : CatServiceSprd: handleMessage[60]
05-18 12:35:39.542 radio  4156  4156 D CAT     : CatServiceSprd: broadcastCatCmdIntent isStkAppInstalled: false
05-18 12:35:39.859 radio  3351  3362 D RIL     : rxlev[0]=99, rscp[0]=255, rsrp[0]=102
05-18 12:35:39.859 radio  3351  3362 D RILC    : currentSignalStrengthInd
05-18 12:35:39.859 radio  3351  3362 I RILC    : RIL_SOCKET_1 UNSOLICITED: UNSOL_SIGNAL_STRENGTH length:56
05-18 12:35:39.861 radio  4156  5475 D SubscriptionController: [getDefaultDataSubId] subId= 1
05-18 12:35:39.862 radio  4156  5475 D SubscriptionController: [getDefaultDataSubId] subId= 1
05-18 12:35:40.043 radio  4156  4156 D CAT     : CatServiceSprd: handleMessage[60]
05-18 12:35:40.044 radio  4156  4156 D CAT     : CatServiceSprd: broadcastCatCmdIntent isStkAppInstalled: false
05-18 12:35:40.325 radio  4156  4156 D DctEx   : [0]onReceive() action=android.intent.action.BATTERY_CHANGED
05-18 12:35:40.355 radio  4156  4156 D RILJ    : [4600]> RIL_REQUEST_SEND_DEVICE_STATE 1:true [SUB0]
05-18 12:35:40.356 radio  3351  3351 D RILC    : sendDeviceState: serial 952
05-18 12:35:40.356 radio  3351  3351 D RILC    : sendDeviceStateResponse: serial 952
05-18 12:35:40.356 radio  4156  4567 D RILJ    : [4600]< RIL_REQUEST_SEND_DEVICE_STATE error 6 [SUB0]
05-18 12:35:40.356 radio  4156  4567 D RilRequest: [4600]< RIL_REQUEST_SEND_DEVICE_STATE error: com.android.internal.telephony.CommandException: REQUEST_NOT_SUPPORTED ret=
05-18 12:35:40.544 radio  4156  4156 D CAT     : CatServiceSprd: handleMessage[60]
05-18 12:35:40.544 radio  4156  4156 D CAT     : CatServiceSprd: broadcastCatCmdIntent isStkAppInstalled: false
05-18 12:35:40.859 radio  3351  3362 D RIL     : rxlev[0]=99, rscp[0]=255, rsrp[0]=97
05-18 12:35:40.859 radio  3351  3362 D RILC    : currentSignalStrengthInd
05-18 12:35:40.859 radio  3351  3362 I RILC    : RIL_SOCKET_1 UNSOLICITED: UNSOL_SIGNAL_STRENGTH length:56
05-18 12:35:40.861 radio  4156  5475 D SubscriptionController: [getDefaultDataSubId] subId= 1
05-18 12:35:40.861 radio  4156  5475 D SubscriptionController: [getDefaultDataSubId] subId= 1
05-18 12:35:41.045 radio  4156  4156 D CAT     : CatServiceSprd: handleMessage[60]
05-18 12:35:41.045 radio  4156  4156 D CAT     : CatServiceSprd: broadcastCatCmdIntent isStkAppInstalled: false
05-18 12:35:41.546 radio  4156  4156 D CAT     : CatServiceSprd: handleMessage[60]
05-18 12:35:41.546 radio  4156  4156 D CAT     : CatServiceSprd: broadcastCatCmdIntent isStkAppInstalled: false
05-18 12:35:41.860 radio  3351  3362 D RIL     : rxlev[0]=99, rscp[0]=255, rsrp[0]=96
05-18 12:35:41.860 radio  3351  3362 D RILC    : currentSignalStrengthInd
05-18 12:35:41.860 radio  3351  3362 I RILC    : RIL_SOCKET_1 UNSOLICITED: UNSOL_SIGNAL_STRENGTH length:56
05-18 12:35:41.862 radio  4156  5475 D SubscriptionController: [getDefaultDataSubId] subId= 1
05-18 12:35:41.863 radio  4156  5475 D SubscriptionController: [getDefaultDataSubId] subId= 1
05-18 12:35:42.047 radio  4156  4156 D CAT     : CatServiceSprd: handleMessage[60]
05-18 12:35:42.048 radio  4156  4156 D CAT     : CatServiceSprd: broadcastCatCmdIntent isStkAppInstalled: false
05-18 12:35:42.549 radio  4156  4156 D CAT     : CatServiceSprd: handleMessage[60]
05-18 12:35:42.550 radio  4156  4156 D CAT     : CatServiceSprd: broadcastCatCmdIntent isStkAppInstalled: false
05-18 12:35:42.860 radio  3351  3362 D RIL     : rxlev[0]=99, rscp[0]=255, rsrp[0]=96
05-18 12:35:42.860 radio  3351  3362 D RILC    : currentSignalStrengthInd
05-18 12:35:42.860 radio  3351  3362 I RILC    : RIL_SOCKET_1 UNSOLICITED: UNSOL_SIGNAL_STRENGTH length:56
05-18 12:35:42.864 radio  4156  5475 D SubscriptionController: [getDefaultDataSubId] subId= 1
05-18 12:35:42.865 radio  4156  5475 D SubscriptionController: [getDefaultDataSubId] subId= 1
05-18 12:35:43.051 radio  4156  4156 D CAT     : CatServiceSprd: handleMessage[60]
05-18 12:35:43.052 radio  4156  4156 D CAT     : CatServiceSprd: broadcastCatCmdIntent isStkAppInstalled: false
05-18 12:35:43.552 radio  4156  4156 D CAT     : CatServiceSprd: handleMessage[60]
05-18 12:35:43.553 radio  4156  4156 D CAT     : CatServiceSprd: broadcastCatCmdIntent isStkAppInstalled: false
05-18 12:35:43.861 radio  3351  3362 D RIL     : rxlev[0]=99, rscp[0]=255, rsrp[0]=96
05-18 12:35:43.861 radio  3351  3362 D RILC    : currentSignalStrengthInd
05-18 12:35:43.861 radio  3351  3362 I RILC    : RIL_SOCKET_1 UNSOLICITED: UNSOL_SIGNAL_STRENGTH length:56
05-18 12:35:43.863 radio  4156  5475 D SubscriptionController: [getDefaultDataSubId] subId= 1
05-18 12:35:43.864 radio  4156  5475 D SubscriptionController: [getDefaultDataSubId] subId= 1
05-18 12:35:44.054 radio  4156  4156 D CAT     : CatServiceSprd: handleMessage[60]
05-18 12:35:44.055 radio  4156  4156 D CAT     : CatServiceSprd: broadcastCatCmdIntent isStkAppInstalled: false
05-18 12:35:44.555 radio  4156  4156 D CAT     : CatServiceSprd: handleMessage[60]
05-18 12:35:44.555 radio  4156  4156 D CAT     : CatServiceSprd: broadcastCatCmdIntent isStkAppInstalled: false
05-18 12:35:44.861 radio  3351  3362 D RIL     : rxlev[0]=99, rscp[0]=255, rsrp[0]=96
05-18 12:35:44.861 radio  3351  3362 D RILC    : currentSignalStrengthInd
05-18 12:35:44.861 radio  3351  3362 I RILC    : RIL_SOCKET_1 UNSOLICITED: UNSOL_SIGNAL_STRENGTH length:56
05-18 12:35:44.864 radio  4156  5475 D SubscriptionController: [getDefaultDataSubId] subId= 1
05-18 12:35:44.865 radio  4156  5475 D SubscriptionController: [getDefaultDataSubId] subId= 1
05-18 12:35:45.056 radio  4156  4156 D CAT     : CatServiceSprd: handleMessage[60]
05-18 12:35:45.057 radio  4156  4156 D CAT     : CatServiceSprd: broadcastCatCmdIntent isStkAppInstalled: false
05-18 12:35:45.558 radio  4156  4156 D CAT     : CatServiceSprd: handleMessage[60]
05-18 12:35:45.558 radio  4156  4156 D CAT     : CatServiceSprd: broadcastCatCmdIntent isStkAppInstalled: false
05-18 12:35:45.861 radio  3351  3362 D RIL     : rxlev[0]=99, rscp[0]=255, rsrp[0]=96
05-18 12:35:45.861 radio  3351  3362 D RILC    : currentSignalStrengthInd
05-18 12:35:45.861 radio  3351  3362 I RILC    : RIL_SOCKET_1 UNSOLICITED: UNSOL_SIGNAL_STRENGTH length:56
05-18 12:35:45.864 radio  4156  5475 D SubscriptionController: [getDefaultDataSubId] subId= 1
05-18 12:35:45.865 radio  4156  5475 D SubscriptionController: [getDefaultDataSubId] subId= 1
05-18 12:35:46.059 radio  4156  4156 D CAT     : CatServiceSprd: handleMessage[60]
05-18 12:35:46.060 radio  4156  4156 D CAT     : CatServiceSprd: broadcastCatCmdIntent isStkAppInstalled: false
05-18 12:35:46.561 radio  4156  4156 D CAT     : CatServiceSprd: handleMessage[60]
05-18 12:35:46.562 radio  4156  4156 D CAT     : CatServiceSprd: broadcastCatCmdIntent isStkAppInstalled: false
05-18 12:35:46.862 radio  3351  3362 D RIL     : rxlev[0]=99, rscp[0]=255, rsrp[0]=97
05-18 12:35:46.862 radio  3351  3362 D RILC    : currentSignalStrengthInd
05-18 12:35:46.862 radio  3351  3362 I RILC    : RIL_SOCKET_1 UNSOLICITED: UNSOL_SIGNAL_STRENGTH length:56
05-18 12:35:46.863 radio  4156  5475 D SubscriptionController: [getDefaultDataSubId] subId= 1
05-18 12:35:46.864 radio  4156  5475 D SubscriptionController: [getDefaultDataSubId] subId= 1
05-18 12:35:47.062 radio  4156  4156 D CAT     : CatServiceSprd: handleMessage[60]
05-18 12:35:47.062 radio  4156  4156 D CAT     : CatServiceSprd: broadcastCatCmdIntent isStkAppInstalled: false
05-18 12:35:47.563 radio  4156  4156 D CAT     : CatServiceSprd: handleMessage[60]
05-18 12:35:47.564 radio  4156  4156 D CAT     : CatServiceSprd: broadcastCatCmdIntent isStkAppInstalled: false
05-18 12:35:47.862 radio  3351  3362 D RIL     : rxlev[0]=99, rscp[0]=255, rsrp[0]=97
05-18 12:35:47.862 radio  3351  3362 D RILC    : currentSignalStrengthInd
05-18 12:35:47.862 radio  3351  3362 I RILC    : RIL_SOCKET_1 UNSOLICITED: UNSOL_SIGNAL_STRENGTH length:56
05-18 12:35:47.865 radio  4156  5475 D SubscriptionController: [getDefaultDataSubId] subId= 1
05-18 12:35:47.866 radio  4156  5475 D SubscriptionController: [getDefaultDataSubId] subId= 1
05-18 12:35:48.065 radio  4156  4156 D CAT     : CatServiceSprd: handleMessage[60]
05-18 12:35:48.065 radio  4156  4156 D CAT     : CatServiceSprd: broadcastCatCmdIntent isStkAppInstalled: false
05-18 12:35:48.566 radio  4156  4156 D CAT     : CatServiceSprd: handleMessage[60]
05-18 12:35:48.567 radio  4156  4156 D CAT     : CatServiceSprd: broadcastCatCmdIntent isStkAppInstalled: false
05-18 12:35:48.863 radio  3351  3362 D RIL     : rxlev[0]=99, rscp[0]=255, rsrp[0]=96
05-18 12:35:48.863 radio  3351  3362 D RILC    : currentSignalStrengthInd
05-18 12:35:48.863 radio  3351  3362 I RILC    : RIL_SOCKET_1 UNSOLICITED: UNSOL_SIGNAL_STRENGTH length:56
05-18 12:35:48.865 radio  4156  5475 D SubscriptionController: [getDefaultDataSubId] subId= 1
05-18 12:35:48.866 radio  4156  5475 D SubscriptionController: [getDefaultDataSubId] subId= 1
05-18 12:35:49.068 radio  4156  4156 D CAT     : CatServiceSprd: handleMessage[60]
05-18 12:35:49.068 radio  4156  4156 D CAT     : CatServiceSprd: broadcastCatCmdIntent isStkAppInstalled: false
05-18 12:35:49.569 radio  4156  4156 D CAT     : CatServiceSprd: handleMessage[60]
05-18 12:35:49.570 radio  4156  4156 D CAT     : CatServiceSprd: broadcastCatCmdIntent isStkAppInstalled: false
05-18 12:35:49.863 radio  3351  3362 D RIL     : rxlev[0]=99, rscp[0]=255, rsrp[0]=96
05-18 12:35:49.864 radio  3351  3362 D RILC    : currentSignalStrengthInd
05-18 12:35:49.864 radio  3351  3362 I RILC    : RIL_SOCKET_1 UNSOLICITED: UNSOL_SIGNAL_STRENGTH length:56
05-18 12:35:49.866 radio  4156  5475 D SubscriptionController: [getDefaultDataSubId] subId= 1
05-18 12:35:49.867 radio  4156  5475 D SubscriptionController: [getDefaultDataSubId] subId= 1
05-18 12:35:50.071 radio  4156  4156 D CAT     : CatServiceSprd: handleMessage[60]
05-18 12:35:50.072 radio  4156  4156 D CAT     : CatServiceSprd: broadcastCatCmdIntent isStkAppInstalled: false
05-18 12:35:50.573 radio  4156  4156 D CAT     : CatServiceSprd: handleMessage[60]
05-18 12:35:50.573 radio  4156  4156 D CAT     : CatServiceSprd: broadcastCatCmdIntent isStkAppInstalled: false
05-18 12:35:50.864 radio  3351  3362 D RIL     : rxlev[0]=99, rscp[0]=255, rsrp[0]=96
05-18 12:35:50.864 radio  3351  3362 D RILC    : currentSignalStrengthInd
05-18 12:35:50.864 radio  3351  3362 I RILC    : RIL_SOCKET_1 UNSOLICITED: UNSOL_SIGNAL_STRENGTH length:56
05-18 12:35:50.866 radio  4156  5475 D SubscriptionController: [getDefaultDataSubId] subId= 1
05-18 12:35:50.868 radio  4156  5475 D SubscriptionController: [getDefaultDataSubId] subId= 1
05-18 12:35:51.074 radio  4156  4156 D CAT     : CatServiceSprd: handleMessage[60]
05-18 12:35:51.075 radio  4156  4156 D CAT     : CatServiceSprd: broadcastCatCmdIntent isStkAppInstalled: false
05-18 12:35:51.576 radio  4156  4156 D CAT     : CatServiceSprd: handleMessage[60]
05-18 12:35:51.577 radio  4156  4156 D CAT     : CatServiceSprd: broadcastCatCmdIntent isStkAppInstalled: false
05-18 12:35:51.864 radio  3351  3362 D RIL     : rxlev[0]=99, rscp[0]=255, rsrp[0]=96
05-18 12:35:51.864 radio  3351  3362 D RILC    : currentSignalStrengthInd
05-18 12:35:51.865 radio  3351  3362 I RILC    : RIL_SOCKET_1 UNSOLICITED: UNSOL_SIGNAL_STRENGTH length:56
05-18 12:35:51.867 radio  4156  5475 D SubscriptionController: [getDefaultDataSubId] subId= 1
05-18 12:35:51.868 radio  4156  5475 D SubscriptionController: [getDefaultDataSubId] subId= 1
05-18 12:35:52.078 radio  4156  4156 D CAT     : CatServiceSprd: handleMessage[60]
05-18 12:35:52.079 radio  4156  4156 D CAT     : CatServiceSprd: broadcastCatCmdIntent isStkAppInstalled: false
05-18 12:35:52.580 radio  4156  4156 D CAT     : CatServiceSprd: handleMessage[60]
05-18 12:35:52.581 radio  4156  4156 D CAT     : CatServiceSprd: broadcastCatCmdIntent isStkAppInstalled: false
05-18 12:35:52.865 radio  3351  3362 D RIL     : rxlev[0]=99, rscp[0]=255, rsrp[0]=96
05-18 12:35:52.865 radio  3351  3362 D RILC    : currentSignalStrengthInd
05-18 12:35:52.865 radio  3351  3362 I RILC    : RIL_SOCKET_1 UNSOLICITED: UNSOL_SIGNAL_STRENGTH length:56
05-18 12:35:52.868 radio  4156  5475 D SubscriptionController: [getDefaultDataSubId] subId= 1
05-18 12:35:52.869 radio  4156  5475 D SubscriptionController: [getDefaultDataSubId] subId= 1
05-18 12:35:53.081 radio  4156  4156 D CAT     : CatServiceSprd: handleMessage[60]
05-18 12:35:53.082 radio  4156  4156 D CAT     : CatServiceSprd: broadcastCatCmdIntent isStkAppInstalled: false
05-18 12:35:53.583 radio  4156  4156 D CAT     : CatServiceSprd: handleMessage[60]
05-18 12:35:53.584 radio  4156  4156 D CAT     : CatServiceSprd: broadcastCatCmdIntent isStkAppInstalled: false
05-18 12:35:53.866 radio  3351  3362 D RIL     : rxlev[0]=99, rscp[0]=255, rsrp[0]=96
05-18 12:35:53.866 radio  3351  3362 D RILC    : currentSignalStrengthInd
05-18 12:35:53.866 radio  3351  3362 I RILC    : RIL_SOCKET_1 UNSOLICITED: UNSOL_SIGNAL_STRENGTH length:56
05-18 12:35:53.869 radio  4156  5475 D SubscriptionController: [getDefaultDataSubId] subId= 1
05-18 12:35:53.870 radio  4156  5475 D SubscriptionController: [getDefaultDataSubId] subId= 1
05-18 12:35:54.085 radio  4156  4156 D CAT     : CatServiceSprd: handleMessage[60]
05-18 12:35:54.085 radio  4156  4156 D CAT     : CatServiceSprd: broadcastCatCmdIntent isStkAppInstalled: false
05-18 12:35:54.587 radio  4156  4156 D CAT     : CatServiceSprd: handleMessage[60]
05-18 12:35:54.588 radio  4156  4156 D CAT     : CatServiceSprd: broadcastCatCmdIntent isStkAppInstalled: false
05-18 12:35:54.866 radio  3351  3362 D RIL     : rxlev[0]=99, rscp[0]=255, rsrp[0]=96
05-18 12:35:54.866 radio  3351  3362 D RILC    : currentSignalStrengthInd
05-18 12:35:54.866 radio  3351  3362 I RILC    : RIL_SOCKET_1 UNSOLICITED: UNSOL_SIGNAL_STRENGTH length:56
05-18 12:35:54.869 radio  4156  5475 D SubscriptionController: [getDefaultDataSubId] subId= 1
05-18 12:35:54.871 radio  4156  5475 D SubscriptionController: [getDefaultDataSubId] subId= 1
05-18 12:35:55.089 radio  4156  4156 D CAT     : CatServiceSprd: handleMessage[60]
05-18 12:35:55.089 radio  4156  4156 D CAT     : CatServiceSprd: broadcastCatCmdIntent isStkAppInstalled: false
05-18 12:35:55.590 radio  4156  4156 D CAT     : CatServiceSprd: handleMessage[60]
05-18 12:35:55.591 radio  4156  4156 D CAT     : CatServiceSprd: broadcastCatCmdIntent isStkAppInstalled: false
05-18 12:35:55.867 radio  3351  3362 D RIL     : rxlev[0]=99, rscp[0]=255, rsrp[0]=96
05-18 12:35:55.867 radio  3351  3362 D RILC    : currentSignalStrengthInd
05-18 12:35:55.867 radio  3351  3362 I RILC    : RIL_SOCKET_1 UNSOLICITED: UNSOL_SIGNAL_STRENGTH length:56
05-18 12:35:55.869 radio  4156  5475 D SubscriptionController: [getDefaultDataSubId] subId= 1
05-18 12:35:55.870 radio  4156  5475 D SubscriptionController: [getDefaultDataSubId] subId= 1
05-18 12:35:56.091 radio  4156  4156 D CAT     : CatServiceSprd: handleMessage[60]
05-18 12:35:56.092 radio  4156  4156 D CAT     : CatServiceSprd: broadcastCatCmdIntent isStkAppInstalled: false
05-18 12:35:56.593 radio  4156  4156 D CAT     : CatServiceSprd: handleMessage[60]
05-18 12:35:56.594 radio  4156  4156 D CAT     : CatServiceSprd: broadcastCatCmdIntent isStkAppInstalled: false
05-18 12:35:56.867 radio  3351  3362 D RIL     : rxlev[0]=99, rscp[0]=255, rsrp[0]=95
05-18 12:35:56.867 radio  3351  3362 D RILC    : currentSignalStrengthInd
05-18 12:35:56.867 radio  3351  3362 I RILC    : RIL_SOCKET_1 UNSOLICITED: UNSOL_SIGNAL_STRENGTH length:56
05-18 12:35:56.870 radio  4156  5475 D SubscriptionController: [getDefaultDataSubId] subId= 1
05-18 12:35:56.871 radio  4156  5475 D SubscriptionController: [getDefaultDataSubId] subId= 1
05-18 12:35:57.095 radio  4156  4156 D CAT     : CatServiceSprd: handleMessage[60]
05-18 12:35:57.096 radio  4156  4156 D CAT     : CatServiceSprd: broadcastCatCmdIntent isStkAppInstalled: false
05-18 12:35:57.597 radio  4156  4156 D CAT     : CatServiceSprd: handleMessage[60]
05-18 12:35:57.598 radio  4156  4156 D CAT     : CatServiceSprd: broadcastCatCmdIntent isStkAppInstalled: false
05-18 12:35:57.868 radio  3351  3362 D RIL     : rxlev[0]=99, rscp[0]=255, rsrp[0]=95
05-18 12:35:57.868 radio  3351  3362 D RILC    : currentSignalStrengthInd
05-18 12:35:57.868 radio  3351  3362 I RILC    : RIL_SOCKET_1 UNSOLICITED: UNSOL_SIGNAL_STRENGTH length:56
05-18 12:35:57.870 radio  4156  5475 D SubscriptionController: [getDefaultDataSubId] subId= 1
05-18 12:35:57.871 radio  4156  5475 D SubscriptionController: [getDefaultDataSubId] subId= 1
05-18 12:35:58.100 radio  4156  4156 D CAT     : CatServiceSprd: handleMessage[60]
05-18 12:35:58.101 radio  4156  4156 D CAT     : CatServiceSprd: broadcastCatCmdIntent isStkAppInstalled: false
05-18 12:35:58.602 radio  4156  4156 D CAT     : CatServiceSprd: handleMessage[60]
05-18 12:35:58.603 radio  4156  4156 D CAT     : CatServiceSprd: broadcastCatCmdIntent isStkAppInstalled: false
05-18 12:35:58.868 radio  3351  3362 D RIL     : rxlev[0]=99, rscp[0]=255, rsrp[0]=95
05-18 12:35:58.868 radio  3351  3362 D RILC    : currentSignalStrengthInd
05-18 12:35:58.868 radio  3351  3362 I RILC    : RIL_SOCKET_1 UNSOLICITED: UNSOL_SIGNAL_STRENGTH length:56
05-18 12:35:58.871 radio  4156  5475 D SubscriptionController: [getDefaultDataSubId] subId= 1
05-18 12:35:58.872 radio  4156  5475 D SubscriptionController: [getDefaultDataSubId] subId= 1
05-18 12:35:59.104 radio  4156  4156 D CAT     : CatServiceSprd: handleMessage[60]
05-18 12:35:59.105 radio  4156  4156 D CAT     : CatServiceSprd: broadcastCatCmdIntent isStkAppInstalled: false
05-18 12:35:59.606 radio  4156  4156 D CAT     : CatServiceSprd: handleMessage[60]
05-18 12:35:59.607 radio  4156  4156 D CAT     : CatServiceSprd: broadcastCatCmdIntent isStkAppInstalled: false
05-18 12:35:59.868 radio  3351  3362 D RIL     : rxlev[0]=99, rscp[0]=255, rsrp[0]=95
05-18 12:35:59.868 radio  3351  3362 D RILC    : currentSignalStrengthInd
05-18 12:35:59.868 radio  3351  3362 I RILC    : RIL_SOCKET_1 UNSOLICITED: UNSOL_SIGNAL_STRENGTH length:56
05-18 12:35:59.871 radio  4156  5475 D SubscriptionController: [getDefaultDataSubId] subId= 1
05-18 12:35:59.871 radio  4156  5475 D SubscriptionController: [getDefaultDataSubId] subId= 1
05-18 12:36:00.108 radio  4156  4156 D CAT     : CatServiceSprd: handleMessage[60]
05-18 12:36:00.109 radio  4156  4156 D CAT     : CatServiceSprd: broadcastCatCmdIntent isStkAppInstalled: false
05-18 12:36:00.610 radio  4156  4156 D CAT     : CatServiceSprd: handleMessage[60]
05-18 12:36:00.611 radio  4156  4156 D CAT     : CatServiceSprd: broadcastCatCmdIntent isStkAppInstalled: false
05-18 12:36:00.869 radio  3351  3362 D RIL     : rxlev[0]=99, rscp[0]=255, rsrp[0]=95
05-18 12:36:00.869 radio  3351  3362 D RILC    : currentSignalStrengthInd
05-18 12:36:00.869 radio  3351  3362 I RILC    : RIL_SOCKET_1 UNSOLICITED: UNSOL_SIGNAL_STRENGTH length:56
05-18 12:36:00.871 radio  4156  5475 D SubscriptionController: [getDefaultDataSubId] subId= 1
05-18 12:36:00.872 radio  4156  5475 D SubscriptionController: [getDefaultDataSubId] subId= 1
05-18 12:36:01.112 radio  4156  4156 D CAT     : CatServiceSprd: handleMessage[60]
05-18 12:36:01.113 radio  4156  4156 D CAT     : CatServiceSprd: broadcastCatCmdIntent isStkAppInstalled: false
05-18 12:36:01.614 radio  4156  4156 D CAT     : CatServiceSprd: handleMessage[60]
05-18 12:36:01.614 radio  4156  4156 D CAT     : CatServiceSprd: broadcastCatCmdIntent isStkAppInstalled: false
05-18 12:36:01.869 radio  3351  3362 D RIL     : rxlev[0]=99, rscp[0]=255, rsrp[0]=95
05-18 12:36:01.869 radio  3351  3362 D RILC    : currentSignalStrengthInd
05-18 12:36:01.869 radio  3351  3362 I RILC    : RIL_SOCKET_1 UNSOLICITED: UNSOL_SIGNAL_STRENGTH length:56
05-18 12:36:01.872 radio  4156  5475 D SubscriptionController: [getDefaultDataSubId] subId= 1
05-18 12:36:01.873 radio  4156  5475 D SubscriptionController: [getDefaultDataSubId] subId= 1
05-18 12:36:02.115 radio  4156  4156 D CAT     : CatServiceSprd: handleMessage[60]
05-18 12:36:02.116 radio  4156  4156 D CAT     : CatServiceSprd: broadcastCatCmdIntent isStkAppInstalled: false
05-18 12:36:02.618 radio  4156  4156 D CAT     : CatServiceSprd: handleMessage[60]
05-18 12:36:02.618 radio  4156  4156 D CAT     : CatServiceSprd: broadcastCatCmdIntent isStkAppInstalled: false
05-18 12:36:02.869 radio  3351  3362 D RIL     : rxlev[0]=99, rscp[0]=255, rsrp[0]=95
05-18 12:36:02.870 radio  3351  3362 D RILC    : currentSignalStrengthInd
05-18 12:36:02.870 radio  3351  3362 I RILC    : RIL_SOCKET_1 UNSOLICITED: UNSOL_SIGNAL_STRENGTH length:56
05-18 12:36:02.873 radio  4156  5475 D SubscriptionController: [getDefaultDataSubId] subId= 1
05-18 12:36:02.874 radio  4156  5475 D SubscriptionController: [getDefaultDataSubId] subId= 1
05-18 12:36:03.119 radio  4156  4156 D CAT     : CatServiceSprd: handleMessage[60]
05-18 12:36:03.120 radio  4156  4156 D CAT     : CatServiceSprd: broadcastCatCmdIntent isStkAppInstalled: false
05-18 12:36:03.621 radio  4156  4156 D CAT     : CatServiceSprd: handleMessage[60]
05-18 12:36:03.622 radio  4156  4156 D CAT     : CatServiceSprd: broadcastCatCmdIntent isStkAppInstalled: false
05-18 12:36:03.870 radio  3351  3362 D RIL     : rxlev[0]=99, rscp[0]=255, rsrp[0]=96
05-18 12:36:03.870 radio  3351  3362 D RILC    : currentSignalStrengthInd
05-18 12:36:03.870 radio  3351  3362 I RILC    : RIL_SOCKET_1 UNSOLICITED: UNSOL_SIGNAL_STRENGTH length:56
05-18 12:36:03.873 radio  4156  5475 D SubscriptionController: [getDefaultDataSubId] subId= 1
05-18 12:36:03.874 radio  4156  5475 D SubscriptionController: [getDefaultDataSubId] subId= 1
05-18 12:36:04.123 radio  4156  4156 D CAT     : CatServiceSprd: handleMessage[60]
05-18 12:36:04.124 radio  4156  4156 D CAT     : CatServiceSprd: broadcastCatCmdIntent isStkAppInstalled: false
05-18 12:36:04.625 radio  4156  4156 D CAT     : CatServiceSprd: handleMessage[60]
05-18 12:36:04.646 radio  4156  4156 D CAT     : CatServiceSprd: broadcastCatCmdIntent isStkAppInstalled: false
05-18 12:36:04.870 radio  3351  3362 D RIL     : rxlev[0]=99, rscp[0]=255, rsrp[0]=96
05-18 12:36:04.870 radio  3351  3362 D RILC    : currentSignalStrengthInd
05-18 12:36:04.871 radio  3351  3362 I RILC    : RIL_SOCKET_1 UNSOLICITED: UNSOL_SIGNAL_STRENGTH length:56
05-18 12:36:04.873 radio  4156  5475 D SubscriptionController: [getDefaultDataSubId] subId= 1
05-18 12:36:04.873 radio  4156  5475 D SubscriptionController: [getDefaultDataSubId] subId= 1
05-18 12:36:05.146 radio  4156  4156 D CAT     : CatServiceSprd: handleMessage[60]
05-18 12:36:05.147 radio  4156  4156 D CAT     : CatServiceSprd: broadcastCatCmdIntent isStkAppInstalled: false
05-18 12:36:05.647 radio  4156  4156 D CAT     : CatServiceSprd: handleMessage[60]
05-18 12:36:05.648 radio  4156  4156 D CAT     : CatServiceSprd: broadcastCatCmdIntent isStkAppInstalled: false
05-18 12:36:05.760 radio  4156  4156 E SmsApplication: com.sprd.preload does not have system signature
05-18 12:36:05.871 radio  3351  3362 D RIL     : rxlev[0]=99, rscp[0]=255, rsrp[0]=96
05-18 12:36:05.871 radio  3351  3362 D RILC    : currentSignalStrengthInd
05-18 12:36:05.871 radio  3351  3362 I RILC    : RIL_SOCKET_1 UNSOLICITED: UNSOL_SIGNAL_STRENGTH length:56
05-18 12:36:05.873 radio  4156  4981 D SubscriptionController: [getDefaultDataSubId] subId= 1
05-18 12:36:05.874 radio  4156  4981 D SubscriptionController: [getDefaultDataSubId] subId= 1
05-18 12:36:06.149 radio  4156  4156 D CAT     : CatServiceSprd: handleMessage[60]
05-18 12:36:06.150 radio  4156  4156 D CAT     : CatServiceSprd: broadcastCatCmdIntent isStkAppInstalled: false
05-18 12:36:06.252 radio  4156  4981 D SubscriptionController: [getDefaultDataSubId] subId= 1
05-18 12:36:06.263 radio  4156  4981 D SubscriptionController: [getDefaultDataSubId] subId= 1
05-18 12:36:06.651 radio  4156  4156 D CAT     : CatServiceSprd: handleMessage[60]
05-18 12:36:06.652 radio  4156  4156 D CAT     : CatServiceSprd: broadcastCatCmdIntent isStkAppInstalled: false
05-18 12:36:06.871 radio  3351  3362 D RIL     : rxlev[0]=99, rscp[0]=255, rsrp[0]=96
05-18 12:36:06.871 radio  3351  3362 D RILC    : currentSignalStrengthInd
05-18 12:36:06.871 radio  3351  3362 I RILC    : RIL_SOCKET_1 UNSOLICITED: UNSOL_SIGNAL_STRENGTH length:56
05-18 12:36:06.875 radio  4156  4981 D SubscriptionController: [getDefaultDataSubId] subId= 1
05-18 12:36:06.876 radio  4156  4981 D SubscriptionController: [getDefaultDataSubId] subId= 1
05-18 12:36:07.132 radio  4156  4981 D SubscriptionController: [getPhoneId] asked for default subId=1
05-18 12:36:07.153 radio  4156  4156 D CAT     : CatServiceSprd: handleMessage[60]
05-18 12:36:07.154 radio  4156  4156 D CAT     : CatServiceSprd: broadcastCatCmdIntent isStkAppInstalled: false
05-18 12:36:07.655 radio  4156  4156 D CAT     : CatServiceSprd: handleMessage[60]
05-18 12:36:07.659 radio  4156  4156 D CAT     : CatServiceSprd: broadcastCatCmdIntent isStkAppInstalled: false
05-18 12:36:07.872 radio  3351  3362 D RIL     : rxlev[0]=99, rscp[0]=255, rsrp[0]=96
05-18 12:36:07.872 radio  3351  3362 D RILC    : currentSignalStrengthInd
05-18 12:36:07.872 radio  3351  3362 I RILC    : RIL_SOCKET_1 UNSOLICITED: UNSOL_SIGNAL_STRENGTH length:56
05-18 12:36:07.874 radio  4156  4981 D SubscriptionController: [getDefaultDataSubId] subId= 1
05-18 12:36:07.875 radio  4156  4981 D SubscriptionController: [getDefaultDataSubId] subId= 1
05-18 12:36:08.159 radio  4156  4156 D CAT     : CatServiceSprd: handleMessage[60]
05-18 12:36:08.164 radio  4156  4156 D CAT     : CatServiceSprd: broadcastCatCmdIntent isStkAppInstalled: false
05-18 12:36:08.666 radio  4156  4156 D CAT     : CatServiceSprd: handleMessage[60]
05-18 12:36:08.667 radio  4156  4156 D CAT     : CatServiceSprd: broadcastCatCmdIntent isStkAppInstalled: false
05-18 12:36:08.872 radio  3351  3362 D RIL     : rxlev[0]=99, rscp[0]=255, rsrp[0]=96
05-18 12:36:08.872 radio  3351  3362 D RILC    : currentSignalStrengthInd
05-18 12:36:08.872 radio  3351  3362 I RILC    : RIL_SOCKET_1 UNSOLICITED: UNSOL_SIGNAL_STRENGTH length:56
05-18 12:36:08.874 radio  4156  5475 D SubscriptionController: [getDefaultDataSubId] subId= 1
05-18 12:36:08.875 radio  4156  5475 D SubscriptionController: [getDefaultDataSubId] subId= 1
05-18 12:36:09.167 radio  4156  4156 D CAT     : CatServiceSprd: handleMessage[60]
05-18 12:36:09.168 radio  4156  4156 D CAT     : CatServiceSprd: broadcastCatCmdIntent isStkAppInstalled: false
05-18 12:36:09.671 radio  4156  4156 D CAT     : CatServiceSprd: handleMessage[60]
05-18 12:36:09.678 radio  4156  4156 D CAT     : CatServiceSprd: broadcastCatCmdIntent isStkAppInstalled: false
05-18 12:36:09.872 radio  3351  3362 D RIL     : rxlev[0]=99, rscp[0]=255, rsrp[0]=96
05-18 12:36:09.872 radio  3351  3362 D RILC    : currentSignalStrengthInd
05-18 12:36:09.873 radio  3351  3362 I RILC    : RIL_SOCKET_1 UNSOLICITED: UNSOL_SIGNAL_STRENGTH length:56
05-18 12:36:09.875 radio  4156  4981 D SubscriptionController: [getDefaultDataSubId] subId= 1
05-18 12:36:09.875 radio  4156  4981 D SubscriptionController: [getDefaultDataSubId] subId= 1
05-18 12:36:10.027 radio  4156  4981 D SubscriptionController: [getPhoneId] asked for default subId=1
05-18 12:36:10.178 radio  4156  4156 D CAT     : CatServiceSprd: handleMessage[60]
05-18 12:36:10.179 radio  4156  4156 D CAT     : CatServiceSprd: broadcastCatCmdIntent isStkAppInstalled: false
05-18 12:36:10.681 radio  4156  4156 D CAT     : CatServiceSprd: handleMessage[60]
05-18 12:36:10.682 radio  4156  4156 D CAT     : CatServiceSprd: broadcastCatCmdIntent isStkAppInstalled: false
05-18 12:36:10.873 radio  3351  3362 D RIL     : rxlev[0]=99, rscp[0]=255, rsrp[0]=96
05-18 12:36:10.873 radio  3351  3362 D RILC    : currentSignalStrengthInd
05-18 12:36:10.873 radio  3351  3362 I RILC    : RIL_SOCKET_1 UNSOLICITED: UNSOL_SIGNAL_STRENGTH length:56
05-18 12:36:10.875 radio  4156  4981 D SubscriptionController: [getDefaultDataSubId] subId= 1
05-18 12:36:10.876 radio  4156  4981 D SubscriptionController: [getDefaultDataSubId] subId= 1
05-18 12:36:11.181 radio  4156  4156 D CAT     : CatServiceSprd: handleMessage[60]
05-18 12:36:11.184 radio  4156  4156 D CAT     : CatServiceSprd: broadcastCatCmdIntent isStkAppInstalled: false
05-18 12:36:11.393 radio  4156  4516 D Phone   : getIccFileHandler: fh=Handler (com.android.internal.telephony.uicc.UsimFileHandlerEx) {1c774d7}
05-18 12:36:11.394 radio  4156  4516 D RILJ    : [4601]> iccIO: SIM_IO command = 0xc0 fileId = 0x6f3c path = 3F007FFF p1 = 0 p2 = 0 p3 =  data = null aid =  [SUB0]
05-18 12:36:11.399 radio  3351  3351 D RILC    : iccIOForApp: serial 953
05-18 12:36:11.400 radio  3351  3356 D RIL     : onRequest: SIM_IO radioState=4
05-18 12:36:11.400 radio  3351  3356 D REQ_THDS: get Channel1
05-18 12:36:11.426 radio  3351  3356 D RIL     : usim card, change to sim format
05-18 12:36:11.426 radio  3351  3356 D RIL     : sr.simResponse NOT NULL, convert to sim
05-18 12:36:11.426 radio  3351  3356 E RIL     : TYPE_FCP_DES index = 2
05-18 12:36:11.426 radio  3351  3356 E RIL     : TYPE_FCP_SIZE index = 21 
05-18 12:36:11.426 radio  3351  3356 E RIL     : EF_TYPE_LINEAR_FIXED
05-18 12:36:11.427 radio  3351  3356 D RILC    : RequestComplete, RIL_SOCKET_1
05-18 12:36:11.427 radio  3351  3356 E RILC    : Calling responseFunction() for token 953
05-18 12:36:11.427 radio  3351  3356 D RILC    : iccIOForAppResponse: serial 953
05-18 12:36:11.427 radio  3351  3356 D REQ_THDS: put Channel1
05-18 12:36:11.427 radio  3351  3356 I REQ_THDS: -->normalDispatch [3356] free one command
05-18 12:36:11.427 radio  4156  4567 D RILJ    : [4601]< SIM_IO IccIoResult sw1:0x90 sw2:0x0 [SUB0]
05-18 12:36:11.457 radio  4156  4156 D UsimFileHandlerEx: msg.what = 6
05-18 12:36:11.460 radio  4156  4156 D RILJ    : [4602]> iccIO: SIM_IO command = 0xb2 fileId = 0x6f3c path = 3F007FFF p1 = 1 p2 = 4 p3 =  data = null aid =  [SUB0]
05-18 12:36:11.461 radio  3351  3351 D RILC    : iccIOForApp: serial 954
05-18 12:36:11.461 radio  3351  3356 D RIL     : onRequest: SIM_IO radioState=4
05-18 12:36:11.461 radio  3351  3356 D REQ_THDS: get Channel1
05-18 12:36:11.474 radio  3351  3356 D RILC    : RequestComplete, RIL_SOCKET_1
05-18 12:36:11.475 radio  3351  3356 E RILC    : Calling responseFunction() for token 954
05-18 12:36:11.475 radio  3351  3356 D RILC    : iccIOForAppResponse: serial 954
05-18 12:36:11.475 radio  3351  3356 D REQ_THDS: put Channel1
05-18 12:36:11.475 radio  3351  3356 I REQ_THDS: -->normalDispatch [3356] free one command
05-18 12:36:11.475 radio  4156  4156 D UsimFileHandlerEx: EVENT_READ_RECORD_DONE
05-18 12:36:11.475 radio  4156  4567 D RILJ    : [4602]< SIM_IO IccIoResult sw1:0x90 sw2:0x0 [SUB0]
05-18 12:36:11.478 radio  4156  4156 D RILJ    : [4603]> iccIO: SIM_IO command = 0xb2 fileId = 0x6f3c path = 3F007FFF p1 = 2 p2 = 4 p3 =  data = null aid = null [SUB0]
05-18 12:36:11.478 radio  3351  3351 D RILC    : iccIOForApp: serial 955
05-18 12:36:11.479 radio  3351  3356 D RIL     : onRequest: SIM_IO radioState=4
05-18 12:36:11.479 radio  3351  3356 D REQ_THDS: get Channel1
05-18 12:36:11.492 radio  3351  3356 D RILC    : RequestComplete, RIL_SOCKET_1
05-18 12:36:11.492 radio  3351  3356 E RILC    : Calling responseFunction() for token 955
05-18 12:36:11.492 radio  3351  3356 D RILC    : iccIOForAppResponse: serial 955
05-18 12:36:11.492 radio  3351  3356 D REQ_THDS: put Channel1
05-18 12:36:11.492 radio  3351  3356 I REQ_THDS: -->normalDispatch [3356] free one command
05-18 12:36:11.492 radio  4156  4156 D UsimFileHandlerEx: EVENT_READ_RECORD_DONE
05-18 12:36:11.492 radio  4156  4567 D RILJ    : [4603]< SIM_IO IccIoResult sw1:0x90 sw2:0x0 [SUB0]
05-18 12:36:11.498 radio  4156  4156 D RILJ    : [4604]> iccIO: SIM_IO command = 0xb2 fileId = 0x6f3c path = 3F007FFF p1 = 3 p2 = 4 p3 =  data = null aid = null [SUB0]
05-18 12:36:11.499 radio  3351  3351 D RILC    : iccIOForApp: serial 956
05-18 12:36:11.499 radio  3351  3356 D RIL     : onRequest: SIM_IO radioState=4
05-18 12:36:11.499 radio  3351  3356 D REQ_THDS: get Channel1
05-18 12:36:11.513 radio  3351  3356 D RILC    : RequestComplete, RIL_SOCKET_1
05-18 12:36:11.513 radio  3351  3356 E RILC    : Calling responseFunction() for token 956
05-18 12:36:11.513 radio  3351  3356 D RILC    : iccIOForAppResponse: serial 956
05-18 12:36:11.513 radio  3351  3356 D REQ_THDS: put Channel1
05-18 12:36:11.513 radio  3351  3356 I REQ_THDS: -->normalDispatch [3356] free one command
05-18 12:36:11.514 radio  4156  4567 D RILJ    : [4604]< SIM_IO IccIoResult sw1:0x90 sw2:0x0 [SUB0]
05-18 12:36:11.514 radio  4156  4156 D UsimFileHandlerEx: EVENT_READ_RECORD_DONE
05-18 12:36:11.519 radio  4156  4156 D RILJ    : [4605]> iccIO: SIM_IO command = 0xb2 fileId = 0x6f3c path = 3F007FFF p1 = 4 p2 = 4 p3 =  data = null aid = null [SUB0]
05-18 12:36:11.519 radio  3351  3351 D RILC    : iccIOForApp: serial 957
05-18 12:36:11.522 radio  3351  3356 D RIL     : onRequest: SIM_IO radioState=4
05-18 12:36:11.522 radio  3351  3356 D REQ_THDS: get Channel1
05-18 12:36:11.535 radio  3351  3356 D RILC    : RequestComplete, RIL_SOCKET_1
05-18 12:36:11.535 radio  3351  3356 E RILC    : Calling responseFunction() for token 957
05-18 12:36:11.536 radio  3351  3356 D RILC    : iccIOForAppResponse: serial 957
05-18 12:36:11.536 radio  3351  3356 D REQ_THDS: put Channel1
05-18 12:36:11.536 radio  3351  3356 I REQ_THDS: -->normalDispatch [3356] free one command
05-18 12:36:11.538 radio  4156  4567 D RILJ    : [4605]< SIM_IO IccIoResult sw1:0x90 sw2:0x0 [SUB0]
05-18 12:36:11.539 radio  4156  4156 D UsimFileHandlerEx: EVENT_READ_RECORD_DONE
05-18 12:36:11.540 radio  4156  4156 D RILJ    : [4606]> iccIO: SIM_IO command = 0xb2 fileId = 0x6f3c path = 3F007FFF p1 = 5 p2 = 4 p3 =  data = null aid = null [SUB0]
05-18 12:36:11.541 radio  3351  3351 D RILC    : iccIOForApp: serial 958
05-18 12:36:11.541 radio  3351  3356 D RIL     : onRequest: SIM_IO radioState=4
05-18 12:36:11.541 radio  3351  3356 D REQ_THDS: get Channel1
05-18 12:36:11.554 radio  3351  3356 D RILC    : RequestComplete, RIL_SOCKET_1
05-18 12:36:11.554 radio  3351  3356 E RILC    : Calling responseFunction() for token 958
05-18 12:36:11.554 radio  3351  3356 D RILC    : iccIOForAppResponse: serial 958
05-18 12:36:11.554 radio  3351  3356 D REQ_THDS: put Channel1
05-18 12:36:11.554 radio  3351  3356 I REQ_THDS: -->normalDispatch [3356] free one command
05-18 12:36:11.555 radio  4156  4567 D RILJ    : [4606]< SIM_IO IccIoResult sw1:0x90 sw2:0x0 [SUB0]
05-18 12:36:11.556 radio  4156  4156 D UsimFileHandlerEx: EVENT_READ_RECORD_DONE
05-18 12:36:11.558 radio  4156  4156 D RILJ    : [4607]> iccIO: SIM_IO command = 0xb2 fileId = 0x6f3c path = 3F007FFF p1 = 6 p2 = 4 p3 =  data = null aid = null [SUB0]
05-18 12:36:11.559 radio  3351  3351 D RILC    : iccIOForApp: serial 959
05-18 12:36:11.560 radio  3351  3356 D RIL     : onRequest: SIM_IO radioState=4
05-18 12:36:11.560 radio  3351  3356 D REQ_THDS: get Channel1
05-18 12:36:11.573 radio  3351  3356 D RILC    : RequestComplete, RIL_SOCKET_1
05-18 12:36:11.573 radio  3351  3356 E RILC    : Calling responseFunction() for token 959
05-18 12:36:11.573 radio  3351  3356 D RILC    : iccIOForAppResponse: serial 959
05-18 12:36:11.573 radio  3351  3356 D REQ_THDS: put Channel1
05-18 12:36:11.573 radio  3351  3356 I REQ_THDS: -->normalDispatch [3356] free one command
05-18 12:36:11.573 radio  4156  4567 D RILJ    : [4607]< SIM_IO IccIoResult sw1:0x90 sw2:0x0 [SUB0]
05-18 12:36:11.574 radio  4156  4156 D UsimFileHandlerEx: EVENT_READ_RECORD_DONE
05-18 12:36:11.575 radio  4156  4156 D RILJ    : [4608]> iccIO: SIM_IO command = 0xb2 fileId = 0x6f3c path = 3F007FFF p1 = 7 p2 = 4 p3 =  data = null aid = null [SUB0]
05-18 12:36:11.576 radio  3351  3351 D RILC    : iccIOForApp: serial 960
05-18 12:36:11.576 radio  3351  3356 D RIL     : onRequest: SIM_IO radioState=4
05-18 12:36:11.576 radio  3351  3356 D REQ_THDS: get Channel1
05-18 12:36:11.589 radio  3351  3356 D RILC    : RequestComplete, RIL_SOCKET_1
05-18 12:36:11.589 radio  3351  3356 E RILC    : Calling responseFunction() for token 960
05-18 12:36:11.589 radio  3351  3356 D RILC    : iccIOForAppResponse: serial 960
05-18 12:36:11.589 radio  3351  3356 D REQ_THDS: put Channel1
05-18 12:36:11.589 radio  3351  3356 I REQ_THDS: -->normalDispatch [3356] free one command
05-18 12:36:11.590 radio  4156  4567 D RILJ    : [4608]< SIM_IO IccIoResult sw1:0x90 sw2:0x0 [SUB0]
05-18 12:36:11.590 radio  4156  4156 D UsimFileHandlerEx: EVENT_READ_RECORD_DONE
05-18 12:36:11.599 radio  4156  4156 D RILJ    : [4609]> iccIO: SIM_IO command = 0xb2 fileId = 0x6f3c path = 3F007FFF p1 = 8 p2 = 4 p3 =  data = null aid = null [SUB0]
05-18 12:36:11.599 radio  3351  3351 D RILC    : iccIOForApp: serial 961
05-18 12:36:11.600 radio  3351  3356 D RIL     : onRequest: SIM_IO radioState=4
05-18 12:36:11.600 radio  3351  3356 D REQ_THDS: get Channel1
05-18 12:36:11.613 radio  3351  3356 D RILC    : RequestComplete, RIL_SOCKET_1
05-18 12:36:11.613 radio  3351  3356 E RILC    : Calling responseFunction() for token 961
05-18 12:36:11.613 radio  3351  3356 D RILC    : iccIOForAppResponse: serial 961
05-18 12:36:11.613 radio  3351  3356 D REQ_THDS: put Channel1
05-18 12:36:11.613 radio  3351  3356 I REQ_THDS: -->normalDispatch [3356] free one command
05-18 12:36:11.613 radio  4156  4156 D UsimFileHandlerEx: EVENT_READ_RECORD_DONE
05-18 12:36:11.613 radio  4156  4567 D RILJ    : [4609]< SIM_IO IccIoResult sw1:0x90 sw2:0x0 [SUB0]
05-18 12:36:11.616 radio  4156  4156 D RILJ    : [4610]> iccIO: SIM_IO command = 0xb2 fileId = 0x6f3c path = 3F007FFF p1 = 9 p2 = 4 p3 =  data = null aid = null [SUB0]
05-18 12:36:11.617 radio  3351  3351 D RILC    : iccIOForApp: serial 962
05-18 12:36:11.617 radio  3351  3356 D RIL     : onRequest: SIM_IO radioState=4
05-18 12:36:11.617 radio  3351  3356 D REQ_THDS: get Channel1
05-18 12:36:11.630 radio  3351  3356 D RILC    : RequestComplete, RIL_SOCKET_1
05-18 12:36:11.630 radio  3351  3356 E RILC    : Calling responseFunction() for token 962
05-18 12:36:11.631 radio  3351  3356 D RILC    : iccIOForAppResponse: serial 962
05-18 12:36:11.631 radio  3351  3356 D REQ_THDS: put Channel1
05-18 12:36:11.631 radio  3351  3356 I REQ_THDS: -->normalDispatch [3356] free one command
05-18 12:36:11.631 radio  4156  4567 D RILJ    : [4610]< SIM_IO IccIoResult sw1:0x90 sw2:0x0 [SUB0]
05-18 12:36:11.632 radio  4156  4156 D UsimFileHandlerEx: EVENT_READ_RECORD_DONE
05-18 12:36:11.633 radio  4156  4156 D RILJ    : [4611]> iccIO: SIM_IO command = 0xb2 fileId = 0x6f3c path = 3F007FFF p1 = 10 p2 = 4 p3 =  data = null aid = null [SUB0]
05-18 12:36:11.633 radio  3351  3351 D RILC    : iccIOForApp: serial 963
05-18 12:36:11.633 radio  3351  3356 D RIL     : onRequest: SIM_IO radioState=4
05-18 12:36:11.633 radio  3351  3356 D REQ_THDS: get Channel1
05-18 12:36:11.647 radio  3351  3356 D RILC    : RequestComplete, RIL_SOCKET_1
05-18 12:36:11.647 radio  3351  3356 E RILC    : Calling responseFunction() for token 963
05-18 12:36:11.647 radio  3351  3356 D RILC    : iccIOForAppResponse: serial 963
05-18 12:36:11.647 radio  3351  3356 D REQ_THDS: put Channel1
05-18 12:36:11.647 radio  3351  3356 I REQ_THDS: -->normalDispatch [3356] free one command
05-18 12:36:11.647 radio  4156  4156 D UsimFileHandlerEx: EVENT_READ_RECORD_DONE
05-18 12:36:11.647 radio  4156  4567 D RILJ    : [4611]< SIM_IO IccIoResult sw1:0x90 sw2:0x0 [SUB0]
05-18 12:36:11.651 radio  4156  4156 D RILJ    : [4612]> iccIO: SIM_IO command = 0xb2 fileId = 0x6f3c path = 3F007FFF p1 = 11 p2 = 4 p3 =  data = null aid = null [SUB0]
05-18 12:36:11.651 radio  3351  3351 D RILC    : iccIOForApp: serial 964
05-18 12:36:11.651 radio  3351  3356 D RIL     : onRequest: SIM_IO radioState=4
05-18 12:36:11.651 radio  3351  3356 D REQ_THDS: get Channel1
05-18 12:36:11.665 radio  3351  3356 D RILC    : RequestComplete, RIL_SOCKET_1
05-18 12:36:11.665 radio  3351  3356 E RILC    : Calling responseFunction() for token 964
05-18 12:36:11.665 radio  3351  3356 D RILC    : iccIOForAppResponse: serial 964
05-18 12:36:11.665 radio  3351  3356 D REQ_THDS: put Channel1
05-18 12:36:11.665 radio  3351  3356 I REQ_THDS: -->normalDispatch [3356] free one command
05-18 12:36:11.666 radio  4156  4567 D RILJ    : [4612]< SIM_IO IccIoResult sw1:0x90 sw2:0x0 [SUB0]
05-18 12:36:11.666 radio  4156  4156 D UsimFileHandlerEx: EVENT_READ_RECORD_DONE
05-18 12:36:11.673 radio  4156  4156 D RILJ    : [4613]> iccIO: SIM_IO command = 0xb2 fileId = 0x6f3c path = 3F007FFF p1 = 12 p2 = 4 p3 =  data = null aid = null [SUB0]
05-18 12:36:11.674 radio  3351  3351 D RILC    : iccIOForApp: serial 965
05-18 12:36:11.674 radio  3351  3356 D RIL     : onRequest: SIM_IO radioState=4
05-18 12:36:11.674 radio  3351  3356 D REQ_THDS: get Channel1
05-18 12:36:11.682 radio  4156  5475 D SubscriptionController: [getDefaultDataSubId] subId= 1
05-18 12:36:11.685 radio  4156  4156 D CAT     : CatServiceSprd: handleMessage[60]
05-18 12:36:11.687 radio  4156  4156 D CAT     : CatServiceSprd: broadcastCatCmdIntent isStkAppInstalled: false
05-18 12:36:11.687 radio  3351  3356 D RILC    : RequestComplete, RIL_SOCKET_1
05-18 12:36:11.687 radio  3351  3356 E RILC    : Calling responseFunction() for token 965
05-18 12:36:11.687 radio  3351  3356 D RILC    : iccIOForAppResponse: serial 965
05-18 12:36:11.687 radio  3351  3356 D REQ_THDS: put Channel1
05-18 12:36:11.687 radio  3351  3356 I REQ_THDS: -->normalDispatch [3356] free one command
05-18 12:36:11.688 radio  4156  4567 D RILJ    : [4613]< SIM_IO IccIoResult sw1:0x90 sw2:0x0 [SUB0]
05-18 12:36:11.688 radio  4156  4156 D UsimFileHandlerEx: EVENT_READ_RECORD_DONE
05-18 12:36:11.692 radio  4156  4156 D RILJ    : [4614]> iccIO: SIM_IO command = 0xb2 fileId = 0x6f3c path = 3F007FFF p1 = 13 p2 = 4 p3 =  data = null aid = null [SUB0]
05-18 12:36:11.693 radio  3351  3351 D RILC    : iccIOForApp: serial 966
05-18 12:36:11.693 radio  3351  3356 D RIL     : onRequest: SIM_IO radioState=4
05-18 12:36:11.693 radio  3351  3356 D REQ_THDS: get Channel1
05-18 12:36:11.699 radio  4156  5475 D SubscriptionController: [getDefaultDataSubId] subId= 1
05-18 12:36:11.707 radio  3351  3356 D RILC    : RequestComplete, RIL_SOCKET_1
05-18 12:36:11.707 radio  3351  3356 E RILC    : Calling responseFunction() for token 966
05-18 12:36:11.707 radio  3351  3356 D RILC    : iccIOForAppResponse: serial 966
05-18 12:36:11.707 radio  3351  3356 D REQ_THDS: put Channel1
05-18 12:36:11.707 radio  3351  3356 I REQ_THDS: -->normalDispatch [3356] free one command
05-18 12:36:11.708 radio  4156  4156 D UsimFileHandlerEx: EVENT_READ_RECORD_DONE
05-18 12:36:11.708 radio  4156  4567 D RILJ    : [4614]< SIM_IO IccIoResult sw1:0x90 sw2:0x0 [SUB0]
05-18 12:36:11.711 radio  4156  4156 D RILJ    : [4615]> iccIO: SIM_IO command = 0xb2 fileId = 0x6f3c path = 3F007FFF p1 = 14 p2 = 4 p3 =  data = null aid = null [SUB0]
05-18 12:36:11.712 radio  3351  3351 D RILC    : iccIOForApp: serial 967
05-18 12:36:11.713 radio  3351  3356 D RIL     : onRequest: SIM_IO radioState=4
05-18 12:36:11.714 radio  3351  3356 D REQ_THDS: get Channel1
05-18 12:36:11.727 radio  3351  3356 D RILC    : RequestComplete, RIL_SOCKET_1
